MemTotal:        3996536 kB
MemFree:         3379896 kB
MemAvailable:    3484656 kB
Buffers:           28644 kB
Cached:           325536 kB
SwapCached:            0 kB
Active:           349896 kB
Inactive:         160092 kB
Active(anon):     156632 kB
Inactive(anon):    56308 kB
Active(file):     193264 kB
Inactive(file):   103784 kB
Unevictable:          96 kB
Mlocked:              96 kB
SwapTotal:             0 kB
SwapFree:              0 kB
Dirty:               140 kB
Writeback:             0 kB
AnonPages:        155908 kB
Mapped:           102664 kB
Shmem:             57136 kB
Slab:              51568 kB
SReclaimable:      26708 kB
SUnreclaim:        24860 kB
KernelStack:        3536 kB
PageTables:        15600 kB
NFS_Unstable:          0 kB
Bounce:                0 kB
WritebackTmp:          0 kB
CommitLimit:     1998268 kB
Committed_AS:    1024028 kB
VmallocTotal:   34359738367 kB
VmallocUsed:           0 kB
VmallocChunk:          0 kB
HardwareCorrupted:     0 kB
AnonHugePages:     18432 kB
ShmemHugePages:        0 kB
ShmemPmdMapped:        0 kB
HugePages_Total:       0
HugePages_Free:        0
HugePages_Rsvd:        0
HugePages_Surp:        0
Hugepagesize:       2048 kB
DirectMap4k:       73984 kB
DirectMap2M:     4067328 kB
