MemTotal:        8065380 kB
MemFree:         7511120 kB
MemAvailable:    7511516 kB
Buffers:           26500 kB
Cached:           260748 kB
SwapCached:            0 kB
Active:           269056 kB
Inactive:         171516 kB
Active(anon):     154076 kB
Inactive(anon):    78940 kB
Active(file):     114980 kB
Inactive(file):    92576 kB
Unevictable:          96 kB
Mlocked:              96 kB
SwapTotal:             0 kB
SwapFree:              0 kB
Dirty:               124 kB
Writeback:             0 kB
AnonPages:        153416 kB
Mapped:           102156 kB
Shmem:             79696 kB
Slab:              47092 kB
SReclaimable:      24256 kB
SUnreclaim:        22836 kB
KernelStack:        3344 kB
PageTables:        14324 kB
NFS_Unstable:          0 kB
Bounce:                0 kB
WritebackTmp:          0 kB
CommitLimit:     4032688 kB
Committed_AS:     966928 kB
VmallocTotal:   34359738367 kB
VmallocUsed:           0 kB
VmallocChunk:          0 kB
HardwareCorrupted:     0 kB
AnonHugePages:     10240 kB
ShmemHugePages:        0 kB
ShmemPmdMapped:        0 kB
HugePages_Total:       0
HugePages_Free:        0
HugePages_Rsvd:        0
HugePages_Surp:        0
Hugepagesize:       2048 kB
DirectMap4k:       66496 kB
DirectMap2M:     4014080 kB
DirectMap1G:     5242880 kB
