MemTotal:       16179596 kB
MemFree:        15552224 kB
MemAvailable:   15560112 kB
Buffers:           26436 kB
Cached:           301264 kB
SwapCached:            0 kB
Active:           310772 kB
Inactive:         172928 kB
Active(anon):     156812 kB
Inactive(anon):    70496 kB
Active(file):     153960 kB
Inactive(file):   102432 kB
Unevictable:          96 kB
Mlocked:              96 kB
SwapTotal:             0 kB
SwapFree:              0 kB
Dirty:               108 kB
Writeback:             4 kB
AnonPages:        155996 kB
Mapped:           100552 kB
Shmem:             71312 kB
Slab:              53812 kB
SReclaimable:      27224 kB
SUnreclaim:        26588 kB
KernelStack:        3888 kB
PageTables:        15244 kB
NFS_Unstable:          0 kB
Bounce:                0 kB
WritebackTmp:          0 kB
CommitLimit:     8089796 kB
Committed_AS:    1003424 kB
VmallocTotal:   34359738367 kB
VmallocUsed:           0 kB
VmallocChunk:          0 kB
HardwareCorrupted:     0 kB
AnonHugePages:      8192 kB
ShmemHugePages:        0 kB
ShmemPmdMapped:        0 kB
HugePages_Total:       0
HugePages_Free:        0
HugePages_Rsvd:        0
HugePages_Surp:        0
Hugepagesize:       2048 kB
DirectMap4k:       82164 kB
DirectMap2M:     2805760 kB
DirectMap1G:    14680064 kB
