Linux version 4.9.0-4-amd64 (debian-kernel@lists.debian.org) (gcc version 6.3.0 20170516 (Debian 6.3.0-18) ) #1 SMP Debian 4.9.51-1 (2017-09-28)
Command line: BOOT_IMAGE=/boot/vmlinuz-4.9.0-4-amd64 root=UUID=07edf193-9c61-4cdd-827c-0d6d1dacce48 ro quiet
x86/fpu: Supporting XSAVE feature 0x001: 'x87 floating point registers'
x86/fpu: Supporting XSAVE feature 0x002: 'SSE registers'
x86/fpu: Supporting XSAVE feature 0x004: 'AVX registers'
x86/fpu: xstate_offset[2]:  576, xstate_sizes[2]:  256
x86/fpu: Enabled xstate features 0x7, context size is 832 bytes, using 'standard' format.
x86/fpu: Using 'eager' FPU context switches.
e820: BIOS-provided physical RAM map:
BIOS-e820: [mem 0x0000000000000000-0x000000000009d7ff] usable
BIOS-e820: [mem 0x000000000009d800-0x000000000009ffff] reserved
BIOS-e820: [mem 0x00000000000e0000-0x00000000000fffff] reserved
BIOS-e820: [mem 0x0000000000100000-0x00000000ace3efff] usable
BIOS-e820: [mem 0x00000000ace3f000-0x00000000acebefff] reserved
BIOS-e820: [mem 0x00000000acebf000-0x00000000acfbefff] ACPI NVS
BIOS-e820: [mem 0x00000000acfbf000-0x00000000acffefff] ACPI data
BIOS-e820: [mem 0x00000000acfff000-0x00000000acffffff] usable
BIOS-e820: [mem 0x00000000ad000000-0x00000000af9fffff] reserved
BIOS-e820: [mem 0x00000000e0000000-0x00000000efffffff] reserved
BIOS-e820: [mem 0x00000000feb00000-0x00000000feb03fff] reserved
BIOS-e820: [mem 0x00000000fec00000-0x00000000fec00fff] reserved
BIOS-e820: [mem 0x00000000fed10000-0x00000000fed19fff] reserved
BIOS-e820: [mem 0x00000000fed1c000-0x00000000fed1ffff] reserved
BIOS-e820: [mem 0x00000000fee00000-0x00000000fee00fff] reserved
BIOS-e820: [mem 0x00000000ffd80000-0x00000000ffffffff] reserved
BIOS-e820: [mem 0x0000000100000000-0x000000014fdfffff] usable
NX (Execute Disable) protection: active
SMBIOS 2.7 present.
DMI: Hewlett-Packard HP Pavilion g7 Notebook PC      /1671, BIOS F.63 03/22/2012
e820: update [mem 0x00000000-0x00000fff] usable ==> reserved
e820: remove [mem 0x000a0000-0x000fffff] usable
e820: last_pfn = 0x14fe00 max_arch_pfn = 0x400000000
MTRR default type: uncachable
MTRR fixed ranges enabled:
  00000-9FFFF write-back
  A0000-BFFFF uncachable
  C0000-E7FFF write-protect
  E8000-EFFFF write-combining
  F0000-FFFFF write-protect
MTRR variable ranges enabled:
  0 base 000000000 mask F80000000 write-back
  1 base 080000000 mask FC0000000 write-back
  2 base 0AD000000 mask FFF000000 uncachable
  3 base 0AE000000 mask FFE000000 uncachable
  4 base 0B0000000 mask FF0000000 uncachable
  5 base 0FFC00000 mask FFFC00000 write-protect
  6 base 100000000 mask FC0000000 write-back
  7 base 140000000 mask FF0000000 write-back
  8 base 14FE00000 mask FFFE00000 uncachable
  9 disabled
x86/PAT: Configuration [0-7]: WB  WC  UC- UC  WB  WC  UC- WT  
e820: last_pfn = 0xad000 max_arch_pfn = 0x400000000
found SMP MP-table at [mem 0x000fe1b0-0x000fe1bf] mapped at [ffff9f2d400fe1b0]
Base memory trampoline at [ffff9f2d40097000] 97000 size 24576
reserving inaccessible SNB gfx pages
BRK [0x122d2f000, 0x122d2ffff] PGTABLE
BRK [0x122d30000, 0x122d30fff] PGTABLE
BRK [0x122d31000, 0x122d31fff] PGTABLE
BRK [0x122d32000, 0x122d32fff] PGTABLE
BRK [0x122d33000, 0x122d33fff] PGTABLE
BRK [0x122d34000, 0x122d34fff] PGTABLE
BRK [0x122d35000, 0x122d35fff] PGTABLE
BRK [0x122d36000, 0x122d36fff] PGTABLE
RAMDISK: [mem 0x35da0000-0x36ec7fff]
ACPI: Early table checksum verification disabled
ACPI: RSDP 0x00000000000FE020 000024 (v02 HPQOEM)
ACPI: XSDT 0x00000000ACFFE120 00007C (v01 HPQOEM SLIC-MPC 00000001      01000013)
ACPI: FACP 0x00000000ACFFC000 0000F4 (v04 HPQOEM SLIC-MPC 00000001 MSFT 01000013)
ACPI: DSDT 0x00000000ACFEC000 00C132 (v01 HP     1671     00000000 MSFT 01000013)
ACPI: FACS 0x00000000ACF6C000 000040
ACPI: FACS 0x00000000ACF6C000 000040
ACPI: ASF! 0x00000000ACFFD000 0000A5 (v32 HP     1671     00000001 MSFT 01000013)
ACPI: HPET 0x00000000ACFFB000 000038 (v01 HP     1671     00000001 MSFT 01000013)
ACPI: APIC 0x00000000ACFFA000 00008C (v02 HP     1671     00000001 MSFT 01000013)
ACPI: MCFG 0x00000000ACFF9000 00003C (v01 HP     1671     00000001 MSFT 01000013)
ACPI: SLIC 0x00000000ACFEB000 000176 (v01 HPQOEM SLIC-MPC 00000001 MSFT 01000013)
ACPI: SSDT 0x00000000ACFEA000 000D52 (v01 HP     1671     00001000 MSFT 01000013)
ACPI: BOOT 0x00000000ACFE8000 000028 (v01 HP     1671     00000001 MSFT 01000013)
ACPI: ASPT 0x00000000ACFE5000 000034 (v07 HP     1671     00000001 MSFT 01000013)
ACPI: SSDT 0x00000000ACFE4000 00094E (v01 HP     1671     00003000 INTL 20100121)
ACPI: SSDT 0x00000000ACFE3000 000996 (v01 HP     1671     00003000 INTL 20100121)
ACPI: Local APIC address 0xfee00000
No NUMA configuration found
Faking a node at [mem 0x0000000000000000-0x000000014fdfffff]
NODE_DATA(0) allocated [mem 0x14fdfa000-0x14fdfefff]
Zone ranges:
  DMA      [mem 0x0000000000001000-0x0000000000ffffff]
  DMA32    [mem 0x0000000001000000-0x00000000ffffffff]
  Normal   [mem 0x0000000100000000-0x000000014fdfffff]
  Device   empty
Movable zone start for each node
Early memory node ranges
  node   0: [mem 0x0000000000001000-0x000000000009cfff]
  node   0: [mem 0x0000000000100000-0x00000000ace3efff]
  node   0: [mem 0x00000000acfff000-0x00000000acffffff]
  node   0: [mem 0x0000000100000000-0x000000014fdfffff]
Initmem setup node 0 [mem 0x0000000000001000-0x000000014fdfffff]
On node 0 totalpages: 1035228
  DMA zone: 64 pages used for memmap
  DMA zone: 156 pages reserved
  DMA zone: 3996 pages, LIFO batch:0
  DMA32 zone: 11001 pages used for memmap
  DMA32 zone: 704064 pages, LIFO batch:31
  Normal zone: 5112 pages used for memmap
  Normal zone: 327168 pages, LIFO batch:31
Reserving Intel graphics memory at 0x00000000ada00000-0x00000000af9fffff
ACPI: PM-Timer IO Port: 0x408
ACPI: Local APIC address 0xfee00000
IOAPIC[0]: apic_id 0, version 32, address 0xfec00000, GSI 0-23
ACPI: INT_SRC_OVR (bus 0 bus_irq 0 global_irq 2 dfl dfl)
ACPI: INT_SRC_OVR (bus 0 bus_irq 9 global_irq 9 high level)
ACPI: IRQ0 used by override.
ACPI: IRQ9 used by override.
Using ACPI (MADT) for SMP configuration information
ACPI: HPET id: 0x8086a201 base: 0xfed00000
smpboot: Allowing 8 CPUs, 4 hotplug CPUs
PM: Registered nosave memory: [mem 0x00000000-0x00000fff]
PM: Registered nosave memory: [mem 0x0009d000-0x0009dfff]
PM: Registered nosave memory: [mem 0x0009e000-0x0009ffff]
PM: Registered nosave memory: [mem 0x000a0000-0x000dffff]
PM: Registered nosave memory: [mem 0x000e0000-0x000fffff]
PM: Registered nosave memory: [mem 0xace3f000-0xacebefff]
PM: Registered nosave memory: [mem 0xacebf000-0xacfbefff]
PM: Registered nosave memory: [mem 0xacfbf000-0xacffefff]
PM: Registered nosave memory: [mem 0xad000000-0xaf9fffff]
PM: Registered nosave memory: [mem 0xafa00000-0xdfffffff]
PM: Registered nosave memory: [mem 0xe0000000-0xefffffff]
PM: Registered nosave memory: [mem 0xf0000000-0xfeafffff]
PM: Registered nosave memory: [mem 0xfeb00000-0xfeb03fff]
PM: Registered nosave memory: [mem 0xfeb04000-0xfebfffff]
PM: Registered nosave memory: [mem 0xfec00000-0xfec00fff]
PM: Registered nosave memory: [mem 0xfec01000-0xfed0ffff]
PM: Registered nosave memory: [mem 0xfed10000-0xfed19fff]
PM: Registered nosave memory: [mem 0xfed1a000-0xfed1bfff]
PM: Registered nosave memory: [mem 0xfed1c000-0xfed1ffff]
PM: Registered nosave memory: [mem 0xfed20000-0xfedfffff]
PM: Registered nosave memory: [mem 0xfee00000-0xfee00fff]
PM: Registered nosave memory: [mem 0xfee01000-0xffd7ffff]
PM: Registered nosave memory: [mem 0xffd80000-0xffffffff]
e820: [mem 0xafa00000-0xdfffffff] available for PCI devices
Booting paravirtualized kernel on bare hardware
clocksource: refined-jiffies: mask: 0xffffffff max_cycles: 0xffffffff, max_idle_ns: 7645519600211568 ns
setup_percpu: NR_CPUS:512 nr_cpumask_bits:512 nr_cpu_ids:8 nr_node_ids:1
percpu: Embedded 35 pages/cpu @ffff9f2e8fa00000 s103512 r8192 d31656 u262144
pcpu-alloc: s103512 r8192 d31656 u262144 alloc=1*2097152
pcpu-alloc: [0] 0 1 2 3 4 5 6 7 
Built 1 zonelists in Node order, mobility grouping on.  Total pages: 1018895
Policy zone: Normal
Kernel command line: BOOT_IMAGE=/boot/vmlinuz-4.9.0-4-amd64 root=UUID=07edf193-9c61-4cdd-827c-0d6d1dacce48 ro quiet
PID hash table entries: 4096 (order: 3, 32768 bytes)
Calgary: detecting Calgary via BIOS EBDA area
Calgary: Unable to locate Rio Grande table in EBDA - bailing!
Memory: 3974408K/4140912K available (6196K kernel code, 1137K rwdata, 2856K rodata, 1396K init, 688K bss, 166504K reserved, 0K cma-reserved)
Hierarchical RCU implementation.
	Build-time adjustment of leaf fanout to 64.
	RCU restricting CPUs from NR_CPUS=512 to nr_cpu_ids=8.
RCU: Adjusting geometry for rcu_fanout_leaf=64, nr_cpu_ids=8
NR_IRQS:33024 nr_irqs:488 16
Console: colour VGA+ 80x25
console [tty0] enabled
clocksource: hpet: mask: 0xffffffff max_cycles: 0xffffffff, max_idle_ns: 133484882848 ns
hpet clockevent registered
tsc: Fast TSC calibration using PIT
tsc: Detected 2195.045 MHz processor
Calibrating delay loop (skipped), value calculated using timer frequency.. 4390.09 BogoMIPS (lpj=8780180)
pid_max: default: 32768 minimum: 301
ACPI: Core revision 20160831
ACPI: 4 ACPI AML tables successfully acquired and loaded
Security Framework initialized
Yama: disabled by default; enable with sysctl kernel.yama.*
AppArmor: AppArmor disabled by boot time parameter
Dentry cache hash table entries: 524288 (order: 10, 4194304 bytes)
Inode-cache hash table entries: 262144 (order: 9, 2097152 bytes)
Mount-cache hash table entries: 8192 (order: 4, 65536 bytes)
Mountpoint-cache hash table entries: 8192 (order: 4, 65536 bytes)
CPU: Physical Processor ID: 0
CPU: Processor Core ID: 0
ENERGY_PERF_BIAS: Set to 'normal', was 'performance'
ENERGY_PERF_BIAS: View and update with x86_energy_perf_policy(8)
mce: CPU supports 7 MCE banks
process: using mwait in idle threads
Last level iTLB entries: 4KB 512, 2MB 8, 4MB 8
Last level dTLB entries: 4KB 512, 2MB 32, 4MB 32, 1GB 0
Freeing SMP alternatives memory: 24K
ftrace: allocating 25191 entries in 99 pages
smpboot: Max logical packages: 4
x2apic: IRQ remapping doesn't support X2APIC mode
..TIMER: vector=0x30 apic1=0 pin1=2 apic2=-1 pin2=-1
TSC deadline timer enabled
smpboot: CPU0: Intel(R) Core(TM) i3-2330M CPU @ 2.20GHz (family: 0x6, model: 0x2a, stepping: 0x7)
Performance Events: PEBS fmt1+, SandyBridge events, 16-deep LBR, full-width counters, Intel PMU driver.
core: PEBS disabled due to CPU errata, please upgrade microcode
... version:                3
... bit width:              48
... generic registers:      4
... value mask:             0000ffffffffffff
... max period:             00007fffffffffff
... fixed-purpose events:   3
... event mask:             000000070000000f
NMI watchdog: enabled on all CPUs, permanently consumes one hw-PMU counter.
x86: Booting SMP configuration:
.... node  #0, CPUs:      #1 #2 #3
x86: Booted up 1 node, 4 CPUs
smpboot: Total of 4 processors activated (17569.52 BogoMIPS)
devtmpfs: initialized
x86/mm: Memory block size: 128MB
PM: Registering ACPI NVS region [mem 0xacebf000-0xacfbefff] (1048576 bytes)
clocksource: jiffies: mask: 0xffffffff max_cycles: 0xffffffff, max_idle_ns: 7645041785100000 ns
futex hash table entries: 2048 (order: 5, 131072 bytes)
pinctrl core: initialized pinctrl subsystem
NET: Registered protocol family 16
cpuidle: using governor ladder
cpuidle: using governor menu
Simple Boot Flag at 0x44 set to 0x1
ACPI FADT declares the system doesn't support PCIe ASPM, so disable it
ACPI: bus type PCI registered
acpiphp: ACPI Hot Plug PCI Controller Driver version: 0.5
PCI: MMCONFIG for domain 0000 [bus 00-ff] at [mem 0xe0000000-0xefffffff] (base 0xe0000000)
PCI: MMCONFIG at [mem 0xe0000000-0xefffffff] reserved in E820
PCI: Using configuration type 1 for base access
core: PMU erratum BJ122, BV98, HSD29 worked around, HT is on
HugeTLB registered 2 MB page size, pre-allocated 0 pages
ACPI: Added _OSI(Module Device)
ACPI: Added _OSI(Processor Device)
ACPI: Added _OSI(3.0 _SCP Extensions)
ACPI: Added _OSI(Processor Aggregator Device)
ACPI: Executed 1 blocks of module-level executable AML code
ACPI: [Firmware Bug]: BIOS _OSI(Linux) query ignored
ACPI: Dynamic OEM Table Load:
ACPI: SSDT 0xFFFF9F2E8B0A7800 000727 (v01 PmRef  Cpu0Cst  00003001 INTL 20100121)
ACPI: Dynamic OEM Table Load:
ACPI: SSDT 0xFFFF9F2E8A75A800 000303 (v01 PmRef  ApIst    00003000 INTL 20100121)
ACPI: Dynamic OEM Table Load:
ACPI: SSDT 0xFFFF9F2E8A62FC00 000119 (v01 PmRef  ApCst    00003000 INTL 20100121)
ACPI : EC: EC started
ACPI : EC: interrupt blocked
ACPI: \_SB_.PCI0.LPCB.EC0_: Used as first EC
ACPI: \_SB_.PCI0.LPCB.EC0_: GPE=0x16, EC_CMD/EC_SC=0x66, EC_DATA=0x62
ACPI: \_SB_.PCI0.LPCB.EC0_: Used as boot DSDT EC to handle transactions
ACPI: Interpreter enabled
ACPI: (supports S0 S3 S4 S5)
ACPI: Using IOAPIC for interrupt routing
PCI: Using host bridge windows from ACPI; if necessary, use "pci=nocrs" and report a bug
ACPI: PCI Root Bridge [PCI0] (domain 0000 [bus 00-fe])
acpi PNP0A08:00: _OSC: OS supports [ExtendedConfig ASPM ClockPM Segments MSI]
acpi PNP0A08:00: _OSC failed (AE_ERROR); disabling ASPM
PCI host bridge to bus 0000:00
pci_bus 0000:00: root bus resource [io  0x0000-0x0cf7 window]
pci_bus 0000:00: root bus resource [io  0x0d00-0xffff window]
pci_bus 0000:00: root bus resource [mem 0x000a0000-0x000bffff window]
pci_bus 0000:00: root bus resource [mem 0xafa00000-0xfeafffff window]
pci_bus 0000:00: root bus resource [bus 00-fe]
pci 0000:00:00.0: [8086:0104] type 00 class 0x060000
pci 0000:00:02.0: [8086:0116] type 00 class 0x030000
pci 0000:00:02.0: reg 0x10: [mem 0xc0000000-0xc03fffff 64bit]
pci 0000:00:02.0: reg 0x18: [mem 0xb0000000-0xbfffffff 64bit pref]
pci 0000:00:02.0: reg 0x20: [io  0x4000-0x403f]
pci 0000:00:16.0: [8086:1c3a] type 00 class 0x078000
pci 0000:00:16.0: reg 0x10: [mem 0xc2604000-0xc260400f 64bit]
pci 0000:00:16.0: PME# supported from D0 D3hot D3cold
pci 0000:00:1a.0: [8086:1c2d] type 00 class 0x0c0320
pci 0000:00:1a.0: reg 0x10: [mem 0xc2609000-0xc26093ff]
pci 0000:00:1a.0: PME# supported from D0 D3hot D3cold
pci 0000:00:1a.0: System wakeup disabled by ACPI
pci 0000:00:1b.0: [8086:1c20] type 00 class 0x040300
pci 0000:00:1b.0: reg 0x10: [mem 0xc2600000-0xc2603fff 64bit]
pci 0000:00:1b.0: PME# supported from D0 D3hot D3cold
pci 0000:00:1b.0: System wakeup disabled by ACPI
pci 0000:00:1c.0: [8086:1c10] type 01 class 0x060400
pci 0000:00:1c.0: PME# supported from D0 D3hot D3cold
pci 0000:00:1c.0: System wakeup disabled by ACPI
pci 0000:00:1c.1: [8086:1c12] type 01 class 0x060400
pci 0000:00:1c.1: PME# supported from D0 D3hot D3cold
pci 0000:00:1c.1: System wakeup disabled by ACPI
pci 0000:00:1c.2: [8086:1c14] type 01 class 0x060400
pci 0000:00:1c.2: PME# supported from D0 D3hot D3cold
pci 0000:00:1c.2: System wakeup disabled by ACPI
pci 0000:00:1d.0: [8086:1c26] type 00 class 0x0c0320
pci 0000:00:1d.0: reg 0x10: [mem 0xc2608000-0xc26083ff]
pci 0000:00:1d.0: PME# supported from D0 D3hot D3cold
pci 0000:00:1d.0: System wakeup disabled by ACPI
pci 0000:00:1f.0: [8086:1c49] type 00 class 0x060100
pci 0000:00:1f.2: [8086:1c03] type 00 class 0x010601
pci 0000:00:1f.2: reg 0x10: [io  0x4088-0x408f]
pci 0000:00:1f.2: reg 0x14: [io  0x4094-0x4097]
pci 0000:00:1f.2: reg 0x18: [io  0x4080-0x4087]
pci 0000:00:1f.2: reg 0x1c: [io  0x4090-0x4093]
pci 0000:00:1f.2: reg 0x20: [io  0x4060-0x407f]
pci 0000:00:1f.2: reg 0x24: [mem 0xc2607000-0xc26077ff]
pci 0000:00:1f.2: PME# supported from D3hot
pci 0000:00:1f.3: [8086:1c22] type 00 class 0x0c0500
pci 0000:00:1f.3: reg 0x10: [mem 0xc2605000-0xc26050ff 64bit]
pci 0000:00:1f.3: reg 0x20: [io  0x4040-0x405f]
pci 0000:01:00.0: [1814:5390] type 00 class 0x028000
pci 0000:01:00.0: reg 0x10: [mem 0xc2500000-0xc250ffff]
pci 0000:00:1c.0: PCI bridge to [bus 01]
pci 0000:00:1c.0:   bridge window [mem 0xc2500000-0xc25fffff]
pci 0000:02:00.0: [10ec:8136] type 00 class 0x020000
pci 0000:02:00.0: reg 0x10: [io  0x3000-0x30ff]
pci 0000:02:00.0: reg 0x18: [mem 0xc0404000-0xc0404fff 64bit pref]
pci 0000:02:00.0: reg 0x20: [mem 0xc0400000-0xc0403fff 64bit pref]
pci 0000:02:00.0: supports D1 D2
pci 0000:02:00.0: PME# supported from D0 D1 D2 D3hot D3cold
pci 0000:02:00.0: System wakeup disabled by ACPI
pci 0000:00:1c.1: PCI bridge to [bus 02]
pci 0000:00:1c.1:   bridge window [io  0x3000-0x3fff]
pci 0000:00:1c.1:   bridge window [mem 0xc0400000-0xc04fffff 64bit pref]
pci 0000:03:00.0: [10ec:5209] type 00 class 0xff0000
pci 0000:03:00.0: reg 0x10: [mem 0xc1500000-0xc1500fff]
pci 0000:03:00.0: supports D1 D2
pci 0000:03:00.0: PME# supported from D1 D2 D3hot
pci 0000:00:1c.2: PCI bridge to [bus 03]
pci 0000:00:1c.2:   bridge window [io  0x2000-0x2fff]
pci 0000:00:1c.2:   bridge window [mem 0xc1500000-0xc24fffff]
pci 0000:00:1c.2:   bridge window [mem 0xc0500000-0xc14fffff 64bit pref]
ACPI: PCI Interrupt Link [LNKA] (IRQs 1 3 4 5 6 10 *11 12 14 15)
ACPI: PCI Interrupt Link [LNKB] (IRQs 1 3 4 5 6 10 *11 12 14 15)
ACPI: PCI Interrupt Link [LNKC] (IRQs 1 3 4 5 6 10 *11 12 14 15)
ACPI: PCI Interrupt Link [LNKD] (IRQs 1 3 4 5 6 *10 11 12 14 15)
ACPI: PCI Interrupt Link [LNKE] (IRQs 1 3 4 5 6 10 11 12 14 15) *0, disabled.
ACPI: PCI Interrupt Link [LNKF] (IRQs 1 3 4 5 6 10 11 12 14 15) *0, disabled.
ACPI: PCI Interrupt Link [LNKG] (IRQs 1 3 4 5 6 10 *11 12 14 15)
ACPI: PCI Interrupt Link [LNKH] (IRQs 1 3 4 5 6 10 11 12 14 15) *0, disabled.
ACPI: Enabled 4 GPEs in block 00 to 3F
ACPI : EC: interrupt unblocked
ACPI : EC: event unblocked
ACPI: \_SB_.PCI0.LPCB.EC0_: GPE=0x16, EC_CMD/EC_SC=0x66, EC_DATA=0x62
ACPI: \_SB_.PCI0.LPCB.EC0_: Used as boot DSDT EC to handle transactions and events
vgaarb: setting as boot device: PCI:0000:00:02.0
vgaarb: device added: PCI:0000:00:02.0,decodes=io+mem,owns=io+mem,locks=none
vgaarb: loaded
vgaarb: bridge control possible 0000:00:02.0
PCI: Using ACPI for IRQ routing
PCI: pci_cache_line_size set to 64 bytes
e820: reserve RAM buffer [mem 0x0009d800-0x0009ffff]
e820: reserve RAM buffer [mem 0xace3f000-0xafffffff]
e820: reserve RAM buffer [mem 0xad000000-0xafffffff]
e820: reserve RAM buffer [mem 0x14fe00000-0x14fffffff]
hpet0: at MMIO 0xfed00000, IRQs 2, 8, 0, 0, 0, 0, 0, 0
hpet0: 8 comparators, 64-bit 14.318180 MHz counter
clocksource: Switched to clocksource hpet
VFS: Disk quotas dquot_6.6.0
VFS: Dquot-cache hash table entries: 512 (order 0, 4096 bytes)
pnp: PnP ACPI init
system 00:00: [io  0x0680-0x069f] has been reserved
system 00:00: [io  0x1004-0x1013] has been reserved
system 00:00: [io  0xffff] has been reserved
system 00:00: [io  0xffff] has been reserved
system 00:00: [io  0x0400-0x0453] has been reserved
system 00:00: [io  0x0454-0x0457] has been reserved
system 00:00: [io  0x0458-0x047f] has been reserved
system 00:00: [io  0x0500-0x057f] has been reserved
system 00:00: [io  0x164e-0x164f] has been reserved
system 00:00: [io  0x0380-0x0387] has been reserved
system 00:00: Plug and Play ACPI device, IDs PNP0c02 (active)
pnp 00:01: Plug and Play ACPI device, IDs PNP0b00 (active)
pnp 00:02: Plug and Play ACPI device, IDs PNP0303 (active)
pnp 00:03: Plug and Play ACPI device, IDs SYN1e40 SYN1e00 SYN0002 PNP0f13 (active)
system 00:04: [mem 0xfed1c000-0xfed1ffff] has been reserved
system 00:04: [mem 0xfed10000-0xfed17fff] has been reserved
system 00:04: [mem 0xfed18000-0xfed18fff] has been reserved
system 00:04: [mem 0xfed19000-0xfed19fff] has been reserved
system 00:04: [mem 0xe0000000-0xefffffff] has been reserved
system 00:04: [mem 0xfed20000-0xfed3ffff] has been reserved
system 00:04: [mem 0xfed90000-0xfed93fff] has been reserved
system 00:04: [mem 0xff000000-0xffffffff] could not be reserved
system 00:04: [mem 0xfee00000-0xfeefffff] could not be reserved
system 00:04: [mem 0xafa00000-0xafa00fff] has been reserved
system 00:04: Plug and Play ACPI device, IDs PNP0c02 (active)
system 00:05: [mem 0x20000000-0x201fffff] could not be reserved
system 00:05: [mem 0x40000000-0x401fffff] could not be reserved
system 00:05: Plug and Play ACPI device, IDs PNP0c01 (active)
pnp: PnP ACPI: found 6 devices
clocksource: acpi_pm: mask: 0xffffff max_cycles: 0xffffff, max_idle_ns: 2085701024 ns
pci 0000:00:1c.0: PCI bridge to [bus 01]
pci 0000:00:1c.0:   bridge window [mem 0xc2500000-0xc25fffff]
pci 0000:00:1c.1: PCI bridge to [bus 02]
pci 0000:00:1c.1:   bridge window [io  0x3000-0x3fff]
pci 0000:00:1c.1:   bridge window [mem 0xc0400000-0xc04fffff 64bit pref]
pci 0000:00:1c.2: PCI bridge to [bus 03]
pci 0000:00:1c.2:   bridge window [io  0x2000-0x2fff]
pci 0000:00:1c.2:   bridge window [mem 0xc1500000-0xc24fffff]
pci 0000:00:1c.2:   bridge window [mem 0xc0500000-0xc14fffff 64bit pref]
pci_bus 0000:00: resource 4 [io  0x0000-0x0cf7 window]
pci_bus 0000:00: resource 5 [io  0x0d00-0xffff window]
pci_bus 0000:00: resource 6 [mem 0x000a0000-0x000bffff window]
pci_bus 0000:00: resource 7 [mem 0xafa00000-0xfeafffff window]
pci_bus 0000:01: resource 1 [mem 0xc2500000-0xc25fffff]
pci_bus 0000:02: resource 0 [io  0x3000-0x3fff]
pci_bus 0000:02: resource 2 [mem 0xc0400000-0xc04fffff 64bit pref]
pci_bus 0000:03: resource 0 [io  0x2000-0x2fff]
pci_bus 0000:03: resource 1 [mem 0xc1500000-0xc24fffff]
pci_bus 0000:03: resource 2 [mem 0xc0500000-0xc14fffff 64bit pref]
NET: Registered protocol family 2
TCP established hash table entries: 32768 (order: 6, 262144 bytes)
TCP bind hash table entries: 32768 (order: 7, 524288 bytes)
TCP: Hash tables configured (established 32768 bind 32768)
UDP hash table entries: 2048 (order: 4, 65536 bytes)
UDP-Lite hash table entries: 2048 (order: 4, 65536 bytes)
NET: Registered protocol family 1
pci 0000:00:02.0: Video device with shadowed ROM at [mem 0x000c0000-0x000dffff]
PCI: CLS 64 bytes, default 64
Unpacking initramfs...
Freeing initrd memory: 17568K
PCI-DMA: Using software bounce buffering for IO (SWIOTLB)
software IO TLB [mem 0xa8e3f000-0xace3f000] (64MB) mapped at [ffff9f2de8e3f000-ffff9f2dece3efff]
audit: initializing netlink subsys (disabled)
audit: type=2000 audit(1524335152.508:1): initialized
workingset: timestamp_bits=40 max_order=20 bucket_order=0
zbud: loaded
Block layer SCSI generic (bsg) driver version 0.4 loaded (major 250)
io scheduler noop registered
io scheduler deadline registered
io scheduler cfq registered (default)
pci_hotplug: PCI Hot Plug PCI Core version: 0.5
pciehp: PCI Express Hot Plug Controller Driver version: 0.4
intel_idle: MWAIT substates: 0x21120
intel_idle: v0.4.1 model 0x2A
intel_idle: lapic_timer_reliable_states 0xffffffff
GHES: HEST is not enabled!
Linux agpgart interface v0.103
AMD IOMMUv2 driver by Joerg Roedel <jroedel@suse.de>
AMD IOMMUv2 functionality not available on this system
i8042: PNP: PS/2 Controller [PNP0303:PS2K,PNP0f13:PS2M] at 0x60,0x64 irq 1,12
serio: i8042 KBD port at 0x60,0x64 irq 1
serio: i8042 AUX port at 0x60,0x64 irq 12
mousedev: PS/2 mouse device common for all mice
rtc_cmos 00:01: RTC can wake from S4
rtc_cmos 00:01: rtc core: registered rtc_cmos as rtc0
rtc_cmos 00:01: alarms up to one month, 242 bytes nvram, hpet irqs
intel_pstate: Intel P-state driver initializing
ledtrig-cpu: registered to indicate activity on CPUs
NET: Registered protocol family 10
mip6: Mobile IPv6
NET: Registered protocol family 17
mpls_gso: MPLS GSO support
microcode: sig=0x206a7, pf=0x10, revision=0x25
microcode: Microcode Update Driver: v2.01 <tigran@aivazian.fsnet.co.uk>, Peter Oruba
registered taskstats version 1
zswap: loaded using pool lzo/zbud
ima: No TPM chip found, activating TPM-bypass!
rtc_cmos 00:01: setting system clock to 2018-04-21 18:25:52 UTC (1524335152)
PM: Hibernation image not present or could not be loaded.
Freeing unused kernel memory: 1396K
Write protecting the kernel read-only data: 12288k
Freeing unused kernel memory: 1980K
input: AT Translated Set 2 keyboard as /devices/platform/i8042/serio0/input/input0
Freeing unused kernel memory: 1240K
x86/mm: Checked W+X mappings: passed, no W+X pages found.
random: systemd-udevd: uninitialized urandom read (16 bytes read)
random: systemd-udevd: uninitialized urandom read (16 bytes read)
random: systemd-udevd: uninitialized urandom read (16 bytes read)
random: udevadm: uninitialized urandom read (16 bytes read)
random: udevadm: uninitialized urandom read (16 bytes read)
random: udevadm: uninitialized urandom read (16 bytes read)
random: udevadm: uninitialized urandom read (16 bytes read)
random: udevadm: uninitialized urandom read (16 bytes read)
random: udevadm: uninitialized urandom read (16 bytes read)
random: udevadm: uninitialized urandom read (16 bytes read)
[Firmware Bug]: Invalid critical threshold (0)
r8169 Gigabit Ethernet driver 2.3LK-NAPI loaded
r8169 0000:02:00.0: can't disable ASPM; OS doesn't have ASPM control
ACPI: bus type USB registered
usbcore: registered new interface driver usbfs
usbcore: registered new interface driver hub
usbcore: registered new device driver usb
thermal LNXTHERM:00: registered as thermal_zone0
ACPI: Thermal Zone [TZ01] (69 C)
r8169 0000:02:00.0 eth0: RTL8105e at 0xffffc1e2c0649000, 10:1f:74:b5:5c:f6, XID 00a00000 IRQ 24
ehci_hcd: USB 2.0 'Enhanced' Host Controller (EHCI) Driver
ehci-pci: EHCI PCI platform driver
ehci-pci 0000:00:1a.0: EHCI Host Controller
ehci-pci 0000:00:1a.0: new USB bus registered, assigned bus number 1
ehci-pci 0000:00:1a.0: debug port 2
SCSI subsystem initialized
rtsx_pci 0000:03:00.0: rtsx_pci_acquire_irq: pcr->msi_en = 1, pci->irq = 25
ehci-pci 0000:00:1a.0: cache line size of 64 is not supported
ehci-pci 0000:00:1a.0: irq 16, io mem 0xc2609000
libata version 3.00 loaded.
ehci-pci 0000:00:1a.0: USB 2.0 started, EHCI 1.00
usb usb1: New USB device found, idVendor=1d6b, idProduct=0002
usb usb1: New USB device strings: Mfr=3, Product=2, SerialNumber=1
usb usb1: Product: EHCI Host Controller
usb usb1: Manufacturer: Linux 4.9.0-4-amd64 ehci_hcd
usb usb1: SerialNumber: 0000:00:1a.0
hub 1-0:1.0: USB hub found
hub 1-0:1.0: 2 ports detected
ehci-pci 0000:00:1d.0: EHCI Host Controller
ehci-pci 0000:00:1d.0: new USB bus registered, assigned bus number 2
ehci-pci 0000:00:1d.0: debug port 2
ehci-pci 0000:00:1d.0: cache line size of 64 is not supported
ehci-pci 0000:00:1d.0: irq 21, io mem 0xc2608000
ehci-pci 0000:00:1d.0: USB 2.0 started, EHCI 1.00
usb usb2: New USB device found, idVendor=1d6b, idProduct=0002
usb usb2: New USB device strings: Mfr=3, Product=2, SerialNumber=1
usb usb2: Product: EHCI Host Controller
usb usb2: Manufacturer: Linux 4.9.0-4-amd64 ehci_hcd
usb usb2: SerialNumber: 0000:00:1d.0
hub 2-0:1.0: USB hub found
hub 2-0:1.0: 2 ports detected
i801_smbus 0000:00:1f.3: SMBus using PCI interrupt
ahci 0000:00:1f.2: version 3.0
ahci 0000:00:1f.2: AHCI 0001.0300 32 slots 6 ports 6 Gbps 0x11 impl SATA mode
ahci 0000:00:1f.2: flags: 64bit ncq sntf pm led clo pio slum part ems apst 
r8169 0000:02:00.0 eno1: renamed from eth0
scsi host0: ahci
scsi host1: ahci
scsi host2: ahci
scsi host3: ahci
scsi host4: ahci
scsi host5: ahci
ata1: SATA max UDMA/133 abar m2048@0xc2607000 port 0xc2607100 irq 26
ata2: DUMMY
ata3: DUMMY
ata4: DUMMY
ata5: SATA max UDMA/133 abar m2048@0xc2607000 port 0xc2607300 irq 26
ata6: DUMMY
usb 1-1: new high-speed USB device number 2 using ehci-pci
usb 2-1: new high-speed USB device number 2 using ehci-pci
ata5: SATA link up 1.5 Gbps (SStatus 113 SControl 300)
ata1: SATA link up 3.0 Gbps (SStatus 123 SControl 300)
ata5.00: ATAPI: hp       CDDVDW TS-L633R, 0400, max UDMA/100
ata1.00: ATA-8: WDC WD6400BPVT-60HXZT3, 01.01A01, max UDMA/133
ata1.00: 1250263728 sectors, multi 0: LBA48 NCQ (depth 31/32), AA
ata1.00: configured for UDMA/133
scsi 0:0:0:0: Direct-Access     ATA      WDC WD6400BPVT-6 1A01 PQ: 0 ANSI: 5
ata5.00: configured for UDMA/100
scsi 4:0:0:0: CD-ROM            hp       CDDVDW TS-L633R  0400 PQ: 0 ANSI: 5
sd 0:0:0:0: [sda] 1250263728 512-byte logical blocks: (640 GB/596 GiB)
sd 0:0:0:0: [sda] 4096-byte physical blocks
sd 0:0:0:0: [sda] Write Protect is off
sd 0:0:0:0: [sda] Mode Sense: 00 3a 00 00
sd 0:0:0:0: [sda] Write cache: enabled, read cache: enabled, doesn't support DPO or FUA
sr 4:0:0:0: [sr0] scsi3-mmc drive: 24x/24x writer dvd-ram cd/rw xa/form2 cdda tray
cdrom: Uniform CD-ROM driver Revision: 3.20
sr 4:0:0:0: Attached scsi CD-ROM sr0
 sda: sda1 sda2 sda3 sda4
sd 0:0:0:0: [sda] Attached SCSI disk
usb 1-1: New USB device found, idVendor=8087, idProduct=0024
usb 1-1: New USB device strings: Mfr=0, Product=0, SerialNumber=0
hub 1-1:1.0: USB hub found
hub 1-1:1.0: 6 ports detected
usb 2-1: New USB device found, idVendor=8087, idProduct=0024
usb 2-1: New USB device strings: Mfr=0, Product=0, SerialNumber=0
hub 2-1:1.0: USB hub found
hub 2-1:1.0: 6 ports detected
random: fast init done
usb 1-1.1: new high-speed USB device number 3 using ehci-pci
usb 2-1.5: new high-speed USB device number 3 using ehci-pci
tsc: Refined TSC clocksource calibration: 2195.013 MHz
clocksource: tsc: mask: 0xffffffffffffffff max_cycles: 0x1fa3cbf1da7, max_idle_ns: 440795275681 ns
psmouse serio1: synaptics: queried max coordinates: x [..5728], y [..4828]
usb 1-1.1: New USB device found, idVendor=154b, idProduct=00ee
usb 1-1.1: New USB device strings: Mfr=1, Product=2, SerialNumber=3
usb 1-1.1: Product: USB 2.0 FD
usb 1-1.1: Manufacturer: PNY
usb 1-1.1: SerialNumber: 90008304B0FB5C78
usb-storage 1-1.1:1.0: USB Mass Storage device detected
scsi host6: usb-storage 1-1.1:1.0
usbcore: registered new interface driver usb-storage
usbcore: registered new interface driver uas
psmouse serio1: synaptics: Touchpad model: 1, fw: 7.5, id: 0x1e0b1, caps: 0xd00073/0x240000/0xa0400/0x0, board id: 1678, fw id: 706628
usb 2-1.5: New USB device found, idVendor=04f2, idProduct=b249
usb 2-1.5: New USB device strings: Mfr=2, Product=1, SerialNumber=3
usb 2-1.5: Product: HP Webcam-101
usb 2-1.5: Manufacturer: Chicony Electronics Co., Ltd.
usb 2-1.5: SerialNumber: SN0001
input: SynPS/2 Synaptics TouchPad as /devices/platform/i8042/serio1/input/input2
clocksource: Switched to clocksource tsc
scsi 6:0:0:0: Direct-Access     PNY      USB 2.0 FD       PMAP PQ: 0 ANSI: 7
sd 6:0:0:0: [sdb] 60628992 512-byte logical blocks: (31.0 GB/28.9 GiB)
sd 6:0:0:0: [sdb] Write Protect is off
sd 6:0:0:0: [sdb] Mode Sense: 23 00 00 00
sd 6:0:0:0: [sdb] No Caching mode page found
sd 6:0:0:0: [sdb] Assuming drive cache: write through
 sdb: sdb1 sdb2 sdb3
sd 6:0:0:0: [sdb] Attached SCSI removable disk
random: crng init done
EXT4-fs (sdb3): mounted filesystem without journal. Opts: (null)
ip_tables: (C) 2000-2006 Netfilter Core Team
systemd[1]: systemd 232 running in system mode. (+PAM +AUDIT +SELINUX +IMA +APPARMOR +SMACK +SYSVINIT +UTMP +LIBCRYPTSETUP +GCRYPT +GNUTLS +ACL +XZ +LZ4 +SECCOMP +BLKID +ELFUTILS +KMOD +IDN)
systemd[1]: Detected architecture x86-64.
systemd[1]: Set hostname to <Spectre>.
systemd[1]: Listening on udev Control Socket.
systemd[1]: Listening on fsck to fsckd communication Socket.
systemd[1]: Started Dispatch Password Requests to Console Directory Watch.
systemd[1]: Set up automount Arbitrary Executable File Formats File System Automount Point.
systemd[1]: Listening on udev Kernel Socket.
systemd[1]: Listening on Journal Audit Socket.
systemd[1]: Created slice System Slice.
EXT4-fs (sdb3): re-mounted. Opts: errors=remount-ro
systemd-journald[317]: Received request to flush runtime journal from PID 1
input: Lid Switch as /devices/LNXSYSTM:00/LNXSYBUS:00/PNP0C0D:00/input/input3
ACPI: Lid Switch [LID0]
input: Power Button as /devices/LNXSYSTM:00/LNXSYBUS:00/PNP0C0C:00/input/input4
ACPI: Power Button [PWRB]
input: Power Button as /devices/LNXSYSTM:00/LNXPWRBN:00/input/input5
ACPI: Power Button [PWRF]
ACPI: AC Adapter [ACAD] (on-line)
ACPI: Battery Slot [BAT0] (battery present)
ACPI Warning: SystemIO range 0x0000000000000428-0x000000000000042F conflicts with OpRegion 0x0000000000000400-0x000000000000047F (\PMIO) (20160831/utaddress-247)
ACPI: If an ACPI driver is available for this device, you should use it instead of the native driver
ACPI Warning: SystemIO range 0x0000000000000540-0x000000000000054F conflicts with OpRegion 0x0000000000000500-0x0000000000000563 (\GPIO) (20160831/utaddress-247)
ACPI Warning: SystemIO range 0x0000000000000540-0x000000000000054F conflicts with OpRegion 0x0000000000000500-0x000000000000055F (\_SB.WMID.GPIO) (20160831/utaddress-247)
ACPI Warning: SystemIO range 0x0000000000000540-0x000000000000054F conflicts with OpRegion 0x0000000000000500-0x000000000000055F (\_SB.PCI0.LPCB.GPIO) (20160831/utaddress-247)
ACPI: If an ACPI driver is available for this device, you should use it instead of the native driver
ACPI Warning: SystemIO range 0x0000000000000530-0x000000000000053F conflicts with OpRegion 0x0000000000000500-0x0000000000000563 (\GPIO) (20160831/utaddress-247)
ACPI Warning: SystemIO range 0x0000000000000530-0x000000000000053F conflicts with OpRegion 0x0000000000000500-0x000000000000055F (\_SB.WMID.GPIO) (20160831/utaddress-247)
ACPI Warning: SystemIO range 0x0000000000000530-0x000000000000053F conflicts with OpRegion 0x0000000000000500-0x000000000000055F (\_SB.PCI0.LPCB.GPIO) (20160831/utaddress-247)
ACPI: If an ACPI driver is available for this device, you should use it instead of the native driver
ACPI Warning: SystemIO range 0x0000000000000500-0x000000000000052F conflicts with OpRegion 0x0000000000000500-0x0000000000000563 (\GPIO) (20160831/utaddress-247)
ACPI Warning: SystemIO range 0x0000000000000500-0x000000000000052F conflicts with OpRegion 0x0000000000000500-0x000000000000055F (\_SB.WMID.GPIO) (20160831/utaddress-247)
ACPI Warning: SystemIO range 0x0000000000000500-0x000000000000052F conflicts with OpRegion 0x0000000000000500-0x000000000000055F (\_SB.PCI0.LPCB.GPIO) (20160831/utaddress-247)
ACPI: If an ACPI driver is available for this device, you should use it instead of the native driver
lpc_ich: Resource conflict(s) found affecting gpio_ich
[drm] Initialized
wmi: Mapper loaded
snd_hda_codec_idt hdaudioC0D0: autoconfig for 92HD81B1X5: line_outs=1 (0xd/0x0/0x0/0x0/0x0) type:speaker
snd_hda_codec_idt hdaudioC0D0:    speaker_outs=0 (0x0/0x0/0x0/0x0/0x0)
snd_hda_codec_idt hdaudioC0D0:    hp_outs=1 (0xb/0x0/0x0/0x0/0x0)
snd_hda_codec_idt hdaudioC0D0:    mono: mono_out=0x0
snd_hda_codec_idt hdaudioC0D0:    inputs:
snd_hda_codec_idt hdaudioC0D0:      Internal Mic=0x11
snd_hda_codec_idt hdaudioC0D0:      Mic=0xc
shpchp: Standard Hot Plug PCI Controller Driver version: 0.4
input: PC Speaker as /devices/platform/pcspkr/input/input9
RAPL PMU: API unit is 2^-32 Joules, 3 fixed counters, 163840 ms ovfl timer
RAPL PMU: hw unit of domain pp0-core 2^-16 Joules
RAPL PMU: hw unit of domain package 2^-16 Joules
RAPL PMU: hw unit of domain pp1-gpu 2^-16 Joules
sd 0:0:0:0: Attached scsi generic sg0 type 0
sr 4:0:0:0: Attached scsi generic sg1 type 5
sd 6:0:0:0: Attached scsi generic sg2 type 0
[drm] Memory usable by graphics device = 2048M
[drm] Replacing VGA console driver
Console: switching to colour dummy device 80x25
pmd_set_huge: Cannot satisfy [mem 0xb0000000-0xb0200000] with a huge-page mapping due to MTRR override.
[drm] Supports vblank timestamp caching Rev 2 (21.10.2013).
[drm] Driver supports precise vblank timestamp query.
vgaarb: device changed decodes: PCI:0000:00:02.0,olddecodes=io+mem,decodes=io+mem:owns=io+mem
ACPI: Video Device [GFX0] (multi-head: yes  rom: no  post: no)
acpi device:1e: registered as cooling_device4
input: Video Bus as /devices/LNXSYSTM:00/LNXSYBUS:00/PNP0A08:00/LNXVIDEO:01/input/input10
snd_hda_intel 0000:00:1b.0: bound 0000:00:02.0 (ops i915_audio_component_bind_ops [i915])
[drm] Initialized i915 1.6.0 20160919 for 0000:00:02.0 on minor 0
fbcon: inteldrmfb (fb0) is primary device
input: HDA Digital PCBeep as /devices/pci0000:00/0000:00:1b.0/sound/card0/input6
input: HDA Intel PCH Mic as /devices/pci0000:00/0000:00:1b.0/sound/card0/input7
input: HDA Intel PCH Front Headphone as /devices/pci0000:00/0000:00:1b.0/sound/card0/input8
input: HDA Intel PCH HDMI/DP,pcm=3 as /devices/pci0000:00/0000:00:1b.0/sound/card0/input11
iTCO_vendor_support: vendor-support=0
iTCO_wdt: Intel TCO WatchDog Timer Driver v1.11
iTCO_wdt: Found a Cougar Point TCO device (Version=2, TCOBASE=0x0460)
iTCO_wdt: initialized. heartbeat=30 sec (nowayout=0)
input: HP WMI hotkeys as /devices/virtual/input/input12
media: Linux media interface: v0.10
ieee80211 phy0: rt2x00_set_rt: Info - RT chipset 5390, rev 0502 detected
Linux video capture interface: v2.00
ieee80211 phy0: rt2x00_set_rf: Info - RF chipset 5390 detected
ieee80211 phy0: Selected rate control algorithm 'minstrel_ht'
uvcvideo: Found UVC 1.00 device HP Webcam-101 (04f2:b249)
uvcvideo 2-1.5:1.0: Entity type for entity Extension 4 was not initialized!
uvcvideo 2-1.5:1.0: Entity type for entity Processing 3 was not initialized!
uvcvideo 2-1.5:1.0: Entity type for entity Camera 1 was not initialized!
input: HP Webcam-101 as /devices/pci0000:00/0000:00:1d.0/usb2/2-1/2-1.5/2-1.5:1.0/input/input13
usbcore: registered new interface driver uvcvideo
USB Video Class driver (1.1.1)
Console: switching to colour frame buffer device 200x56
i915 0000:00:02.0: fb0: inteldrmfb frame buffer device
kvm: disabled by bios
kvm: disabled by bios
kvm: disabled by bios
kvm: disabled by bios
intel_rapl: Found RAPL domain package
intel_rapl: Found RAPL domain core
intel_rapl: Found RAPL domain uncore
intel_rapl: RAPL package 0 domain package locked by BIOS
rt2800pci 0000:01:00.0 wlp1s0: renamed from wlan0
IPv6: ADDRCONF(NETDEV_UP): eno1: link is not ready
r8169 0000:02:00.0: firmware: failed to load rtl_nic/rtl8105e-1.fw (-2)
r8169 0000:02:00.0: Direct firmware load for rtl_nic/rtl8105e-1.fw failed with error -2
r8169 0000:02:00.0 eno1: unable to load firmware patch rtl_nic/rtl8105e-1.fw (-2)
r8169 0000:02:00.0 eno1: link down
IPv6: ADDRCONF(NETDEV_UP): eno1: link is not ready
IPv6: ADDRCONF(NETDEV_UP): wlp1s0: link is not ready
ieee80211 phy0: rt2x00lib_request_firmware: Info - Loading firmware file 'rt2860.bin'
rt2800pci 0000:01:00.0: firmware: direct-loading firmware rt2860.bin
ieee80211 phy0: rt2x00lib_request_firmware: Info - Firmware detected - version: 0.40
IPv6: ADDRCONF(NETDEV_UP): wlp1s0: link is not ready
IPv6: ADDRCONF(NETDEV_UP): wlp1s0: link is not ready
IPv6: ADDRCONF(NETDEV_UP): wlp1s0: link is not ready
IPv6: ADDRCONF(NETDEV_UP): wlp1s0: link is not ready
wlp1s0: authenticate with ec:e1:a9:6f:52:b3
wlp1s0: send auth to ec:e1:a9:6f:52:b3 (try 1/3)
wlp1s0: authenticated
wlp1s0: associate with ec:e1:a9:6f:52:b3 (try 1/3)
wlp1s0: RX AssocResp from ec:e1:a9:6f:52:b3 (capab=0x431 status=0 aid=15)
wlp1s0: associated
IPv6: ADDRCONF(NETDEV_CHANGE): wlp1s0: link becomes ready
wlp1s0: Limiting TX power to 22 dBm as advertised by ec:e1:a9:6f:52:b3
wlp1s0: disconnect from AP ec:e1:a9:6f:52:b3 for new auth to ec:e1:a9:6f:c9:13
wlp1s0: authenticate with ec:e1:a9:6f:c9:13
wlp1s0: send auth to ec:e1:a9:6f:c9:13 (try 1/3)
wlp1s0: authenticated
wlp1s0: associate with ec:e1:a9:6f:c9:13 (try 1/3)
wlp1s0: RX AssocResp from ec:e1:a9:6f:c9:13 (capab=0x431 status=0 aid=4)
wlp1s0: associated
wlp1s0: Limiting TX power to 22 dBm as advertised by ec:e1:a9:6f:c9:13
perf: interrupt took too long (2507 > 2500), lowering kernel.perf_event_max_sample_rate to 79750
perf: interrupt took too long (3159 > 3133), lowering kernel.perf_event_max_sample_rate to 63250
perf: interrupt took too long (3953 > 3948), lowering kernel.perf_event_max_sample_rate to 50500
wlp1s0: disconnect from AP ec:e1:a9:6f:c9:13 for new auth to ec:e1:a9:6f:52:b3
wlp1s0: authenticate with ec:e1:a9:6f:52:b3
wlp1s0: send auth to ec:e1:a9:6f:52:b3 (try 1/3)
wlp1s0: authenticated
wlp1s0: associate with ec:e1:a9:6f:52:b3 (try 1/3)
wlp1s0: RX AssocResp from ec:e1:a9:6f:52:b3 (capab=0x431 status=0 aid=11)
wlp1s0: associated
wlp1s0: Limiting TX power to 22 dBm as advertised by ec:e1:a9:6f:52:b3
wlp1s0: authenticate with ec:e1:a9:6f:b1:23
wlp1s0: send auth to ec:e1:a9:6f:b1:23 (try 1/3)
wlp1s0: authenticated
wlp1s0: associate with ec:e1:a9:6f:b1:23 (try 1/3)
wlp1s0: RX AssocResp from ec:e1:a9:6f:b1:23 (capab=0x431 status=0 aid=1)
wlp1s0: associated
wlp1s0: Limiting TX power to 19 dBm as advertised by ec:e1:a9:6f:b1:23
