MemTotal:        3996616 kB
MemFree:         3414824 kB
MemAvailable:    3487400 kB
Buffers:           29612 kB
Cached:           289504 kB
SwapCached:            0 kB
Active:           288428 kB
Inactive:         184436 kB
Active(anon):     154500 kB
Inactive(anon):    56136 kB
Active(file):     133928 kB
Inactive(file):   128300 kB
Unevictable:          96 kB
Mlocked:              96 kB
SwapTotal:             0 kB
SwapFree:              0 kB
Dirty:               600 kB
Writeback:           140 kB
AnonPages:        153840 kB
Mapped:           102772 kB
Shmem:             56892 kB
Slab:              57428 kB
SReclaimable:      31844 kB
SUnreclaim:        25584 kB
KernelStack:        3392 kB
PageTables:        14576 kB
NFS_Unstable:          0 kB
Bounce:                0 kB
WritebackTmp:          0 kB
CommitLimit:     1998308 kB
Committed_AS:     963868 kB
VmallocTotal:   34359738367 kB
VmallocUsed:           0 kB
VmallocChunk:          0 kB
HardwareCorrupted:     0 kB
AnonHugePages:     10240 kB
ShmemHugePages:        0 kB
ShmemPmdMapped:        0 kB
HugePages_Total:       0
HugePages_Free:        0
HugePages_Rsvd:        0
HugePages_Surp:        0
Hugepagesize:       2048 kB
DirectMap4k:       73984 kB
DirectMap2M:     4067328 kB
