Linux version 4.9.0-4-amd64 (debian-kernel@lists.debian.org) (gcc version 6.3.0 20170516 (Debian 6.3.0-18) ) #1 SMP Debian 4.9.51-1 (2017-09-28)
Command line: BOOT_IMAGE=/boot/vmlinuz-4.9.0-4-amd64 root=UUID=07edf193-9c61-4cdd-827c-0d6d1dacce48 ro quiet
x86/fpu: Supporting XSAVE feature 0x001: 'x87 floating point registers'
x86/fpu: Supporting XSAVE feature 0x002: 'SSE registers'
x86/fpu: Supporting XSAVE feature 0x004: 'AVX registers'
x86/fpu: xstate_offset[2]:  576, xstate_sizes[2]:  256
x86/fpu: Enabled xstate features 0x7, context size is 832 bytes, using 'standard' format.
x86/fpu: Using 'eager' FPU context switches.
e820: BIOS-provided physical RAM map:
BIOS-e820: [mem 0x0000000000000000-0x000000000009ebff] usable
BIOS-e820: [mem 0x000000000009ec00-0x000000000009ffff] reserved
BIOS-e820: [mem 0x00000000000e0000-0x00000000000fffff] reserved
BIOS-e820: [mem 0x0000000000100000-0x00000000bc6bcfff] usable
BIOS-e820: [mem 0x00000000bc6bd000-0x00000000bcebcfff] reserved
BIOS-e820: [mem 0x00000000bcebd000-0x00000000bcfbcfff] ACPI NVS
BIOS-e820: [mem 0x00000000bcfbd000-0x00000000bcffefff] ACPI data
BIOS-e820: [mem 0x00000000bcfff000-0x00000000bcffffff] usable
BIOS-e820: [mem 0x00000000bd000000-0x00000000bf9fffff] reserved
BIOS-e820: [mem 0x00000000e0000000-0x00000000efffffff] reserved
BIOS-e820: [mem 0x00000000fec00000-0x00000000fec00fff] reserved
BIOS-e820: [mem 0x00000000fed10000-0x00000000fed13fff] reserved
BIOS-e820: [mem 0x00000000fed18000-0x00000000fed19fff] reserved
BIOS-e820: [mem 0x00000000fed1c000-0x00000000fed1ffff] reserved
BIOS-e820: [mem 0x00000000fee00000-0x00000000fee00fff] reserved
BIOS-e820: [mem 0x00000000ffd00000-0x00000000ffffffff] reserved
BIOS-e820: [mem 0x0000000100000000-0x000000013dffffff] usable
NX (Execute Disable) protection: active
SMBIOS 2.6 present.
DMI: Hewlett-Packard HP EliteBook 2760p/162A, BIOS 68SOU Ver. F.50 08/04/2014
e820: update [mem 0x00000000-0x00000fff] usable ==> reserved
e820: remove [mem 0x000a0000-0x000fffff] usable
e820: last_pfn = 0x13e000 max_arch_pfn = 0x400000000
MTRR default type: uncachable
MTRR fixed ranges enabled:
  00000-9FFFF write-back
  A0000-BFFFF uncachable
  C0000-FFFFF write-protect
MTRR variable ranges enabled:
  0 base 0FFC00000 mask FFFC00000 write-protect
  1 base 000000000 mask F80000000 write-back
  2 base 080000000 mask FC0000000 write-back
  3 base 0BE000000 mask FFE000000 uncachable
  4 base 0BD800000 mask FFF800000 uncachable
  5 base 100000000 mask FC0000000 write-back
  6 base 13E000000 mask FFE000000 uncachable
  7 disabled
  8 disabled
  9 disabled
x86/PAT: Configuration [0-7]: WB  WC  UC- UC  WB  WC  UC- WT  
e820: last_pfn = 0xbd000 max_arch_pfn = 0x400000000
Base memory trampoline at [ffff93b700098000] 98000 size 24576
reserving inaccessible SNB gfx pages
BRK [0x5ab2f000, 0x5ab2ffff] PGTABLE
BRK [0x5ab30000, 0x5ab30fff] PGTABLE
BRK [0x5ab31000, 0x5ab31fff] PGTABLE
BRK [0x5ab32000, 0x5ab32fff] PGTABLE
BRK [0x5ab33000, 0x5ab33fff] PGTABLE
BRK [0x5ab34000, 0x5ab34fff] PGTABLE
RAMDISK: [mem 0x35d9f000-0x36ec6fff]
ACPI: Early table checksum verification disabled
ACPI: RSDP 0x00000000000F2F60 000024 (v02 HPQOEM)
ACPI: XSDT 0x00000000BCFFE120 00007C (v01 HPQOEM SLIC-MPC 0000000F      01000013)
ACPI: FACP 0x00000000BCFFC000 0000F4 (v03 HPQOEM 162A     0000000F HP   00000001)
ACPI: DSDT 0x00000000BCFD1000 025E77 (v02 HPQOEM 162A     00000001 INTL 20060912)
ACPI: FACS 0x00000000BCF87000 000040
ACPI: FACS 0x00000000BCF87000 000040
ACPI: HPET 0x00000000BCFFB000 000038 (v01 HPQOEM 162A     00000001 HP   00000001)
ACPI: APIC 0x00000000BCFFA000 0000BC (v01 HPQOEM 162A     00000001 HP   00000001)
ACPI: MCFG 0x00000000BCFF9000 00003C (v01 HPQOEM 162A     00000001 HP   00000001)
ACPI: TCPA 0x00000000BCFF7000 000032 (v02 HPQOEM 162A     00000000 HP   00000001)
ACPI: SSDT 0x00000000BCFCE000 000283 (v01 HPQOEM SataAhci 00001000 INTL 20060912)
ACPI: SSDT 0x00000000BCFCD000 00048A (v01 HPQOEM PtidDevc 00001000 INTL 20060912)
ACPI: SLIC 0x00000000BCFCC000 000176 (v01 HPQOEM SLIC-MPC 00000001 HP   00000001)
ACPI: SSDT 0x00000000BCFCB000 000810 (v01 PmRef  Cpu0Ist  00003000 INTL 20060912)
ACPI: SSDT 0x00000000BCFCA000 0009B1 (v01 PmRef  CpuPm    00003000 INTL 20060912)
ACPI: ASF! 0x00000000BCFF8000 0000A5 (v32 HPQOEM 162A     00000001 HP   00000001)
ACPI: Local APIC address 0xfee00000
No NUMA configuration found
Faking a node at [mem 0x0000000000000000-0x000000013dffffff]
NODE_DATA(0) allocated [mem 0x13dff8000-0x13dffcfff]
Zone ranges:
  DMA      [mem 0x0000000000001000-0x0000000000ffffff]
  DMA32    [mem 0x0000000001000000-0x00000000ffffffff]
  Normal   [mem 0x0000000100000000-0x000000013dffffff]
  Device   empty
Movable zone start for each node
Early memory node ranges
  node   0: [mem 0x0000000000001000-0x000000000009dfff]
  node   0: [mem 0x0000000000100000-0x00000000bc6bcfff]
  node   0: [mem 0x00000000bcfff000-0x00000000bcffffff]
  node   0: [mem 0x0000000100000000-0x000000013dffffff]
Initmem setup node 0 [mem 0x0000000000001000-0x000000013dffffff]
On node 0 totalpages: 1025627
  DMA zone: 64 pages used for memmap
  DMA zone: 157 pages reserved
  DMA zone: 3997 pages, LIFO batch:0
  DMA32 zone: 11995 pages used for memmap
  DMA32 zone: 767678 pages, LIFO batch:31
  Normal zone: 3968 pages used for memmap
  Normal zone: 253952 pages, LIFO batch:31
Reserving Intel graphics memory at 0x00000000bda00000-0x00000000bf9fffff
ACPI: PM-Timer IO Port: 0x408
ACPI: Local APIC address 0xfee00000
ACPI: LAPIC_NMI (acpi_id[0x00] high edge lint[0x1])
ACPI: LAPIC_NMI (acpi_id[0x01] high edge lint[0x1])
ACPI: LAPIC_NMI (acpi_id[0x02] high edge lint[0x1])
ACPI: LAPIC_NMI (acpi_id[0x03] high edge lint[0x1])
ACPI: LAPIC_NMI (acpi_id[0x04] high edge lint[0x1])
ACPI: LAPIC_NMI (acpi_id[0x05] high edge lint[0x1])
ACPI: LAPIC_NMI (acpi_id[0x06] high edge lint[0x1])
ACPI: LAPIC_NMI (acpi_id[0x07] high edge lint[0x1])
IOAPIC[0]: apic_id 0, version 32, address 0xfec00000, GSI 0-23
ACPI: INT_SRC_OVR (bus 0 bus_irq 0 global_irq 2 dfl dfl)
ACPI: INT_SRC_OVR (bus 0 bus_irq 9 global_irq 9 high level)
ACPI: IRQ0 used by override.
ACPI: IRQ9 used by override.
Using ACPI (MADT) for SMP configuration information
ACPI: HPET id: 0x8086a201 base: 0xfed00000
smpboot: Allowing 8 CPUs, 4 hotplug CPUs
PM: Registered nosave memory: [mem 0x00000000-0x00000fff]
PM: Registered nosave memory: [mem 0x0009e000-0x0009efff]
PM: Registered nosave memory: [mem 0x0009f000-0x0009ffff]
PM: Registered nosave memory: [mem 0x000a0000-0x000dffff]
PM: Registered nosave memory: [mem 0x000e0000-0x000fffff]
PM: Registered nosave memory: [mem 0xbc6bd000-0xbcebcfff]
PM: Registered nosave memory: [mem 0xbcebd000-0xbcfbcfff]
PM: Registered nosave memory: [mem 0xbcfbd000-0xbcffefff]
PM: Registered nosave memory: [mem 0xbd000000-0xbf9fffff]
PM: Registered nosave memory: [mem 0xbfa00000-0xdfffffff]
PM: Registered nosave memory: [mem 0xe0000000-0xefffffff]
PM: Registered nosave memory: [mem 0xf0000000-0xfebfffff]
PM: Registered nosave memory: [mem 0xfec00000-0xfec00fff]
PM: Registered nosave memory: [mem 0xfec01000-0xfed0ffff]
PM: Registered nosave memory: [mem 0xfed10000-0xfed13fff]
PM: Registered nosave memory: [mem 0xfed14000-0xfed17fff]
PM: Registered nosave memory: [mem 0xfed18000-0xfed19fff]
PM: Registered nosave memory: [mem 0xfed1a000-0xfed1bfff]
PM: Registered nosave memory: [mem 0xfed1c000-0xfed1ffff]
PM: Registered nosave memory: [mem 0xfed20000-0xfedfffff]
PM: Registered nosave memory: [mem 0xfee00000-0xfee00fff]
PM: Registered nosave memory: [mem 0xfee01000-0xffcfffff]
PM: Registered nosave memory: [mem 0xffd00000-0xffffffff]
e820: [mem 0xbfa00000-0xdfffffff] available for PCI devices
Booting paravirtualized kernel on bare hardware
clocksource: refined-jiffies: mask: 0xffffffff max_cycles: 0xffffffff, max_idle_ns: 7645519600211568 ns
setup_percpu: NR_CPUS:512 nr_cpumask_bits:512 nr_cpu_ids:8 nr_node_ids:1
percpu: Embedded 35 pages/cpu @ffff93b83dc00000 s103512 r8192 d31656 u262144
pcpu-alloc: s103512 r8192 d31656 u262144 alloc=1*2097152
pcpu-alloc: [0] 0 1 2 3 4 5 6 7 
Built 1 zonelists in Node order, mobility grouping on.  Total pages: 1009443
Policy zone: Normal
Kernel command line: BOOT_IMAGE=/boot/vmlinuz-4.9.0-4-amd64 root=UUID=07edf193-9c61-4cdd-827c-0d6d1dacce48 ro quiet
PID hash table entries: 4096 (order: 3, 32768 bytes)
Calgary: detecting Calgary via BIOS EBDA area
Calgary: Unable to locate Rio Grande table in EBDA - bailing!
Memory: 3935992K/4102508K available (6196K kernel code, 1137K rwdata, 2856K rodata, 1396K init, 688K bss, 166516K reserved, 0K cma-reserved)
Hierarchical RCU implementation.
	Build-time adjustment of leaf fanout to 64.
	RCU restricting CPUs from NR_CPUS=512 to nr_cpu_ids=8.
RCU: Adjusting geometry for rcu_fanout_leaf=64, nr_cpu_ids=8
NR_IRQS:33024 nr_irqs:488 16
Console: colour VGA+ 80x25
console [tty0] enabled
clocksource: hpet: mask: 0xffffffff max_cycles: 0xffffffff, max_idle_ns: 133484882848 ns
hpet clockevent registered
tsc: Fast TSC calibration using PIT
tsc: Detected 2494.377 MHz processor
Calibrating delay loop (skipped), value calculated using timer frequency.. 4988.75 BogoMIPS (lpj=9977508)
pid_max: default: 32768 minimum: 301
ACPI: Core revision 20160831
ACPI: 5 ACPI AML tables successfully acquired and loaded
Security Framework initialized
Yama: disabled by default; enable with sysctl kernel.yama.*
AppArmor: AppArmor disabled by boot time parameter
Dentry cache hash table entries: 524288 (order: 10, 4194304 bytes)
Inode-cache hash table entries: 262144 (order: 9, 2097152 bytes)
Mount-cache hash table entries: 8192 (order: 4, 65536 bytes)
Mountpoint-cache hash table entries: 8192 (order: 4, 65536 bytes)
CPU: Physical Processor ID: 0
CPU: Processor Core ID: 0
ENERGY_PERF_BIAS: Set to 'normal', was 'performance'
ENERGY_PERF_BIAS: View and update with x86_energy_perf_policy(8)
mce: CPU supports 7 MCE banks
CPU0: Thermal monitoring enabled (TM1)
process: using mwait in idle threads
Last level iTLB entries: 4KB 512, 2MB 8, 4MB 8
Last level dTLB entries: 4KB 512, 2MB 32, 4MB 32, 1GB 0
Freeing SMP alternatives memory: 24K
ftrace: allocating 25191 entries in 99 pages
smpboot: Max logical packages: 4
x2apic: IRQ remapping doesn't support X2APIC mode
..TIMER: vector=0x30 apic1=0 pin1=2 apic2=-1 pin2=-1
TSC deadline timer enabled
smpboot: CPU0: Intel(R) Core(TM) i5-2520M CPU @ 2.50GHz (family: 0x6, model: 0x2a, stepping: 0x7)
Performance Events: PEBS fmt1+, SandyBridge events, 16-deep LBR, full-width counters, Intel PMU driver.
core: PEBS disabled due to CPU errata, please upgrade microcode
... version:                3
... bit width:              48
... generic registers:      4
... value mask:             0000ffffffffffff
... max period:             00007fffffffffff
... fixed-purpose events:   3
... event mask:             000000070000000f
NMI watchdog: enabled on all CPUs, permanently consumes one hw-PMU counter.
x86: Booting SMP configuration:
.... node  #0, CPUs:      #1 #2 #3
x86: Booted up 1 node, 4 CPUs
smpboot: Total of 4 processors activated (19958.25 BogoMIPS)
devtmpfs: initialized
x86/mm: Memory block size: 128MB
PM: Registering ACPI NVS region [mem 0xbcebd000-0xbcfbcfff] (1048576 bytes)
clocksource: jiffies: mask: 0xffffffff max_cycles: 0xffffffff, max_idle_ns: 7645041785100000 ns
futex hash table entries: 2048 (order: 5, 131072 bytes)
pinctrl core: initialized pinctrl subsystem
NET: Registered protocol family 16
cpuidle: using governor ladder
cpuidle: using governor menu
ACPI FADT declares the system doesn't support PCIe ASPM, so disable it
ACPI: bus type PCI registered
acpiphp: ACPI Hot Plug PCI Controller Driver version: 0.5
PCI: MMCONFIG for domain 0000 [bus 00-ff] at [mem 0xe0000000-0xefffffff] (base 0xe0000000)
PCI: MMCONFIG at [mem 0xe0000000-0xefffffff] reserved in E820
PCI: Using configuration type 1 for base access
core: PMU erratum BJ122, BV98, HSD29 worked around, HT is on
mtrr: your CPUs had inconsistent variable MTRR settings
mtrr: probably your BIOS does not setup all CPUs.
mtrr: corrected configuration.
HugeTLB registered 2 MB page size, pre-allocated 0 pages
ACPI: Added _OSI(Module Device)
ACPI: Added _OSI(Processor Device)
ACPI: Added _OSI(3.0 _SCP Extensions)
ACPI: Added _OSI(Processor Aggregator Device)
ACPI: Executed 1 blocks of module-level executable AML code
ACPI: [Firmware Bug]: BIOS _OSI(Linux) query ignored
ACPI: Dynamic OEM Table Load:
ACPI: SSDT 0xFFFF93B83873B000 00074D (v01 PmRef  Cpu0Cst  00003001 INTL 20060912)
ACPI: Dynamic OEM Table Load:
ACPI: SSDT 0xFFFF93B838730800 000303 (v01 PmRef  ApIst    00003000 INTL 20060912)
ACPI: Dynamic OEM Table Load:
ACPI: SSDT 0xFFFF93B838732E00 000119 (v01 PmRef  ApCst    00003000 INTL 20060912)
ACPI : EC: EC started
ACPI : EC: interrupt blocked
ACPI: \_SB_.PCI0.LPCB.EC0_: Used as first EC
ACPI: \_SB_.PCI0.LPCB.EC0_: GPE=0x16, EC_CMD/EC_SC=0x66, EC_DATA=0x62
ACPI: \_SB_.PCI0.LPCB.EC0_: Used as boot DSDT EC to handle transactions
ACPI: Interpreter enabled
ACPI: (supports S0 S3 S4 S5)
ACPI: Using IOAPIC for interrupt routing
PCI: Using host bridge windows from ACPI; if necessary, use "pci=nocrs" and report a bug
ACPI: Power Resource [APPR] (off)
ACPI: Power Resource [COMP] (on)
ACPI: Power Resource [LPP] (on)
ACPI: PCI Root Bridge [PCI0] (domain 0000 [bus 00-3e])
acpi PNP0A08:00: _OSC: OS supports [ExtendedConfig ASPM ClockPM Segments MSI]
acpi PNP0A08:00: _OSC: OS now controls [PCIeHotplug PME AER PCIeCapability]
acpi PNP0A08:00: FADT indicates ASPM is unsupported, using BIOS configuration
PCI host bridge to bus 0000:00
pci_bus 0000:00: root bus resource [io  0x0000-0x0cf7 window]
pci_bus 0000:00: root bus resource [io  0x0d00-0xffff window]
pci_bus 0000:00: root bus resource [mem 0x000a0000-0x000bffff window]
pci_bus 0000:00: root bus resource [mem 0xbfa00000-0xdfffffff window]
pci_bus 0000:00: root bus resource [mem 0xf0000000-0xfedfffff window]
pci_bus 0000:00: root bus resource [mem 0xfee01000-0xffffffff window]
pci_bus 0000:00: root bus resource [bus 00-3e]
pci 0000:00:00.0: [8086:0104] type 00 class 0x060000
pci 0000:00:02.0: [8086:0126] type 00 class 0x030000
pci 0000:00:02.0: reg 0x10: [mem 0xd4000000-0xd43fffff 64bit]
pci 0000:00:02.0: reg 0x18: [mem 0xc0000000-0xcfffffff 64bit pref]
pci 0000:00:02.0: reg 0x20: [io  0x4000-0x403f]
pci 0000:00:16.0: [8086:1c3a] type 00 class 0x078000
pci 0000:00:16.0: reg 0x10: [mem 0xd4724000-0xd472400f 64bit]
pci 0000:00:16.0: PME# supported from D0 D3hot D3cold
pci 0000:00:16.3: [8086:1c3d] type 00 class 0x070002
pci 0000:00:16.3: reg 0x10: [io  0x4090-0x4097]
pci 0000:00:16.3: reg 0x14: [mem 0xd472b000-0xd472bfff]
pci 0000:00:19.0: [8086:1502] type 00 class 0x020000
pci 0000:00:19.0: reg 0x10: [mem 0xd4700000-0xd471ffff]
pci 0000:00:19.0: reg 0x14: [mem 0xd472a000-0xd472afff]
pci 0000:00:19.0: reg 0x18: [io  0x4060-0x407f]
pci 0000:00:19.0: PME# supported from D0 D3hot D3cold
pci 0000:00:19.0: System wakeup disabled by ACPI
pci 0000:00:1a.0: [8086:1c2d] type 00 class 0x0c0320
pci 0000:00:1a.0: reg 0x10: [mem 0xd4729000-0xd47293ff]
pci 0000:00:1a.0: PME# supported from D0 D3hot D3cold
pci 0000:00:1a.0: System wakeup disabled by ACPI
pci 0000:00:1b.0: [8086:1c20] type 00 class 0x040300
pci 0000:00:1b.0: reg 0x10: [mem 0xd4720000-0xd4723fff 64bit]
pci 0000:00:1b.0: PME# supported from D0 D3hot D3cold
pci 0000:00:1c.0: [8086:1c10] type 01 class 0x060400
pci 0000:00:1c.0: PME# supported from D0 D3hot D3cold
pci 0000:00:1c.1: [8086:1c12] type 01 class 0x060400
pci 0000:00:1c.1: PME# supported from D0 D3hot D3cold
pci 0000:00:1c.1: System wakeup disabled by ACPI
pci 0000:00:1c.2: [8086:1c14] type 01 class 0x060400
pci 0000:00:1c.2: PME# supported from D0 D3hot D3cold
pci 0000:00:1c.2: System wakeup disabled by ACPI
pci 0000:00:1c.3: [8086:1c16] type 01 class 0x060400
pci 0000:00:1c.3: PME# supported from D0 D3hot D3cold
pci 0000:00:1c.3: System wakeup disabled by ACPI
pci 0000:00:1d.0: [8086:1c26] type 00 class 0x0c0320
pci 0000:00:1d.0: reg 0x10: [mem 0xd4728000-0xd47283ff]
pci 0000:00:1d.0: PME# supported from D0 D3hot D3cold
pci 0000:00:1d.0: System wakeup disabled by ACPI
pci 0000:00:1f.0: [8086:1c4f] type 00 class 0x060100
pci 0000:00:1f.2: [8086:1c03] type 00 class 0x010601
pci 0000:00:1f.2: reg 0x10: [io  0x4088-0x408f]
pci 0000:00:1f.2: reg 0x14: [io  0x409c-0x409f]
pci 0000:00:1f.2: reg 0x18: [io  0x4080-0x4087]
pci 0000:00:1f.2: reg 0x1c: [io  0x4098-0x409b]
pci 0000:00:1f.2: reg 0x20: [io  0x4040-0x405f]
pci 0000:00:1f.2: reg 0x24: [mem 0xd4727000-0xd47277ff]
pci 0000:00:1f.2: PME# supported from D3hot
pci 0000:00:1c.0: PCI bridge to [bus 01]
pci 0000:00:1c.0:   bridge window [mem 0xd4600000-0xd46fffff]
pci 0000:00:1c.1: PCI bridge to [bus 02-22]
pci 0000:00:1c.1:   bridge window [io  0x2000-0x3fff]
pci 0000:00:1c.1:   bridge window [mem 0xd0000000-0xd3ffffff]
pci 0000:23:00.0: [197b:2380] type 00 class 0x0c0010
pci 0000:23:00.0: reg 0x10: [mem 0xd4500000-0xd45007ff]
pci 0000:23:00.0: reg 0x14: [mem 0xd4505000-0xd45050ff]
pci 0000:23:00.1: [197b:2392] type 00 class 0x088000
pci 0000:23:00.1: reg 0x10: [mem 0xd4504000-0xd45040ff]
pci 0000:23:00.1: reg 0x30: [mem 0xffff8000-0xffffffff pref]
pci 0000:23:00.2: [197b:2391] type 00 class 0x080501
pci 0000:23:00.2: reg 0x10: [mem 0xd4503000-0xd45030ff]
pci 0000:00:1c.2: PCI bridge to [bus 23]
pci 0000:00:1c.2:   bridge window [mem 0xd4500000-0xd45fffff]
pci 0000:24:00.0: [8086:0085] type 00 class 0x028000
pci 0000:24:00.0: reg 0x10: [mem 0xd4400000-0xd4401fff 64bit]
pci 0000:24:00.0: PME# supported from D0 D3hot D3cold
pci 0000:24:00.0: System wakeup disabled by ACPI
pci 0000:00:1c.3: PCI bridge to [bus 24]
pci 0000:00:1c.3:   bridge window [mem 0xd4400000-0xd44fffff]
ACPI: PCI Interrupt Link [LNKA] (IRQs 1 3 4 5 6 7 *10 12 14 15)
ACPI: PCI Interrupt Link [LNKB] (IRQs 1 3 4 5 6 7 *11 12 14 15)
ACPI: PCI Interrupt Link [LNKC] (IRQs 1 3 4 5 6 7 *10 12 14 15)
ACPI: PCI Interrupt Link [LNKD] (IRQs 1 3 4 5 6 7 11 12 14 15) *10
ACPI: PCI Interrupt Link [LNKE] (IRQs 1 3 4 5 6 7 *10 12 14 15)
ACPI: PCI Interrupt Link [LNKF] (IRQs 1 3 4 5 6 7 11 12 14 15) *0, disabled.
ACPI: PCI Interrupt Link [LNKG] (IRQs 1 3 4 *5 6 7 10 12 14 15)
ACPI: PCI Interrupt Link [LNKH] (IRQs 1 3 4 5 6 7 11 12 14 15) *0, disabled.
ACPI: Enabled 5 GPEs in block 00 to 3F
ACPI : EC: interrupt unblocked
ACPI : EC: event unblocked
ACPI: \_SB_.PCI0.LPCB.EC0_: GPE=0x16, EC_CMD/EC_SC=0x66, EC_DATA=0x62
ACPI: \_SB_.PCI0.LPCB.EC0_: Used as boot DSDT EC to handle transactions and events
vgaarb: setting as boot device: PCI:0000:00:02.0
vgaarb: device added: PCI:0000:00:02.0,decodes=io+mem,owns=io+mem,locks=none
vgaarb: loaded
vgaarb: bridge control possible 0000:00:02.0
PCI: Using ACPI for IRQ routing
PCI: pci_cache_line_size set to 64 bytes
e820: reserve RAM buffer [mem 0x0009ec00-0x0009ffff]
e820: reserve RAM buffer [mem 0xbc6bd000-0xbfffffff]
e820: reserve RAM buffer [mem 0xbd000000-0xbfffffff]
e820: reserve RAM buffer [mem 0x13e000000-0x13fffffff]
hpet0: at MMIO 0xfed00000, IRQs 2, 8, 0, 0, 0, 0, 0, 0
hpet0: 8 comparators, 64-bit 14.318180 MHz counter
clocksource: Switched to clocksource hpet
VFS: Disk quotas dquot_6.6.0
VFS: Dquot-cache hash table entries: 512 (order 0, 4096 bytes)
pnp: PnP ACPI init
system 00:00: [mem 0xfed1c000-0xfed1ffff] has been reserved
system 00:00: [mem 0xfed10000-0xfed17fff] could not be reserved
system 00:00: [mem 0xfed18000-0xfed18fff] has been reserved
system 00:00: [mem 0x00000000-0x00000fff] could not be reserved
system 00:00: [mem 0xbfa00000-0xbfa00fff] has been reserved
system 00:00: [mem 0xe0000000-0xefffffff] has been reserved
system 00:00: [mem 0xfed20000-0xfed3ffff] has been reserved
system 00:00: [mem 0xfed90000-0xfed93fff] has been reserved
system 00:00: [mem 0xfed45000-0xfed8ffff] has been reserved
system 00:00: [mem 0xfec00000-0xfec00fff] could not be reserved
system 00:00: Plug and Play ACPI device, IDs PNP0c02 (active)
pnp 00:01: Plug and Play ACPI device, IDs IFX0102 PNP0c31 (active)
system 00:02: [io  0x0200-0x027f] has been reserved
system 00:02: [io  0x1000-0x100f] has been reserved
system 00:02: [io  0xffff] has been reserved
system 00:02: [io  0xffff] has been reserved
system 00:02: [io  0x0400-0x047f] has been reserved
system 00:02: [io  0x0500-0x057f] has been reserved
system 00:02: [io  0xef80-0xef9f] has been reserved
system 00:02: Plug and Play ACPI device, IDs PNP0c02 (active)
pnp 00:03: Plug and Play ACPI device, IDs PNP0b00 (active)
pnp 00:04: Plug and Play ACPI device, IDs WACf00e (active)
pnp 00:05: Plug and Play ACPI device, IDs PNP0303 (active)
pnp 00:06: Plug and Play ACPI device, IDs SYN0180 SYN0100 SYN0002 PNP0f13 (active)
pnp: PnP ACPI: found 7 devices
clocksource: acpi_pm: mask: 0xffffff max_cycles: 0xffffff, max_idle_ns: 2085701024 ns
pci 0000:23:00.1: can't claim BAR 6 [mem 0xffff8000-0xffffffff pref]: no compatible bridge window
pci 0000:00:1c.1: bridge window [mem 0x00100000-0x000fffff 64bit pref] to [bus 02-22] add_size 200000 add_align 100000
pci 0000:00:1c.1: res[15]=[mem 0x00100000-0x000fffff 64bit pref] res_to_dev_res add_size 200000 min_align 100000
pci 0000:00:1c.1: res[15]=[mem 0x00100000-0x002fffff 64bit pref] res_to_dev_res add_size 200000 min_align 100000
pci 0000:00:1c.1: BAR 15: assigned [mem 0xbfb00000-0xbfcfffff 64bit pref]
pci 0000:00:1c.0: PCI bridge to [bus 01]
pci 0000:00:1c.0:   bridge window [mem 0xd4600000-0xd46fffff]
pci 0000:00:1c.1: PCI bridge to [bus 02-22]
pci 0000:00:1c.1:   bridge window [io  0x2000-0x3fff]
pci 0000:00:1c.1:   bridge window [mem 0xd0000000-0xd3ffffff]
pci 0000:00:1c.1:   bridge window [mem 0xbfb00000-0xbfcfffff 64bit pref]
pci 0000:23:00.1: BAR 6: assigned [mem 0xd4508000-0xd450ffff pref]
pci 0000:00:1c.2: PCI bridge to [bus 23]
pci 0000:00:1c.2:   bridge window [mem 0xd4500000-0xd45fffff]
pci 0000:00:1c.3: PCI bridge to [bus 24]
pci 0000:00:1c.3:   bridge window [mem 0xd4400000-0xd44fffff]
pci_bus 0000:00: resource 4 [io  0x0000-0x0cf7 window]
pci_bus 0000:00: resource 5 [io  0x0d00-0xffff window]
pci_bus 0000:00: resource 6 [mem 0x000a0000-0x000bffff window]
pci_bus 0000:00: resource 7 [mem 0xbfa00000-0xdfffffff window]
pci_bus 0000:00: resource 8 [mem 0xf0000000-0xfedfffff window]
pci_bus 0000:00: resource 9 [mem 0xfee01000-0xffffffff window]
pci_bus 0000:01: resource 1 [mem 0xd4600000-0xd46fffff]
pci_bus 0000:02: resource 0 [io  0x2000-0x3fff]
pci_bus 0000:02: resource 1 [mem 0xd0000000-0xd3ffffff]
pci_bus 0000:02: resource 2 [mem 0xbfb00000-0xbfcfffff 64bit pref]
pci_bus 0000:23: resource 1 [mem 0xd4500000-0xd45fffff]
pci_bus 0000:24: resource 1 [mem 0xd4400000-0xd44fffff]
NET: Registered protocol family 2
TCP established hash table entries: 32768 (order: 6, 262144 bytes)
TCP bind hash table entries: 32768 (order: 7, 524288 bytes)
TCP: Hash tables configured (established 32768 bind 32768)
UDP hash table entries: 2048 (order: 4, 65536 bytes)
UDP-Lite hash table entries: 2048 (order: 4, 65536 bytes)
NET: Registered protocol family 1
pci 0000:00:02.0: Video device with shadowed ROM at [mem 0x000c0000-0x000dffff]
PCI: CLS 64 bytes, default 64
Unpacking initramfs...
Freeing initrd memory: 17568K
PCI-DMA: Using software bounce buffering for IO (SWIOTLB)
software IO TLB [mem 0xb86bd000-0xbc6bd000] (64MB) mapped at [ffff93b7b86bd000-ffff93b7bc6bcfff]
audit: initializing netlink subsys (disabled)
audit: type=2000 audit(1524317352.304:1): initialized
workingset: timestamp_bits=40 max_order=20 bucket_order=0
zbud: loaded
Block layer SCSI generic (bsg) driver version 0.4 loaded (major 250)
io scheduler noop registered
io scheduler deadline registered
io scheduler cfq registered (default)
pcieport 0000:00:1c.0: Signaling PME through PCIe PME interrupt
pcie_pme 0000:00:1c.0:pcie001: service driver pcie_pme loaded
pcieport 0000:00:1c.1: Signaling PME through PCIe PME interrupt
pcie_pme 0000:00:1c.1:pcie001: service driver pcie_pme loaded
pcieport 0000:00:1c.2: Signaling PME through PCIe PME interrupt
pci 0000:23:00.0: Signaling PME through PCIe PME interrupt
pci 0000:23:00.1: Signaling PME through PCIe PME interrupt
pci 0000:23:00.2: Signaling PME through PCIe PME interrupt
pcie_pme 0000:00:1c.2:pcie001: service driver pcie_pme loaded
pcieport 0000:00:1c.3: Signaling PME through PCIe PME interrupt
pci 0000:24:00.0: Signaling PME through PCIe PME interrupt
pcie_pme 0000:00:1c.3:pcie001: service driver pcie_pme loaded
pci_hotplug: PCI Hot Plug PCI Core version: 0.5
pciehp 0000:00:1c.1:pcie004: Slot #1 AttnBtn- PwrCtrl- MRL- AttnInd- PwrInd- HotPlug+ Surprise+ Interlock- NoCompl+ LLActRep+
pciehp 0000:00:1c.1:pcie004: service driver pciehp loaded
pciehp: PCI Express Hot Plug Controller Driver version: 0.4
intel_idle: MWAIT substates: 0x21120
intel_idle: v0.4.1 model 0x2A
intel_idle: lapic_timer_reliable_states 0xffffffff
GHES: HEST is not enabled!
00:04: ttyS0 at I/O 0x280 (irq = 6, base_baud = 115200) is a 16550A
0000:00:16.3: ttyS1 at I/O 0x4090 (irq = 17, base_baud = 115200) is a 16550A
Linux agpgart interface v0.103
tpm_tis 00:01: 1.2 TPM (device-id 0xB, rev-id 16)
AMD IOMMUv2 driver by Joerg Roedel <jroedel@suse.de>
AMD IOMMUv2 functionality not available on this system
i8042: PNP: PS/2 Controller [PNP0303:PS2K,PNP0f13:PS2M] at 0x60,0x64 irq 1,12
i8042: Detected active multiplexing controller, rev 1.1
serio: i8042 KBD port at 0x60,0x64 irq 1
serio: i8042 AUX0 port at 0x60,0x64 irq 12
serio: i8042 AUX1 port at 0x60,0x64 irq 12
serio: i8042 AUX2 port at 0x60,0x64 irq 12
serio: i8042 AUX3 port at 0x60,0x64 irq 12
mousedev: PS/2 mouse device common for all mice
rtc_cmos 00:03: RTC can wake from S4
rtc_cmos 00:03: rtc core: registered rtc_cmos as rtc0
rtc_cmos 00:03: alarms up to one month, y3k, 242 bytes nvram, hpet irqs
intel_pstate: Intel P-state driver initializing
ledtrig-cpu: registered to indicate activity on CPUs
NET: Registered protocol family 10
mip6: Mobile IPv6
NET: Registered protocol family 17
mpls_gso: MPLS GSO support
microcode: sig=0x206a7, pf=0x10, revision=0x1a
microcode: Microcode Update Driver: v2.01 <tigran@aivazian.fsnet.co.uk>, Peter Oruba
registered taskstats version 1
zswap: loaded using pool lzo/zbud
input: AT Translated Set 2 keyboard as /devices/platform/i8042/serio0/input/input4
tsc: Refined TSC clocksource calibration: 2494.333 MHz
clocksource: tsc: mask: 0xffffffffffffffff max_cycles: 0x23f45085418, max_idle_ns: 440795285711 ns
rtc_cmos 00:03: setting system clock to 2018-04-21 13:29:14 UTC (1524317354)
PM: Hibernation image not present or could not be loaded.
Freeing unused kernel memory: 1396K
Write protecting the kernel read-only data: 12288k
Freeing unused kernel memory: 1980K
Freeing unused kernel memory: 1240K
x86/mm: Checked W+X mappings: passed, no W+X pages found.
random: systemd-udevd: uninitialized urandom read (16 bytes read)
random: systemd-udevd: uninitialized urandom read (16 bytes read)
random: systemd-udevd: uninitialized urandom read (16 bytes read)
random: udevadm: uninitialized urandom read (16 bytes read)
random: udevadm: uninitialized urandom read (16 bytes read)
random: udevadm: uninitialized urandom read (16 bytes read)
random: udevadm: uninitialized urandom read (16 bytes read)
random: udevadm: uninitialized urandom read (16 bytes read)
random: udevadm: uninitialized urandom read (16 bytes read)
random: udevadm: uninitialized urandom read (16 bytes read)
pps_core: LinuxPPS API ver. 1 registered
pps_core: Software ver. 5.3.6 - Copyright 2005-2007 Rodolfo Giometti <giometti@linux.it>
PTP clock support registered
e1000e: Intel(R) PRO/1000 Network Driver - 3.2.6-k
e1000e: Copyright(c) 1999 - 2015 Intel Corporation.
ACPI: bus type USB registered
usbcore: registered new interface driver usbfs
usbcore: registered new interface driver hub
usbcore: registered new device driver usb
e1000e 0000:00:19.0: Interrupt Throttling Rate (ints/sec) set to dynamic conservative mode
ehci_hcd: USB 2.0 'Enhanced' Host Controller (EHCI) Driver
ehci-pci: EHCI PCI platform driver
sdhci: Secure Digital Host Controller Interface driver
sdhci: Copyright(c) Pierre Ossman
sdhci-pci 0000:23:00.1: SDHCI controller found [197b:2392] (rev 30)
mmc0: SDHCI controller on PCI [0000:23:00.1] using DMA
sdhci-pci 0000:23:00.2: SDHCI controller found [197b:2391] (rev 30)
sdhci-pci 0000:23:00.2: Refusing to bind to secondary interface.
SCSI subsystem initialized
libata version 3.00 loaded.
AVX version of gcm_enc/dec engaged.
AES CTR mode by8 optimization enabled
thermal LNXTHERM:00: registered as thermal_zone0
ACPI: Thermal Zone [CPUZ] (46 C)
firewire_ohci 0000:23:00.0: added OHCI v1.10 device as card 0, 4 IR + 4 IT contexts, quirks 0x10
e1000e 0000:00:19.0 0000:00:19.0 (uninitialized): registered PHC clock
thermal LNXTHERM:01: registered as thermal_zone1
ACPI: Thermal Zone [GFXZ] (0 C)
thermal LNXTHERM:02: registered as thermal_zone2
ACPI: Thermal Zone [EXTZ] (40 C)
thermal LNXTHERM:03: registered as thermal_zone3
ACPI: Thermal Zone [LOCZ] (36 C)
thermal LNXTHERM:04: registered as thermal_zone4
ACPI: Thermal Zone [BATZ] (26 C)
thermal LNXTHERM:05: registered as thermal_zone5
ACPI: Thermal Zone [PCHZ] (0 C)
e1000e 0000:00:19.0 eth0: (PCI Express:2.5GT/s:Width x1) 2c:27:d7:82:bc:97
e1000e 0000:00:19.0 eth0: Intel(R) PRO/1000 Network Connection
e1000e 0000:00:19.0 eth0: MAC: 10, PHY: 11, PBA No: FFFFFF-0FF
ehci-pci 0000:00:1a.0: EHCI Host Controller
ehci-pci 0000:00:1a.0: new USB bus registered, assigned bus number 1
ehci-pci 0000:00:1a.0: debug port 2
e1000e 0000:00:19.0 enp0s25: renamed from eth0
ehci-pci 0000:00:1a.0: cache line size of 64 is not supported
ehci-pci 0000:00:1a.0: irq 16, io mem 0xd4729000
ehci-pci 0000:00:1a.0: USB 2.0 started, EHCI 1.00
usb usb1: New USB device found, idVendor=1d6b, idProduct=0002
usb usb1: New USB device strings: Mfr=3, Product=2, SerialNumber=1
usb usb1: Product: EHCI Host Controller
usb usb1: Manufacturer: Linux 4.9.0-4-amd64 ehci_hcd
usb usb1: SerialNumber: 0000:00:1a.0
hub 1-0:1.0: USB hub found
hub 1-0:1.0: 3 ports detected
ehci-pci 0000:00:1d.0: EHCI Host Controller
ehci-pci 0000:00:1d.0: new USB bus registered, assigned bus number 2
ehci-pci 0000:00:1d.0: debug port 2
ehci-pci 0000:00:1d.0: cache line size of 64 is not supported
ehci-pci 0000:00:1d.0: irq 16, io mem 0xd4728000
ehci-pci 0000:00:1d.0: USB 2.0 started, EHCI 1.00
usb usb2: New USB device found, idVendor=1d6b, idProduct=0002
usb usb2: New USB device strings: Mfr=3, Product=2, SerialNumber=1
usb usb2: Product: EHCI Host Controller
usb usb2: Manufacturer: Linux 4.9.0-4-amd64 ehci_hcd
usb usb2: SerialNumber: 0000:00:1d.0
hub 2-0:1.0: USB hub found
hub 2-0:1.0: 3 ports detected
ahci 0000:00:1f.2: version 3.0
ahci 0000:00:1f.2: SSS flag set, parallel bus scan disabled
ahci 0000:00:1f.2: AHCI 0001.0300 32 slots 6 ports 6 Gbps 0x21 impl SATA mode
ahci 0000:00:1f.2: flags: 64bit ncq sntf stag pm led clo pio slum part ems sxs apst 
scsi host0: ahci
scsi host1: ahci
scsi host2: ahci
scsi host3: ahci
scsi host4: ahci
scsi host5: ahci
ata1: SATA max UDMA/133 abar m2048@0xd4727000 port 0xd4727100 irq 29
ata2: DUMMY
ata3: DUMMY
ata4: DUMMY
ata5: DUMMY
ata6: SATA max UDMA/133 abar m2048@0xd4727000 port 0xd4727380 irq 29
random: fast init done
usb 1-1: new high-speed USB device number 2 using ehci-pci
usb 2-1: new high-speed USB device number 2 using ehci-pci
ata1: SATA link up 3.0 Gbps (SStatus 123 SControl 300)
ata1.00: ACPI cmd 00/00:00:00:00:00:a0 (NOP) rejected by device (Stat=0x51 Err=0x04)
ata1.00: ATA-8: Hitachi HTS723232A7A364, EC2OA60W, max UDMA/100
ata1.00: 625142448 sectors, multi 16: LBA48 NCQ (depth 31/32), AA
ata1.00: ACPI cmd 00/00:00:00:00:00:a0 (NOP) rejected by device (Stat=0x51 Err=0x04)
ata1.00: configured for UDMA/100
scsi 0:0:0:0: Direct-Access     ATA      Hitachi HTS72323 A60W PQ: 0 ANSI: 5
firewire_core 0000:23:00.0: created device fw0: GUID ffe473fffffffffe, S400
clocksource: Switched to clocksource tsc
usb 1-1: New USB device found, idVendor=8087, idProduct=0024
usb 1-1: New USB device strings: Mfr=0, Product=0, SerialNumber=0
hub 1-1:1.0: USB hub found
hub 1-1:1.0: 6 ports detected
usb 2-1: New USB device found, idVendor=8087, idProduct=0024
usb 2-1: New USB device strings: Mfr=0, Product=0, SerialNumber=0
hub 2-1:1.0: USB hub found
hub 2-1:1.0: 8 ports detected
ata6: SATA link down (SStatus 0 SControl 300)
sd 0:0:0:0: [sda] 625142448 512-byte logical blocks: (320 GB/298 GiB)
sd 0:0:0:0: [sda] Write Protect is off
sd 0:0:0:0: [sda] Mode Sense: 00 3a 00 00
sd 0:0:0:0: [sda] Write cache: enabled, read cache: enabled, doesn't support DPO or FUA
input: PS/2 Generic Mouse as /devices/platform/i8042/serio1/input/input9
 sda: sda1 sda2
sd 0:0:0:0: [sda] Attached SCSI disk
usb 1-1.1: new full-speed USB device number 3 using ehci-pci
usb 2-1.3: new high-speed USB device number 3 using ehci-pci
usb 1-1.1: New USB device found, idVendor=138a, idProduct=003c
usb 1-1.1: New USB device strings: Mfr=0, Product=0, SerialNumber=1
usb 1-1.1: SerialNumber: 00a08e9a5d8e
usb 2-1.3: New USB device found, idVendor=154b, idProduct=00ee
usb 2-1.3: New USB device strings: Mfr=1, Product=2, SerialNumber=3
usb 2-1.3: Product: USB 2.0 FD
usb 2-1.3: Manufacturer: PNY
usb 2-1.3: SerialNumber: 90008305B72AFF35
usb-storage 2-1.3:1.0: USB Mass Storage device detected
scsi host6: usb-storage 2-1.3:1.0
usbcore: registered new interface driver usb-storage
usbcore: registered new interface driver uas
usb 2-1.4: new high-speed USB device number 4 using ehci-pci
usb 2-1.4: New USB device found, idVendor=04f2, idProduct=b242
usb 2-1.4: New USB device strings: Mfr=2, Product=1, SerialNumber=3
usb 2-1.4: Product: HP HD Webcam [Fixed]
usb 2-1.4: Manufacturer: Chicony Electronics Co., Ltd.
usb 2-1.4: SerialNumber: SN0001
usb 2-1.6: new full-speed USB device number 5 using ehci-pci
usb 2-1.6: New USB device found, idVendor=03f0, idProduct=231d
usb 2-1.6: New USB device strings: Mfr=1, Product=2, SerialNumber=0
usb 2-1.6: Product: HP Integrated Module
usb 2-1.6: Manufacturer: Broadcom Corp
psmouse serio4: synaptics: queried max coordinates: x [..5932], y [..5164]
psmouse serio4: synaptics: Touchpad model: 1, fw: 7.4, id: 0x1c0b1, caps: 0xd04733/0xa40000/0xa0000/0x0, board id: 0, fw id: 620079
input: SynPS/2 Synaptics TouchPad as /devices/platform/i8042/serio4/input/input12
scsi 6:0:0:0: Direct-Access     PNY      USB 2.0 FD       PMAP PQ: 0 ANSI: 7
sd 6:0:0:0: [sdb] 60628992 512-byte logical blocks: (31.0 GB/28.9 GiB)
sd 6:0:0:0: [sdb] Write Protect is off
sd 6:0:0:0: [sdb] Mode Sense: 23 00 00 00
sd 6:0:0:0: [sdb] No Caching mode page found
sd 6:0:0:0: [sdb] Assuming drive cache: write through
 sdb: sdb1 sdb2 sdb3
sd 6:0:0:0: [sdb] Attached SCSI removable disk
random: crng init done
EXT4-fs (sdb3): mounted filesystem without journal. Opts: (null)
ip_tables: (C) 2000-2006 Netfilter Core Team
systemd[1]: systemd 232 running in system mode. (+PAM +AUDIT +SELINUX +IMA +APPARMOR +SMACK +SYSVINIT +UTMP +LIBCRYPTSETUP +GCRYPT +GNUTLS +ACL +XZ +LZ4 +SECCOMP +BLKID +ELFUTILS +KMOD +IDN)
systemd[1]: Detected architecture x86-64.
systemd[1]: Set hostname to <Spectre>.
systemd[1]: Listening on Journal Socket.
systemd[1]: Started Dispatch Password Requests to Console Directory Watch.
systemd[1]: Reached target Remote File Systems.
systemd[1]: Reached target Swap.
systemd[1]: Listening on Syslog Socket.
systemd[1]: Listening on /dev/initctl Compatibility Named Pipe.
systemd[1]: Listening on Journal Socket (/dev/log).
EXT4-fs (sdb3): re-mounted. Opts: errors=remount-ro
systemd-journald[344]: Received request to flush runtime journal from PID 1
hp_accel: laptop model unknown, using default axes configuration
ACPI: AC Adapter [AC] (on-line)
input: Sleep Button as /devices/LNXSYSTM:00/LNXSYBUS:00/PNP0C0E:00/input/input13
ACPI: Sleep Button [SLPB]
input: Lid Switch as /devices/LNXSYSTM:00/LNXSYBUS:00/PNP0C0D:00/input/input14
ACPI: Lid Switch [LID]
input: Power Button as /devices/LNXSYSTM:00/LNXPWRBN:00/input/input15
ACPI: Power Button [PWRF]
lis3lv02d: 8 bits 3DC sensor found
sd 0:0:0:0: Attached scsi generic sg0 type 0
sd 6:0:0:0: Attached scsi generic sg1 type 0
ACPI Warning: SystemIO range 0x0000000000000428-0x000000000000042F conflicts with OpRegion 0x0000000000000400-0x000000000000047F (\PMIO) (20160831/utaddress-247)
ACPI: If an ACPI driver is available for this device, you should use it instead of the native driver
ACPI Warning: SystemIO range 0x0000000000000540-0x000000000000054F conflicts with OpRegion 0x0000000000000500-0x0000000000000563 (\GPIO) (20160831/utaddress-247)
ACPI: If an ACPI driver is available for this device, you should use it instead of the native driver
ACPI Warning: SystemIO range 0x0000000000000530-0x000000000000053F conflicts with OpRegion 0x0000000000000500-0x0000000000000563 (\GPIO) (20160831/utaddress-247)
ACPI: If an ACPI driver is available for this device, you should use it instead of the native driver
ACPI Warning: SystemIO range 0x0000000000000500-0x000000000000052F conflicts with OpRegion 0x0000000000000500-0x0000000000000563 (\GPIO) (20160831/utaddress-247)
ACPI: If an ACPI driver is available for this device, you should use it instead of the native driver
lpc_ich: Resource conflict(s) found affecting gpio_ich
shpchp: Standard Hot Plug PCI Controller Driver version: 0.4
[drm] Initialized
ACPI: Battery Slot [BAT0] (battery present)
ACPI: Battery Slot [BAT1] (battery absent)
wmi: Mapper loaded
media: Linux media interface: v0.10
input: PC Speaker as /devices/platform/pcspkr/input/input16
snd_hda_codec_idt hdaudioC0D0: autoconfig for 92HD81B1X5: line_outs=1 (0xa/0x0/0x0/0x0/0x0) type:line
snd_hda_codec_idt hdaudioC0D0:    speaker_outs=1 (0xd/0x0/0x0/0x0/0x0)
snd_hda_codec_idt hdaudioC0D0:    hp_outs=1 (0xb/0x0/0x0/0x0/0x0)
snd_hda_codec_idt hdaudioC0D0:    mono: mono_out=0x0
snd_hda_codec_idt hdaudioC0D0:    inputs:
snd_hda_codec_idt hdaudioC0D0:      Internal Mic=0xe
snd_hda_codec_idt hdaudioC0D0:      Mic=0xc
snd_hda_codec_idt hdaudioC0D0:      Line=0xf
Linux video capture interface: v2.00
uvcvideo: Found UVC 1.00 device HP HD Webcam [Fixed] (04f2:b242)
RAPL PMU: API unit is 2^-32 Joules, 3 fixed counters, 163840 ms ovfl timer
RAPL PMU: hw unit of domain pp0-core 2^-16 Joules
RAPL PMU: hw unit of domain package 2^-16 Joules
RAPL PMU: hw unit of domain pp1-gpu 2^-16 Joules
uvcvideo 2-1.4:1.0: Entity type for entity Extension 5 was not initialized!
uvcvideo 2-1.4:1.0: Entity type for entity Extension 4 was not initialized!
uvcvideo 2-1.4:1.0: Entity type for entity Processing 3 was not initialized!
uvcvideo 2-1.4:1.0: Entity type for entity Camera 1 was not initialized!
input: HP HD Webcam [Fixed] as /devices/pci0000:00/0000:00:1d.0/usb2/2-1/2-1.4/2-1.4:1.0/input/input22
usbcore: registered new interface driver uvcvideo
USB Video Class driver (1.1.1)
iTCO_vendor_support: vendor-support=0
[drm] Memory usable by graphics device = 2048M
[drm] Replacing VGA console driver
Intel(R) Wireless WiFi driver for Linux
Copyright(c) 2003- 2015 Intel Corporation
iwlwifi 0000:24:00.0: can't disable ASPM; OS doesn't have ASPM control
Console: switching to colour dummy device 80x25
ppdev: user-space parallel port driver
iwlwifi 0000:24:00.0: firmware: failed to load iwlwifi-6000g2a-6.ucode (-2)
iwlwifi 0000:24:00.0: Direct firmware load for iwlwifi-6000g2a-6.ucode failed with error -2
iwlwifi 0000:24:00.0: firmware: failed to load iwlwifi-6000g2a-5.ucode (-2)
iwlwifi 0000:24:00.0: Direct firmware load for iwlwifi-6000g2a-5.ucode failed with error -2
[drm] Supports vblank timestamp caching Rev 2 (21.10.2013).
[drm] Driver supports precise vblank timestamp query.
vgaarb: device changed decodes: PCI:0000:00:02.0,olddecodes=io+mem,decodes=io+mem:owns=io+mem
kvm: disabled by bios
Bluetooth: Core ver 2.22
NET: Registered protocol family 31
Bluetooth: HCI device and connection manager initialized
Bluetooth: HCI socket layer initialized
Bluetooth: L2CAP socket layer initialized
Bluetooth: SCO socket layer initialized
iTCO_wdt: Intel TCO WatchDog Timer Driver v1.11
iTCO_wdt: Found a Cougar Point TCO device (Version=2, TCOBASE=0x0460)
iTCO_wdt: initialized. heartbeat=30 sec (nowayout=0)
usbcore: registered new interface driver btusb
intel_rapl: Found RAPL domain package
intel_rapl: Found RAPL domain core
intel_rapl: Found RAPL domain uncore
intel_rapl: RAPL package 0 domain package locked by BIOS
input: HP WMI hotkeys as /devices/virtual/input/input23
input: ST LIS3LV02DL Accelerometer as /devices/platform/lis3lv02d/input/input24
ACPI: Video Device [GFX0] (multi-head: yes  rom: no  post: no)
acpi device:0b: registered as cooling_device5
input: Video Bus as /devices/LNXSYSTM:00/LNXSYBUS:00/PNP0A08:00/LNXVIDEO:01/input/input25
snd_hda_intel 0000:00:1b.0: bound 0000:00:02.0 (ops i915_audio_component_bind_ops [i915])
[drm] Initialized i915 1.6.0 20160919 for 0000:00:02.0 on minor 0
fbcon: inteldrmfb (fb0) is primary device
Console: switching to colour frame buffer device 160x50
i915 0000:00:02.0: fb0: inteldrmfb frame buffer device
input: HDA Digital PCBeep as /devices/pci0000:00/0000:00:1b.0/sound/card0/input17
input: HDA Intel PCH Mic as /devices/pci0000:00/0000:00:1b.0/sound/card0/input18
input: HDA Intel PCH Line as /devices/pci0000:00/0000:00:1b.0/sound/card0/input19
input: HDA Intel PCH Dock Line Out as /devices/pci0000:00/0000:00:1b.0/sound/card0/input20
input: HDA Intel PCH Headphone as /devices/pci0000:00/0000:00:1b.0/sound/card0/input21
input: HDA Intel PCH HDMI/DP,pcm=3 as /devices/pci0000:00/0000:00:1b.0/sound/card0/input26
serio: Serial port ttyS0
input: Wacom Serial Penabled 2FG Touchscreen Pen as /devices/pnp0/00:04/tty/ttyS0/serio5/input/input27
input: Wacom Serial Penabled 2FG Touchscreen Finger as /devices/pnp0/00:04/tty/ttyS0/serio5/input/input28
IPv6: ADDRCONF(NETDEV_UP): enp0s25: link is not ready
IPv6: ADDRCONF(NETDEV_UP): enp0s25: link is not ready
CPU0: Package temperature above threshold, cpu clock throttled (total events = 1)
CPU3: Core temperature above threshold, cpu clock throttled (total events = 1)
CPU1: Package temperature above threshold, cpu clock throttled (total events = 1)
CPU2: Core temperature above threshold, cpu clock throttled (total events = 1)
CPU3: Package temperature above threshold, cpu clock throttled (total events = 1)
CPU2: Package temperature above threshold, cpu clock throttled (total events = 1)
mce: [Hardware Error]: Machine check events logged
CPU2: Core temperature/speed normal
CPU3: Core temperature/speed normal
CPU1: Package temperature/speed normal
CPU0: Package temperature/speed normal
CPU3: Package temperature/speed normal
mce: [Hardware Error]: Machine check events logged
CPU2: Package temperature/speed normal
CPU3: Core temperature/speed normal
CPU2: Core temperature/speed normal
CPU0: Package temperature/speed normal
CPU1: Package temperature/speed normal
CPU2: Package temperature/speed normal
CPU3: Package temperature/speed normal
mce_notify_irq: 1 callbacks suppressed
mce: [Hardware Error]: Machine check events logged
CPU3: Core temperature above threshold, cpu clock throttled (total events = 101021)
CPU2: Core temperature above threshold, cpu clock throttled (total events = 101021)
CPU0: Package temperature above threshold, cpu clock throttled (total events = 164859)
CPU1: Package temperature above threshold, cpu clock throttled (total events = 164859)
CPU2: Package temperature above threshold, cpu clock throttled (total events = 164859)
mce: [Hardware Error]: Machine check events logged
CPU3: Package temperature above threshold, cpu clock throttled (total events = 164859)
mce: [Hardware Error]: Machine check events logged
CPU3: Core temperature/speed normal
CPU2: Core temperature/speed normal
CPU1: Package temperature/speed normal
CPU0: Package temperature/speed normal
CPU2: Package temperature/speed normal
CPU3: Package temperature/speed normal
CPU0: Core temperature above threshold, cpu clock throttled (total events = 90027)
CPU1: Core temperature above threshold, cpu clock throttled (total events = 90027)
CPU0: Core temperature/speed normal
CPU1: Core temperature/speed normal
perf: interrupt took too long (2504 > 2500), lowering kernel.perf_event_max_sample_rate to 79750
CPU3: Core temperature above threshold, cpu clock throttled (total events = 152959)
CPU2: Core temperature above threshold, cpu clock throttled (total events = 152959)
CPU0: Package temperature above threshold, cpu clock throttled (total events = 238564)
CPU1: Package temperature above threshold, cpu clock throttled (total events = 238564)
CPU2: Package temperature above threshold, cpu clock throttled (total events = 238564)
mce_notify_irq: 3 callbacks suppressed
mce: [Hardware Error]: Machine check events logged
CPU3: Package temperature above threshold, cpu clock throttled (total events = 238564)
mce: [Hardware Error]: Machine check events logged
CPU3: Core temperature/speed normal
CPU2: Core temperature/speed normal
CPU0: Package temperature/speed normal
CPU1: Package temperature/speed normal
CPU2: Package temperature/speed normal
CPU3: Package temperature/speed normal
perf: interrupt took too long (3138 > 3130), lowering kernel.perf_event_max_sample_rate to 63500
CPU3: Core temperature above threshold, cpu clock throttled (total events = 207637)
CPU2: Core temperature above threshold, cpu clock throttled (total events = 207637)
CPU0: Package temperature above threshold, cpu clock throttled (total events = 321463)
CPU1: Package temperature above threshold, cpu clock throttled (total events = 321463)
CPU2: Package temperature above threshold, cpu clock throttled (total events = 321463)
mce_notify_irq: 1 callbacks suppressed
mce: [Hardware Error]: Machine check events logged
CPU3: Package temperature above threshold, cpu clock throttled (total events = 321463)
mce: [Hardware Error]: Machine check events logged
CPU3: Core temperature/speed normal
CPU2: Core temperature/speed normal
CPU1: Package temperature/speed normal
CPU0: Package temperature/speed normal
CPU2: Package temperature/speed normal
CPU3: Package temperature/speed normal
CPU1: Core temperature above threshold, cpu clock throttled (total events = 162494)
CPU0: Core temperature above threshold, cpu clock throttled (total events = 162494)
CPU1: Core temperature/speed normal
CPU0: Core temperature/speed normal
perf: interrupt took too long (3953 > 3922), lowering kernel.perf_event_max_sample_rate to 50500
perf: interrupt took too long (4965 > 4941), lowering kernel.perf_event_max_sample_rate to 40250
