MemTotal:        3958200 kB
MemFree:         3473700 kB
MemAvailable:    3484616 kB
Buffers:           26412 kB
Cached:           224064 kB
SwapCached:            0 kB
Active:           249712 kB
Inactive:         138576 kB
Active(anon):     138652 kB
Inactive(anon):    45820 kB
Active(file):     111060 kB
Inactive(file):    92756 kB
Unevictable:          96 kB
Mlocked:              96 kB
SwapTotal:             0 kB
SwapFree:              0 kB
Dirty:               120 kB
Writeback:            20 kB
AnonPages:        137904 kB
Mapped:            99724 kB
Shmem:             46664 kB
Slab:              44988 kB
SReclaimable:      23208 kB
SUnreclaim:        21780 kB
KernelStack:        3424 kB
PageTables:        14372 kB
NFS_Unstable:          0 kB
Bounce:                0 kB
WritebackTmp:          0 kB
CommitLimit:     1979100 kB
Committed_AS:     918204 kB
VmallocTotal:   34359738367 kB
VmallocUsed:           0 kB
VmallocChunk:          0 kB
HardwareCorrupted:     0 kB
AnonHugePages:      8192 kB
ShmemHugePages:        0 kB
ShmemPmdMapped:        0 kB
HugePages_Total:       0
HugePages_Free:        0
HugePages_Rsvd:        0
HugePages_Surp:        0
Hugepagesize:       2048 kB
DirectMap4k:       66296 kB
DirectMap2M:     4036608 kB
