MemTotal:        8065380 kB
MemFree:         7513088 kB
MemAvailable:    7512512 kB
Buffers:           26396 kB
Cached:           259888 kB
SwapCached:            0 kB
Active:           267524 kB
Inactive:         171860 kB
Active(anon):     153840 kB
Inactive(anon):    78848 kB
Active(file):     113684 kB
Inactive(file):    93012 kB
Unevictable:          96 kB
Mlocked:              96 kB
SwapTotal:             0 kB
SwapFree:              0 kB
Dirty:                20 kB
Writeback:           124 kB
AnonPages:        153192 kB
Mapped:           101848 kB
Shmem:             79592 kB
Slab:              46888 kB
SReclaimable:      24032 kB
SUnreclaim:        22856 kB
KernelStack:        3376 kB
PageTables:        14332 kB
NFS_Unstable:          0 kB
Bounce:                0 kB
WritebackTmp:          0 kB
CommitLimit:     4032688 kB
Committed_AS:     970284 kB
VmallocTotal:   34359738367 kB
VmallocUsed:           0 kB
VmallocChunk:          0 kB
HardwareCorrupted:     0 kB
AnonHugePages:     10240 kB
ShmemHugePages:        0 kB
ShmemPmdMapped:        0 kB
HugePages_Total:       0
HugePages_Free:        0
HugePages_Rsvd:        0
HugePages_Surp:        0
Hugepagesize:       2048 kB
DirectMap4k:       66496 kB
DirectMap2M:     4014080 kB
DirectMap1G:     5242880 kB
