MemTotal:        3771480 kB
MemFree:         3245096 kB
MemAvailable:    3319752 kB
Buffers:           26768 kB
Cached:           253684 kB
SwapCached:            0 kB
Active:           279512 kB
Inactive:         152252 kB
Active(anon):     152076 kB
Inactive(anon):    15648 kB
Active(file):     127436 kB
Inactive(file):   136604 kB
Unevictable:          96 kB
Mlocked:              96 kB
SwapTotal:             0 kB
SwapFree:              0 kB
Dirty:               108 kB
Writeback:            16 kB
AnonPages:        151404 kB
Mapped:           105308 kB
Shmem:             16416 kB
Slab:              40092 kB
SReclaimable:      23444 kB
SUnreclaim:        16648 kB
KernelStack:        2960 kB
PageTables:        15452 kB
NFS_Unstable:          0 kB
Bounce:                0 kB
WritebackTmp:          0 kB
CommitLimit:     1885740 kB
Committed_AS:     981164 kB
VmallocTotal:   34359738367 kB
VmallocUsed:           0 kB
VmallocChunk:          0 kB
HardwareCorrupted:     0 kB
AnonHugePages:     10240 kB
ShmemHugePages:        0 kB
ShmemPmdMapped:        0 kB
HugePages_Total:       0
HugePages_Free:        0
HugePages_Rsvd:        0
HugePages_Surp:        0
Hugepagesize:       2048 kB
DirectMap4k:       72996 kB
DirectMap2M:     2789376 kB
DirectMap1G:     1048576 kB
