MemTotal:       16179668 kB
MemFree:        15636660 kB
MemAvailable:   15589384 kB
Buffers:           25992 kB
Cached:           230376 kB
SwapCached:            0 kB
Active:           256996 kB
Inactive:         150632 kB
Active(anon):     152064 kB
Inactive(anon):    52932 kB
Active(file):     104932 kB
Inactive(file):    97700 kB
Unevictable:          96 kB
Mlocked:              96 kB
SwapTotal:             0 kB
SwapFree:              0 kB
Dirty:               120 kB
Writeback:             0 kB
AnonPages:        151352 kB
Mapped:           100444 kB
Shmem:             53740 kB
Slab:              50844 kB
SReclaimable:      24392 kB
SUnreclaim:        26452 kB
KernelStack:        3920 kB
PageTables:        14476 kB
NFS_Unstable:          0 kB
Bounce:                0 kB
WritebackTmp:          0 kB
CommitLimit:     8089832 kB
Committed_AS:    1011068 kB
VmallocTotal:   34359738367 kB
VmallocUsed:           0 kB
VmallocChunk:          0 kB
HardwareCorrupted:     0 kB
AnonHugePages:      8192 kB
ShmemHugePages:        0 kB
ShmemPmdMapped:        0 kB
HugePages_Total:       0
HugePages_Free:        0
HugePages_Rsvd:        0
HugePages_Surp:        0
Hugepagesize:       2048 kB
DirectMap4k:       76020 kB
DirectMap2M:     2811904 kB
DirectMap1G:    14680064 kB
