MemTotal:        8087756 kB
MemFree:         7564312 kB
MemAvailable:    7569736 kB
Buffers:           26568 kB
Cached:           232132 kB
SwapCached:            0 kB
Active:           268952 kB
Inactive:         135860 kB
Active(anon):     147296 kB
Inactive(anon):    45124 kB
Active(file):     121656 kB
Inactive(file):    90736 kB
Unevictable:          96 kB
Mlocked:              96 kB
SwapTotal:             0 kB
SwapFree:              0 kB
Dirty:                32 kB
Writeback:             0 kB
AnonPages:        146396 kB
Mapped:            97876 kB
Shmem:             46056 kB
Slab:              52496 kB
SReclaimable:      24784 kB
SUnreclaim:        27712 kB
KernelStack:        3680 kB
PageTables:        15304 kB
NFS_Unstable:          0 kB
Bounce:                0 kB
WritebackTmp:          0 kB
CommitLimit:     4043876 kB
Committed_AS:    1051224 kB
VmallocTotal:   34359738367 kB
VmallocUsed:           0 kB
VmallocChunk:          0 kB
HardwareCorrupted:     0 kB
AnonHugePages:      8192 kB
ShmemHugePages:        0 kB
ShmemPmdMapped:        0 kB
HugePages_Total:       0
HugePages_Free:        0
HugePages_Rsvd:        0
HugePages_Surp:        0
Hugepagesize:       2048 kB
DirectMap4k:       72464 kB
DirectMap2M:     4030464 kB
DirectMap1G:     5242880 kB
