MemTotal:        3996536 kB
MemFree:         3389332 kB
MemAvailable:    3485964 kB
Buffers:           28064 kB
Cached:           318428 kB
SwapCached:            0 kB
Active:           342396 kB
Inactive:         159856 kB
Active(anon):     156572 kB
Inactive(anon):    56304 kB
Active(file):     185824 kB
Inactive(file):   103552 kB
Unevictable:          96 kB
Mlocked:              96 kB
SwapTotal:             0 kB
SwapFree:              0 kB
Dirty:               108 kB
Writeback:             0 kB
AnonPages:        155852 kB
Mapped:           102548 kB
Shmem:             57120 kB
Slab:              50720 kB
SReclaimable:      25800 kB
SUnreclaim:        24920 kB
KernelStack:        3536 kB
PageTables:        15548 kB
NFS_Unstable:          0 kB
Bounce:                0 kB
WritebackTmp:          0 kB
CommitLimit:     1998268 kB
Committed_AS:    1025068 kB
VmallocTotal:   34359738367 kB
VmallocUsed:           0 kB
VmallocChunk:          0 kB
HardwareCorrupted:     0 kB
AnonHugePages:     10240 kB
ShmemHugePages:        0 kB
ShmemPmdMapped:        0 kB
HugePages_Total:       0
HugePages_Free:        0
HugePages_Rsvd:        0
HugePages_Surp:        0
Hugepagesize:       2048 kB
DirectMap4k:       73984 kB
DirectMap2M:     4067328 kB
