MemTotal:        7972272 kB
MemFree:         7370640 kB
MemAvailable:    7454144 kB
Buffers:           29684 kB
Cached:           318200 kB
SwapCached:            0 kB
Active:           322332 kB
Inactive:         163316 kB
Active(anon):     138604 kB
Inactive(anon):    57940 kB
Active(file):     183728 kB
Inactive(file):   105376 kB
Unevictable:          96 kB
Mlocked:              96 kB
SwapTotal:             0 kB
SwapFree:              0 kB
Dirty:               108 kB
Writeback:            20 kB
AnonPages:        137856 kB
Mapped:            92900 kB
Shmem:             58784 kB
Slab:              58064 kB
SReclaimable:      34732 kB
SUnreclaim:        23332 kB
KernelStack:        3216 kB
PageTables:        13968 kB
NFS_Unstable:          0 kB
Bounce:                0 kB
WritebackTmp:          0 kB
CommitLimit:     3986136 kB
Committed_AS:     886444 kB
VmallocTotal:   34359738367 kB
VmallocUsed:           0 kB
VmallocChunk:          0 kB
HardwareCorrupted:     0 kB
AnonHugePages:     10240 kB
ShmemHugePages:        0 kB
ShmemPmdMapped:        0 kB
HugePages_Total:       0
HugePages_Free:        0
HugePages_Rsvd:        0
HugePages_Surp:        0
Hugepagesize:       2048 kB
DirectMap4k:       65792 kB
DirectMap2M:     8116224 kB
