MemTotal:        3958128 kB
MemFree:         3404932 kB
MemAvailable:    3475704 kB
Buffers:           27752 kB
Cached:           281140 kB
SwapCached:            0 kB
Active:           315656 kB
Inactive:         135956 kB
Active(anon):     143564 kB
Inactive(anon):    45828 kB
Active(file):     172092 kB
Inactive(file):    90128 kB
Unevictable:          96 kB
Mlocked:              96 kB
SwapTotal:             0 kB
SwapFree:              0 kB
Dirty:               132 kB
Writeback:             0 kB
AnonPages:        142812 kB
Mapped:           100124 kB
Shmem:             46676 kB
Slab:              47104 kB
SReclaimable:      26108 kB
SUnreclaim:        20996 kB
KernelStack:        3584 kB
PageTables:        15048 kB
NFS_Unstable:          0 kB
Bounce:                0 kB
WritebackTmp:          0 kB
CommitLimit:     1979064 kB
Committed_AS:     975600 kB
VmallocTotal:   34359738367 kB
VmallocUsed:           0 kB
VmallocChunk:          0 kB
HardwareCorrupted:     0 kB
AnonHugePages:     10240 kB
ShmemHugePages:        0 kB
ShmemPmdMapped:        0 kB
HugePages_Total:       0
HugePages_Free:        0
HugePages_Rsvd:        0
HugePages_Surp:        0
Hugepagesize:       2048 kB
DirectMap4k:       62200 kB
DirectMap2M:     4040704 kB
