MemTotal:        8065460 kB
MemFree:         7465480 kB
MemAvailable:    7511016 kB
Buffers:           28264 kB
Cached:           304224 kB
SwapCached:            0 kB
Active:           299084 kB
Inactive:         188008 kB
Active(anon):     155440 kB
Inactive(anon):    78992 kB
Active(file):     143644 kB
Inactive(file):   109016 kB
Unevictable:          96 kB
Mlocked:              96 kB
SwapTotal:             0 kB
SwapFree:              0 kB
Dirty:               164 kB
Writeback:            20 kB
AnonPages:        154696 kB
Mapped:           102648 kB
Shmem:             79832 kB
Slab:              47728 kB
SReclaimable:      24248 kB
SUnreclaim:        23480 kB
KernelStack:        3360 kB
PageTables:        14440 kB
NFS_Unstable:          0 kB
Bounce:                0 kB
WritebackTmp:          0 kB
CommitLimit:     4032728 kB
Committed_AS:     961128 kB
VmallocTotal:   34359738367 kB
VmallocUsed:           0 kB
VmallocChunk:          0 kB
HardwareCorrupted:     0 kB
AnonHugePages:     10240 kB
ShmemHugePages:        0 kB
ShmemPmdMapped:        0 kB
HugePages_Total:       0
HugePages_Free:        0
HugePages_Rsvd:        0
HugePages_Surp:        0
Hugepagesize:       2048 kB
DirectMap4k:       72640 kB
DirectMap2M:     4007936 kB
DirectMap1G:     5242880 kB
