Linux version 4.9.0-6-amd64 (debian-kernel@lists.debian.org) (gcc version 6.3.0 20170516 (Debian 6.3.0-18+deb9u1) ) #1 SMP Debian 4.9.82-1+deb9u3 (2018-03-02)
Command line: \boot\vmlinuz-4.9.0-6-amd64 ro root=UUID=07edf193-9c61-4cdd-827c-0d6d1dacce48 initrd=boot\initrd.img-4.9.0-6-amd64
x86/fpu: Supporting XSAVE feature 0x001: 'x87 floating point registers'
x86/fpu: Supporting XSAVE feature 0x002: 'SSE registers'
x86/fpu: Supporting XSAVE feature 0x004: 'AVX registers'
x86/fpu: xstate_offset[2]:  576, xstate_sizes[2]:  256
x86/fpu: Enabled xstate features 0x7, context size is 832 bytes, using 'standard' format.
x86/fpu: Using 'eager' FPU context switches.
e820: BIOS-provided physical RAM map:
BIOS-e820: [mem 0x0000000000000000-0x0000000000057fff] usable
BIOS-e820: [mem 0x0000000000058000-0x0000000000058fff] reserved
BIOS-e820: [mem 0x0000000000059000-0x000000000009dfff] usable
BIOS-e820: [mem 0x000000000009e000-0x000000000009ffff] reserved
BIOS-e820: [mem 0x0000000000100000-0x00000000c9668fff] usable
BIOS-e820: [mem 0x00000000c9669000-0x00000000c9a99fff] reserved
BIOS-e820: [mem 0x00000000c9a9a000-0x00000000db2f3fff] usable
BIOS-e820: [mem 0x00000000db2f4000-0x00000000db3b4fff] reserved
BIOS-e820: [mem 0x00000000db3b5000-0x00000000db3d5fff] ACPI data
BIOS-e820: [mem 0x00000000db3d6000-0x00000000dbd09fff] ACPI NVS
BIOS-e820: [mem 0x00000000dbd0a000-0x00000000dbffefff] reserved
BIOS-e820: [mem 0x00000000dbfff000-0x00000000dbffffff] usable
BIOS-e820: [mem 0x00000000dd000000-0x00000000df7fffff] reserved
BIOS-e820: [mem 0x00000000f8000000-0x00000000fbffffff] reserved
BIOS-e820: [mem 0x00000000fec00000-0x00000000fec00fff] reserved
BIOS-e820: [mem 0x00000000fed00000-0x00000000fed03fff] reserved
BIOS-e820: [mem 0x00000000fed1c000-0x00000000fed1ffff] reserved
BIOS-e820: [mem 0x00000000fee00000-0x00000000fee00fff] reserved
BIOS-e820: [mem 0x00000000ff000000-0x00000000ffffffff] reserved
BIOS-e820: [mem 0x0000000100000000-0x000000021f7fffff] usable
NX (Execute Disable) protection: active
e820: update [mem 0xc9aa2018-0xc9aae857] usable ==> usable
e820: update [mem 0xc6b65018-0xc6b6c857] usable ==> usable
extended physical RAM map:
reserve setup_data: [mem 0x0000000000000000-0x0000000000057fff] usable
reserve setup_data: [mem 0x0000000000058000-0x0000000000058fff] reserved
reserve setup_data: [mem 0x0000000000059000-0x000000000009dfff] usable
reserve setup_data: [mem 0x000000000009e000-0x000000000009ffff] reserved
reserve setup_data: [mem 0x0000000000100000-0x00000000c6b65017] usable
reserve setup_data: [mem 0x00000000c6b65018-0x00000000c6b6c857] usable
reserve setup_data: [mem 0x00000000c6b6c858-0x00000000c9668fff] usable
reserve setup_data: [mem 0x00000000c9669000-0x00000000c9a99fff] reserved
reserve setup_data: [mem 0x00000000c9a9a000-0x00000000c9aa2017] usable
reserve setup_data: [mem 0x00000000c9aa2018-0x00000000c9aae857] usable
reserve setup_data: [mem 0x00000000c9aae858-0x00000000db2f3fff] usable
reserve setup_data: [mem 0x00000000db2f4000-0x00000000db3b4fff] reserved
reserve setup_data: [mem 0x00000000db3b5000-0x00000000db3d5fff] ACPI data
reserve setup_data: [mem 0x00000000db3d6000-0x00000000dbd09fff] ACPI NVS
reserve setup_data: [mem 0x00000000dbd0a000-0x00000000dbffefff] reserved
reserve setup_data: [mem 0x00000000dbfff000-0x00000000dbffffff] usable
reserve setup_data: [mem 0x00000000dd000000-0x00000000df7fffff] reserved
reserve setup_data: [mem 0x00000000f8000000-0x00000000fbffffff] reserved
reserve setup_data: [mem 0x00000000fec00000-0x00000000fec00fff] reserved
reserve setup_data: [mem 0x00000000fed00000-0x00000000fed03fff] reserved
reserve setup_data: [mem 0x00000000fed1c000-0x00000000fed1ffff] reserved
reserve setup_data: [mem 0x00000000fee00000-0x00000000fee00fff] reserved
reserve setup_data: [mem 0x00000000ff000000-0x00000000ffffffff] reserved
reserve setup_data: [mem 0x0000000100000000-0x000000021f7fffff] usable
efi: EFI v2.31 by American Megatrends
efi:  ACPI=0xdb3bb000  ACPI 2.0=0xdb3bb000  SMBIOS=0xf0000 
SMBIOS 2.8 present.
DMI: Dell Inc. Inspiron 5558/0KG6JV, BIOS A15 02/02/2018
e820: update [mem 0x00000000-0x00000fff] usable ==> reserved
e820: remove [mem 0x000a0000-0x000fffff] usable
e820: last_pfn = 0x21f800 max_arch_pfn = 0x400000000
MTRR default type: uncachable
MTRR fixed ranges enabled:
  00000-9FFFF write-back
  A0000-DFFFF uncachable
  E0000-FFFFF write-protect
MTRR variable ranges enabled:
  0 base 0000000000 mask 7E00000000 write-back
  1 base 0200000000 mask 7FE0000000 write-back
  2 base 00E0000000 mask 7FE0000000 uncachable
  3 base 00DE000000 mask 7FFE000000 uncachable
  4 base 00DD000000 mask 7FFF000000 uncachable
  5 base 021F800000 mask 7FFF800000 uncachable
  6 disabled
  7 disabled
  8 disabled
  9 disabled
x86/PAT: Configuration [0-7]: WB  WC  UC- UC  WB  WC  UC- WT  
e820: update [mem 0xdd000000-0xffffffff] usable ==> reserved
e820: last_pfn = 0xdc000 max_arch_pfn = 0x400000000
Base memory trampoline at [ffff8bd9c0098000] 98000 size 24576
Using GB pages for direct mapping
BRK [0x12939000, 0x12939fff] PGTABLE
BRK [0x1293a000, 0x1293afff] PGTABLE
BRK [0x1293b000, 0x1293bfff] PGTABLE
BRK [0x1293c000, 0x1293cfff] PGTABLE
BRK [0x1293d000, 0x1293dfff] PGTABLE
BRK [0x1293e000, 0x1293efff] PGTABLE
BRK [0x1293f000, 0x1293ffff] PGTABLE
BRK [0x12940000, 0x12940fff] PGTABLE
RAMDISK: [mem 0x7edeb000-0x7fffffff]
ACPI: Early table checksum verification disabled
ACPI: RSDP 0x00000000DB3BB000 000024 (v02 DELL  )
ACPI: XSDT 0x00000000DB3BB098 0000B4 (v01 DELL   CBX3     01072009 AMI  00010013)
ACPI: FACP 0x00000000DB3CE410 00010C (v05 DELL   CBX3     01072009 AMI  00010013)
ACPI: DSDT 0x00000000DB3BB1E0 01322C (v02 DELL   CBX3     01072009 INTL 20120913)
ACPI: FACS 0x00000000DBD05F80 000040
ACPI: APIC 0x00000000DB3CE520 000084 (v03 DELL   CBX3     01072009 AMI  00010013)
ACPI: FPDT 0x00000000DB3CE5A8 000044 (v01 DELL   CBX3     01072009 AMI  00010013)
ACPI: FIDT 0x00000000DB3CE5F0 00009C (v01 DELL   CBX3     01072009 AMI  00010013)
ACPI: MCFG 0x00000000DB3CE690 00003C (v01 DELL   CBX3     01072009 MSFT 00000097)
ACPI: HPET 0x00000000DB3CE6D0 000038 (v01 DELL   CBX3     01072009 AMI. 00000005)
ACPI: SSDT 0x00000000DB3CE708 0003BD (v01 SataRe SataTabl 00001000 INTL 20120913)
ACPI: UEFI 0x00000000DB3CEAC8 000042 (v01                 00000000      00000000)
ACPI: ASF! 0x00000000DB3CEB10 0000A0 (v32 INTEL   HCG     00000001 TFSM 000F4240)
ACPI: BOOT 0x00000000DB3CEBB0 000028 (v01 DELL   CBX3     01072009 AMI  00010013)
ACPI: SSDT 0x00000000DB3CEBD8 00051F (v02 PmRef  Cpu0Ist  00003000 INTL 20120913)
ACPI: SSDT 0x00000000DB3CF0F8 000B74 (v02 CpuRef CpuSsdt  00003000 INTL 20120913)
ACPI: SSDT 0x00000000DB3CFC70 0001C7 (v02 PmRef  LakeTiny 00003000 INTL 20120913)
ACPI: SSDT 0x00000000DB3CFE38 0041AC (v02 SaSsdt SaSsdt   00003000 INTL 20120913)
ACPI: SLIC 0x00000000DB3D3FE8 000176 (v03 DELL   CBX3     01072009 MSFT 00010013)
ACPI: MSDM 0x00000000DB3D4160 000055 (v03 DELL   CBX3     06222004 AMI  00010013)
ACPI: DMAR 0x00000000DB3D41B8 0000B0 (v01 INTEL  BDW      00000001 INTL 00000001)
ACPI: BGRT 0x00000000DB3D4268 000038 (v00                 01072009 AMI  00010013)
ACPI: Local APIC address 0xfee00000
No NUMA configuration found
Faking a node at [mem 0x0000000000000000-0x000000021f7fffff]
NODE_DATA(0) allocated [mem 0x21f7f9000-0x21f7fdfff]
Zone ranges:
  DMA      [mem 0x0000000000001000-0x0000000000ffffff]
  DMA32    [mem 0x0000000001000000-0x00000000ffffffff]
  Normal   [mem 0x0000000100000000-0x000000021f7fffff]
  Device   empty
Movable zone start for each node
Early memory node ranges
  node   0: [mem 0x0000000000001000-0x0000000000057fff]
  node   0: [mem 0x0000000000059000-0x000000000009dfff]
  node   0: [mem 0x0000000000100000-0x00000000c9668fff]
  node   0: [mem 0x00000000c9a9a000-0x00000000db2f3fff]
  node   0: [mem 0x00000000dbfff000-0x00000000dbffffff]
  node   0: [mem 0x0000000100000000-0x000000021f7fffff]
Initmem setup node 0 [mem 0x0000000000001000-0x000000021f7fffff]
On node 0 totalpages: 2074208
  DMA zone: 64 pages used for memmap
  DMA zone: 21 pages reserved
  DMA zone: 3996 pages, LIFO batch:0
  DMA32 zone: 13948 pages used for memmap
  DMA32 zone: 892612 pages, LIFO batch:31
  Normal zone: 18400 pages used for memmap
  Normal zone: 1177600 pages, LIFO batch:31
Reserving Intel graphics memory at 0x00000000dd800000-0x00000000df7fffff
ACPI: PM-Timer IO Port: 0x1808
ACPI: Local APIC address 0xfee00000
ACPI: LAPIC_NMI (acpi_id[0x01] dfl dfl lint[0x0])
ACPI: NMI not connected to LINT 1!
ACPI: LAPIC_NMI (acpi_id[0x02] dfl dfl lint[0x0])
ACPI: NMI not connected to LINT 1!
ACPI: LAPIC_NMI (acpi_id[0x03] dfl dfl lint[0x0])
ACPI: NMI not connected to LINT 1!
ACPI: LAPIC_NMI (acpi_id[0x04] res level lint[0xd8])
ACPI: NMI not connected to LINT 1!
IOAPIC[0]: apic_id 2, version 32, address 0xfec00000, GSI 0-39
ACPI: INT_SRC_OVR (bus 0 bus_irq 0 global_irq 2 dfl dfl)
ACPI: INT_SRC_OVR (bus 0 bus_irq 9 global_irq 9 high level)
ACPI: IRQ0 used by override.
ACPI: IRQ9 used by override.
Using ACPI (MADT) for SMP configuration information
ACPI: HPET id: 0x8086a701 base: 0xfed00000
smpboot: Allowing 4 CPUs, 0 hotplug CPUs
PM: Registered nosave memory: [mem 0x00000000-0x00000fff]
PM: Registered nosave memory: [mem 0x00058000-0x00058fff]
PM: Registered nosave memory: [mem 0x0009e000-0x0009ffff]
PM: Registered nosave memory: [mem 0x000a0000-0x000fffff]
PM: Registered nosave memory: [mem 0xc6b65000-0xc6b65fff]
PM: Registered nosave memory: [mem 0xc6b6c000-0xc6b6cfff]
PM: Registered nosave memory: [mem 0xc9669000-0xc9a99fff]
PM: Registered nosave memory: [mem 0xc9aa2000-0xc9aa2fff]
PM: Registered nosave memory: [mem 0xc9aae000-0xc9aaefff]
PM: Registered nosave memory: [mem 0xdb2f4000-0xdb3b4fff]
PM: Registered nosave memory: [mem 0xdb3b5000-0xdb3d5fff]
PM: Registered nosave memory: [mem 0xdb3d6000-0xdbd09fff]
PM: Registered nosave memory: [mem 0xdbd0a000-0xdbffefff]
PM: Registered nosave memory: [mem 0xdc000000-0xdcffffff]
PM: Registered nosave memory: [mem 0xdd000000-0xdf7fffff]
PM: Registered nosave memory: [mem 0xdf800000-0xf7ffffff]
PM: Registered nosave memory: [mem 0xf8000000-0xfbffffff]
PM: Registered nosave memory: [mem 0xfc000000-0xfebfffff]
PM: Registered nosave memory: [mem 0xfec00000-0xfec00fff]
PM: Registered nosave memory: [mem 0xfec01000-0xfecfffff]
PM: Registered nosave memory: [mem 0xfed00000-0xfed03fff]
PM: Registered nosave memory: [mem 0xfed04000-0xfed1bfff]
PM: Registered nosave memory: [mem 0xfed1c000-0xfed1ffff]
PM: Registered nosave memory: [mem 0xfed20000-0xfedfffff]
PM: Registered nosave memory: [mem 0xfee00000-0xfee00fff]
PM: Registered nosave memory: [mem 0xfee01000-0xfeffffff]
PM: Registered nosave memory: [mem 0xff000000-0xffffffff]
e820: [mem 0xdf800000-0xf7ffffff] available for PCI devices
Booting paravirtualized kernel on bare hardware
clocksource: refined-jiffies: mask: 0xffffffff max_cycles: 0xffffffff, max_idle_ns: 7645519600211568 ns
setup_percpu: NR_CPUS:512 nr_cpumask_bits:512 nr_cpu_ids:4 nr_node_ids:1
percpu: Embedded 35 pages/cpu @ffff8bdbdf400000 s105240 r8192 d29928 u524288
pcpu-alloc: s105240 r8192 d29928 u524288 alloc=1*2097152
pcpu-alloc: [0] 0 1 2 3 
Built 1 zonelists in Node order, mobility grouping on.  Total pages: 2041775
Policy zone: Normal
Kernel command line: \boot\vmlinuz-4.9.0-6-amd64 ro root=UUID=07edf193-9c61-4cdd-827c-0d6d1dacce48 initrd=boot\initrd.img-4.9.0-6-amd64
PID hash table entries: 4096 (order: 3, 32768 bytes)
Calgary: detecting Calgary via BIOS EBDA area
Calgary: Unable to locate Rio Grande table in EBDA - bailing!
Memory: 7754908K/8296832K available (6236K kernel code, 1159K rwdata, 2868K rodata, 1416K init, 688K bss, 541924K reserved, 0K cma-reserved)
Kernel/User page tables isolation: enabled
Hierarchical RCU implementation.
	Build-time adjustment of leaf fanout to 64.
	RCU restricting CPUs from NR_CPUS=512 to nr_cpu_ids=4.
RCU: Adjusting geometry for rcu_fanout_leaf=64, nr_cpu_ids=4
NR_IRQS:33024 nr_irqs:728 16
Console: colour dummy device 80x25
console [tty0] enabled
clocksource: hpet: mask: 0xffffffff max_cycles: 0xffffffff, max_idle_ns: 133484882848 ns
hpet clockevent registered
tsc: Fast TSC calibration using PIT
tsc: Detected 2195.088 MHz processor
Calibrating delay loop (skipped), value calculated using timer frequency.. 4390.17 BogoMIPS (lpj=8780352)
pid_max: default: 32768 minimum: 301
ACPI: Core revision 20160831
ACPI: 6 ACPI AML tables successfully acquired and loaded
Security Framework initialized
Yama: disabled by default; enable with sysctl kernel.yama.*
AppArmor: AppArmor disabled by boot time parameter
Dentry cache hash table entries: 1048576 (order: 11, 8388608 bytes)
Inode-cache hash table entries: 524288 (order: 10, 4194304 bytes)
Mount-cache hash table entries: 16384 (order: 5, 131072 bytes)
Mountpoint-cache hash table entries: 16384 (order: 5, 131072 bytes)
CPU: Physical Processor ID: 0
CPU: Processor Core ID: 0
ENERGY_PERF_BIAS: Set to 'normal', was 'performance'
ENERGY_PERF_BIAS: View and update with x86_energy_perf_policy(8)
mce: CPU supports 7 MCE banks
CPU0: Thermal monitoring enabled (TM1)
process: using mwait in idle threads
Last level iTLB entries: 4KB 64, 2MB 8, 4MB 8
Last level dTLB entries: 4KB 64, 2MB 0, 4MB 0, 1GB 4
Spectre V2 : Mitigation: Full generic retpoline
Spectre V2 : Enabling Indirect Branch Prediction Barrier
Freeing SMP alternatives memory: 24K
ftrace: allocating 25236 entries in 99 pages
smpboot: Max logical packages: 2
DMAR: Host address width 39
DMAR: DRHD base: 0x000000fed90000 flags: 0x0
DMAR: dmar0: reg_base_addr fed90000 ver 1:0 cap 1c0000c40660462 ecap 7e1ff0505e
DMAR: DRHD base: 0x000000fed91000 flags: 0x1
DMAR: dmar1: reg_base_addr fed91000 ver 1:0 cap d2008c20660462 ecap f010da
DMAR: RMRR base: 0x000000dbef4000 end: 0x000000dbf02fff
DMAR: RMRR base: 0x000000dd000000 end: 0x000000df7fffff
DMAR-IR: IOAPIC id 2 under DRHD base  0xfed91000 IOMMU 1
DMAR-IR: HPET id 0 under DRHD base 0xfed91000
DMAR-IR: x2apic is disabled because BIOS sets x2apic opt out bit.
DMAR-IR: Use 'intremap=no_x2apic_optout' to override the BIOS setting.
DMAR-IR: Enabled IRQ remapping in xapic mode
x2apic: IRQ remapping doesn't support X2APIC mode
..TIMER: vector=0x30 apic1=0 pin1=2 apic2=-1 pin2=-1
TSC deadline timer enabled
smpboot: CPU0: Intel(R) Core(TM) i5-5200U CPU @ 2.20GHz (family: 0x6, model: 0x3d, stepping: 0x4)
Performance Events: PEBS fmt2+, Broadwell events, 16-deep LBR, full-width counters, Intel PMU driver.
... version:                3
... bit width:              48
... generic registers:      4
... value mask:             0000ffffffffffff
... max period:             00007fffffffffff
... fixed-purpose events:   3
... event mask:             000000070000000f
NMI watchdog: enabled on all CPUs, permanently consumes one hw-PMU counter.
x86: Booting SMP configuration:
.... node  #0, CPUs:      #1 #2 #3
x86: Booted up 1 node, 4 CPUs
smpboot: Total of 4 processors activated (17560.70 BogoMIPS)
devtmpfs: initialized
x86/mm: Memory block size: 128MB
PM: Registering ACPI NVS region [mem 0xdb3d6000-0xdbd09fff] (9650176 bytes)
clocksource: jiffies: mask: 0xffffffff max_cycles: 0xffffffff, max_idle_ns: 7645041785100000 ns
futex hash table entries: 1024 (order: 4, 65536 bytes)
pinctrl core: initialized pinctrl subsystem
NET: Registered protocol family 16
cpuidle: using governor ladder
cpuidle: using governor menu
Simple Boot Flag at 0x47 set to 0x80
ACPI FADT declares the system doesn't support PCIe ASPM, so disable it
ACPI: bus type PCI registered
acpiphp: ACPI Hot Plug PCI Controller Driver version: 0.5
PCI: MMCONFIG for domain 0000 [bus 00-3f] at [mem 0xf8000000-0xfbffffff] (base 0xf8000000)
PCI: MMCONFIG at [mem 0xf8000000-0xfbffffff] reserved in E820
pmd_set_huge: Cannot satisfy [mem 0xf8000000-0xf8200000] with a huge-page mapping due to MTRR override.
PCI: Using configuration type 1 for base access
dmi type 0xB1 record - unknown flag
HugeTLB registered 1 GB page size, pre-allocated 0 pages
HugeTLB registered 2 MB page size, pre-allocated 0 pages
ACPI: Added _OSI(Module Device)
ACPI: Added _OSI(Processor Device)
ACPI: Added _OSI(3.0 _SCP Extensions)
ACPI: Added _OSI(Processor Aggregator Device)
ACPI: Executed 16 blocks of module-level executable AML code
ACPI: [Firmware Bug]: BIOS _OSI(Linux) query ignored
ACPI: Dynamic OEM Table Load:
ACPI: SSDT 0xFFFF8BDBD51C4C00 0003D3 (v02 PmRef  Cpu0Cst  00003001 INTL 20120913)
ACPI: Dynamic OEM Table Load:
ACPI: SSDT 0xFFFF8BDBD51D6000 0005AA (v02 PmRef  ApIst    00003000 INTL 20120913)
ACPI: Dynamic OEM Table Load:
ACPI: SSDT 0xFFFF8BDBD5150C00 000119 (v02 PmRef  ApCst    00003000 INTL 20120913)
ACPI : EC: EC started
ACPI : EC: interrupt blocked
ACPI: \_SB_.PCI0.LPCB.ECDV: Used as first EC
ACPI: \_SB_.PCI0.LPCB.ECDV: GPE=0xa, EC_CMD/EC_SC=0x934, EC_DATA=0x930
ACPI: \_SB_.PCI0.LPCB.ECDV: Used as boot DSDT EC to handle transactions
ACPI: Interpreter enabled
ACPI: (supports S0 S3 S4 S5)
ACPI: Using IOAPIC for interrupt routing
PCI: Using host bridge windows from ACPI; if necessary, use "pci=nocrs" and report a bug
ACPI: Power Resource [PG00] (on)
ACPI: Power Resource [PG01] (on)
ACPI: Power Resource [PG02] (on)
ACPI: PCI Root Bridge [PCI0] (domain 0000 [bus 00-3e])
acpi PNP0A08:00: _OSC: OS supports [ExtendedConfig ASPM ClockPM Segments MSI]
acpi PNP0A08:00: _OSC failed (AE_ERROR); disabling ASPM
PCI host bridge to bus 0000:00
pci_bus 0000:00: root bus resource [io  0x0000-0x0cf7 window]
pci_bus 0000:00: root bus resource [io  0x0d00-0xffff window]
pci_bus 0000:00: root bus resource [mem 0x000a0000-0x000bffff window]
pci_bus 0000:00: root bus resource [mem 0x000c0000-0x000c3fff window]
pci_bus 0000:00: root bus resource [mem 0x000c4000-0x000c7fff window]
pci_bus 0000:00: root bus resource [mem 0x000c8000-0x000cbfff window]
pci_bus 0000:00: root bus resource [mem 0x000cc000-0x000cffff window]
pci_bus 0000:00: root bus resource [mem 0x000d0000-0x000d3fff window]
pci_bus 0000:00: root bus resource [mem 0x000d4000-0x000d7fff window]
pci_bus 0000:00: root bus resource [mem 0x000d8000-0x000dbfff window]
pci_bus 0000:00: root bus resource [mem 0x000dc000-0x000dffff window]
pci_bus 0000:00: root bus resource [mem 0xdf800000-0xfeafffff window]
pci_bus 0000:00: root bus resource [bus 00-3e]
pci 0000:00:00.0: [8086:1604] type 00 class 0x060000
pci 0000:00:02.0: [8086:1616] type 00 class 0x030000
pci 0000:00:02.0: reg 0x10: [mem 0xf6000000-0xf6ffffff 64bit]
pci 0000:00:02.0: reg 0x18: [mem 0xe0000000-0xefffffff 64bit pref]
pci 0000:00:02.0: reg 0x20: [io  0xf000-0xf03f]
pci 0000:00:03.0: [8086:160c] type 00 class 0x040300
pci 0000:00:03.0: reg 0x10: [mem 0xf7214000-0xf7217fff 64bit]
pci 0000:00:14.0: [8086:9cb1] type 00 class 0x0c0330
pci 0000:00:14.0: reg 0x10: [mem 0xf7200000-0xf720ffff 64bit]
pci 0000:00:14.0: PME# supported from D3hot D3cold
pci 0000:00:14.0: System wakeup disabled by ACPI
pci 0000:00:16.0: [8086:9cba] type 00 class 0x078000
pci 0000:00:16.0: reg 0x10: [mem 0xf721c000-0xf721c01f 64bit]
pci 0000:00:16.0: PME# supported from D0 D3hot D3cold
pci 0000:00:1b.0: [8086:9ca0] type 00 class 0x040300
pci 0000:00:1b.0: reg 0x10: [mem 0xf7210000-0xf7213fff 64bit]
pci 0000:00:1b.0: PME# supported from D0 D3hot D3cold
pci 0000:00:1b.0: System wakeup disabled by ACPI
pci 0000:00:1c.0: [8086:9c90] type 01 class 0x060400
pci 0000:00:1c.0: PME# supported from D0 D3hot D3cold
pci 0000:00:1c.0: System wakeup disabled by ACPI
pci 0000:00:1c.2: [8086:9c94] type 01 class 0x060400
pci 0000:00:1c.2: PME# supported from D0 D3hot D3cold
pci 0000:00:1c.2: System wakeup disabled by ACPI
pci 0000:00:1c.3: [8086:9c96] type 01 class 0x060400
pci 0000:00:1c.3: PME# supported from D0 D3hot D3cold
pci 0000:00:1c.3: System wakeup disabled by ACPI
pci 0000:00:1c.4: [8086:9c98] type 01 class 0x060400
pci 0000:00:1c.4: PME# supported from D0 D3hot D3cold
pci 0000:00:1c.4: System wakeup disabled by ACPI
pci 0000:00:1d.0: [8086:9ca6] type 00 class 0x0c0320
pci 0000:00:1d.0: reg 0x10: [mem 0xf721a000-0xf721a3ff]
pci 0000:00:1d.0: PME# supported from D0 D3hot D3cold
pci 0000:00:1d.0: System wakeup disabled by ACPI
pci 0000:00:1f.0: [8086:9cc3] type 00 class 0x060100
pci 0000:00:1f.2: [8086:9c83] type 00 class 0x010601
pci 0000:00:1f.2: reg 0x10: [io  0xf0b0-0xf0b7]
pci 0000:00:1f.2: reg 0x14: [io  0xf0a0-0xf0a3]
pci 0000:00:1f.2: reg 0x18: [io  0xf090-0xf097]
pci 0000:00:1f.2: reg 0x1c: [io  0xf080-0xf083]
pci 0000:00:1f.2: reg 0x20: [io  0xf060-0xf07f]
pci 0000:00:1f.2: reg 0x24: [mem 0xf7219000-0xf72197ff]
pci 0000:00:1f.2: PME# supported from D3hot
pci 0000:00:1f.3: [8086:9ca2] type 00 class 0x0c0500
pci 0000:00:1f.3: reg 0x10: [mem 0xf7218000-0xf72180ff 64bit]
pci 0000:00:1f.3: reg 0x20: [io  0xf040-0xf05f]
acpiphp: Slot [1] registered
pci 0000:00:1c.0: PCI bridge to [bus 04]
pci 0000:06:00.0: [8086:08b3] type 00 class 0x028000
pci 0000:06:00.0: reg 0x10: [mem 0xf7100000-0xf7101fff 64bit]
pci 0000:06:00.0: PME# supported from D0 D3hot D3cold
pci 0000:06:00.0: System wakeup disabled by ACPI
pci 0000:00:1c.2: PCI bridge to [bus 06]
pci 0000:00:1c.2:   bridge window [mem 0xf7100000-0xf71fffff]
pci 0000:07:00.0: [10ec:8136] type 00 class 0x020000
pci 0000:07:00.0: reg 0x10: [io  0xe000-0xe0ff]
pci 0000:07:00.0: reg 0x18: [mem 0xf7000000-0xf7000fff 64bit]
pci 0000:07:00.0: reg 0x20: [mem 0xf0000000-0xf0003fff 64bit pref]
pci 0000:07:00.0: supports D1 D2
pci 0000:07:00.0: PME# supported from D0 D1 D2 D3hot D3cold
pci 0000:07:00.0: System wakeup disabled by ACPI
pci 0000:00:1c.3: PCI bridge to [bus 07]
pci 0000:00:1c.3:   bridge window [io  0xe000-0xefff]
pci 0000:00:1c.3:   bridge window [mem 0xf7000000-0xf70fffff]
pci 0000:00:1c.3:   bridge window [mem 0xf0000000-0xf00fffff 64bit pref]
pci 0000:00:1c.4: PCI bridge to [bus 08]
ACPI: PCI Interrupt Link [LNKA] (IRQs 3 4 5 6 10 11 12 14 15) *0, disabled.
ACPI: PCI Interrupt Link [LNKB] (IRQs 3 4 5 6 10 11 12 14 15) *0, disabled.
ACPI: PCI Interrupt Link [LNKC] (IRQs 3 4 5 6 10 11 12 14 15) *0, disabled.
ACPI: PCI Interrupt Link [LNKD] (IRQs 3 4 5 6 10 11 12 14 15) *0, disabled.
ACPI: PCI Interrupt Link [LNKE] (IRQs 3 4 5 6 10 11 12 14 15) *0, disabled.
ACPI: PCI Interrupt Link [LNKF] (IRQs 3 4 5 6 10 11 12 14 15) *0, disabled.
ACPI: PCI Interrupt Link [LNKG] (IRQs 3 4 5 6 10 11 12 14 15) *0, disabled.
ACPI: PCI Interrupt Link [LNKH] (IRQs 3 4 5 6 10 11 12 14 15) *0, disabled.
ACPI: Enabled 3 GPEs in block 00 to 7F
ACPI : EC: interrupt unblocked
ACPI : EC: event unblocked
ACPI: \_SB_.PCI0.LPCB.ECDV: GPE=0xa, EC_CMD/EC_SC=0x934, EC_DATA=0x930
ACPI: \_SB_.PCI0.LPCB.ECDV: Used as boot DSDT EC to handle transactions and events
vgaarb: setting as boot device: PCI:0000:00:02.0
vgaarb: device added: PCI:0000:00:02.0,decodes=io+mem,owns=io+mem,locks=none
vgaarb: loaded
vgaarb: bridge control possible 0000:00:02.0
Registered efivars operations
PCI: Using ACPI for IRQ routing
PCI: pci_cache_line_size set to 64 bytes
e820: reserve RAM buffer [mem 0x00058000-0x0005ffff]
e820: reserve RAM buffer [mem 0x0009e000-0x0009ffff]
e820: reserve RAM buffer [mem 0xc6b65018-0xc7ffffff]
e820: reserve RAM buffer [mem 0xc9669000-0xcbffffff]
e820: reserve RAM buffer [mem 0xc9aa2018-0xcbffffff]
e820: reserve RAM buffer [mem 0xdb2f4000-0xdbffffff]
e820: reserve RAM buffer [mem 0x21f800000-0x21fffffff]
hpet0: at MMIO 0xfed00000, IRQs 2, 8, 0, 0, 0, 0, 0, 0
hpet0: 8 comparators, 64-bit 14.318180 MHz counter
clocksource: Switched to clocksource hpet
VFS: Disk quotas dquot_6.6.0
VFS: Dquot-cache hash table entries: 512 (order 0, 4096 bytes)
pnp: PnP ACPI init
system 00:00: [io  0x0680-0x069f] has been reserved
system 00:00: [io  0xffff] has been reserved
system 00:00: [io  0xffff] has been reserved
system 00:00: [io  0xffff] has been reserved
system 00:00: [io  0x1800-0x18fe] has been reserved
system 00:00: [io  0x164e-0x164f] has been reserved
system 00:00: [io  0xfd40-0xfd6f] has been reserved
system 00:00: Plug and Play ACPI device, IDs PNP0c02 (active)
pnp 00:01: Plug and Play ACPI device, IDs PNP0b00 (active)
system 00:02: [io  0x1854-0x1857] has been reserved
system 00:02: Plug and Play ACPI device, IDs INT3f0d PNP0c02 (active)
pnp 00:03: Plug and Play ACPI device, IDs PNP0303 (active)
pnp 00:04: Plug and Play ACPI device, IDs DLLb6ae PNP0f13 (active)
system 00:05: [mem 0xfed1c000-0xfed1ffff] has been reserved
system 00:05: [mem 0xfed10000-0xfed17fff] has been reserved
system 00:05: [mem 0xfed18000-0xfed18fff] has been reserved
system 00:05: [mem 0xfed19000-0xfed19fff] has been reserved
system 00:05: [mem 0xf8000000-0xfbffffff] has been reserved
system 00:05: [mem 0xfed20000-0xfed3ffff] has been reserved
system 00:05: [mem 0xfed90000-0xfed93fff] could not be reserved
system 00:05: [mem 0xfed45000-0xfed8ffff] has been reserved
system 00:05: [mem 0xff000000-0xffffffff] has been reserved
system 00:05: [mem 0xfee00000-0xfeefffff] could not be reserved
system 00:05: [mem 0xf7fe0000-0xf7feffff] has been reserved
system 00:05: [mem 0xf7ff0000-0xf7ffffff] has been reserved
system 00:05: Plug and Play ACPI device, IDs PNP0c02 (active)
system 00:06: [mem 0xfe104000-0xfe104fff] has been reserved
system 00:06: [mem 0xfe106000-0xfe106fff] has been reserved
system 00:06: Plug and Play ACPI device, IDs PNP0c02 (active)
pnp: PnP ACPI: found 7 devices
clocksource: acpi_pm: mask: 0xffffff max_cycles: 0xffffff, max_idle_ns: 2085701024 ns
pci 0000:00:1c.0: bridge window [io  0x1000-0x0fff] to [bus 04] add_size 1000
pci 0000:00:1c.0: bridge window [mem 0x00100000-0x000fffff 64bit pref] to [bus 04] add_size 200000 add_align 100000
pci 0000:00:1c.0: bridge window [mem 0x00100000-0x000fffff] to [bus 04] add_size 200000 add_align 100000
pci 0000:00:1c.0: res[14]=[mem 0x00100000-0x000fffff] res_to_dev_res add_size 200000 min_align 100000
pci 0000:00:1c.0: res[14]=[mem 0x00100000-0x002fffff] res_to_dev_res add_size 200000 min_align 100000
pci 0000:00:1c.0: res[15]=[mem 0x00100000-0x000fffff 64bit pref] res_to_dev_res add_size 200000 min_align 100000
pci 0000:00:1c.0: res[15]=[mem 0x00100000-0x002fffff 64bit pref] res_to_dev_res add_size 200000 min_align 100000
pci 0000:00:1c.0: res[13]=[io  0x1000-0x0fff] res_to_dev_res add_size 1000 min_align 1000
pci 0000:00:1c.0: res[13]=[io  0x1000-0x1fff] res_to_dev_res add_size 1000 min_align 1000
pci 0000:00:1c.0: BAR 14: assigned [mem 0xdf800000-0xdf9fffff]
pci 0000:00:1c.0: BAR 15: assigned [mem 0xdfa00000-0xdfbfffff 64bit pref]
pci 0000:00:1c.0: BAR 13: assigned [io  0x2000-0x2fff]
pci 0000:00:1c.0: PCI bridge to [bus 04]
pci 0000:00:1c.0:   bridge window [io  0x2000-0x2fff]
pci 0000:00:1c.0:   bridge window [mem 0xdf800000-0xdf9fffff]
pci 0000:00:1c.0:   bridge window [mem 0xdfa00000-0xdfbfffff 64bit pref]
pci 0000:00:1c.2: PCI bridge to [bus 06]
pci 0000:00:1c.2:   bridge window [mem 0xf7100000-0xf71fffff]
pci 0000:00:1c.3: PCI bridge to [bus 07]
pci 0000:00:1c.3:   bridge window [io  0xe000-0xefff]
pci 0000:00:1c.3:   bridge window [mem 0xf7000000-0xf70fffff]
pci 0000:00:1c.3:   bridge window [mem 0xf0000000-0xf00fffff 64bit pref]
pci 0000:00:1c.4: PCI bridge to [bus 08]
pci_bus 0000:00: resource 4 [io  0x0000-0x0cf7 window]
pci_bus 0000:00: resource 5 [io  0x0d00-0xffff window]
pci_bus 0000:00: resource 6 [mem 0x000a0000-0x000bffff window]
pci_bus 0000:00: resource 7 [mem 0x000c0000-0x000c3fff window]
pci_bus 0000:00: resource 8 [mem 0x000c4000-0x000c7fff window]
pci_bus 0000:00: resource 9 [mem 0x000c8000-0x000cbfff window]
pci_bus 0000:00: resource 10 [mem 0x000cc000-0x000cffff window]
pci_bus 0000:00: resource 11 [mem 0x000d0000-0x000d3fff window]
pci_bus 0000:00: resource 12 [mem 0x000d4000-0x000d7fff window]
pci_bus 0000:00: resource 13 [mem 0x000d8000-0x000dbfff window]
pci_bus 0000:00: resource 14 [mem 0x000dc000-0x000dffff window]
pci_bus 0000:00: resource 15 [mem 0xdf800000-0xfeafffff window]
pci_bus 0000:04: resource 0 [io  0x2000-0x2fff]
pci_bus 0000:04: resource 1 [mem 0xdf800000-0xdf9fffff]
pci_bus 0000:04: resource 2 [mem 0xdfa00000-0xdfbfffff 64bit pref]
pci_bus 0000:06: resource 1 [mem 0xf7100000-0xf71fffff]
pci_bus 0000:07: resource 0 [io  0xe000-0xefff]
pci_bus 0000:07: resource 1 [mem 0xf7000000-0xf70fffff]
pci_bus 0000:07: resource 2 [mem 0xf0000000-0xf00fffff 64bit pref]
NET: Registered protocol family 2
TCP established hash table entries: 65536 (order: 7, 524288 bytes)
TCP bind hash table entries: 65536 (order: 8, 1048576 bytes)
TCP: Hash tables configured (established 65536 bind 65536)
UDP hash table entries: 4096 (order: 5, 131072 bytes)
UDP-Lite hash table entries: 4096 (order: 5, 131072 bytes)
NET: Registered protocol family 1
pci 0000:00:02.0: Video device with shadowed ROM at [mem 0x000c0000-0x000dffff]
PCI: CLS 64 bytes, default 64
Unpacking initramfs...
Freeing initrd memory: 18516K
PCI-DMA: Using software bounce buffering for IO (SWIOTLB)
software IO TLB [mem 0xc1ab1000-0xc5ab1000] (64MB) mapped at [ffff8bda81ab1000-ffff8bda85ab0fff]
audit: initializing netlink subsys (disabled)
audit: type=2000 audit(1523909791.576:1): initialized
workingset: timestamp_bits=40 max_order=21 bucket_order=0
zbud: loaded
Block layer SCSI generic (bsg) driver version 0.4 loaded (major 250)
io scheduler noop registered
io scheduler deadline registered
io scheduler cfq registered (default)
pci_hotplug: PCI Hot Plug PCI Core version: 0.5
pciehp: PCI Express Hot Plug Controller Driver version: 0.4
efifb: probing for efifb
efifb: framebuffer at 0xe0000000, using 4128k, total 4128k
efifb: mode is 1366x768x32, linelength=5504, pages=1
efifb: scrolling: redraw
efifb: Truecolor: size=8:8:8:8, shift=24:16:8:0
Console: switching to colour frame buffer device 170x48
fb0: EFI VGA frame buffer device
intel_idle: MWAIT substates: 0x11142120
intel_idle: v0.4.1 model 0x3D
intel_idle: lapic_timer_reliable_states 0xffffffff
GHES: HEST is not enabled!
Linux agpgart interface v0.103
AMD IOMMUv2 driver by Joerg Roedel <jroedel@suse.de>
AMD IOMMUv2 functionality not available on this system
i8042: PNP: PS/2 Controller [PNP0303:PS2K,PNP0f13:PS2M] at 0x60,0x64 irq 1,12
serio: i8042 KBD port at 0x60,0x64 irq 1
serio: i8042 AUX port at 0x60,0x64 irq 12
mousedev: PS/2 mouse device common for all mice
rtc_cmos 00:01: RTC can wake from S4
rtc_cmos 00:01: rtc core: registered rtc_cmos as rtc0
rtc_cmos 00:01: alarms up to one month, y3k, 242 bytes nvram, hpet irqs
intel_pstate: Intel P-state driver initializing
ledtrig-cpu: registered to indicate activity on CPUs
NET: Registered protocol family 10
mip6: Mobile IPv6
NET: Registered protocol family 17
mpls_gso: MPLS GSO support
microcode: sig=0x306d4, pf=0x40, revision=0x2a
microcode: Microcode Update Driver: v2.01 <tigran@aivazian.fsnet.co.uk>, Peter Oruba
registered taskstats version 1
zswap: loaded using pool lzo/zbud
ima: No TPM chip found, activating TPM-bypass!
rtc_cmos 00:01: setting system clock to 2018-04-16 20:16:32 UTC (1523909792)
PM: Hibernation image not present or could not be loaded.
Freeing unused kernel memory: 1416K
Write protecting the kernel read-only data: 12288k
Freeing unused kernel memory: 1940K
Freeing unused kernel memory: 1228K
x86/mm: Checked W+X mappings: passed, no W+X pages found.
input: AT Translated Set 2 keyboard as /devices/platform/i8042/serio0/input/input0
random: systemd-udevd: uninitialized urandom read (16 bytes read)
random: systemd-udevd: uninitialized urandom read (16 bytes read)
random: udevadm: uninitialized urandom read (16 bytes read)
random: udevadm: uninitialized urandom read (16 bytes read)
random: udevadm: uninitialized urandom read (16 bytes read)
random: udevadm: uninitialized urandom read (16 bytes read)
random: udevadm: uninitialized urandom read (16 bytes read)
random: udevadm: uninitialized urandom read (16 bytes read)
random: udevadm: uninitialized urandom read (16 bytes read)
random: udevadm: uninitialized urandom read (16 bytes read)
thermal LNXTHERM:00: registered as thermal_zone0
ACPI: Thermal Zone [THM] (25 C)
ACPI: bus type USB registered
usbcore: registered new interface driver usbfs
r8169 Gigabit Ethernet driver 2.3LK-NAPI loaded
r8169 0000:07:00.0: can't disable ASPM; OS doesn't have ASPM control
r8169 0000:07:00.0: enabling device (0000 -> 0003)
r8169 0000:07:00.0 eth0: RTL8106e at 0xffff9d34c0c81000, 34:e6:d7:70:bf:70, XID 04900000 IRQ 42
usbcore: registered new interface driver hub
usbcore: registered new device driver usb
AVX2 version of gcm_enc/dec engaged.
AES CTR mode by8 optimization enabled
SCSI subsystem initialized
ehci_hcd: USB 2.0 'Enhanced' Host Controller (EHCI) Driver
ehci-pci: EHCI PCI platform driver
libata version 3.00 loaded.
xhci_hcd 0000:00:14.0: xHCI Host Controller
xhci_hcd 0000:00:14.0: new USB bus registered, assigned bus number 1
xhci_hcd 0000:00:14.0: hcc params 0x200077c1 hci version 0x100 quirks 0x0004b810
xhci_hcd 0000:00:14.0: cache line size of 64 is not supported
usb usb1: New USB device found, idVendor=1d6b, idProduct=0002
usb usb1: New USB device strings: Mfr=3, Product=2, SerialNumber=1
usb usb1: Product: xHCI Host Controller
usb usb1: Manufacturer: Linux 4.9.0-6-amd64 xhci-hcd
usb usb1: SerialNumber: 0000:00:14.0
hub 1-0:1.0: USB hub found
hub 1-0:1.0: 11 ports detected
r8169 0000:07:00.0 enp7s0: renamed from eth0
xhci_hcd 0000:00:14.0: xHCI Host Controller
xhci_hcd 0000:00:14.0: new USB bus registered, assigned bus number 2
usb usb2: New USB device found, idVendor=1d6b, idProduct=0003
usb usb2: New USB device strings: Mfr=3, Product=2, SerialNumber=1
usb usb2: Product: xHCI Host Controller
usb usb2: Manufacturer: Linux 4.9.0-6-amd64 xhci-hcd
usb usb2: SerialNumber: 0000:00:14.0
hub 2-0:1.0: USB hub found
hub 2-0:1.0: 4 ports detected
i801_smbus 0000:00:1f.3: SPD Write Disable is set
i801_smbus 0000:00:1f.3: SMBus using PCI interrupt
ehci-pci 0000:00:1d.0: EHCI Host Controller
ehci-pci 0000:00:1d.0: new USB bus registered, assigned bus number 3
ehci-pci 0000:00:1d.0: debug port 2
ehci-pci 0000:00:1d.0: cache line size of 64 is not supported
ehci-pci 0000:00:1d.0: irq 21, io mem 0xf721a000
ehci-pci 0000:00:1d.0: USB 2.0 started, EHCI 1.00
usb usb3: New USB device found, idVendor=1d6b, idProduct=0002
usb usb3: New USB device strings: Mfr=3, Product=2, SerialNumber=1
usb usb3: Product: EHCI Host Controller
usb usb3: Manufacturer: Linux 4.9.0-6-amd64 ehci_hcd
usb usb3: SerialNumber: 0000:00:1d.0
hub 3-0:1.0: USB hub found
hub 3-0:1.0: 2 ports detected
ahci 0000:00:1f.2: version 3.0
hidraw: raw HID events driver (C) Jiri Kosina
ahci 0000:00:1f.2: AHCI 0001.0300 32 slots 4 ports 6 Gbps 0x3 impl SATA mode
ahci 0000:00:1f.2: flags: 64bit ncq pm led clo only pio slum part deso sadm sds apst 
scsi host0: ahci
scsi host1: ahci
scsi host2: ahci
scsi host3: ahci
ata1: SATA max UDMA/133 abar m2048@0xf7219000 port 0xf7219100 irq 44
ata2: SATA max UDMA/133 abar m2048@0xf7219000 port 0xf7219180 irq 44
ata3: DUMMY
ata4: DUMMY
random: fast init done
usb 1-2: new high-speed USB device number 2 using xhci_hcd
usb 3-1: new high-speed USB device number 2 using ehci-pci
ata2: SATA link up 1.5 Gbps (SStatus 113 SControl 300)
ata2.00: ATAPI: PLDS DVD+/-RW DU-8A5LH, DD11, max UDMA/133
ata2.00: configured for UDMA/133
usb 1-2: New USB device found, idVendor=154b, idProduct=00ee
usb 1-2: New USB device strings: Mfr=1, Product=2, SerialNumber=3
usb 1-2: Product: USB 2.0 FD
usb 1-2: Manufacturer: PNY
usb 1-2: SerialNumber: 90008305B72AFF35
usb-storage 1-2:1.0: USB Mass Storage device detected
scsi host4: usb-storage 1-2:1.0
usbcore: registered new interface driver usb-storage
usbcore: registered new interface driver uas
usb 3-1: New USB device found, idVendor=8087, idProduct=8001
usb 3-1: New USB device strings: Mfr=0, Product=0, SerialNumber=0
hub 3-1:1.0: USB hub found
hub 3-1:1.0: 8 ports detected
usb 1-3: new full-speed USB device number 3 using xhci_hcd
ata1: SATA link up 6.0 Gbps (SStatus 133 SControl 300)
ata1.00: ATA-9: WDC WD10JPVX-75JC3T0, 01.01A01, max UDMA/133
ata1.00: 1953525168 sectors, multi 16: LBA48 NCQ (depth 31/32), AA
ata1.00: configured for UDMA/133
scsi 0:0:0:0: Direct-Access     ATA      WDC WD10JPVX-75J 1A01 PQ: 0 ANSI: 5
scsi 1:0:0:0: CD-ROM            PLDS     DVD+-RW DU-8A5LH DD11 PQ: 0 ANSI: 5
sd 0:0:0:0: [sda] 1953525168 512-byte logical blocks: (1.00 TB/932 GiB)
sd 0:0:0:0: [sda] 4096-byte physical blocks
sd 0:0:0:0: [sda] Write Protect is off
sd 0:0:0:0: [sda] Mode Sense: 00 3a 00 00
sd 0:0:0:0: [sda] Write cache: enabled, read cache: enabled, doesn't support DPO or FUA
sr 1:0:0:0: [sr0] scsi3-mmc drive: 24x/24x writer dvd-ram cd/rw xa/form2 cdda tray
cdrom: Uniform CD-ROM driver Revision: 3.20
sr 1:0:0:0: Attached scsi CD-ROM sr0
usb 1-3: New USB device found, idVendor=046d, idProduct=c52f
usb 1-3: New USB device strings: Mfr=1, Product=2, SerialNumber=0
usb 1-3: Product: USB Receiver
usb 1-3: Manufacturer: Logitech
usbcore: registered new interface driver usbhid
usbhid: USB HID core driver
input: Logitech USB Receiver as /devices/pci0000:00/0000:00:14.0/usb1/1-3/1-3:1.0/0003:046D:C52F.0002/input/input3
hid-generic 0003:046D:C52F.0002: input,hidraw0: USB HID v1.11 Mouse [Logitech USB Receiver] on usb-0000:00:14.0-3/input0
input: Logitech USB Receiver as /devices/pci0000:00/0000:00:14.0/usb1/1-3/1-3:1.1/0003:046D:C52F.0003/input/input4
 sda: sda1 sda2 sda3 sda4 sda5 sda6 sda7 sda8 sda9 sda10 sda11
sd 0:0:0:0: [sda] Attached SCSI disk
hid-generic 0003:046D:C52F.0003: input,hiddev0,hidraw1: USB HID v1.11 Device [Logitech USB Receiver] on usb-0000:00:14.0-3/input1
usb 1-5: new high-speed USB device number 4 using xhci_hcd
tsc: Refined TSC clocksource calibration: 2194.918 MHz
clocksource: tsc: mask: 0xffffffffffffffff max_cycles: 0x1fa37202099, max_idle_ns: 440795206796 ns
usb 1-5: New USB device found, idVendor=1bcf, idProduct=2b90
usb 1-5: New USB device strings: Mfr=1, Product=2, SerialNumber=0
usb 1-5: Product: Integrated_Webcam_HD
usb 1-5: Manufacturer: CNFEH43I1510100092A2
usb 1-6: new full-speed USB device number 5 using xhci_hcd
usb 1-6: New USB device found, idVendor=8087, idProduct=07dc
usb 1-6: New USB device strings: Mfr=0, Product=0, SerialNumber=0
scsi 4:0:0:0: Direct-Access     PNY      USB 2.0 FD       PMAP PQ: 0 ANSI: 7
sd 4:0:0:0: [sdb] 60628992 512-byte logical blocks: (31.0 GB/28.9 GiB)
sd 4:0:0:0: [sdb] Write Protect is off
sd 4:0:0:0: [sdb] Mode Sense: 23 00 00 00
sd 4:0:0:0: [sdb] No Caching mode page found
sd 4:0:0:0: [sdb] Assuming drive cache: write through
 sdb: sdb1 sdb2 sdb3
usb 1-8: new high-speed USB device number 6 using xhci_hcd
sd 4:0:0:0: [sdb] Attached SCSI removable disk
usb 1-8: New USB device found, idVendor=0bda, idProduct=0129
usb 1-8: New USB device strings: Mfr=1, Product=2, SerialNumber=3
usb 1-8: Product: USB2.0-CRW
usb 1-8: Manufacturer: Generic
usb 1-8: SerialNumber: 20100201396000000
usbcore: registered new interface driver rtsx_usb
clocksource: Switched to clocksource tsc
random: crng init done
psmouse serio1: Failed to deactivate mouse on isa0060/serio1
psmouse serio1: Failed to enable mouse on isa0060/serio1
input: PS/2 Generic Mouse as /devices/platform/i8042/serio1/input/input2
psmouse serio1: Failed to enable mouse on isa0060/serio1
EXT4-fs (sdb3): mounted filesystem without journal. Opts: (null)
ip_tables: (C) 2000-2006 Netfilter Core Team
systemd[1]: systemd 232 running in system mode. (+PAM +AUDIT +SELINUX +IMA +APPARMOR +SMACK +SYSVINIT +UTMP +LIBCRYPTSETUP +GCRYPT +GNUTLS +ACL +XZ +LZ4 +SECCOMP +BLKID +ELFUTILS +KMOD +IDN)
systemd[1]: Detected architecture x86-64.
systemd[1]: Set hostname to <Spectre>.
systemd[1]: Listening on Journal Audit Socket.
systemd[1]: Created slice User and Session Slice.
systemd[1]: Listening on fsck to fsckd communication Socket.
systemd[1]: Started Forward Password Requests to Wall Directory Watch.
systemd[1]: Listening on Journal Socket.
systemd[1]: Set up automount Arbitrary Executable File Formats File System Automount Point.
systemd[1]: Listening on Syslog Socket.
EXT4-fs (sdb3): re-mounted. Opts: errors=remount-ro
systemd-journald[285]: Received request to flush runtime journal from PID 1
input: DELL Wireless hotkeys as /devices/virtual/input/input5
input: Lid Switch as /devices/LNXSYSTM:00/LNXSYBUS:00/PNP0C0D:00/input/input6
ACPI: Lid Switch [LID0]
input: Power Button as /devices/LNXSYSTM:00/LNXSYBUS:00/PNP0C0C:00/input/input7
ACPI: Power Button [PBTN]
input: Sleep Button as /devices/LNXSYSTM:00/LNXSYBUS:00/PNP0C0E:00/input/input8
ACPI: Sleep Button [SBTN]
input: Power Button as /devices/LNXSYSTM:00/LNXPWRBN:00/input/input9
ACPI: AC Adapter [AC] (on-line)
ACPI: Power Button [PWRF]
[drm] Initialized
sd 0:0:0:0: Attached scsi generic sg0 type 0
sr 1:0:0:0: Attached scsi generic sg1 type 5
sd 4:0:0:0: Attached scsi generic sg2 type 0
shpchp: Standard Hot Plug PCI Controller Driver version: 0.4
ACPI: Battery Slot [BAT0] (battery present)
wmi: Mapper loaded
input: DLLC6AE:00 06CB:75BF Touchpad as /devices/pci0000:00/INT3433:00/i2c-2/i2c-DLLC6AE:00/0018:06CB:75BF.0001/input/input10
hid-multitouch 0018:06CB:75BF.0001: input,hidraw2: I2C HID v1.00 Mouse [DLLC6AE:00 06CB:75BF] on i2c-DLLC6AE:00
EFI Variables Facility v0.08 2004-May-17
media: Linux media interface: v0.10
Linux video capture interface: v2.00
uvcvideo: Found UVC 1.00 device Integrated_Webcam_HD (1bcf:2b90)
input: PC Speaker as /devices/platform/pcspkr/input/input12
uvcvideo 1-5:1.0: Entity type for entity Extension 4 was not initialized!
uvcvideo 1-5:1.0: Entity type for entity Extension 3 was not initialized!
uvcvideo 1-5:1.0: Entity type for entity Processing 2 was not initialized!
uvcvideo 1-5:1.0: Entity type for entity Camera 1 was not initialized!
input: Integrated_Webcam_HD as /devices/pci0000:00/0000:00:14.0/usb1/1-5/1-5:1.0/input/input13
usbcore: registered new interface driver uvcvideo
USB Video Class driver (1.1.1)
snd_hda_intel 0000:00:03.0: enabling device (0000 -> 0002)
snd_hda_intel 0000:00:1b.0: enabling device (0000 -> 0002)
RAPL PMU: API unit is 2^-32 Joules, 4 fixed counters, 655360 ms ovfl timer
RAPL PMU: hw unit of domain pp0-core 2^-14 Joules
RAPL PMU: hw unit of domain package 2^-14 Joules
RAPL PMU: hw unit of domain dram 2^-14 Joules
RAPL PMU: hw unit of domain pp1-gpu 2^-14 Joules
dcdbas dcdbas: Dell Systems Management Base Driver (version 5.6.0-3.2)
Intel(R) Wireless WiFi driver for Linux
Copyright(c) 2003- 2015 Intel Corporation
iwlwifi 0000:06:00.0: enabling device (0000 -> 0002)
iwlwifi 0000:06:00.0: firmware: failed to load iwlwifi-3160-17.ucode (-2)
iwlwifi 0000:06:00.0: Direct firmware load for iwlwifi-3160-17.ucode failed with error -2
pstore: using zlib compression
pstore: Registered efi as persistent store backend
iTCO_vendor_support: vendor-support=0
snd_hda_codec_realtek hdaudioC1D0: autoconfig for ALC3234: line_outs=1 (0x14/0x0/0x0/0x0/0x0) type:speaker
snd_hda_codec_realtek hdaudioC1D0:    speaker_outs=0 (0x0/0x0/0x0/0x0/0x0)
snd_hda_codec_realtek hdaudioC1D0:    hp_outs=1 (0x21/0x0/0x0/0x0/0x0)
snd_hda_codec_realtek hdaudioC1D0:    mono: mono_out=0x0
snd_hda_codec_realtek hdaudioC1D0:    inputs:
snd_hda_codec_realtek hdaudioC1D0:      Headset Mic=0x19
snd_hda_codec_realtek hdaudioC1D0:      Headphone Mic=0x1a
snd_hda_codec_realtek hdaudioC1D0:      Internal Mic=0x12
input: HDA Digital PCBeep as /devices/pci0000:00/0000:00:1b.0/sound/card1/input14
input: HDA Intel PCH Headphone Mic as /devices/pci0000:00/0000:00:1b.0/sound/card1/input15
iTCO_wdt: Intel TCO WatchDog Timer Driver v1.11
iTCO_wdt: Found a Wildcat Point_LP TCO device (Version=2, TCOBASE=0x1860)
iTCO_wdt: initialized. heartbeat=30 sec (nowayout=0)
dell_wmi: Detected Dell WMI interface version 1
input: Dell WMI hotkeys as /devices/virtual/input/input16
Bluetooth: Core ver 2.22
NET: Registered protocol family 31
Bluetooth: HCI device and connection manager initialized
Bluetooth: HCI socket layer initialized
Bluetooth: L2CAP socket layer initialized
Bluetooth: SCO socket layer initialized
i915 0000:00:02.0: can't derive routing for PCI INT A
i915 0000:00:02.0: PCI INT A: not connected
[drm] Memory usable by graphics device = 4096M
checking generic (e0000000 408000) vs hw (e0000000 10000000)
fb: switching to inteldrmfb from EFI VGA
Console: switching to colour dummy device 80x25
[drm] Replacing VGA console driver
[drm] Supports vblank timestamp caching Rev 2 (21.10.2013).
[drm] Driver supports precise vblank timestamp query.
vgaarb: device changed decodes: PCI:0000:00:02.0,olddecodes=io+mem,decodes=io+mem:owns=io+mem
ACPI: Video Device [GFX0] (multi-head: yes  rom: no  post: no)
input: Video Bus as /devices/LNXSYSTM:00/LNXSYBUS:00/PNP0A08:00/LNXVIDEO:00/input/input17
snd_hda_intel 0000:00:03.0: bound 0000:00:02.0 (ops i915_audio_component_bind_ops [i915])
[drm] Initialized i915 1.6.0 20160919 for 0000:00:02.0 on minor 0
fbcon: inteldrmfb (fb0) is primary device
intel_rapl: Found RAPL domain package
intel_rapl: Found RAPL domain core
intel_rapl: Found RAPL domain uncore
intel_rapl: Found RAPL domain dram
intel_rapl: RAPL package 0 domain package locked by BIOS
intel_rapl: RAPL package 0 domain dram locked by BIOS
usbcore: registered new interface driver btusb
Bluetooth: hci0: read Intel version: 3707100100012d0d00
bluetooth hci0: firmware: failed to load intel/ibt-hw-37.7.10-fw-1.0.1.2d.d.bseq (-2)
bluetooth hci0: Direct firmware load for intel/ibt-hw-37.7.10-fw-1.0.1.2d.d.bseq failed with error -2
Bluetooth: hci0 failed to open Intel firmware file: intel/ibt-hw-37.7.10-fw-1.0.1.2d.d.bseq(-2)
bluetooth hci0: firmware: failed to load intel/ibt-hw-37.7.bseq (-2)
bluetooth hci0: Direct firmware load for intel/ibt-hw-37.7.bseq failed with error -2
Bluetooth: hci0 failed to open default Intel fw file: intel/ibt-hw-37.7.bseq
Console: switching to colour frame buffer device 170x48
i915 0000:00:02.0: fb0: inteldrmfb frame buffer device
input: HDA Intel HDMI HDMI/DP,pcm=3 as /devices/pci0000:00/0000:00:03.0/sound/card0/input18
input: HDA Intel HDMI HDMI/DP,pcm=7 as /devices/pci0000:00/0000:00:03.0/sound/card0/input19
input: HDA Intel HDMI HDMI/DP,pcm=8 as /devices/pci0000:00/0000:00:03.0/sound/card0/input20
IPv6: ADDRCONF(NETDEV_UP): enp7s0: link is not ready
r8169 0000:07:00.0: firmware: failed to load rtl_nic/rtl8106e-1.fw (-2)
r8169 0000:07:00.0: Direct firmware load for rtl_nic/rtl8106e-1.fw failed with error -2
r8169 0000:07:00.0 enp7s0: unable to load firmware patch rtl_nic/rtl8106e-1.fw (-2)
r8169 0000:07:00.0 enp7s0: link down
IPv6: ADDRCONF(NETDEV_UP): enp7s0: link is not ready
r8169 0000:07:00.0 enp7s0: link up
IPv6: ADDRCONF(NETDEV_CHANGE): enp7s0: link becomes ready
perf: interrupt took too long (2505 > 2500), lowering kernel.perf_event_max_sample_rate to 79750
perf: interrupt took too long (3143 > 3131), lowering kernel.perf_event_max_sample_rate to 63500
