MemTotal:        8065460 kB
MemFree:         7425284 kB
MemAvailable:    7509372 kB
Buffers:           29052 kB
Cached:           340928 kB
SwapCached:            0 kB
Active:           344240 kB
Inactive:         180644 kB
Active(anon):     155752 kB
Inactive(anon):    79028 kB
Active(file):     188488 kB
Inactive(file):   101616 kB
Unevictable:          96 kB
Mlocked:              96 kB
SwapTotal:             0 kB
SwapFree:              0 kB
Dirty:                88 kB
Writeback:             0 kB
AnonPages:        154996 kB
Mapped:           102672 kB
Shmem:             79880 kB
Slab:              49972 kB
SReclaimable:      26460 kB
SUnreclaim:        23512 kB
KernelStack:        3344 kB
PageTables:        14456 kB
NFS_Unstable:          0 kB
Bounce:                0 kB
WritebackTmp:          0 kB
CommitLimit:     4032728 kB
Committed_AS:     968584 kB
VmallocTotal:   34359738367 kB
VmallocUsed:           0 kB
VmallocChunk:          0 kB
HardwareCorrupted:     0 kB
AnonHugePages:      8192 kB
ShmemHugePages:        0 kB
ShmemPmdMapped:        0 kB
HugePages_Total:       0
HugePages_Free:        0
HugePages_Rsvd:        0
HugePages_Surp:        0
Hugepagesize:       2048 kB
DirectMap4k:       72640 kB
DirectMap2M:     4007936 kB
DirectMap1G:     5242880 kB
