MemTotal:        3996616 kB
MemFree:         3414720 kB
MemAvailable:    3489508 kB
Buffers:           29992 kB
Cached:           291072 kB
SwapCached:            0 kB
Active:           287752 kB
Inactive:         185124 kB
Active(anon):     152584 kB
Inactive(anon):    56132 kB
Active(file):     135168 kB
Inactive(file):   128992 kB
Unevictable:          96 kB
Mlocked:              96 kB
SwapTotal:             0 kB
SwapFree:              0 kB
Dirty:                32 kB
Writeback:             0 kB
AnonPages:        151996 kB
Mapped:           102764 kB
Shmem:             56908 kB
Slab:              57700 kB
SReclaimable:      32404 kB
SUnreclaim:        25296 kB
KernelStack:        3424 kB
PageTables:        14568 kB
NFS_Unstable:          0 kB
Bounce:                0 kB
WritebackTmp:          0 kB
CommitLimit:     1998308 kB
Committed_AS:     958044 kB
VmallocTotal:   34359738367 kB
VmallocUsed:           0 kB
VmallocChunk:          0 kB
HardwareCorrupted:     0 kB
AnonHugePages:      4096 kB
ShmemHugePages:        0 kB
ShmemPmdMapped:        0 kB
HugePages_Total:       0
HugePages_Free:        0
HugePages_Rsvd:        0
HugePages_Surp:        0
Hugepagesize:       2048 kB
DirectMap4k:       73984 kB
DirectMap2M:     4067328 kB
