MemTotal:        8065460 kB
MemFree:         7417996 kB
MemAvailable:    7508940 kB
Buffers:           29864 kB
Cached:           346504 kB
SwapCached:            0 kB
Active:           349820 kB
Inactive:         181880 kB
Active(anon):     156180 kB
Inactive(anon):    79028 kB
Active(file):     193640 kB
Inactive(file):   102852 kB
Unevictable:          96 kB
Mlocked:              96 kB
SwapTotal:             0 kB
SwapFree:              0 kB
Dirty:               152 kB
Writeback:             8 kB
AnonPages:        155404 kB
Mapped:           102828 kB
Shmem:             79880 kB
Slab:              50896 kB
SReclaimable:      27400 kB
SUnreclaim:        23496 kB
KernelStack:        3384 kB
PageTables:        14380 kB
NFS_Unstable:          0 kB
Bounce:                0 kB
WritebackTmp:          0 kB
CommitLimit:     4032728 kB
Committed_AS:     963252 kB
VmallocTotal:   34359738367 kB
VmallocUsed:           0 kB
VmallocChunk:          0 kB
HardwareCorrupted:     0 kB
AnonHugePages:     10240 kB
ShmemHugePages:        0 kB
ShmemPmdMapped:        0 kB
HugePages_Total:       0
HugePages_Free:        0
HugePages_Rsvd:        0
HugePages_Surp:        0
Hugepagesize:       2048 kB
DirectMap4k:       72640 kB
DirectMap2M:     4007936 kB
DirectMap1G:     5242880 kB
