MemTotal:        3771408 kB
MemFree:         2993960 kB
MemAvailable:    3272660 kB
Buffers:           83096 kB
Cached:           377176 kB
SwapCached:            0 kB
Active:           441832 kB
Inactive:         191544 kB
Active(anon):     173900 kB
Inactive(anon):    15756 kB
Active(file):     267932 kB
Inactive(file):   175788 kB
Unevictable:          96 kB
Mlocked:              96 kB
SwapTotal:             0 kB
SwapFree:              0 kB
Dirty:               260 kB
Writeback:            20 kB
AnonPages:        173196 kB
Mapped:           105868 kB
Shmem:             16556 kB
Slab:              89140 kB
SReclaimable:      72184 kB
SUnreclaim:        16956 kB
KernelStack:        2976 kB
PageTables:        15544 kB
NFS_Unstable:          0 kB
Bounce:                0 kB
WritebackTmp:          0 kB
CommitLimit:     1885704 kB
Committed_AS:    1024184 kB
VmallocTotal:   34359738367 kB
VmallocUsed:           0 kB
VmallocChunk:          0 kB
HardwareCorrupted:     0 kB
AnonHugePages:     10240 kB
ShmemHugePages:        0 kB
ShmemPmdMapped:        0 kB
HugePages_Total:       0
HugePages_Free:        0
HugePages_Rsvd:        0
HugePages_Surp:        0
Hugepagesize:       2048 kB
DirectMap4k:       79140 kB
DirectMap2M:     2783232 kB
DirectMap1G:     1048576 kB
