MemTotal:       16179668 kB
MemFree:        15634660 kB
MemAvailable:   15588364 kB
Buffers:           26176 kB
Cached:           231104 kB
SwapCached:            0 kB
Active:           265316 kB
Inactive:         143252 kB
Active(anon):     152104 kB
Inactive(anon):    52936 kB
Active(file):     113212 kB
Inactive(file):    90316 kB
Unevictable:          96 kB
Mlocked:              96 kB
SwapTotal:             0 kB
SwapFree:              0 kB
Dirty:               136 kB
Writeback:             0 kB
AnonPages:        151380 kB
Mapped:           100588 kB
Shmem:             53756 kB
Slab:              51040 kB
SReclaimable:      24560 kB
SUnreclaim:        26480 kB
KernelStack:        3904 kB
PageTables:        14476 kB
NFS_Unstable:          0 kB
Bounce:                0 kB
WritebackTmp:          0 kB
CommitLimit:     8089832 kB
Committed_AS:    1015420 kB
VmallocTotal:   34359738367 kB
VmallocUsed:           0 kB
VmallocChunk:          0 kB
HardwareCorrupted:     0 kB
AnonHugePages:      8192 kB
ShmemHugePages:        0 kB
ShmemPmdMapped:        0 kB
HugePages_Total:       0
HugePages_Free:        0
HugePages_Rsvd:        0
HugePages_Surp:        0
Hugepagesize:       2048 kB
DirectMap4k:       76020 kB
DirectMap2M:     2811904 kB
DirectMap1G:    14680064 kB
