MemTotal:       16179596 kB
MemFree:        15546024 kB
MemAvailable:   15560296 kB
Buffers:           27116 kB
Cached:           306572 kB
SwapCached:            0 kB
Active:           315752 kB
Inactive:         173892 kB
Active(anon):     156768 kB
Inactive(anon):    70496 kB
Active(file):     158984 kB
Inactive(file):   103396 kB
Unevictable:          96 kB
Mlocked:              96 kB
SwapTotal:             0 kB
SwapFree:              0 kB
Dirty:               120 kB
Writeback:             0 kB
AnonPages:        156048 kB
Mapped:           100712 kB
Shmem:             71312 kB
Slab:              54664 kB
SReclaimable:      28012 kB
SUnreclaim:        26652 kB
KernelStack:        3984 kB
PageTables:        15468 kB
NFS_Unstable:          0 kB
Bounce:                0 kB
WritebackTmp:          0 kB
CommitLimit:     8089796 kB
Committed_AS:    1010452 kB
VmallocTotal:   34359738367 kB
VmallocUsed:           0 kB
VmallocChunk:          0 kB
HardwareCorrupted:     0 kB
AnonHugePages:     10240 kB
ShmemHugePages:        0 kB
ShmemPmdMapped:        0 kB
HugePages_Total:       0
HugePages_Free:        0
HugePages_Rsvd:        0
HugePages_Surp:        0
Hugepagesize:       2048 kB
DirectMap4k:       82164 kB
DirectMap2M:     2805760 kB
DirectMap1G:    14680064 kB
