MemTotal:        8087676 kB
MemFree:         7505788 kB
MemAvailable:    7565416 kB
Buffers:           27964 kB
Cached:           292648 kB
SwapCached:            0 kB
Active:           269888 kB
Inactive:         191784 kB
Active(anon):     141964 kB
Inactive(anon):    54448 kB
Active(file):     127924 kB
Inactive(file):   137336 kB
Unevictable:          96 kB
Mlocked:              96 kB
SwapTotal:             0 kB
SwapFree:              0 kB
Dirty:               124 kB
Writeback:          4120 kB
AnonPages:        141168 kB
Mapped:            98352 kB
Shmem:             55340 kB
Slab:              54364 kB
SReclaimable:      27532 kB
SUnreclaim:        26832 kB
KernelStack:        3392 kB
PageTables:        14400 kB
NFS_Unstable:          0 kB
Bounce:                0 kB
WritebackTmp:          0 kB
CommitLimit:     4043836 kB
Committed_AS:     922892 kB
VmallocTotal:   34359738367 kB
VmallocUsed:           0 kB
VmallocChunk:          0 kB
HardwareCorrupted:     0 kB
AnonHugePages:     10240 kB
ShmemHugePages:        0 kB
ShmemPmdMapped:        0 kB
HugePages_Total:       0
HugePages_Free:        0
HugePages_Rsvd:        0
HugePages_Surp:        0
Hugepagesize:       2048 kB
DirectMap4k:       68368 kB
DirectMap2M:     2985984 kB
DirectMap1G:     6291456 kB
