MemTotal:        3788204 kB
MemFree:         3049656 kB
MemAvailable:    3264316 kB
Buffers:           30780 kB
Cached:           385428 kB
SwapCached:            0 kB
Active:           418252 kB
Inactive:         213848 kB
Active(anon):     216808 kB
Inactive(anon):    15656 kB
Active(file):     201444 kB
Inactive(file):   198192 kB
Unevictable:          96 kB
Mlocked:              96 kB
SwapTotal:             0 kB
SwapFree:              0 kB
Dirty:               804 kB
Writeback:             0 kB
AnonPages:        216060 kB
Mapped:           111908 kB
Shmem:             16428 kB
Slab:              54276 kB
SReclaimable:      32036 kB
SUnreclaim:        22240 kB
KernelStack:        3328 kB
PageTables:        15828 kB
NFS_Unstable:          0 kB
Bounce:                0 kB
WritebackTmp:          0 kB
CommitLimit:     1894100 kB
Committed_AS:    1185744 kB
VmallocTotal:   34359738367 kB
VmallocUsed:           0 kB
VmallocChunk:          0 kB
HardwareCorrupted:     0 kB
AnonHugePages:     10240 kB
ShmemHugePages:        0 kB
ShmemPmdMapped:        0 kB
HugePages_Total:       0
HugePages_Free:        0
HugePages_Rsvd:        0
HugePages_Surp:        0
Hugepagesize:       2048 kB
DirectMap4k:       77088 kB
DirectMap2M:     1753088 kB
DirectMap1G:     2097152 kB
