Linux version 4.9.0-6-amd64 (debian-kernel@lists.debian.org) (gcc version 6.3.0 20170516 (Debian 6.3.0-18+deb9u1) ) #1 SMP Debian 4.9.82-1+deb9u3 (2018-03-02)
Command line: BOOT_IMAGE=/boot/vmlinuz-4.9.0-6-amd64 root=UUID=07edf193-9c61-4cdd-827c-0d6d1dacce48 ro quiet
x86/fpu: Supporting XSAVE feature 0x001: 'x87 floating point registers'
x86/fpu: Supporting XSAVE feature 0x002: 'SSE registers'
x86/fpu: Supporting XSAVE feature 0x004: 'AVX registers'
x86/fpu: xstate_offset[2]:  576, xstate_sizes[2]:  256
x86/fpu: Enabled xstate features 0x7, context size is 832 bytes, using 'standard' format.
x86/fpu: Using 'eager' FPU context switches.
e820: BIOS-provided physical RAM map:
BIOS-e820: [mem 0x0000000000000000-0x000000000009efff] usable
BIOS-e820: [mem 0x000000000009f000-0x000000000009ffff] reserved
BIOS-e820: [mem 0x0000000000100000-0x000000001fffffff] usable
BIOS-e820: [mem 0x0000000020000000-0x00000000201fffff] reserved
BIOS-e820: [mem 0x0000000020200000-0x0000000040003fff] usable
BIOS-e820: [mem 0x0000000040004000-0x0000000040004fff] reserved
BIOS-e820: [mem 0x0000000040005000-0x00000000d975ffff] usable
BIOS-e820: [mem 0x00000000d9760000-0x00000000d9d60fff] ACPI NVS
BIOS-e820: [mem 0x00000000d9d61000-0x00000000d9d63fff] type 20
BIOS-e820: [mem 0x00000000d9d64000-0x00000000d9d7afff] usable
BIOS-e820: [mem 0x00000000d9d7b000-0x00000000d9d80fff] type 20
BIOS-e820: [mem 0x00000000d9d81000-0x00000000d9d82fff] usable
BIOS-e820: [mem 0x00000000d9d83000-0x00000000d9d8cfff] type 20
BIOS-e820: [mem 0x00000000d9d8d000-0x00000000d9f26fff] usable
BIOS-e820: [mem 0x00000000d9f27000-0x00000000d9f2afff] type 20
BIOS-e820: [mem 0x00000000d9f2b000-0x00000000d9f73fff] usable
BIOS-e820: [mem 0x00000000d9f74000-0x00000000d9f7afff] type 20
BIOS-e820: [mem 0x00000000d9f7b000-0x00000000d9f87fff] reserved
BIOS-e820: [mem 0x00000000d9f88000-0x00000000d9f98fff] type 20
BIOS-e820: [mem 0x00000000d9f99000-0x00000000d9f9bfff] usable
BIOS-e820: [mem 0x00000000d9f9c000-0x00000000d9f9dfff] type 20
BIOS-e820: [mem 0x00000000d9f9e000-0x00000000d9fb4fff] usable
BIOS-e820: [mem 0x00000000d9fb5000-0x00000000d9fbafff] type 20
BIOS-e820: [mem 0x00000000d9fbb000-0x00000000d9fc2fff] usable
BIOS-e820: [mem 0x00000000d9fc3000-0x00000000d9fc3fff] type 20
BIOS-e820: [mem 0x00000000d9fc4000-0x00000000d9fd2fff] usable
BIOS-e820: [mem 0x00000000d9fd3000-0x00000000d9fd3fff] type 20
BIOS-e820: [mem 0x00000000d9fd4000-0x00000000d9fdefff] usable
BIOS-e820: [mem 0x00000000d9fdf000-0x00000000d9fe3fff] type 20
BIOS-e820: [mem 0x00000000d9fe4000-0x00000000da00ffff] usable
BIOS-e820: [mem 0x00000000da010000-0x00000000da010fff] type 20
BIOS-e820: [mem 0x00000000da011000-0x00000000da020fff] usable
BIOS-e820: [mem 0x00000000da021000-0x00000000da046fff] type 20
BIOS-e820: [mem 0x00000000da047000-0x00000000da059fff] usable
BIOS-e820: [mem 0x00000000da05a000-0x00000000da05afff] type 20
BIOS-e820: [mem 0x00000000da05b000-0x00000000da05bfff] usable
BIOS-e820: [mem 0x00000000da05c000-0x00000000da05dfff] type 20
BIOS-e820: [mem 0x00000000da05e000-0x00000000da05efff] usable
BIOS-e820: [mem 0x00000000da05f000-0x00000000da063fff] type 20
BIOS-e820: [mem 0x00000000da064000-0x00000000da077fff] usable
BIOS-e820: [mem 0x00000000da078000-0x00000000da0f8fff] reserved
BIOS-e820: [mem 0x00000000da0f9000-0x00000000da113fff] type 20
BIOS-e820: [mem 0x00000000da114000-0x00000000da63dfff] reserved
BIOS-e820: [mem 0x00000000da63e000-0x00000000da8bdfff] ACPI NVS
BIOS-e820: [mem 0x00000000da8be000-0x00000000da8c2fff] ACPI data
BIOS-e820: [mem 0x00000000da8c3000-0x00000000da8c3fff] usable
BIOS-e820: [mem 0x00000000da8c4000-0x00000000da906fff] ACPI NVS
BIOS-e820: [mem 0x00000000da907000-0x00000000dad13fff] usable
BIOS-e820: [mem 0x00000000dad14000-0x00000000daff3fff] reserved
BIOS-e820: [mem 0x00000000daff4000-0x00000000daffffff] usable
BIOS-e820: [mem 0x00000000dbc00000-0x00000000dfdfffff] reserved
BIOS-e820: [mem 0x00000000f8000000-0x00000000fbffffff] reserved
BIOS-e820: [mem 0x00000000fec00000-0x00000000fec00fff] reserved
BIOS-e820: [mem 0x00000000fed00000-0x00000000fed03fff] reserved
BIOS-e820: [mem 0x00000000fed1c000-0x00000000fed1ffff] reserved
BIOS-e820: [mem 0x00000000fee00000-0x00000000fee00fff] reserved
BIOS-e820: [mem 0x00000000ff000000-0x00000000ffffffff] reserved
BIOS-e820: [mem 0x0000000100000000-0x000000041f1fffff] usable
NX (Execute Disable) protection: active
efi: EFI v2.31 by American Megatrends
efi:  ACPI=0xda896000  ACPI 2.0=0xda896000  SMBIOS=0xf04c0  MPS=0xfd4c0 
SMBIOS 2.7 present.
DMI: ASUSTeK COMPUTER INC. Q400A/Q400A, BIOS Q400A.209 11/08/2012
e820: update [mem 0x00000000-0x00000fff] usable ==> reserved
e820: remove [mem 0x000a0000-0x000fffff] usable
e820: last_pfn = 0x41f200 max_arch_pfn = 0x400000000
MTRR default type: uncachable
MTRR fixed ranges enabled:
  00000-9FFFF write-back
  A0000-BFFFF uncachable
  C0000-CFFFF write-protect
  D0000-DFFFF uncachable
  E0000-FFFFF write-protect
MTRR variable ranges enabled:
  0 base 000000000 mask C00000000 write-back
  1 base 400000000 mask FE0000000 write-back
  2 base 0E0000000 mask FE0000000 uncachable
  3 base 0DC000000 mask FFC000000 uncachable
  4 base 0DBC00000 mask FFFC00000 uncachable
  5 base 41F800000 mask FFF800000 uncachable
  6 base 41F400000 mask FFFC00000 uncachable
  7 base 41F200000 mask FFFE00000 uncachable
  8 disabled
  9 disabled
x86/PAT: Configuration [0-7]: WB  WC  UC- UC  WB  WC  UC- WT  
e820: update [mem 0xdbc00000-0xffffffff] usable ==> reserved
e820: last_pfn = 0xdb000 max_arch_pfn = 0x400000000
found SMP MP-table at [mem 0x000fd7e0-0x000fd7ef] mapped at [ffff9531400fd7e0]
Base memory trampoline at [ffff953140097000] 97000 size 24576
BRK [0x242d39000, 0x242d39fff] PGTABLE
BRK [0x242d3a000, 0x242d3afff] PGTABLE
BRK [0x242d3b000, 0x242d3bfff] PGTABLE
BRK [0x242d3c000, 0x242d3cfff] PGTABLE
BRK [0x242d3d000, 0x242d3dfff] PGTABLE
BRK [0x242d3e000, 0x242d3efff] PGTABLE
BRK [0x242d3f000, 0x242d3ffff] PGTABLE
BRK [0x242d40000, 0x242d40fff] PGTABLE
BRK [0x242d41000, 0x242d41fff] PGTABLE
BRK [0x242d42000, 0x242d42fff] PGTABLE
BRK [0x242d43000, 0x242d43fff] PGTABLE
BRK [0x242d44000, 0x242d44fff] PGTABLE
RAMDISK: [mem 0x35bc6000-0x36ddafff]
ACPI: Early table checksum verification disabled
ACPI: RSDP 0x00000000DA896000 000024 (v02 _ASUS_)
ACPI: XSDT 0x00000000DA896078 00007C (v01 _ASUS_ Notebook 01072009 AMI  00010013)
ACPI: FACP 0x00000000DA8A6C40 00010C (v05 _ASUS_ Notebook 01072009 AMI  00010013)
ACPI: DSDT 0x00000000DA896188 010AB6 (v02 _ASUS_ Notebook 00000013 INTL 20091112)
ACPI: FACS 0x00000000DA8BB080 000040
ACPI: APIC 0x00000000DA8A6D50 000092 (v03 _ASUS_ Notebook 01072009 AMI  00010013)
ACPI: FPDT 0x00000000DA8A6DE8 000044 (v01 _ASUS_ Notebook 01072009 AMI  00010013)
ACPI: ECDT 0x00000000DA8A6E30 0000C1 (v01 _ASUS_ Notebook 01072009 AMI. 00000005)
ACPI: MCFG 0x00000000DA8A6EF8 00003C (v01 _ASUS_ Notebook 01072009 MSFT 00000097)
ACPI: HPET 0x00000000DA8A6F38 000038 (v01 _ASUS_ Notebook 01072009 AMI. 00000005)
ACPI: SSDT 0x00000000DA8A6F70 000632 (v01 AhciR1 AhciTab1 00001000 INTL 20091112)
ACPI: SSDT 0x00000000DA8A75A8 00049E (v01 AhciR2 AhciTab2 00001000 INTL 20091112)
ACPI: SSDT 0x00000000DA8A7A48 0008C8 (v01 PmRef  Cpu0Ist  00003000 INTL 20051117)
ACPI: SSDT 0x00000000DA8A8310 000A92 (v01 PmRef  CpuPm    00003000 INTL 20051117)
ACPI: MSDM 0x00000000DA63DE18 000055 (v03 _ASUS_ Notebook 00000000 ASUS 00000001)
ACPI: Local APIC address 0xfee00000
No NUMA configuration found
Faking a node at [mem 0x0000000000000000-0x000000041f1fffff]
NODE_DATA(0) allocated [mem 0x41f1eb000-0x41f1effff]
Zone ranges:
  DMA      [mem 0x0000000000001000-0x0000000000ffffff]
  DMA32    [mem 0x0000000001000000-0x00000000ffffffff]
  Normal   [mem 0x0000000100000000-0x000000041f1fffff]
  Device   empty
Movable zone start for each node
Early memory node ranges
  node   0: [mem 0x0000000000001000-0x000000000009efff]
  node   0: [mem 0x0000000000100000-0x000000001fffffff]
  node   0: [mem 0x0000000020200000-0x0000000040003fff]
  node   0: [mem 0x0000000040005000-0x00000000d975ffff]
  node   0: [mem 0x00000000d9d64000-0x00000000d9d7afff]
  node   0: [mem 0x00000000d9d81000-0x00000000d9d82fff]
  node   0: [mem 0x00000000d9d8d000-0x00000000d9f26fff]
  node   0: [mem 0x00000000d9f2b000-0x00000000d9f73fff]
  node   0: [mem 0x00000000d9f99000-0x00000000d9f9bfff]
  node   0: [mem 0x00000000d9f9e000-0x00000000d9fb4fff]
  node   0: [mem 0x00000000d9fbb000-0x00000000d9fc2fff]
  node   0: [mem 0x00000000d9fc4000-0x00000000d9fd2fff]
  node   0: [mem 0x00000000d9fd4000-0x00000000d9fdefff]
  node   0: [mem 0x00000000d9fe4000-0x00000000da00ffff]
  node   0: [mem 0x00000000da011000-0x00000000da020fff]
  node   0: [mem 0x00000000da047000-0x00000000da059fff]
  node   0: [mem 0x00000000da05b000-0x00000000da05bfff]
  node   0: [mem 0x00000000da05e000-0x00000000da05efff]
  node   0: [mem 0x00000000da064000-0x00000000da077fff]
  node   0: [mem 0x00000000da8c3000-0x00000000da8c3fff]
  node   0: [mem 0x00000000da907000-0x00000000dad13fff]
  node   0: [mem 0x00000000daff4000-0x00000000daffffff]
  node   0: [mem 0x0000000100000000-0x000000041f1fffff]
Initmem setup node 0 [mem 0x0000000000001000-0x000000041f1fffff]
On node 0 totalpages: 4165044
  DMA zone: 64 pages used for memmap
  DMA zone: 27 pages reserved
  DMA zone: 3998 pages, LIFO batch:0
  DMA32 zone: 13873 pages used for memmap
  DMA32 zone: 887830 pages, LIFO batch:31
  Normal zone: 51144 pages used for memmap
  Normal zone: 3273216 pages, LIFO batch:31
Reserving Intel graphics memory at 0x00000000dbe00000-0x00000000dfdfffff
ACPI: PM-Timer IO Port: 0x408
ACPI: Local APIC address 0xfee00000
ACPI: LAPIC_NMI (acpi_id[0xff] high edge lint[0x1])
IOAPIC[0]: apic_id 2, version 32, address 0xfec00000, GSI 0-23
ACPI: INT_SRC_OVR (bus 0 bus_irq 0 global_irq 2 dfl dfl)
ACPI: INT_SRC_OVR (bus 0 bus_irq 9 global_irq 9 high level)
ACPI: IRQ0 used by override.
ACPI: IRQ9 used by override.
Using ACPI (MADT) for SMP configuration information
ACPI: HPET id: 0x8086a701 base: 0xfed00000
smpboot: Allowing 8 CPUs, 0 hotplug CPUs
PM: Registered nosave memory: [mem 0x00000000-0x00000fff]
PM: Registered nosave memory: [mem 0x0009f000-0x0009ffff]
PM: Registered nosave memory: [mem 0x000a0000-0x000fffff]
PM: Registered nosave memory: [mem 0x20000000-0x201fffff]
PM: Registered nosave memory: [mem 0x40004000-0x40004fff]
PM: Registered nosave memory: [mem 0xd9760000-0xd9d60fff]
PM: Registered nosave memory: [mem 0xd9d61000-0xd9d63fff]
PM: Registered nosave memory: [mem 0xd9d7b000-0xd9d80fff]
PM: Registered nosave memory: [mem 0xd9d83000-0xd9d8cfff]
PM: Registered nosave memory: [mem 0xd9f27000-0xd9f2afff]
PM: Registered nosave memory: [mem 0xd9f74000-0xd9f7afff]
PM: Registered nosave memory: [mem 0xd9f7b000-0xd9f87fff]
PM: Registered nosave memory: [mem 0xd9f88000-0xd9f98fff]
PM: Registered nosave memory: [mem 0xd9f9c000-0xd9f9dfff]
PM: Registered nosave memory: [mem 0xd9fb5000-0xd9fbafff]
PM: Registered nosave memory: [mem 0xd9fc3000-0xd9fc3fff]
PM: Registered nosave memory: [mem 0xd9fd3000-0xd9fd3fff]
PM: Registered nosave memory: [mem 0xd9fdf000-0xd9fe3fff]
PM: Registered nosave memory: [mem 0xda010000-0xda010fff]
PM: Registered nosave memory: [mem 0xda021000-0xda046fff]
PM: Registered nosave memory: [mem 0xda05a000-0xda05afff]
PM: Registered nosave memory: [mem 0xda05c000-0xda05dfff]
PM: Registered nosave memory: [mem 0xda05f000-0xda063fff]
PM: Registered nosave memory: [mem 0xda078000-0xda0f8fff]
PM: Registered nosave memory: [mem 0xda0f9000-0xda113fff]
PM: Registered nosave memory: [mem 0xda114000-0xda63dfff]
PM: Registered nosave memory: [mem 0xda63e000-0xda8bdfff]
PM: Registered nosave memory: [mem 0xda8be000-0xda8c2fff]
PM: Registered nosave memory: [mem 0xda8c4000-0xda906fff]
PM: Registered nosave memory: [mem 0xdad14000-0xdaff3fff]
PM: Registered nosave memory: [mem 0xdb000000-0xdbbfffff]
PM: Registered nosave memory: [mem 0xdbc00000-0xdfdfffff]
PM: Registered nosave memory: [mem 0xdfe00000-0xf7ffffff]
PM: Registered nosave memory: [mem 0xf8000000-0xfbffffff]
PM: Registered nosave memory: [mem 0xfc000000-0xfebfffff]
PM: Registered nosave memory: [mem 0xfec00000-0xfec00fff]
PM: Registered nosave memory: [mem 0xfec01000-0xfecfffff]
PM: Registered nosave memory: [mem 0xfed00000-0xfed03fff]
PM: Registered nosave memory: [mem 0xfed04000-0xfed1bfff]
PM: Registered nosave memory: [mem 0xfed1c000-0xfed1ffff]
PM: Registered nosave memory: [mem 0xfed20000-0xfedfffff]
PM: Registered nosave memory: [mem 0xfee00000-0xfee00fff]
PM: Registered nosave memory: [mem 0xfee01000-0xfeffffff]
PM: Registered nosave memory: [mem 0xff000000-0xffffffff]
e820: [mem 0xdfe00000-0xf7ffffff] available for PCI devices
Booting paravirtualized kernel on bare hardware
clocksource: refined-jiffies: mask: 0xffffffff max_cycles: 0xffffffff, max_idle_ns: 7645519600211568 ns
setup_percpu: NR_CPUS:512 nr_cpumask_bits:512 nr_cpu_ids:8 nr_node_ids:1
percpu: Embedded 35 pages/cpu @ffff95355ee00000 s105240 r8192 d29928 u262144
pcpu-alloc: s105240 r8192 d29928 u262144 alloc=1*2097152
pcpu-alloc: [0] 0 1 2 3 4 5 6 7 
Built 1 zonelists in Node order, mobility grouping on.  Total pages: 4099936
Policy zone: Normal
Kernel command line: BOOT_IMAGE=/boot/vmlinuz-4.9.0-6-amd64 root=UUID=07edf193-9c61-4cdd-827c-0d6d1dacce48 ro quiet
PID hash table entries: 4096 (order: 3, 32768 bytes)
Calgary: detecting Calgary via BIOS EBDA area
Calgary: Unable to locate Rio Grande table in EBDA - bailing!
Memory: 16105788K/16660176K available (6236K kernel code, 1159K rwdata, 2868K rodata, 1416K init, 688K bss, 554388K reserved, 0K cma-reserved)
Kernel/User page tables isolation: enabled
Hierarchical RCU implementation.
	Build-time adjustment of leaf fanout to 64.
	RCU restricting CPUs from NR_CPUS=512 to nr_cpu_ids=8.
RCU: Adjusting geometry for rcu_fanout_leaf=64, nr_cpu_ids=8
NR_IRQS:33024 nr_irqs:488 16
Console: colour dummy device 80x25
console [tty0] enabled
clocksource: hpet: mask: 0xffffffff max_cycles: 0xffffffff, max_idle_ns: 133484882848 ns
hpet clockevent registered
tsc: Fast TSC calibration using PIT
tsc: Detected 2194.968 MHz processor
Calibrating delay loop (skipped), value calculated using timer frequency.. 4389.93 BogoMIPS (lpj=8779872)
pid_max: default: 32768 minimum: 301
ACPI: Core revision 20160831
ACPI: 5 ACPI AML tables successfully acquired and loaded
Security Framework initialized
Yama: disabled by default; enable with sysctl kernel.yama.*
AppArmor: AppArmor disabled by boot time parameter
Dentry cache hash table entries: 2097152 (order: 12, 16777216 bytes)
Inode-cache hash table entries: 1048576 (order: 11, 8388608 bytes)
Mount-cache hash table entries: 32768 (order: 6, 262144 bytes)
Mountpoint-cache hash table entries: 32768 (order: 6, 262144 bytes)
CPU: Physical Processor ID: 0
CPU: Processor Core ID: 0
ENERGY_PERF_BIAS: Set to 'normal', was 'performance'
ENERGY_PERF_BIAS: View and update with x86_energy_perf_policy(8)
mce: CPU supports 9 MCE banks
CPU0: Thermal monitoring enabled (TM1)
process: using mwait in idle threads
Last level iTLB entries: 4KB 512, 2MB 8, 4MB 8
Last level dTLB entries: 4KB 512, 2MB 32, 4MB 32, 1GB 0
Spectre V2 : Mitigation: Full generic retpoline
Freeing SMP alternatives memory: 24K
ftrace: allocating 25236 entries in 99 pages
smpboot: Max logical packages: 2
x2apic: IRQ remapping doesn't support X2APIC mode
..TIMER: vector=0x30 apic1=0 pin1=2 apic2=-1 pin2=-1
TSC deadline timer enabled
smpboot: CPU0: Intel(R) Core(TM) i7-3632QM CPU @ 2.20GHz (family: 0x6, model: 0x3a, stepping: 0x9)
Performance Events: PEBS fmt1+, IvyBridge events, 16-deep LBR, full-width counters, Intel PMU driver.
... version:                3
... bit width:              48
... generic registers:      4
... value mask:             0000ffffffffffff
... max period:             00007fffffffffff
... fixed-purpose events:   3
... event mask:             000000070000000f
NMI watchdog: enabled on all CPUs, permanently consumes one hw-PMU counter.
x86: Booting SMP configuration:
.... node  #0, CPUs:      #1 #2 #3 #4 #5 #6 #7
x86: Booted up 1 node, 8 CPUs
smpboot: Total of 8 processors activated (35119.48 BogoMIPS)
devtmpfs: initialized
x86/mm: Memory block size: 128MB
PM: Registering ACPI NVS region [mem 0xd9760000-0xd9d60fff] (6295552 bytes)
PM: Registering ACPI NVS region [mem 0xda63e000-0xda8bdfff] (2621440 bytes)
PM: Registering ACPI NVS region [mem 0xda8c4000-0xda906fff] (274432 bytes)
clocksource: jiffies: mask: 0xffffffff max_cycles: 0xffffffff, max_idle_ns: 7645041785100000 ns
futex hash table entries: 2048 (order: 5, 131072 bytes)
pinctrl core: initialized pinctrl subsystem
NET: Registered protocol family 16
cpuidle: using governor ladder
cpuidle: using governor menu
ACPI FADT declares the system doesn't support PCIe ASPM, so disable it
ACPI: bus type PCI registered
acpiphp: ACPI Hot Plug PCI Controller Driver version: 0.5
PCI: MMCONFIG for domain 0000 [bus 00-3f] at [mem 0xf8000000-0xfbffffff] (base 0xf8000000)
PCI: MMCONFIG at [mem 0xf8000000-0xfbffffff] reserved in E820
pmd_set_huge: Cannot satisfy [mem 0xf8000000-0xf8200000] with a huge-page mapping due to MTRR override.
PCI: Using configuration type 1 for base access
core: PMU erratum BJ122, BV98, HSD29 worked around, HT is on
HugeTLB registered 2 MB page size, pre-allocated 0 pages
ACPI: Added _OSI(Module Device)
ACPI: Added _OSI(Processor Device)
ACPI: Added _OSI(3.0 _SCP Extensions)
ACPI: Added _OSI(Processor Aggregator Device)
ACPI : EC: EC started
ACPI : EC: interrupt blocked
ACPI: \: Used as first EC
ACPI: \: GPE=0x19, EC_CMD/EC_SC=0x66, EC_DATA=0x62
ACPI: \: Used as boot ECDT EC to handle transactions
ACPI: Executed 1 blocks of module-level executable AML code
ACPI: [Firmware Bug]: BIOS _OSI(Linux) query ignored
ACPI: Dynamic OEM Table Load:
ACPI: SSDT 0xFFFF95354C6A3000 000853 (v01 PmRef  Cpu0Cst  00003001 INTL 20051117)
ACPI: Dynamic OEM Table Load:
ACPI: SSDT 0xFFFF95354C6F7000 000303 (v01 PmRef  ApIst    00003000 INTL 20051117)
ACPI: Dynamic OEM Table Load:
ACPI: SSDT 0xFFFF95354C74B000 000119 (v01 PmRef  ApCst    00003000 INTL 20051117)
ACPI : EC: EC stopped
ACPI : EC: EC started
ACPI : EC: interrupt blocked
ACPI: \_SB_.PCI0.LPCB.EC0_: Used as first EC
ACPI: \_SB_.PCI0.LPCB.EC0_: GPE=0x19, EC_CMD/EC_SC=0x66, EC_DATA=0x62
ACPI: \_SB_.PCI0.LPCB.EC0_: Used as boot DSDT EC to handle transactions
ACPI: Interpreter enabled
ACPI: (supports S0 S3 S4 S5)
ACPI: Using IOAPIC for interrupt routing
PCI: Using host bridge windows from ACPI; if necessary, use "pci=nocrs" and report a bug
ACPI: PCI Root Bridge [PCI0] (domain 0000 [bus 00-3e])
acpi PNP0A08:00: _OSC: OS supports [ExtendedConfig ASPM ClockPM Segments MSI]
acpi PNP0A08:00: _OSC: platform does not support [PCIeHotplug PME]
acpi PNP0A08:00: _OSC: OS now controls [AER PCIeCapability]
acpi PNP0A08:00: FADT indicates ASPM is unsupported, using BIOS configuration
PCI host bridge to bus 0000:00
pci_bus 0000:00: root bus resource [io  0x0000-0x0cf7 window]
pci_bus 0000:00: root bus resource [io  0x0d00-0xffff window]
pci_bus 0000:00: root bus resource [mem 0x000a0000-0x000bffff window]
pci_bus 0000:00: root bus resource [mem 0x000d0000-0x000d3fff window]
pci_bus 0000:00: root bus resource [mem 0x000d4000-0x000d7fff window]
pci_bus 0000:00: root bus resource [mem 0x000d8000-0x000dbfff window]
pci_bus 0000:00: root bus resource [mem 0x000dc000-0x000dffff window]
pci_bus 0000:00: root bus resource [mem 0xdfe00000-0xfeafffff window]
pci_bus 0000:00: root bus resource [bus 00-3e]
pci 0000:00:00.0: [8086:0154] type 00 class 0x060000
pci 0000:00:02.0: [8086:0166] type 00 class 0x030000
pci 0000:00:02.0: reg 0x10: [mem 0xf7800000-0xf7bfffff 64bit]
pci 0000:00:02.0: reg 0x18: [mem 0xe0000000-0xefffffff 64bit pref]
pci 0000:00:02.0: reg 0x20: [io  0xf000-0xf03f]
pci 0000:00:14.0: [8086:1e31] type 00 class 0x0c0330
pci 0000:00:14.0: reg 0x10: [mem 0xf7e00000-0xf7e0ffff 64bit]
pci 0000:00:14.0: PME# supported from D3hot D3cold
pci 0000:00:14.0: System wakeup disabled by ACPI
pci 0000:00:16.0: [8086:1e3a] type 00 class 0x078000
pci 0000:00:16.0: reg 0x10: [mem 0xf7e1a000-0xf7e1a00f 64bit]
pci 0000:00:16.0: PME# supported from D0 D3hot D3cold
pci 0000:00:1a.0: [8086:1e2d] type 00 class 0x0c0320
pci 0000:00:1a.0: reg 0x10: [mem 0xf7e18000-0xf7e183ff]
pci 0000:00:1a.0: PME# supported from D0 D3hot D3cold
pci 0000:00:1a.0: System wakeup disabled by ACPI
pci 0000:00:1b.0: [8086:1e20] type 00 class 0x040300
pci 0000:00:1b.0: reg 0x10: [mem 0xf7e10000-0xf7e13fff 64bit]
pci 0000:00:1b.0: PME# supported from D0 D3hot D3cold
pci 0000:00:1b.0: System wakeup disabled by ACPI
pci 0000:00:1c.0: [8086:1e10] type 01 class 0x060400
pci 0000:00:1c.0: PME# supported from D0 D3hot D3cold
pci 0000:00:1c.1: [8086:1e12] type 01 class 0x060400
pci 0000:00:1c.1: PME# supported from D0 D3hot D3cold
pci 0000:00:1c.3: [8086:1e16] type 01 class 0x060400
pci 0000:00:1c.3: PME# supported from D0 D3hot D3cold
pci 0000:00:1c.3: System wakeup disabled by ACPI
pci 0000:00:1d.0: [8086:1e26] type 00 class 0x0c0320
pci 0000:00:1d.0: reg 0x10: [mem 0xf7e17000-0xf7e173ff]
pci 0000:00:1d.0: PME# supported from D0 D3hot D3cold
pci 0000:00:1d.0: System wakeup disabled by ACPI
pci 0000:00:1f.0: [8086:1e59] type 00 class 0x060100
pci 0000:00:1f.2: [8086:1e03] type 00 class 0x010601
pci 0000:00:1f.2: reg 0x10: [io  0xf0b0-0xf0b7]
pci 0000:00:1f.2: reg 0x14: [io  0xf0a0-0xf0a3]
pci 0000:00:1f.2: reg 0x18: [io  0xf090-0xf097]
pci 0000:00:1f.2: reg 0x1c: [io  0xf080-0xf083]
pci 0000:00:1f.2: reg 0x20: [io  0xf060-0xf07f]
pci 0000:00:1f.2: reg 0x24: [mem 0xf7e16000-0xf7e167ff]
pci 0000:00:1f.2: PME# supported from D3hot
pci 0000:00:1f.3: [8086:1e22] type 00 class 0x0c0500
pci 0000:00:1f.3: reg 0x10: [mem 0xf7e15000-0xf7e150ff 64bit]
pci 0000:00:1f.3: reg 0x20: [io  0xf040-0xf05f]
pci 0000:00:1c.0: PCI bridge to [bus 01]
pci 0000:02:00.0: [8086:0887] type 00 class 0x028000
pci 0000:02:00.0: reg 0x10: [mem 0xf7d00000-0xf7d01fff 64bit]
pci 0000:02:00.0: PME# supported from D0 D3hot D3cold
pci 0000:02:00.0: System wakeup disabled by ACPI
pci 0000:00:1c.1: PCI bridge to [bus 02]
pci 0000:00:1c.1:   bridge window [mem 0xf7d00000-0xf7dfffff]
pci 0000:03:00.0: [1969:1083] type 00 class 0x020000
pci 0000:03:00.0: reg 0x10: [mem 0xf7c00000-0xf7c3ffff 64bit]
pci 0000:03:00.0: reg 0x18: [io  0xe000-0xe07f]
pci 0000:03:00.0: PME# supported from D0 D1 D2 D3hot D3cold
pci 0000:03:00.0: System wakeup disabled by ACPI
pci 0000:00:1c.3: PCI bridge to [bus 03]
pci 0000:00:1c.3:   bridge window [io  0xe000-0xefff]
pci 0000:00:1c.3:   bridge window [mem 0xf7c00000-0xf7cfffff]
ACPI: PCI Interrupt Link [LNKA] (IRQs 3 4 5 6 7 10 *11 12)
ACPI: PCI Interrupt Link [LNKB] (IRQs *3 4 5 6 7 10 12)
ACPI: PCI Interrupt Link [LNKC] (IRQs 3 4 5 6 7 *10 12)
ACPI: PCI Interrupt Link [LNKD] (IRQs 3 4 5 6 7 *10 12)
ACPI: PCI Interrupt Link [LNKE] (IRQs 3 4 5 6 7 10 12) *0, disabled.
ACPI: PCI Interrupt Link [LNKF] (IRQs 3 4 5 6 7 10 12) *0, disabled.
ACPI: PCI Interrupt Link [LNKG] (IRQs 3 4 *5 6 7 10 12)
ACPI: PCI Interrupt Link [LNKH] (IRQs 3 *4 5 6 7 10 12)
ACPI: Enabled 4 GPEs in block 00 to 3F
ACPI : EC: interrupt unblocked
ACPI : EC: event unblocked
ACPI: \_SB_.PCI0.LPCB.EC0_: GPE=0x19, EC_CMD/EC_SC=0x66, EC_DATA=0x62
ACPI: \_SB_.PCI0.LPCB.EC0_: Used as boot DSDT EC to handle transactions and events
vgaarb: setting as boot device: PCI:0000:00:02.0
vgaarb: device added: PCI:0000:00:02.0,decodes=io+mem,owns=io+mem,locks=none
vgaarb: loaded
vgaarb: bridge control possible 0000:00:02.0
Registered efivars operations
PCI: Using ACPI for IRQ routing
PCI: pci_cache_line_size set to 64 bytes
e820: reserve RAM buffer [mem 0x0009f000-0x0009ffff]
e820: reserve RAM buffer [mem 0x40004000-0x43ffffff]
e820: reserve RAM buffer [mem 0xd9760000-0xdbffffff]
e820: reserve RAM buffer [mem 0xd9d7b000-0xdbffffff]
e820: reserve RAM buffer [mem 0xd9d83000-0xdbffffff]
e820: reserve RAM buffer [mem 0xd9f27000-0xdbffffff]
e820: reserve RAM buffer [mem 0xd9f74000-0xdbffffff]
e820: reserve RAM buffer [mem 0xd9f9c000-0xdbffffff]
e820: reserve RAM buffer [mem 0xd9fb5000-0xdbffffff]
e820: reserve RAM buffer [mem 0xd9fc3000-0xdbffffff]
e820: reserve RAM buffer [mem 0xd9fd3000-0xdbffffff]
e820: reserve RAM buffer [mem 0xd9fdf000-0xdbffffff]
e820: reserve RAM buffer [mem 0xda010000-0xdbffffff]
e820: reserve RAM buffer [mem 0xda021000-0xdbffffff]
e820: reserve RAM buffer [mem 0xda05a000-0xdbffffff]
e820: reserve RAM buffer [mem 0xda05c000-0xdbffffff]
e820: reserve RAM buffer [mem 0xda05f000-0xdbffffff]
e820: reserve RAM buffer [mem 0xda078000-0xdbffffff]
e820: reserve RAM buffer [mem 0xda8c4000-0xdbffffff]
e820: reserve RAM buffer [mem 0xdad14000-0xdbffffff]
e820: reserve RAM buffer [mem 0xdb000000-0xdbffffff]
e820: reserve RAM buffer [mem 0x41f200000-0x41fffffff]
hpet0: at MMIO 0xfed00000, IRQs 2, 8, 0, 0, 0, 0, 0, 0
hpet0: 8 comparators, 64-bit 14.318180 MHz counter
clocksource: Switched to clocksource hpet
VFS: Disk quotas dquot_6.6.0
VFS: Dquot-cache hash table entries: 512 (order 0, 4096 bytes)
pnp: PnP ACPI init
system 00:00: [mem 0xfed40000-0xfed44fff] has been reserved
system 00:00: Plug and Play ACPI device, IDs PNP0c01 (active)
system 00:01: [io  0x0680-0x069f] has been reserved
system 00:01: [io  0x1000-0x100f] has been reserved
system 00:01: [io  0xffff] has been reserved
system 00:01: [io  0xffff] has been reserved
system 00:01: [io  0x0400-0x0453] has been reserved
system 00:01: [io  0x0458-0x047f] has been reserved
system 00:01: [io  0x0500-0x057f] has been reserved
system 00:01: [io  0x164e-0x164f] has been reserved
system 00:01: Plug and Play ACPI device, IDs PNP0c02 (active)
pnp 00:02: Plug and Play ACPI device, IDs PNP0b00 (active)
system 00:03: [io  0x0454-0x0457] has been reserved
system 00:03: Plug and Play ACPI device, IDs INT3f0d PNP0c02 (active)
system 00:04: [io  0x04d0-0x04d1] has been reserved
system 00:04: Plug and Play ACPI device, IDs PNP0c02 (active)
pnp 00:05: Plug and Play ACPI device, IDs ETD010b SYN0a00 SYN0002 PNP0f03 PNP0f13 PNP0f12 (active)
pnp 00:06: Plug and Play ACPI device, IDs ATK3001 PNP030b (active)
system 00:07: [mem 0xfed1c000-0xfed1ffff] has been reserved
system 00:07: [mem 0xfed10000-0xfed17fff] has been reserved
system 00:07: [mem 0xfed18000-0xfed18fff] has been reserved
system 00:07: [mem 0xfed19000-0xfed19fff] has been reserved
system 00:07: [mem 0xf8000000-0xfbffffff] has been reserved
system 00:07: [mem 0xfed20000-0xfed3ffff] has been reserved
system 00:07: [mem 0xfed90000-0xfed93fff] has been reserved
system 00:07: [mem 0xfed45000-0xfed8ffff] has been reserved
system 00:07: [mem 0xff000000-0xffffffff] has been reserved
system 00:07: [mem 0xfee00000-0xfeefffff] could not be reserved
system 00:07: [mem 0xdfe00000-0xdfe00fff] has been reserved
system 00:07: Plug and Play ACPI device, IDs PNP0c02 (active)
system 00:08: [mem 0xdfe00000-0xdfe00fff] has been reserved
system 00:08: Plug and Play ACPI device, IDs PNP0c02 (active)
system 00:09: [mem 0x20000000-0x201fffff] has been reserved
system 00:09: [mem 0x40004000-0x40004fff] has been reserved
system 00:09: Plug and Play ACPI device, IDs PNP0c01 (active)
pnp: PnP ACPI: found 10 devices
clocksource: acpi_pm: mask: 0xffffff max_cycles: 0xffffff, max_idle_ns: 2085701024 ns
pci 0000:00:1c.0: PCI bridge to [bus 01]
pci 0000:00:1c.1: PCI bridge to [bus 02]
pci 0000:00:1c.1:   bridge window [mem 0xf7d00000-0xf7dfffff]
pci 0000:00:1c.3: PCI bridge to [bus 03]
pci 0000:00:1c.3:   bridge window [io  0xe000-0xefff]
pci 0000:00:1c.3:   bridge window [mem 0xf7c00000-0xf7cfffff]
pci_bus 0000:00: resource 4 [io  0x0000-0x0cf7 window]
pci_bus 0000:00: resource 5 [io  0x0d00-0xffff window]
pci_bus 0000:00: resource 6 [mem 0x000a0000-0x000bffff window]
pci_bus 0000:00: resource 7 [mem 0x000d0000-0x000d3fff window]
pci_bus 0000:00: resource 8 [mem 0x000d4000-0x000d7fff window]
pci_bus 0000:00: resource 9 [mem 0x000d8000-0x000dbfff window]
pci_bus 0000:00: resource 10 [mem 0x000dc000-0x000dffff window]
pci_bus 0000:00: resource 11 [mem 0xdfe00000-0xfeafffff window]
pci_bus 0000:02: resource 1 [mem 0xf7d00000-0xf7dfffff]
pci_bus 0000:03: resource 0 [io  0xe000-0xefff]
pci_bus 0000:03: resource 1 [mem 0xf7c00000-0xf7cfffff]
NET: Registered protocol family 2
TCP established hash table entries: 131072 (order: 8, 1048576 bytes)
TCP bind hash table entries: 65536 (order: 8, 1048576 bytes)
TCP: Hash tables configured (established 131072 bind 65536)
UDP hash table entries: 8192 (order: 6, 262144 bytes)
UDP-Lite hash table entries: 8192 (order: 6, 262144 bytes)
NET: Registered protocol family 1
pci 0000:00:02.0: Video device with shadowed ROM at [mem 0x000c0000-0x000dffff]
pci 0000:03:00.0: [Firmware Bug]: disabling VPD access (can't determine size of non-standard VPD format)
PCI: CLS 64 bytes, default 64
Unpacking initramfs...
Freeing initrd memory: 18516K
PCI-DMA: Using software bounce buffering for IO (SWIOTLB)
software IO TLB [mem 0xc9a72000-0xcda72000] (64MB) mapped at [ffff953209a72000-ffff95320da71fff]
audit: initializing netlink subsys (disabled)
audit: type=2000 audit(1524365757.632:1): initialized
workingset: timestamp_bits=40 max_order=22 bucket_order=0
zbud: loaded
Block layer SCSI generic (bsg) driver version 0.4 loaded (major 250)
io scheduler noop registered
io scheduler deadline registered
io scheduler cfq registered (default)
pci_hotplug: PCI Hot Plug PCI Core version: 0.5
pciehp: PCI Express Hot Plug Controller Driver version: 0.4
efifb: probing for efifb
efifb: framebuffer at 0xe0000000, using 1920k, total 1920k
efifb: mode is 800x600x32, linelength=3200, pages=1
efifb: scrolling: redraw
efifb: Truecolor: size=8:8:8:8, shift=24:16:8:0
Console: switching to colour frame buffer device 100x37
fb0: EFI VGA frame buffer device
intel_idle: MWAIT substates: 0x21120
intel_idle: v0.4.1 model 0x3A
intel_idle: lapic_timer_reliable_states 0xffffffff
GHES: HEST is not enabled!
Linux agpgart interface v0.103
AMD IOMMUv2 driver by Joerg Roedel <jroedel@suse.de>
AMD IOMMUv2 functionality not available on this system
i8042: PNP: PS/2 Controller [PNP030b:PS2K,PNP0f03:PS2M] at 0x60,0x64 irq 1,12
i8042: Detected active multiplexing controller, rev 1.1
serio: i8042 KBD port at 0x60,0x64 irq 1
serio: i8042 AUX0 port at 0x60,0x64 irq 12
serio: i8042 AUX1 port at 0x60,0x64 irq 12
serio: i8042 AUX2 port at 0x60,0x64 irq 12
serio: i8042 AUX3 port at 0x60,0x64 irq 12
mousedev: PS/2 mouse device common for all mice
rtc_cmos 00:02: RTC can wake from S4
rtc_cmos 00:02: rtc core: registered rtc_cmos as rtc0
rtc_cmos 00:02: alarms up to one month, y3k, 242 bytes nvram, hpet irqs
intel_pstate: Intel P-state driver initializing
ledtrig-cpu: registered to indicate activity on CPUs
NET: Registered protocol family 10
mip6: Mobile IPv6
NET: Registered protocol family 17
mpls_gso: MPLS GSO support
microcode: sig=0x306a9, pf=0x10, revision=0x15
microcode: Microcode Update Driver: v2.01 <tigran@aivazian.fsnet.co.uk>, Peter Oruba
registered taskstats version 1
zswap: loaded using pool lzo/zbud
ima: No TPM chip found, activating TPM-bypass!
rtc_cmos 00:02: setting system clock to 2018-04-22 02:55:58 UTC (1524365758)
PM: Hibernation image not present or could not be loaded.
Freeing unused kernel memory: 1416K
Write protecting the kernel read-only data: 12288k
Freeing unused kernel memory: 1940K
Freeing unused kernel memory: 1228K
x86/mm: Checked W+X mappings: passed, no W+X pages found.
input: AT Translated Set 2 keyboard as /devices/platform/i8042/serio0/input/input0
random: systemd-udevd: uninitialized urandom read (16 bytes read)
random: systemd-udevd: uninitialized urandom read (16 bytes read)
random: systemd-udevd: uninitialized urandom read (16 bytes read)
random: udevadm: uninitialized urandom read (16 bytes read)
random: udevadm: uninitialized urandom read (16 bytes read)
random: udevadm: uninitialized urandom read (16 bytes read)
random: udevadm: uninitialized urandom read (16 bytes read)
random: udevadm: uninitialized urandom read (16 bytes read)
random: udevadm: uninitialized urandom read (16 bytes read)
random: udevadm: uninitialized urandom read (16 bytes read)
thermal LNXTHERM:00: registered as thermal_zone0
ACPI: Thermal Zone [THRM] (50 C)
ACPI: bus type USB registered
usbcore: registered new interface driver usbfs
usbcore: registered new interface driver hub
usbcore: registered new device driver usb
ehci_hcd: USB 2.0 'Enhanced' Host Controller (EHCI) Driver
ehci-pci: EHCI PCI platform driver
ehci-pci 0000:00:1a.0: EHCI Host Controller
ehci-pci 0000:00:1a.0: new USB bus registered, assigned bus number 1
ehci-pci 0000:00:1a.0: debug port 2
SCSI subsystem initialized
libata version 3.00 loaded.
ehci-pci 0000:00:1a.0: cache line size of 64 is not supported
ehci-pci 0000:00:1a.0: irq 16, io mem 0xf7e18000
AVX version of gcm_enc/dec engaged.
AES CTR mode by8 optimization enabled
ehci-pci 0000:00:1a.0: USB 2.0 started, EHCI 1.00
usb usb1: New USB device found, idVendor=1d6b, idProduct=0002
usb usb1: New USB device strings: Mfr=3, Product=2, SerialNumber=1
usb usb1: Product: EHCI Host Controller
usb usb1: Manufacturer: Linux 4.9.0-6-amd64 ehci_hcd
usb usb1: SerialNumber: 0000:00:1a.0
hub 1-0:1.0: USB hub found
hub 1-0:1.0: 2 ports detected
ehci-pci 0000:00:1d.0: EHCI Host Controller
ehci-pci 0000:00:1d.0: new USB bus registered, assigned bus number 2
ehci-pci 0000:00:1d.0: debug port 2
ehci-pci 0000:00:1d.0: cache line size of 64 is not supported
ehci-pci 0000:00:1d.0: irq 23, io mem 0xf7e17000
ehci-pci 0000:00:1d.0: USB 2.0 started, EHCI 1.00
usb usb2: New USB device found, idVendor=1d6b, idProduct=0002
usb usb2: New USB device strings: Mfr=3, Product=2, SerialNumber=1
usb usb2: Product: EHCI Host Controller
usb usb2: Manufacturer: Linux 4.9.0-6-amd64 ehci_hcd
usb usb2: SerialNumber: 0000:00:1d.0
hub 2-0:1.0: USB hub found
hub 2-0:1.0: 2 ports detected
i801_smbus 0000:00:1f.3: SMBus using PCI interrupt
xhci_hcd 0000:00:14.0: xHCI Host Controller
xhci_hcd 0000:00:14.0: new USB bus registered, assigned bus number 3
xhci_hcd 0000:00:14.0: hcc params 0x20007181 hci version 0x100 quirks 0x0000b930
xhci_hcd 0000:00:14.0: cache line size of 64 is not supported
usb usb3: New USB device found, idVendor=1d6b, idProduct=0002
usb usb3: New USB device strings: Mfr=3, Product=2, SerialNumber=1
usb usb3: Product: xHCI Host Controller
usb usb3: Manufacturer: Linux 4.9.0-6-amd64 xhci-hcd
usb usb3: SerialNumber: 0000:00:14.0
hub 3-0:1.0: USB hub found
hub 3-0:1.0: 4 ports detected
xhci_hcd 0000:00:14.0: xHCI Host Controller
xhci_hcd 0000:00:14.0: new USB bus registered, assigned bus number 4
usb usb4: New USB device found, idVendor=1d6b, idProduct=0003
usb usb4: New USB device strings: Mfr=3, Product=2, SerialNumber=1
usb usb4: Product: xHCI Host Controller
usb usb4: Manufacturer: Linux 4.9.0-6-amd64 xhci-hcd
usb usb4: SerialNumber: 0000:00:14.0
hub 4-0:1.0: USB hub found
hub 4-0:1.0: 4 ports detected
ahci 0000:00:1f.2: version 3.0
ahci 0000:00:1f.2: AHCI 0001.0300 32 slots 6 ports 6 Gbps 0x5 impl SATA mode
ahci 0000:00:1f.2: flags: 64bit ncq pm led clo pio slum part ems apst 
atl1c 0000:03:00.0: version 1.0.1.1-NAPI
atl1c 0000:03:00.0 enp3s0: renamed from eth0
scsi host0: ahci
scsi host1: ahci
scsi host2: ahci
scsi host3: ahci
scsi host4: ahci
scsi host5: ahci
ata1: SATA max UDMA/133 abar m2048@0xf7e16000 port 0xf7e16100 irq 25
ata2: DUMMY
ata3: SATA max UDMA/133 abar m2048@0xf7e16000 port 0xf7e16200 irq 25
ata4: DUMMY
ata5: DUMMY
ata6: DUMMY
usb 1-1: new high-speed USB device number 2 using ehci-pci
usb 2-1: new high-speed USB device number 2 using ehci-pci
usb 3-1: new high-speed USB device number 2 using xhci_hcd
ata3: SATA link up 1.5 Gbps (SStatus 113 SControl 300)
ata1: SATA link up 6.0 Gbps (SStatus 133 SControl 300)
ata1.00: ACPI cmd f5/00:00:00:00:00:a0 (SECURITY FREEZE LOCK) filtered out
ata1.00: ACPI cmd ef/10:06:00:00:00:a0 (SET FEATURES) succeeded
ata1.00: ACPI cmd ef/10:03:00:00:00:a0 (SET FEATURES) filtered out
ata3.00: ACPI cmd ef/10:06:00:00:00:a0 (SET FEATURES) succeeded
ata3.00: ACPI cmd ef/10:03:00:00:00:a0 (SET FEATURES) filtered out
ata1.00: ATA-8: HGST HTS541075A9E680, JA2OA560, max UDMA/133
ata1.00: 1465149168 sectors, multi 16: LBA48 NCQ (depth 31/32), AA
ata3.00: ATAPI: MATSHITADVD-RAM UJ8C2, 1.20, max UDMA/133
ata1.00: ACPI cmd f5/00:00:00:00:00:a0 (SECURITY FREEZE LOCK) filtered out
ata3.00: ACPI cmd ef/10:06:00:00:00:a0 (SET FEATURES) succeeded
ata3.00: ACPI cmd ef/10:03:00:00:00:a0 (SET FEATURES) filtered out
ata3.00: configured for UDMA/133
ata1.00: ACPI cmd ef/10:06:00:00:00:a0 (SET FEATURES) succeeded
ata1.00: ACPI cmd ef/10:03:00:00:00:a0 (SET FEATURES) filtered out
ata1.00: configured for UDMA/133
scsi 0:0:0:0: Direct-Access     ATA      HGST HTS541075A9 A560 PQ: 0 ANSI: 5
scsi 2:0:0:0: CD-ROM            MATSHITA DVD-RAM UJ8C2    1.20 PQ: 0 ANSI: 5
sd 0:0:0:0: [sda] 1465149168 512-byte logical blocks: (750 GB/699 GiB)
sd 0:0:0:0: [sda] 4096-byte physical blocks
sd 0:0:0:0: [sda] Write Protect is off
sd 0:0:0:0: [sda] Mode Sense: 00 3a 00 00
sd 0:0:0:0: [sda] Write cache: enabled, read cache: enabled, doesn't support DPO or FUA
sr 2:0:0:0: [sr0] scsi3-mmc drive: 24x/24x writer dvd-ram cd/rw xa/form2 cdda tray
cdrom: Uniform CD-ROM driver Revision: 3.20
sr 2:0:0:0: Attached scsi CD-ROM sr0
usb 1-1: New USB device found, idVendor=8087, idProduct=0024
usb 1-1: New USB device strings: Mfr=0, Product=0, SerialNumber=0
hub 1-1:1.0: USB hub found
hub 1-1:1.0: 6 ports detected
usb 2-1: New USB device found, idVendor=8087, idProduct=0024
usb 2-1: New USB device strings: Mfr=0, Product=0, SerialNumber=0
hub 2-1:1.0: USB hub found
hub 2-1:1.0: 6 ports detected
 sda: sda1 sda2 sda3 sda5
sd 0:0:0:0: [sda] Attached SCSI disk
random: fast init done
usb 1-1.1: new full-speed USB device number 3 using ehci-pci
usb 1-1.1: New USB device found, idVendor=8087, idProduct=07da
usb 1-1.1: New USB device strings: Mfr=0, Product=0, SerialNumber=0
psmouse serio4: elantech: assuming hardware version 4 (with firmware version 0x361f01)
tsc: Refined TSC clocksource calibration: 2195.019 MHz
clocksource: tsc: mask: 0xffffffffffffffff max_cycles: 0x1fa3d190e87, max_idle_ns: 440795239487 ns
psmouse serio4: elantech: Synaptics capabilities query result 0x00, 0x15, 0x0c.
psmouse serio4: elantech: Elan sample query result 03, 23, 75
usb 1-1.3: new high-speed USB device number 4 using ehci-pci
input: ETPS/2 Elantech Touchpad as /devices/platform/i8042/serio4/input/input8
usb 1-1.3: New USB device found, idVendor=0bda, idProduct=5828
usb 1-1.3: New USB device strings: Mfr=3, Product=1, SerialNumber=2
usb 1-1.3: Product: USB Camera
usb 1-1.3: Manufacturer: Generic
usb 1-1.3: SerialNumber: 200901010001
clocksource: Switched to clocksource tsc
usb 3-1: New USB device found, idVendor=154b, idProduct=00ee
usb 3-1: New USB device strings: Mfr=1, Product=2, SerialNumber=3
usb 3-1: Product: USB 2.0 FD
usb 3-1: Manufacturer: PNY
usb 3-1: SerialNumber: 90008305B72AFF35
usb-storage 3-1:1.0: USB Mass Storage device detected
scsi host6: usb-storage 3-1:1.0
usbcore: registered new interface driver usb-storage
usbcore: registered new interface driver uas
scsi 6:0:0:0: Direct-Access     PNY      USB 2.0 FD       PMAP PQ: 0 ANSI: 7
random: crng init done
sd 6:0:0:0: [sdb] 60628992 512-byte logical blocks: (31.0 GB/28.9 GiB)
sd 6:0:0:0: [sdb] Write Protect is off
sd 6:0:0:0: [sdb] Mode Sense: 23 00 00 00
sd 6:0:0:0: [sdb] No Caching mode page found
sd 6:0:0:0: [sdb] Assuming drive cache: write through
 sdb: sdb1 sdb2 sdb3
sd 6:0:0:0: [sdb] Attached SCSI removable disk
EXT4-fs (sdb3): mounted filesystem without journal. Opts: (null)
ip_tables: (C) 2000-2006 Netfilter Core Team
systemd[1]: systemd 232 running in system mode. (+PAM +AUDIT +SELINUX +IMA +APPARMOR +SMACK +SYSVINIT +UTMP +LIBCRYPTSETUP +GCRYPT +GNUTLS +ACL +XZ +LZ4 +SECCOMP +BLKID +ELFUTILS +KMOD +IDN)
systemd[1]: Detected architecture x86-64.
systemd[1]: Set hostname to <Spectre>.
systemd[1]: Created slice User and Session Slice.
systemd[1]: Listening on Journal Socket (/dev/log).
systemd[1]: Listening on udev Kernel Socket.
systemd[1]: Created slice System Slice.
systemd[1]: Reached target Slices.
systemd[1]: Mounting POSIX Message Queue File System...
systemd[1]: Started Dispatch Password Requests to Console Directory Watch.
EXT4-fs (sdb3): re-mounted. Opts: errors=remount-ro
systemd-journald[379]: Received request to flush runtime journal from PID 1
snd_hda_codec_realtek hdaudioC0D0: autoconfig for ALC270: line_outs=1 (0x14/0x0/0x0/0x0/0x0) type:speaker
snd_hda_codec_realtek hdaudioC0D0:    speaker_outs=0 (0x0/0x0/0x0/0x0/0x0)
snd_hda_codec_realtek hdaudioC0D0:    hp_outs=1 (0x21/0x0/0x0/0x0/0x0)
snd_hda_codec_realtek hdaudioC0D0:    mono: mono_out=0x0
snd_hda_codec_realtek hdaudioC0D0:    inputs:
snd_hda_codec_realtek hdaudioC0D0:      Mic=0x18
snd_hda_codec_realtek hdaudioC0D0:      Internal Mic=0x12
ACPI: AC Adapter [AC0] (on-line)
ACPI: Battery Slot [BAT0] (battery present)
EFI Variables Facility v0.08 2004-May-17
pstore: using zlib compression
pstore: Registered efi as persistent store backend
[drm] Initialized
shpchp: Standard Hot Plug PCI Controller Driver version: 0.4
input: Lid Switch as /devices/LNXSYSTM:00/LNXSYBUS:00/PNP0C0D:00/input/input11
ACPI Warning: SystemIO range 0x0000000000000428-0x000000000000042F conflicts with OpRegion 0x0000000000000400-0x000000000000044F (\GPIS) (20160831/utaddress-247)
ACPI Warning: SystemIO range 0x0000000000000428-0x000000000000042F conflicts with OpRegion 0x0000000000000400-0x000000000000047F (\PMIO) (20160831/utaddress-247)
ACPI: If an ACPI driver is available for this device, you should use it instead of the native driver
ACPI Warning: SystemIO range 0x0000000000000540-0x000000000000054F conflicts with OpRegion 0x0000000000000500-0x000000000000057F (\GPIO) (20160831/utaddress-247)
ACPI Warning: SystemIO range 0x0000000000000540-0x000000000000054F conflicts with OpRegion 0x0000000000000500-0x0000000000000563 (\GP01) (20160831/utaddress-247)
ACPI: If an ACPI driver is available for this device, you should use it instead of the native driver
ACPI Warning: SystemIO range 0x0000000000000530-0x000000000000053F conflicts with OpRegion 0x0000000000000500-0x000000000000057F (\GPIO) (20160831/utaddress-247)
ACPI Warning: SystemIO range 0x0000000000000530-0x000000000000053F conflicts with OpRegion 0x0000000000000500-0x0000000000000563 (\GP01) (20160831/utaddress-247)
ACPI: If an ACPI driver is available for this device, you should use it instead of the native driver
ACPI Warning: SystemIO range 0x0000000000000500-0x000000000000052F conflicts with OpRegion 0x0000000000000500-0x000000000000057F (\GPIO) (20160831/utaddress-247)
ACPI Warning: SystemIO range 0x0000000000000500-0x000000000000052F conflicts with OpRegion 0x0000000000000500-0x0000000000000563 (\GP01) (20160831/utaddress-247)
ACPI: If an ACPI driver is available for this device, you should use it instead of the native driver
lpc_ich: Resource conflict(s) found affecting gpio_ich
input: PC Speaker as /devices/platform/pcspkr/input/input12
ACPI: Lid Switch [LID]
input: Sleep Button as /devices/LNXSYSTM:00/LNXSYBUS:00/PNP0C0E:00/input/input13
ACPI: Sleep Button [SLPB]
input: Power Button as /devices/LNXSYSTM:00/LNXPWRBN:00/input/input14
ACPI: Power Button [PWRF]
wmi: Mapper loaded
input: Asus Wireless Radio Control as /devices/LNXSYSTM:00/LNXSYBUS:00/ATK4001:00/input/input15
sd 0:0:0:0: Attached scsi generic sg0 type 0
sr 2:0:0:0: Attached scsi generic sg1 type 5
sd 6:0:0:0: Attached scsi generic sg2 type 0
asus_wmi: ASUS WMI generic driver loaded
Intel(R) Wireless WiFi driver for Linux
Copyright(c) 2003- 2015 Intel Corporation
iwlwifi 0000:02:00.0: can't disable ASPM; OS doesn't have ASPM control
asus_wmi: Initialization: 0x1
asus_wmi: BIOS WMI version: 7.9
asus_wmi: SFUN value: 0x4a0877
input: Asus WMI hotkeys as /devices/platform/asus-nb-wmi/input/input16
iwlwifi 0000:02:00.0: firmware: failed to load iwlwifi-2030-6.ucode (-2)
iwlwifi 0000:02:00.0: Direct firmware load for iwlwifi-2030-6.ucode failed with error -2
iwlwifi 0000:02:00.0: firmware: failed to load iwlwifi-2030-5.ucode (-2)
iwlwifi 0000:02:00.0: Direct firmware load for iwlwifi-2030-5.ucode failed with error -2
asus_wmi: Number of fans: 1
Bluetooth: Core ver 2.22
NET: Registered protocol family 31
Bluetooth: HCI device and connection manager initialized
Bluetooth: HCI socket layer initialized
Bluetooth: L2CAP socket layer initialized
Bluetooth: SCO socket layer initialized
usbcore: registered new interface driver btusb
iTCO_vendor_support: vendor-support=0
iTCO_wdt: Intel TCO WatchDog Timer Driver v1.11
iTCO_wdt: Found a Panther Point TCO device (Version=2, TCOBASE=0x0460)
iTCO_wdt: initialized. heartbeat=30 sec (nowayout=0)
media: Linux media interface: v0.10
Linux video capture interface: v2.00
uvcvideo: Found UVC 1.00 device USB Camera (0bda:5828)
uvcvideo 1-1.3:1.0: Entity type for entity Extension 4 was not initialized!
uvcvideo 1-1.3:1.0: Entity type for entity Processing 2 was not initialized!
uvcvideo 1-1.3:1.0: Entity type for entity Camera 1 was not initialized!
input: USB Camera as /devices/pci0000:00/0000:00:1a.0/usb1/1-1/1-1.3/1-1.3:1.0/input/input17
usbcore: registered new interface driver uvcvideo
USB Video Class driver (1.1.1)
RAPL PMU: API unit is 2^-32 Joules, 3 fixed counters, 163840 ms ovfl timer
RAPL PMU: hw unit of domain pp0-core 2^-16 Joules
RAPL PMU: hw unit of domain package 2^-16 Joules
RAPL PMU: hw unit of domain pp1-gpu 2^-16 Joules
[drm] Memory usable by graphics device = 2048M
checking generic (e0000000 1e0000) vs hw (e0000000 10000000)
fb: switching to inteldrmfb from EFI VGA
Console: switching to colour dummy device 80x25
[drm] Replacing VGA console driver
[drm] Supports vblank timestamp caching Rev 2 (21.10.2013).
[drm] Driver supports precise vblank timestamp query.
vgaarb: device changed decodes: PCI:0000:00:02.0,olddecodes=io+mem,decodes=io+mem:owns=io+mem
ACPI: Video Device [GFX0] (multi-head: yes  rom: no  post: no)
input: Video Bus as /devices/LNXSYSTM:00/LNXSYBUS:00/PNP0A08:00/LNXVIDEO:00/input/input18
snd_hda_intel 0000:00:1b.0: bound 0000:00:02.0 (ops i915_audio_component_bind_ops [i915])
[drm] Initialized i915 1.6.0 20160919 for 0000:00:02.0 on minor 0
input: HDA Intel PCH Mic as /devices/pci0000:00/0000:00:1b.0/sound/card0/input9
input: HDA Intel PCH Headphone as /devices/pci0000:00/0000:00:1b.0/sound/card0/input10
input: HDA Intel PCH HDMI/DP,pcm=3 as /devices/pci0000:00/0000:00:1b.0/sound/card0/input19
fbcon: inteldrmfb (fb0) is primary device
intel_rapl: Found RAPL domain package
intel_rapl: Found RAPL domain core
intel_rapl: Found RAPL domain uncore
intel_rapl: RAPL package 0 domain package locked by BIOS
Console: switching to colour frame buffer device 170x48
i915 0000:00:02.0: fb0: inteldrmfb frame buffer device
IPv6: ADDRCONF(NETDEV_UP): enp3s0: link is not ready
atl1c 0000:03:00.0: atl1c: enp3s0 NIC Link is Up<1000 Mbps Full Duplex>
Chrome_ChildThr[1134]: segfault at 0 ip 0000558f3eb37f41 sp 00007f3b408fe320 error 6 in plugin-container[558f3eb33000+1b000]
