MemTotal:        8087676 kB
MemFree:         7466844 kB
MemAvailable:    7563824 kB
Buffers:           28756 kB
Cached:           328168 kB
SwapCached:            0 kB
Active:           313748 kB
Inactive:         184460 kB
Active(anon):     142188 kB
Inactive(anon):    54452 kB
Active(file):     171560 kB
Inactive(file):   130008 kB
Unevictable:          96 kB
Mlocked:              96 kB
SwapTotal:             0 kB
SwapFree:              0 kB
Dirty:               364 kB
Writeback:            12 kB
AnonPages:        141380 kB
Mapped:            98292 kB
Shmem:             55356 kB
Slab:              56496 kB
SReclaimable:      29624 kB
SUnreclaim:        26872 kB
KernelStack:        3392 kB
PageTables:        14396 kB
NFS_Unstable:          0 kB
Bounce:                0 kB
WritebackTmp:          0 kB
CommitLimit:     4043836 kB
Committed_AS:     928900 kB
VmallocTotal:   34359738367 kB
VmallocUsed:           0 kB
VmallocChunk:          0 kB
HardwareCorrupted:     0 kB
AnonHugePages:     10240 kB
ShmemHugePages:        0 kB
ShmemPmdMapped:        0 kB
HugePages_Total:       0
HugePages_Free:        0
HugePages_Rsvd:        0
HugePages_Surp:        0
Hugepagesize:       2048 kB
DirectMap4k:       68368 kB
DirectMap2M:     2985984 kB
DirectMap1G:     6291456 kB
