MemTotal:        8087676 kB
MemFree:         7469820 kB
MemAvailable:    7564564 kB
Buffers:           28584 kB
Cached:           326288 kB
SwapCached:            0 kB
Active:           310588 kB
Inactive:         185604 kB
Active(anon):     142240 kB
Inactive(anon):    54448 kB
Active(file):     168348 kB
Inactive(file):   131156 kB
Unevictable:          96 kB
Mlocked:              96 kB
SwapTotal:             0 kB
SwapFree:              0 kB
Dirty:               120 kB
Writeback:            12 kB
AnonPages:        141444 kB
Mapped:            98232 kB
Shmem:             55340 kB
Slab:              56092 kB
SReclaimable:      29276 kB
SUnreclaim:        26816 kB
KernelStack:        3376 kB
PageTables:        14400 kB
NFS_Unstable:          0 kB
Bounce:                0 kB
WritebackTmp:          0 kB
CommitLimit:     4043836 kB
Committed_AS:     926336 kB
VmallocTotal:   34359738367 kB
VmallocUsed:           0 kB
VmallocChunk:          0 kB
HardwareCorrupted:     0 kB
AnonHugePages:     10240 kB
ShmemHugePages:        0 kB
ShmemPmdMapped:        0 kB
HugePages_Total:       0
HugePages_Free:        0
HugePages_Rsvd:        0
HugePages_Surp:        0
Hugepagesize:       2048 kB
DirectMap4k:       68368 kB
DirectMap2M:     2985984 kB
DirectMap1G:     6291456 kB
