MemTotal:        7972336 kB
MemFree:         7458112 kB
MemAvailable:    7456564 kB
Buffers:           26132 kB
Cached:           239340 kB
SwapCached:            0 kB
Active:           269412 kB
Inactive:         139016 kB
Active(anon):     143720 kB
Inactive(anon):    55112 kB
Active(file):     125692 kB
Inactive(file):    83904 kB
Unevictable:          96 kB
Mlocked:              96 kB
SwapTotal:             0 kB
SwapFree:              0 kB
Dirty:               112 kB
Writeback:            16 kB
AnonPages:        143048 kB
Mapped:            93144 kB
Shmem:             55880 kB
Slab:              48768 kB
SReclaimable:      23780 kB
SUnreclaim:        24988 kB
KernelStack:        3504 kB
PageTables:        15124 kB
NFS_Unstable:          0 kB
Bounce:                0 kB
WritebackTmp:          0 kB
CommitLimit:     3986168 kB
Committed_AS:    1003864 kB
VmallocTotal:   34359738367 kB
VmallocUsed:           0 kB
VmallocChunk:          0 kB
HardwareCorrupted:     0 kB
AnonHugePages:      8192 kB
ShmemHugePages:        0 kB
ShmemPmdMapped:        0 kB
HugePages_Total:       0
HugePages_Free:        0
HugePages_Rsvd:        0
HugePages_Surp:        0
Hugepagesize:       2048 kB
DirectMap4k:       67840 kB
DirectMap2M:     8114176 kB
