Linux version 4.9.0-4-amd64 (debian-kernel@lists.debian.org) (gcc version 6.3.0 20170516 (Debian 6.3.0-18) ) #1 SMP Debian 4.9.51-1 (2017-09-28)
Command line: BOOT_IMAGE=/boot/vmlinuz-4.9.0-4-amd64 root=UUID=07edf193-9c61-4cdd-827c-0d6d1dacce48 ro quiet
x86/fpu: Legacy x87 FPU detected.
x86/fpu: Using 'eager' FPU context switches.
e820: BIOS-provided physical RAM map:
BIOS-e820: [mem 0x0000000000000000-0x000000000009fbff] usable
BIOS-e820: [mem 0x000000000009fc00-0x000000000009ffff] reserved
BIOS-e820: [mem 0x00000000000e0000-0x00000000000fffff] reserved
BIOS-e820: [mem 0x0000000000100000-0x00000000bb973fff] usable
BIOS-e820: [mem 0x00000000bb974000-0x00000000bb9befff] reserved
BIOS-e820: [mem 0x00000000bb9bf000-0x00000000bba82fff] usable
BIOS-e820: [mem 0x00000000bba83000-0x00000000bbabefff] ACPI NVS
BIOS-e820: [mem 0x00000000bbabf000-0x00000000bbaebfff] usable
BIOS-e820: [mem 0x00000000bbaec000-0x00000000bbafefff] ACPI data
BIOS-e820: [mem 0x00000000bbaff000-0x00000000bbafffff] usable
BIOS-e820: [mem 0x00000000bbb00000-0x00000000bfffffff] reserved
BIOS-e820: [mem 0x00000000f8000000-0x00000000fbffffff] reserved
BIOS-e820: [mem 0x00000000fec00000-0x00000000fec00fff] reserved
BIOS-e820: [mem 0x00000000fed10000-0x00000000fed13fff] reserved
BIOS-e820: [mem 0x00000000fed18000-0x00000000fed19fff] reserved
BIOS-e820: [mem 0x00000000fed1c000-0x00000000fed1ffff] reserved
BIOS-e820: [mem 0x00000000fee00000-0x00000000fee00fff] reserved
BIOS-e820: [mem 0x00000000fff00000-0x00000000ffffffff] reserved
BIOS-e820: [mem 0x0000000100000000-0x000000013fffffff] usable
NX (Execute Disable) protection: active
SMBIOS 2.4 present.
DMI: Acer       Aspire 4730Z    /Aspire 4730Z    , BIOS V1.15 10/13/2008
e820: update [mem 0x00000000-0x00000fff] usable ==> reserved
e820: remove [mem 0x000a0000-0x000fffff] usable
e820: last_pfn = 0x140000 max_arch_pfn = 0x400000000
MTRR default type: uncachable
MTRR fixed ranges enabled:
  00000-9FFFF write-back
  A0000-BFFFF uncachable
  C0000-DFFFF write-protect
  E0000-EFFFF uncachable
  F0000-FFFFF write-protect
MTRR variable ranges enabled:
  0 base 0FFFE0000 mask FFFFE0000 write-protect
  1 base 000000000 mask F80000000 write-back
  2 base 080000000 mask FC0000000 write-back
  3 base 0BC000000 mask FFC000000 uncachable
  4 base 0BBC00000 mask FFFC00000 uncachable
  5 base 0BBB00000 mask FFFF00000 uncachable
  6 base 100000000 mask FC0000000 write-back
  7 disabled
x86/PAT: Configuration [0-7]: WB  WC  UC- UC  WB  WC  UC- WT  
e820: last_pfn = 0xbbb00 max_arch_pfn = 0x400000000
Base memory trampoline at [ffff94ebc0099000] 99000 size 24576
BRK [0x1ef2f000, 0x1ef2ffff] PGTABLE
BRK [0x1ef30000, 0x1ef30fff] PGTABLE
BRK [0x1ef31000, 0x1ef31fff] PGTABLE
BRK [0x1ef32000, 0x1ef32fff] PGTABLE
BRK [0x1ef33000, 0x1ef33fff] PGTABLE
BRK [0x1ef34000, 0x1ef34fff] PGTABLE
RAMDISK: [mem 0x35da0000-0x36ec7fff]
ACPI: Early table checksum verification disabled
ACPI: RSDP 0x00000000000FE020 000024 (v02 ACRSYS)
ACPI: XSDT 0x00000000BBAFE120 000064 (v01 ACRSYS ACRPRDCT 00000001      01000013)
ACPI: FACP 0x00000000BBAFD000 0000F4 (v04 ACRSYS ACRPRDCT 00000001 1025 01000013)
ACPI: DSDT 0x00000000BBAEE000 009329 (v01 ACRSYS ACRPRDCT 00000001 1025 01000013)
ACPI: FACS 0x00000000BBA8F000 000040
ACPI: FACS 0x00000000BBA8F000 000040
ACPI: HPET 0x00000000BBAFC000 000038 (v01 ACRSYS ACRPRDCT 00000001 1025 01000013)
ACPI: APIC 0x00000000BBAFB000 00006C (v02 ACRSYS ACRPRDCT 00000001 1025 01000013)
ACPI: MCFG 0x00000000BBAFA000 00003C (v01 ACRSYS ACRPRDCT 00000001 1025 01000013)
ACPI: ASF! 0x00000000BBAF9000 0000A5 (v32 ACRSYS ACRPRDCT 00000001 1025 01000013)
ACPI: SLIC 0x00000000BBAF8000 000176 (v01 ACRSYS ACRPRDCT 00000001 1025 01000013)
ACPI: BOOT 0x00000000BBAED000 000028 (v01 ACRSYS ACRPRDCT 00000001 1025 01000013)
ACPI: SSDT 0x00000000BBAEC000 000655 (v01 PmRef  CpuPm    00003000 INTL 20051117)
ACPI: Local APIC address 0xfee00000
No NUMA configuration found
Faking a node at [mem 0x0000000000000000-0x000000013fffffff]
NODE_DATA(0) allocated [mem 0x13fff8000-0x13fffcfff]
Zone ranges:
  DMA      [mem 0x0000000000001000-0x0000000000ffffff]
  DMA32    [mem 0x0000000001000000-0x00000000ffffffff]
  Normal   [mem 0x0000000100000000-0x000000013fffffff]
  Device   empty
Movable zone start for each node
Early memory node ranges
  node   0: [mem 0x0000000000001000-0x000000000009efff]
  node   0: [mem 0x0000000000100000-0x00000000bb973fff]
  node   0: [mem 0x00000000bb9bf000-0x00000000bba82fff]
  node   0: [mem 0x00000000bbabf000-0x00000000bbaebfff]
  node   0: [mem 0x00000000bbaff000-0x00000000bbafffff]
  node   0: [mem 0x0000000100000000-0x000000013fffffff]
Initmem setup node 0 [mem 0x0000000000001000-0x000000013fffffff]
On node 0 totalpages: 1030660
  DMA zone: 64 pages used for memmap
  DMA zone: 21 pages reserved
  DMA zone: 3998 pages, LIFO batch:0
  DMA32 zone: 11946 pages used for memmap
  DMA32 zone: 764518 pages, LIFO batch:31
  Normal zone: 4096 pages used for memmap
  Normal zone: 262144 pages, LIFO batch:31
Reserving Intel graphics memory at 0x00000000bc000000-0x00000000bfffffff
ACPI: PM-Timer IO Port: 0x408
ACPI: Local APIC address 0xfee00000
IOAPIC[0]: apic_id 4, version 32, address 0xfec00000, GSI 0-23
ACPI: INT_SRC_OVR (bus 0 bus_irq 0 global_irq 2 dfl dfl)
ACPI: INT_SRC_OVR (bus 0 bus_irq 9 global_irq 9 high level)
ACPI: IRQ0 used by override.
ACPI: IRQ9 used by override.
Using ACPI (MADT) for SMP configuration information
ACPI: HPET id: 0x8086a201 base: 0xfed00000
smpboot: Allowing 4 CPUs, 2 hotplug CPUs
PM: Registered nosave memory: [mem 0x00000000-0x00000fff]
PM: Registered nosave memory: [mem 0x0009f000-0x0009ffff]
PM: Registered nosave memory: [mem 0x000a0000-0x000dffff]
PM: Registered nosave memory: [mem 0x000e0000-0x000fffff]
PM: Registered nosave memory: [mem 0xbb974000-0xbb9befff]
PM: Registered nosave memory: [mem 0xbba83000-0xbbabefff]
PM: Registered nosave memory: [mem 0xbbaec000-0xbbafefff]
PM: Registered nosave memory: [mem 0xbbb00000-0xbfffffff]
PM: Registered nosave memory: [mem 0xc0000000-0xf7ffffff]
PM: Registered nosave memory: [mem 0xf8000000-0xfbffffff]
PM: Registered nosave memory: [mem 0xfc000000-0xfebfffff]
PM: Registered nosave memory: [mem 0xfec00000-0xfec00fff]
PM: Registered nosave memory: [mem 0xfec01000-0xfed0ffff]
PM: Registered nosave memory: [mem 0xfed10000-0xfed13fff]
PM: Registered nosave memory: [mem 0xfed14000-0xfed17fff]
PM: Registered nosave memory: [mem 0xfed18000-0xfed19fff]
PM: Registered nosave memory: [mem 0xfed1a000-0xfed1bfff]
PM: Registered nosave memory: [mem 0xfed1c000-0xfed1ffff]
PM: Registered nosave memory: [mem 0xfed20000-0xfedfffff]
PM: Registered nosave memory: [mem 0xfee00000-0xfee00fff]
PM: Registered nosave memory: [mem 0xfee01000-0xffefffff]
PM: Registered nosave memory: [mem 0xfff00000-0xffffffff]
e820: [mem 0xc0000000-0xf7ffffff] available for PCI devices
Booting paravirtualized kernel on bare hardware
clocksource: refined-jiffies: mask: 0xffffffff max_cycles: 0xffffffff, max_idle_ns: 7645519600211568 ns
setup_percpu: NR_CPUS:512 nr_cpumask_bits:512 nr_cpu_ids:4 nr_node_ids:1
percpu: Embedded 35 pages/cpu @ffff94ecffc00000 s103512 r8192 d31656 u524288
pcpu-alloc: s103512 r8192 d31656 u524288 alloc=1*2097152
pcpu-alloc: [0] 0 1 2 3 
Built 1 zonelists in Node order, mobility grouping on.  Total pages: 1014533
Policy zone: Normal
Kernel command line: BOOT_IMAGE=/boot/vmlinuz-4.9.0-4-amd64 root=UUID=07edf193-9c61-4cdd-827c-0d6d1dacce48 ro quiet
PID hash table entries: 4096 (order: 3, 32768 bytes)
Calgary: detecting Calgary via BIOS EBDA area
Calgary: Unable to locate Rio Grande table in EBDA - bailing!
Memory: 3957248K/4122640K available (6196K kernel code, 1137K rwdata, 2856K rodata, 1396K init, 688K bss, 165392K reserved, 0K cma-reserved)
Hierarchical RCU implementation.
	Build-time adjustment of leaf fanout to 64.
	RCU restricting CPUs from NR_CPUS=512 to nr_cpu_ids=4.
RCU: Adjusting geometry for rcu_fanout_leaf=64, nr_cpu_ids=4
NR_IRQS:33024 nr_irqs:456 16
Console: colour VGA+ 80x25
console [tty0] enabled
clocksource: hpet: mask: 0xffffffff max_cycles: 0xffffffff, max_idle_ns: 133484882848 ns
hpet clockevent registered
tsc: Fast TSC calibration using PIT
tsc: Detected 2161.251 MHz processor
Calibrating delay loop (skipped), value calculated using timer frequency.. 4322.50 BogoMIPS (lpj=8645004)
pid_max: default: 32768 minimum: 301
ACPI: Core revision 20160831
ACPI: 2 ACPI AML tables successfully acquired and loaded
Security Framework initialized
Yama: disabled by default; enable with sysctl kernel.yama.*
AppArmor: AppArmor disabled by boot time parameter
Dentry cache hash table entries: 524288 (order: 10, 4194304 bytes)
Inode-cache hash table entries: 262144 (order: 9, 2097152 bytes)
Mount-cache hash table entries: 8192 (order: 4, 65536 bytes)
Mountpoint-cache hash table entries: 8192 (order: 4, 65536 bytes)
CPU: Physical Processor ID: 0
CPU: Processor Core ID: 0
mce: CPU supports 6 MCE banks
process: using mwait in idle threads
Last level iTLB entries: 4KB 128, 2MB 4, 4MB 4
Last level dTLB entries: 4KB 256, 2MB 0, 4MB 32, 1GB 0
Freeing SMP alternatives memory: 24K
ftrace: allocating 25191 entries in 99 pages
smpboot: Max logical packages: 2
..TIMER: vector=0x30 apic1=0 pin1=2 apic2=-1 pin2=-1
smpboot: CPU0: Intel(R) Pentium(R) Dual  CPU  T3400  @ 2.16GHz (family: 0x6, model: 0xf, stepping: 0xd)
Performance Events: PEBS fmt0+, Core2 events, Intel PMU driver.
core: PEBS disabled due to CPU errata
... version:                2
... bit width:              40
... generic registers:      2
... value mask:             000000ffffffffff
... max period:             000000007fffffff
... fixed-purpose events:   3
... event mask:             0000000700000003
NMI watchdog: enabled on all CPUs, permanently consumes one hw-PMU counter.
x86: Booting SMP configuration:
.... node  #0, CPUs:      #1
x86: Booted up 1 node, 2 CPUs
smpboot: Total of 2 processors activated (8645.00 BogoMIPS)
devtmpfs: initialized
x86/mm: Memory block size: 128MB
PM: Registering ACPI NVS region [mem 0xbba83000-0xbbabefff] (245760 bytes)
clocksource: jiffies: mask: 0xffffffff max_cycles: 0xffffffff, max_idle_ns: 7645041785100000 ns
futex hash table entries: 1024 (order: 4, 65536 bytes)
pinctrl core: initialized pinctrl subsystem
NET: Registered protocol family 16
cpuidle: using governor ladder
cpuidle: using governor menu
Simple Boot Flag value 0x5 read from CMOS RAM was invalid
Simple Boot Flag at 0x44 set to 0x1
ACPI: bus type PCI registered
acpiphp: ACPI Hot Plug PCI Controller Driver version: 0.5
PCI: MMCONFIG for domain 0000 [bus 00-3f] at [mem 0xf8000000-0xfbffffff] (base 0xf8000000)
PCI: MMCONFIG at [mem 0xf8000000-0xfbffffff] reserved in E820
PCI: Using configuration type 1 for base access
mtrr: your CPUs had inconsistent variable MTRR settings
mtrr: probably your BIOS does not setup all CPUs.
mtrr: corrected configuration.
HugeTLB registered 2 MB page size, pre-allocated 0 pages
ACPI: Added _OSI(Module Device)
ACPI: Added _OSI(Processor Device)
ACPI: Added _OSI(3.0 _SCP Extensions)
ACPI: Added _OSI(Processor Aggregator Device)
ACPI: Executed 1 blocks of module-level executable AML code
ACPI: [Firmware Bug]: BIOS _OSI(Linux) query ignored
ACPI: Dynamic OEM Table Load:
ACPI: SSDT 0xFFFF94ECFA5C8400 000265 (v01 PmRef  Cpu0Ist  00003000 INTL 20051117)
ACPI: Dynamic OEM Table Load:
ACPI: SSDT 0xFFFF94ECFB0AA000 000537 (v01 PmRef  Cpu0Cst  00003001 INTL 20051117)
ACPI: Dynamic OEM Table Load:
ACPI: SSDT 0xFFFF94ECFA5CD000 0001CF (v01 PmRef  ApIst    00003000 INTL 20051117)
ACPI: Dynamic OEM Table Load:
ACPI: SSDT 0xFFFF94ECFA5CBCC0 00008D (v01 PmRef  ApCst    00003000 INTL 20051117)
ACPI : EC: EC started
ACPI : EC: interrupt blocked
ACPI: \_SB_.PCI0.LPC_.EC0_: Used as first EC
ACPI: \_SB_.PCI0.LPC_.EC0_: GPE=0x1c, EC_CMD/EC_SC=0x66, EC_DATA=0x62
ACPI: \_SB_.PCI0.LPC_.EC0_: Used as boot DSDT EC to handle transactions
ACPI: Interpreter enabled
ACPI: (supports S0 S3 S4 S5)
ACPI: Using IOAPIC for interrupt routing
PCI: Using host bridge windows from ACPI; if necessary, use "pci=nocrs" and report a bug
ACPI: PCI Root Bridge [PCI0] (domain 0000 [bus 00-ff])
acpi PNP0A08:00: _OSC: OS supports [ExtendedConfig ASPM ClockPM Segments MSI]
acpi PNP0A08:00: _OSC failed (AE_NOT_FOUND); disabling ASPM
acpi PNP0A08:00: [Firmware Info]: MMCONFIG for domain 0000 [bus 00-3f] only partially covers this bridge
PCI host bridge to bus 0000:00
pci_bus 0000:00: root bus resource [io  0x0000-0x0cf7 window]
pci_bus 0000:00: root bus resource [io  0x0d00-0xffff window]
pci_bus 0000:00: root bus resource [mem 0x000a0000-0x000bffff window]
pci_bus 0000:00: root bus resource [mem 0xc0000000-0xfebfffff window]
pci_bus 0000:00: root bus resource [bus 00-ff]
pci 0000:00:00.0: [8086:2a40] type 00 class 0x060000
DMAR: Forcing write-buffer flush capability
DMAR: Disabling IOMMU for graphics on this chipset
pci 0000:00:02.0: [8086:2a42] type 00 class 0x030000
pci 0000:00:02.0: reg 0x10: [mem 0xd0000000-0xd03fffff 64bit]
pci 0000:00:02.0: reg 0x18: [mem 0xc0000000-0xcfffffff 64bit pref]
pci 0000:00:02.0: reg 0x20: [io  0x6110-0x6117]
pci 0000:00:02.1: [8086:2a43] type 00 class 0x038000
pci 0000:00:02.1: reg 0x10: [mem 0xd4500000-0xd45fffff 64bit]
pci 0000:00:1a.0: [8086:2937] type 00 class 0x0c0300
pci 0000:00:1a.0: reg 0x20: [io  0x60e0-0x60ff]
pci 0000:00:1a.1: [8086:2938] type 00 class 0x0c0300
pci 0000:00:1a.1: reg 0x20: [io  0x60c0-0x60df]
pci 0000:00:1a.7: [8086:293c] type 00 class 0x0c0320
pci 0000:00:1a.7: reg 0x10: [mem 0xd8805c00-0xd8805fff]
pci 0000:00:1a.7: PME# supported from D0 D3hot D3cold
pci 0000:00:1b.0: [8086:293e] type 00 class 0x040300
pci 0000:00:1b.0: reg 0x10: [mem 0xd8800000-0xd8803fff 64bit]
pci 0000:00:1b.0: PME# supported from D0 D3hot D3cold
pci 0000:00:1b.0: System wakeup disabled by ACPI
pci 0000:00:1c.0: [8086:2940] type 01 class 0x060400
pci 0000:00:1c.0: PME# supported from D0 D3hot D3cold
pci 0000:00:1c.1: [8086:2942] type 01 class 0x060400
pci 0000:00:1c.1: PME# supported from D0 D3hot D3cold
pci 0000:00:1c.2: [8086:2944] type 01 class 0x060400
pci 0000:00:1c.2: PME# supported from D0 D3hot D3cold
pci 0000:00:1c.2: System wakeup disabled by ACPI
pci 0000:00:1c.4: [8086:2948] type 01 class 0x060400
pci 0000:00:1c.4: PME# supported from D0 D3hot D3cold
pci 0000:00:1d.0: [8086:2934] type 00 class 0x0c0300
pci 0000:00:1d.0: reg 0x20: [io  0x60a0-0x60bf]
pci 0000:00:1d.0: System wakeup disabled by ACPI
pci 0000:00:1d.1: [8086:2935] type 00 class 0x0c0300
pci 0000:00:1d.1: reg 0x20: [io  0x6080-0x609f]
pci 0000:00:1d.1: System wakeup disabled by ACPI
pci 0000:00:1d.2: [8086:2936] type 00 class 0x0c0300
pci 0000:00:1d.2: reg 0x20: [io  0x6060-0x607f]
pci 0000:00:1d.2: System wakeup disabled by ACPI
pci 0000:00:1d.3: [8086:2939] type 00 class 0x0c0300
pci 0000:00:1d.3: reg 0x20: [io  0x6040-0x605f]
pci 0000:00:1d.7: [8086:293a] type 00 class 0x0c0320
pci 0000:00:1d.7: reg 0x10: [mem 0xd8805800-0xd8805bff]
pci 0000:00:1d.7: PME# supported from D0 D3hot D3cold
pci 0000:00:1d.7: System wakeup disabled by ACPI
pci 0000:00:1e.0: [8086:2448] type 01 class 0x060401
pci 0000:00:1f.0: [8086:2919] type 00 class 0x060100
pci 0000:00:1f.2: [8086:2929] type 00 class 0x010601
pci 0000:00:1f.2: reg 0x10: [io  0x6108-0x610f]
pci 0000:00:1f.2: reg 0x14: [io  0x611c-0x611f]
pci 0000:00:1f.2: reg 0x18: [io  0x6100-0x6107]
pci 0000:00:1f.2: reg 0x1c: [io  0x6118-0x611b]
pci 0000:00:1f.2: reg 0x20: [io  0x6020-0x603f]
pci 0000:00:1f.2: reg 0x24: [mem 0xd8805000-0xd88057ff]
pci 0000:00:1f.2: PME# supported from D3hot
pci 0000:00:1f.3: [8086:2930] type 00 class 0x0c0500
pci 0000:00:1f.3: reg 0x10: [mem 0xd8806000-0xd88060ff 64bit]
pci 0000:00:1f.3: reg 0x20: [io  0x6000-0x601f]
pci 0000:00:1f.6: [8086:2932] type 00 class 0x118000
pci 0000:00:1f.6: reg 0x10: [mem 0xd8804000-0xd8804fff 64bit]
acpiphp: Slot [1] registered
pci 0000:00:1c.0: PCI bridge to [bus 02]
pci 0000:00:1c.0:   bridge window [io  0x5000-0x5fff]
pci 0000:00:1c.0:   bridge window [mem 0xd7800000-0xd87fffff]
pci 0000:00:1c.0:   bridge window [mem 0xd0400000-0xd13fffff 64bit pref]
pci 0000:04:00.0: [168c:002a] type 00 class 0x028000
pci 0000:04:00.0: reg 0x10: [mem 0xd6700000-0xd670ffff 64bit]
pci 0000:04:00.0: supports D1
pci 0000:04:00.0: PME# supported from D0 D1 D3hot
pci 0000:04:00.0: disabling ASPM on pre-1.1 PCIe device.  You can enable it with 'pcie_aspm=force'
pci 0000:00:1c.1: PCI bridge to [bus 04]
pci 0000:00:1c.1:   bridge window [io  0x4000-0x4fff]
pci 0000:00:1c.1:   bridge window [mem 0xd6700000-0xd77fffff]
pci 0000:00:1c.1:   bridge window [mem 0xd1400000-0xd23fffff 64bit pref]
pci 0000:05:00.0: [10ec:8168] type 00 class 0x020000
pci 0000:05:00.0: reg 0x10: [io  0x2000-0x20ff]
pci 0000:05:00.0: reg 0x18: [mem 0xd2410000-0xd2410fff 64bit pref]
pci 0000:05:00.0: reg 0x20: [mem 0xd2400000-0xd240ffff 64bit pref]
pci 0000:05:00.0: reg 0x30: [mem 0xffff0000-0xffffffff pref]
pci 0000:05:00.0: supports D1 D2
pci 0000:05:00.0: PME# supported from D0 D1 D2 D3hot D3cold
pci 0000:00:1c.2: PCI bridge to [bus 05]
pci 0000:00:1c.2:   bridge window [io  0x2000-0x3fff]
pci 0000:00:1c.2:   bridge window [mem 0xd5700000-0xd66fffff]
pci 0000:00:1c.2:   bridge window [mem 0xd2400000-0xd34fffff 64bit pref]
acpiphp: Slot [1-1] registered
pci 0000:07:00.0: [197b:2382] type 00 class 0x088000
pci 0000:07:00.0: reg 0x10: [mem 0xd4600300-0xd46003ff]
pci 0000:07:00.0: reg 0x30: [mem 0xffff8000-0xffffffff pref]
pci 0000:07:00.2: [197b:2381] type 00 class 0x080501
pci 0000:07:00.2: reg 0x10: [mem 0xd4600200-0xd46002ff]
pci 0000:07:00.3: [197b:2383] type 00 class 0x088000
pci 0000:07:00.3: reg 0x10: [mem 0xd4600100-0xd46001ff]
pci 0000:07:00.4: [197b:2384] type 00 class 0x088000
pci 0000:07:00.4: reg 0x10: [mem 0xd4600000-0xd46000ff]
pci 0000:00:1c.4: PCI bridge to [bus 07]
pci 0000:00:1c.4:   bridge window [io  0x1000-0x1fff]
pci 0000:00:1c.4:   bridge window [mem 0xd4600000-0xd56fffff]
pci 0000:00:1c.4:   bridge window [mem 0xd3500000-0xd44fffff 64bit pref]
pci 0000:00:1e.0: PCI bridge to [bus 08] (subtractive decode)
pci 0000:00:1e.0:   bridge window [io  0x0000-0x0cf7 window] (subtractive decode)
pci 0000:00:1e.0:   bridge window [io  0x0d00-0xffff window] (subtractive decode)
pci 0000:00:1e.0:   bridge window [mem 0x000a0000-0x000bffff window] (subtractive decode)
pci 0000:00:1e.0:   bridge window [mem 0xc0000000-0xfebfffff window] (subtractive decode)
ACPI: PCI Interrupt Link [LNKA] (IRQs 3 4 5 7 9 10 *11 12)
ACPI: PCI Interrupt Link [LNKB] (IRQs 3 4 5 7 9 10 *11 12)
ACPI: PCI Interrupt Link [LNKC] (IRQs 3 4 5 7 9 10 *11 12)
ACPI: PCI Interrupt Link [LNKD] (IRQs 3 4 5 7 9 10 *11 12)
ACPI: PCI Interrupt Link [LNKE] (IRQs 3 4 5 7 9 10 11 12) *0, disabled.
ACPI: PCI Interrupt Link [LNKF] (IRQs 3 4 5 7 9 *10 11 12)
ACPI: PCI Interrupt Link [LNKG] (IRQs 3 4 5 7 9 10 *11 12)
ACPI: PCI Interrupt Link [LNKH] (IRQs 3 4 5 7 9 10 *11 12)
ACPI: Enabled 9 GPEs in block 00 to 3F
ACPI : EC: interrupt unblocked
ACPI : EC: event unblocked
ACPI: \_SB_.PCI0.LPC_.EC0_: GPE=0x1c, EC_CMD/EC_SC=0x66, EC_DATA=0x62
ACPI: \_SB_.PCI0.LPC_.EC0_: Used as boot DSDT EC to handle transactions and events
vgaarb: setting as boot device: PCI:0000:00:02.0
vgaarb: device added: PCI:0000:00:02.0,decodes=io+mem,owns=io+mem,locks=none
vgaarb: loaded
vgaarb: bridge control possible 0000:00:02.0
PCI: Using ACPI for IRQ routing
PCI: pci_cache_line_size set to 64 bytes
e820: reserve RAM buffer [mem 0x0009fc00-0x0009ffff]
e820: reserve RAM buffer [mem 0xbb974000-0xbbffffff]
e820: reserve RAM buffer [mem 0xbba83000-0xbbffffff]
e820: reserve RAM buffer [mem 0xbbaec000-0xbbffffff]
e820: reserve RAM buffer [mem 0xbbb00000-0xbbffffff]
HPET: 4 timers in total, 0 timers will be used for per-cpu timer
hpet0: at MMIO 0xfed00000, IRQs 2, 8, 0, 0
hpet0: 4 comparators, 64-bit 14.318180 MHz counter
clocksource: Switched to clocksource hpet
VFS: Disk quotas dquot_6.6.0
VFS: Dquot-cache hash table entries: 512 (order 0, 4096 bytes)
pnp: PnP ACPI init
pnp 00:00: disabling [io  0x164e-0x164f] because it overlaps 0000:00:1c.4 BAR 13 [io  0x1000-0x1fff]
system 00:00: [io  0x0600-0x060f] has been reserved
system 00:00: [io  0x0610] has been reserved
system 00:00: [io  0x0800-0x080f] has been reserved
system 00:00: [io  0x0810-0x0817] has been reserved
system 00:00: [io  0x0820-0x0823] has been reserved
system 00:00: [io  0x0400-0x047f] has been reserved
system 00:00: [io  0x0500-0x057f] has been reserved
system 00:00: [io  0xff2c-0xff2f] has been reserved
system 00:00: [mem 0xf8000000-0xfbffffff] has been reserved
system 00:00: [mem 0xfed1c000-0xfed1ffff] has been reserved
system 00:00: [mem 0xfed10000-0xfed13fff] has been reserved
system 00:00: [mem 0xfed18000-0xfed18fff] has been reserved
system 00:00: [mem 0xfed19000-0xfed19fff] has been reserved
system 00:00: [mem 0xfec00000-0xfec00fff] could not be reserved
system 00:00: [mem 0xfed20000-0xfed8ffff] has been reserved
system 00:00: [mem 0xfee00000-0xfee00fff] has been reserved
system 00:00: Plug and Play ACPI device, IDs PNP0c02 (active)
pnp 00:01: Plug and Play ACPI device, IDs PNP0b00 (active)
pnp 00:02: Plug and Play ACPI device, IDs PNP0303 (active)
pnp 00:03: Plug and Play ACPI device, IDs PNP0f13 (active)
pnp: PnP ACPI: found 4 devices
clocksource: acpi_pm: mask: 0xffffff max_cycles: 0xffffff, max_idle_ns: 2085701024 ns
pci 0000:05:00.0: can't claim BAR 6 [mem 0xffff0000-0xffffffff pref]: no compatible bridge window
pci 0000:07:00.0: can't claim BAR 6 [mem 0xffff8000-0xffffffff pref]: no compatible bridge window
pci 0000:00:1c.0: PCI bridge to [bus 02]
pci 0000:00:1c.0:   bridge window [io  0x5000-0x5fff]
pci 0000:00:1c.0:   bridge window [mem 0xd7800000-0xd87fffff]
pci 0000:00:1c.0:   bridge window [mem 0xd0400000-0xd13fffff 64bit pref]
pci 0000:00:1c.1: PCI bridge to [bus 04]
pci 0000:00:1c.1:   bridge window [io  0x4000-0x4fff]
pci 0000:00:1c.1:   bridge window [mem 0xd6700000-0xd77fffff]
pci 0000:00:1c.1:   bridge window [mem 0xd1400000-0xd23fffff 64bit pref]
pci 0000:05:00.0: BAR 6: assigned [mem 0xd5700000-0xd570ffff pref]
pci 0000:00:1c.2: PCI bridge to [bus 05]
pci 0000:00:1c.2:   bridge window [io  0x2000-0x3fff]
pci 0000:00:1c.2:   bridge window [mem 0xd5700000-0xd66fffff]
pci 0000:00:1c.2:   bridge window [mem 0xd2400000-0xd34fffff 64bit pref]
pci 0000:07:00.0: BAR 6: assigned [mem 0xd4608000-0xd460ffff pref]
pci 0000:00:1c.4: PCI bridge to [bus 07]
pci 0000:00:1c.4:   bridge window [io  0x1000-0x1fff]
pci 0000:00:1c.4:   bridge window [mem 0xd4600000-0xd56fffff]
pci 0000:00:1c.4:   bridge window [mem 0xd3500000-0xd44fffff 64bit pref]
pci 0000:00:1e.0: PCI bridge to [bus 08]
pci_bus 0000:00: resource 4 [io  0x0000-0x0cf7 window]
pci_bus 0000:00: resource 5 [io  0x0d00-0xffff window]
pci_bus 0000:00: resource 6 [mem 0x000a0000-0x000bffff window]
pci_bus 0000:00: resource 7 [mem 0xc0000000-0xfebfffff window]
pci_bus 0000:02: resource 0 [io  0x5000-0x5fff]
pci_bus 0000:02: resource 1 [mem 0xd7800000-0xd87fffff]
pci_bus 0000:02: resource 2 [mem 0xd0400000-0xd13fffff 64bit pref]
pci_bus 0000:04: resource 0 [io  0x4000-0x4fff]
pci_bus 0000:04: resource 1 [mem 0xd6700000-0xd77fffff]
pci_bus 0000:04: resource 2 [mem 0xd1400000-0xd23fffff 64bit pref]
pci_bus 0000:05: resource 0 [io  0x2000-0x3fff]
pci_bus 0000:05: resource 1 [mem 0xd5700000-0xd66fffff]
pci_bus 0000:05: resource 2 [mem 0xd2400000-0xd34fffff 64bit pref]
pci_bus 0000:07: resource 0 [io  0x1000-0x1fff]
pci_bus 0000:07: resource 1 [mem 0xd4600000-0xd56fffff]
pci_bus 0000:07: resource 2 [mem 0xd3500000-0xd44fffff 64bit pref]
pci_bus 0000:08: resource 4 [io  0x0000-0x0cf7 window]
pci_bus 0000:08: resource 5 [io  0x0d00-0xffff window]
pci_bus 0000:08: resource 6 [mem 0x000a0000-0x000bffff window]
pci_bus 0000:08: resource 7 [mem 0xc0000000-0xfebfffff window]
NET: Registered protocol family 2
TCP established hash table entries: 32768 (order: 6, 262144 bytes)
TCP bind hash table entries: 32768 (order: 7, 524288 bytes)
TCP: Hash tables configured (established 32768 bind 32768)
UDP hash table entries: 2048 (order: 4, 65536 bytes)
UDP-Lite hash table entries: 2048 (order: 4, 65536 bytes)
NET: Registered protocol family 1
pci 0000:00:02.0: Video device with shadowed ROM at [mem 0x000c0000-0x000dffff]
PCI: CLS 64 bytes, default 64
Unpacking initramfs...
Freeing initrd memory: 17568K
PCI-DMA: Using software bounce buffering for IO (SWIOTLB)
software IO TLB [mem 0xb7974000-0xbb974000] (64MB) mapped at [ffff94ec77974000-ffff94ec7b973fff]
audit: initializing netlink subsys (disabled)
audit: type=2000 audit(1523909203.204:1): initialized
workingset: timestamp_bits=40 max_order=20 bucket_order=0
zbud: loaded
Block layer SCSI generic (bsg) driver version 0.4 loaded (major 250)
io scheduler noop registered
io scheduler deadline registered
io scheduler cfq registered (default)
pcieport 0000:00:1c.0: enabling device (0001 -> 0003)
pci_hotplug: PCI Hot Plug PCI Core version: 0.5
pciehp: PCI Express Hot Plug Controller Driver version: 0.4
intel_idle: does not run on family 6 model 15
Monitor-Mwait will be used to enter C-1 state
Monitor-Mwait will be used to enter C-2 state
tsc: Marking TSC unstable due to TSC halts in idle
GHES: HEST is not enabled!
Linux agpgart interface v0.103
AMD IOMMUv2 driver by Joerg Roedel <jroedel@suse.de>
AMD IOMMUv2 functionality not available on this system
i8042: PNP: PS/2 Controller [PNP0303:KBC0,PNP0f13:MSE0] at 0x60,0x64 irq 1,12
serio: i8042 KBD port at 0x60,0x64 irq 1
serio: i8042 AUX port at 0x60,0x64 irq 12
mousedev: PS/2 mouse device common for all mice
rtc_cmos 00:01: RTC can wake from S4
rtc_cmos 00:01: rtc core: registered rtc_cmos as rtc0
rtc_cmos 00:01: alarms up to one month, 242 bytes nvram, hpet irqs
ledtrig-cpu: registered to indicate activity on CPUs
NET: Registered protocol family 10
mip6: Mobile IPv6
NET: Registered protocol family 17
mpls_gso: MPLS GSO support
microcode: sig=0x6fd, pf=0x80, revision=0xa3
microcode: Microcode Update Driver: v2.01 <tigran@aivazian.fsnet.co.uk>, Peter Oruba
registered taskstats version 1
zswap: loaded using pool lzo/zbud
ima: No TPM chip found, activating TPM-bypass!
rtc_cmos 00:01: setting system clock to 2018-04-16 20:06:43 UTC (1523909203)
PM: Hibernation image not present or could not be loaded.
Freeing unused kernel memory: 1396K
Write protecting the kernel read-only data: 12288k
Freeing unused kernel memory: 1980K
Freeing unused kernel memory: 1240K
x86/mm: Checked W+X mappings: passed, no W+X pages found.
input: AT Translated Set 2 keyboard as /devices/platform/i8042/serio0/input/input0
random: systemd-udevd: uninitialized urandom read (16 bytes read)
random: systemd-udevd: uninitialized urandom read (16 bytes read)
random: systemd-udevd: uninitialized urandom read (16 bytes read)
random: udevadm: uninitialized urandom read (16 bytes read)
random: udevadm: uninitialized urandom read (16 bytes read)
random: udevadm: uninitialized urandom read (16 bytes read)
random: udevadm: uninitialized urandom read (16 bytes read)
random: udevadm: uninitialized urandom read (16 bytes read)
random: udevadm: uninitialized urandom read (16 bytes read)
random: udevadm: uninitialized urandom read (16 bytes read)
ACPI: bus type USB registered
usbcore: registered new interface driver usbfs
usbcore: registered new interface driver hub
usbcore: registered new device driver usb
ehci_hcd: USB 2.0 'Enhanced' Host Controller (EHCI) Driver
uhci_hcd: USB Universal Host Controller Interface driver
uhci_hcd 0000:00:1a.0: UHCI Host Controller
uhci_hcd 0000:00:1a.0: new USB bus registered, assigned bus number 1
uhci_hcd 0000:00:1a.0: detected 2 ports
uhci_hcd 0000:00:1a.0: irq 20, io base 0x000060e0
ehci-pci: EHCI PCI platform driver
r8169 Gigabit Ethernet driver 2.3LK-NAPI loaded
r8169 0000:05:00.0: can't disable ASPM; OS doesn't have ASPM control
usb usb1: New USB device found, idVendor=1d6b, idProduct=0001
usb usb1: New USB device strings: Mfr=3, Product=2, SerialNumber=1
usb usb1: Product: UHCI Host Controller
usb usb1: Manufacturer: Linux 4.9.0-4-amd64 uhci_hcd
usb usb1: SerialNumber: 0000:00:1a.0
r8169 0000:05:00.0 eth0: RTL8168c/8111c at 0xffffb7944068d000, 00:1e:ec:d6:d5:47, XID 1c2000c0 IRQ 28
r8169 0000:05:00.0 eth0: jumbo features [frames: 6128 bytes, tx checksumming: ko]
hub 1-0:1.0: USB hub found
hub 1-0:1.0: 2 ports detected
ehci-pci 0000:00:1a.7: EHCI Host Controller
ehci-pci 0000:00:1a.7: new USB bus registered, assigned bus number 2
ehci-pci 0000:00:1a.7: debug port 1
ehci-pci 0000:00:1a.7: cache line size of 64 is not supported
sdhci: Secure Digital Host Controller Interface driver
sdhci: Copyright(c) Pierre Ossman
sdhci-pci 0000:07:00.0: SDHCI controller found [197b:2382] (rev 0)
ehci-pci 0000:00:1a.7: irq 21, io mem 0xd8805c00
mmc0: SDHCI controller on PCI [0000:07:00.0] using ADMA
sdhci-pci 0000:07:00.2: SDHCI controller found [197b:2381] (rev 0)
sdhci-pci 0000:07:00.2: Refusing to bind to secondary interface.
ehci-pci 0000:00:1a.7: USB 2.0 started, EHCI 1.00
usb usb2: New USB device found, idVendor=1d6b, idProduct=0002
usb usb2: New USB device strings: Mfr=3, Product=2, SerialNumber=1
usb usb2: Product: EHCI Host Controller
usb usb2: Manufacturer: Linux 4.9.0-4-amd64 ehci_hcd
usb usb2: SerialNumber: 0000:00:1a.7
hub 2-0:1.0: USB hub found
hub 2-0:1.0: 4 ports detected
SCSI subsystem initialized
libata version 3.00 loaded.
hub 1-0:1.0: USB hub found
hub 1-0:1.0: 2 ports detected
thermal LNXTHERM:00: registered as thermal_zone0
ACPI: Thermal Zone [TZ01] (65 C)
ehci-pci 0000:00:1d.7: EHCI Host Controller
ehci-pci 0000:00:1d.7: new USB bus registered, assigned bus number 3
ehci-pci 0000:00:1d.7: debug port 1
ehci-pci 0000:00:1d.7: cache line size of 64 is not supported
ehci-pci 0000:00:1d.7: irq 23, io mem 0xd8805800
ehci-pci 0000:00:1d.7: USB 2.0 started, EHCI 1.00
usb usb3: New USB device found, idVendor=1d6b, idProduct=0002
usb usb3: New USB device strings: Mfr=3, Product=2, SerialNumber=1
usb usb3: Product: EHCI Host Controller
usb usb3: Manufacturer: Linux 4.9.0-4-amd64 ehci_hcd
usb usb3: SerialNumber: 0000:00:1d.7
hub 3-0:1.0: USB hub found
hub 3-0:1.0: 8 ports detected
uhci_hcd 0000:00:1a.1: UHCI Host Controller
uhci_hcd 0000:00:1a.1: new USB bus registered, assigned bus number 4
uhci_hcd 0000:00:1a.1: detected 2 ports
uhci_hcd 0000:00:1a.1: irq 21, io base 0x000060c0
usb usb4: New USB device found, idVendor=1d6b, idProduct=0001
usb usb4: New USB device strings: Mfr=3, Product=2, SerialNumber=1
usb usb4: Product: UHCI Host Controller
usb usb4: Manufacturer: Linux 4.9.0-4-amd64 uhci_hcd
usb usb4: SerialNumber: 0000:00:1a.1
hub 4-0:1.0: USB hub found
hub 4-0:1.0: 2 ports detected
uhci_hcd 0000:00:1d.0: UHCI Host Controller
uhci_hcd 0000:00:1d.0: new USB bus registered, assigned bus number 5
uhci_hcd 0000:00:1d.0: detected 2 ports
uhci_hcd 0000:00:1d.0: irq 23, io base 0x000060a0
usb usb5: New USB device found, idVendor=1d6b, idProduct=0001
usb usb5: New USB device strings: Mfr=3, Product=2, SerialNumber=1
usb usb5: Product: UHCI Host Controller
usb usb5: Manufacturer: Linux 4.9.0-4-amd64 uhci_hcd
usb usb5: SerialNumber: 0000:00:1d.0
hub 5-0:1.0: USB hub found
hub 5-0:1.0: 2 ports detected
uhci_hcd 0000:00:1d.1: UHCI Host Controller
uhci_hcd 0000:00:1d.1: new USB bus registered, assigned bus number 6
uhci_hcd 0000:00:1d.1: detected 2 ports
uhci_hcd 0000:00:1d.1: irq 19, io base 0x00006080
usb usb6: New USB device found, idVendor=1d6b, idProduct=0001
usb usb6: New USB device strings: Mfr=3, Product=2, SerialNumber=1
usb usb6: Product: UHCI Host Controller
usb usb6: Manufacturer: Linux 4.9.0-4-amd64 uhci_hcd
usb usb6: SerialNumber: 0000:00:1d.1
hub 6-0:1.0: USB hub found
hub 6-0:1.0: 2 ports detected
uhci_hcd 0000:00:1d.2: UHCI Host Controller
uhci_hcd 0000:00:1d.2: new USB bus registered, assigned bus number 7
uhci_hcd 0000:00:1d.2: detected 2 ports
uhci_hcd 0000:00:1d.2: irq 20, io base 0x00006060
usb usb7: New USB device found, idVendor=1d6b, idProduct=0001
usb usb7: New USB device strings: Mfr=3, Product=2, SerialNumber=1
usb usb7: Product: UHCI Host Controller
usb usb7: Manufacturer: Linux 4.9.0-4-amd64 uhci_hcd
usb usb7: SerialNumber: 0000:00:1d.2
hub 7-0:1.0: USB hub found
hub 7-0:1.0: 2 ports detected
i801_smbus 0000:00:1f.3: SMBus using PCI interrupt
ahci 0000:00:1f.2: version 3.0
ahci 0000:00:1f.2: SSS flag set, parallel bus scan disabled
ahci 0000:00:1f.2: AHCI 0001.0200 32 slots 4 ports 3 Gbps 0x3 impl SATA mode
ahci 0000:00:1f.2: flags: 64bit ncq sntf ilck stag pm led clo pmp pio slum part ccc ems sxs 
r8169 0000:05:00.0 enp5s0: renamed from eth0
scsi host0: ahci
scsi host1: ahci
scsi host2: ahci
scsi host3: ahci
ata1: SATA max UDMA/133 abar m2048@0xd8805000 port 0xd8805100 irq 29
ata2: SATA max UDMA/133 abar m2048@0xd8805000 port 0xd8805180 irq 29
ata3: DUMMY
ata4: DUMMY
uhci_hcd 0000:00:1d.3: UHCI Host Controller
uhci_hcd 0000:00:1d.3: new USB bus registered, assigned bus number 8
uhci_hcd 0000:00:1d.3: detected 2 ports
uhci_hcd 0000:00:1d.3: irq 18, io base 0x00006040
usb usb8: New USB device found, idVendor=1d6b, idProduct=0001
usb usb8: New USB device strings: Mfr=3, Product=2, SerialNumber=1
usb usb8: Product: UHCI Host Controller
usb usb8: Manufacturer: Linux 4.9.0-4-amd64 uhci_hcd
usb usb8: SerialNumber: 0000:00:1d.3
hub 8-0:1.0: USB hub found
hub 8-0:1.0: 2 ports detected
usb 3-1: new high-speed USB device number 2 using ehci-pci
usb 3-1: New USB device found, idVendor=154b, idProduct=00ee
usb 3-1: New USB device strings: Mfr=1, Product=2, SerialNumber=3
usb 3-1: Product: USB 2.0 FD
usb 3-1: Manufacturer: PNY
usb 3-1: SerialNumber: 90008305B72AFF35
usb-storage 3-1:1.0: USB Mass Storage device detected
scsi host4: usb-storage 3-1:1.0
usbcore: registered new interface driver usb-storage
usbcore: registered new interface driver uas
random: fast init done
ata1: SATA link up 3.0 Gbps (SStatus 123 SControl 300)
clocksource: tsc: mask: 0xffffffffffffffff max_cycles: 0x1f273616edf, max_idle_ns: 440795287195 ns
ata1.00: ATA-8: WDC WD2500BEVT-22ZCT0, 11.01A11, max UDMA/133
ata1.00: 488397168 sectors, multi 16: LBA48 NCQ (depth 31/32), AA
ata1.00: configured for UDMA/133
scsi 0:0:0:0: Direct-Access     ATA      WDC WD2500BEVT-2 1A11 PQ: 0 ANSI: 5
ata2: SATA link up 1.5 Gbps (SStatus 113 SControl 300)
ata2.00: ATAPI: Slimtype DVD A  DS8A2S, 6A11, max UDMA/100
ata2.00: configured for UDMA/100
scsi 1:0:0:0: CD-ROM            Slimtype DVD A  DS8A2S    6A11 PQ: 0 ANSI: 5
sd 0:0:0:0: [sda] 488397168 512-byte logical blocks: (250 GB/233 GiB)
sd 0:0:0:0: [sda] Write Protect is off
sd 0:0:0:0: [sda] Mode Sense: 00 3a 00 00
sd 0:0:0:0: [sda] Write cache: enabled, read cache: enabled, doesn't support DPO or FUA
sr 1:0:0:0: [sr0] scsi3-mmc drive: 24x/6x writer dvd-ram cd/rw xa/form2 cdda pop-up
cdrom: Uniform CD-ROM driver Revision: 3.20
sr 1:0:0:0: Attached scsi CD-ROM sr0
input: AlpsPS/2 ALPS GlidePoint as /devices/platform/i8042/serio1/input/input2
 sda: sda1 sda2 sda3 sda4 < sda5 sda6 >
sd 0:0:0:0: [sda] Attached SCSI disk
scsi 4:0:0:0: Direct-Access     PNY      USB 2.0 FD       PMAP PQ: 0 ANSI: 7
sd 4:0:0:0: [sdb] 60628992 512-byte logical blocks: (31.0 GB/28.9 GiB)
sd 4:0:0:0: [sdb] Write Protect is off
sd 4:0:0:0: [sdb] Mode Sense: 23 00 00 00
sd 4:0:0:0: [sdb] No Caching mode page found
sd 4:0:0:0: [sdb] Assuming drive cache: write through
 sdb: sdb1 sdb2 sdb3
sd 4:0:0:0: [sdb] Attached SCSI removable disk
random: crng init done
EXT4-fs (sdb3): mounted filesystem without journal. Opts: (null)
ip_tables: (C) 2000-2006 Netfilter Core Team
systemd[1]: systemd 232 running in system mode. (+PAM +AUDIT +SELINUX +IMA +APPARMOR +SMACK +SYSVINIT +UTMP +LIBCRYPTSETUP +GCRYPT +GNUTLS +ACL +XZ +LZ4 +SECCOMP +BLKID +ELFUTILS +KMOD +IDN)
systemd[1]: Detected architecture x86-64.
systemd[1]: Set hostname to <Spectre>.
systemd[1]: Listening on udev Control Socket.
systemd[1]: Started Forward Password Requests to Wall Directory Watch.
systemd[1]: Set up automount Arbitrary Executable File Formats File System Automount Point.
systemd[1]: Listening on Journal Audit Socket.
systemd[1]: Started Dispatch Password Requests to Console Directory Watch.
systemd[1]: Reached target Remote File Systems.
systemd[1]: Listening on fsck to fsckd communication Socket.
EXT4-fs (sdb3): re-mounted. Opts: errors=remount-ro
systemd-journald[267]: Received request to flush runtime journal from PID 1
input: Power Button as /devices/LNXSYSTM:00/LNXSYBUS:00/PNP0A08:00/device:0b/PNP0C0C:00/input/input3
ACPI: Power Button [PWRB]
input: Lid Switch as /devices/LNXSYSTM:00/LNXSYBUS:00/PNP0A08:00/device:0b/PNP0C0D:00/input/input4
ACPI: Lid Switch [LID0]
input: Sleep Button as /devices/LNXSYSTM:00/LNXSYBUS:00/PNP0A08:00/device:0b/PNP0C0E:00/input/input5
ACPI: Sleep Button [SLPB]
input: Power Button as /devices/LNXSYSTM:00/LNXPWRBN:00/input/input6
ACPI: Power Button [PWRF]
wmi: Mapper loaded
shpchp: Standard Hot Plug PCI Controller Driver version: 0.4
ACPI: AC Adapter [AC] (on-line)
ACPI Warning: SystemIO range 0x0000000000000428-0x000000000000042F conflicts with OpRegion 0x0000000000000400-0x000000000000047F (\PMBA) (20160831/utaddress-247)
ACPI: If an ACPI driver is available for this device, you should use it instead of the native driver
ACPI Warning: SystemIO range 0x0000000000000530-0x000000000000053F conflicts with OpRegion 0x0000000000000500-0x000000000000053B (\GPIO) (20160831/utaddress-247)
ACPI: If an ACPI driver is available for this device, you should use it instead of the native driver
ACPI Warning: SystemIO range 0x0000000000000500-0x000000000000052F conflicts with OpRegion 0x0000000000000500-0x000000000000053B (\GPIO) (20160831/utaddress-247)
ACPI: If an ACPI driver is available for this device, you should use it instead of the native driver
lpc_ich: Resource conflict(s) found affecting gpio_ich
sd 0:0:0:0: Attached scsi generic sg0 type 0
sr 1:0:0:0: Attached scsi generic sg1 type 5
sd 4:0:0:0: Attached scsi generic sg2 type 0
[drm] Initialized
snd_hda_codec_realtek hdaudioC0D0: autoconfig for ALC268: line_outs=1 (0x14/0x0/0x0/0x0/0x0) type:speaker
snd_hda_codec_realtek hdaudioC0D0:    speaker_outs=0 (0x0/0x0/0x0/0x0/0x0)
snd_hda_codec_realtek hdaudioC0D0:    hp_outs=1 (0x15/0x0/0x0/0x0/0x0)
snd_hda_codec_realtek hdaudioC0D0:    mono: mono_out=0x0
snd_hda_codec_realtek hdaudioC0D0:    inputs:
snd_hda_codec_realtek hdaudioC0D0:      Internal Mic=0x19
snd_hda_codec_realtek hdaudioC0D0:      Mic=0x18
snd_hda_codec_realtek hdaudioC0D0:      Line=0x1a
input: HDA Digital PCBeep as /devices/pci0000:00/0000:00:1b.0/sound/card0/input7
input: HDA Intel Mic as /devices/pci0000:00/0000:00:1b.0/sound/card0/input8
input: HDA Intel Line as /devices/pci0000:00/0000:00:1b.0/sound/card0/input9
input: HDA Intel Front Headphone as /devices/pci0000:00/0000:00:1b.0/sound/card0/input10
input: PC Speaker as /devices/platform/pcspkr/input/input11
intel_powerclamp: No package C-state available
acer_wmi: Acer Laptop ACPI-WMI Extras
iTCO_vendor_support: vendor-support=0
iTCO_wdt: Intel TCO WatchDog Timer Driver v1.11
iTCO_wdt: Found a ICH9M TCO device (Version=2, TCOBASE=0x0460)
iTCO_wdt: initialized. heartbeat=30 sec (nowayout=0)
acer_wmi: Function bitmap for Communication Device: 0x1
pci 0000:00:00.0: Intel GM45 Chipset
pci 0000:00:00.0: detected gtt size: 2097152K total, 262144K mappable
pci 0000:00:00.0: detected 65536K stolen memory
[drm] Memory usable by graphics device = 2048M
[drm] Replacing VGA console driver
Console: switching to colour dummy device 80x25
[drm] Supports vblank timestamp caching Rev 2 (21.10.2013).
[drm] Driver supports precise vblank timestamp query.
vgaarb: device changed decodes: PCI:0000:00:02.0,olddecodes=io+mem,decodes=io+mem:owns=io+mem
[drm] RC6 disabled, disabling runtime PM support
ACPI: Video Device [OVGA] (multi-head: yes  rom: no  post: no)
acpi device:07: registered as cooling_device2
input: Video Bus as /devices/LNXSYSTM:00/LNXSYBUS:00/PNP0A08:00/LNXVIDEO:01/input/input12
[drm] Initialized i915 1.6.0 20160919 for 0000:00:02.0 on minor 0
fbcon: inteldrmfb (fb0) is primary device
ath: EEPROM regdomain: 0x65
ath: EEPROM indicates we should expect a direct regpair map
ath: Country alpha2 being used: 00
ath: Regpair used: 0x65
ieee80211 phy0: Selected rate control algorithm 'minstrel_ht'
ieee80211 phy0: Atheros AR9280 Rev:2 mem=0xffffb79440aa0000, irq=17
Console: switching to colour frame buffer device 160x50
i915 0000:00:02.0: fb0: inteldrmfb frame buffer device
ACPI: Battery Slot [BAT0] (battery present)
ath9k 0000:04:00.0 wlp4s0: renamed from wlan0
IPv6: ADDRCONF(NETDEV_UP): enp5s0: link is not ready
r8169 0000:05:00.0 enp5s0: link down
r8169 0000:05:00.0 enp5s0: link down
IPv6: ADDRCONF(NETDEV_UP): enp5s0: link is not ready
IPv6: ADDRCONF(NETDEV_UP): wlp4s0: link is not ready
IPv6: ADDRCONF(NETDEV_UP): wlp4s0: link is not ready
IPv6: ADDRCONF(NETDEV_UP): wlp4s0: link is not ready
r8169 0000:05:00.0 enp5s0: link up
IPv6: ADDRCONF(NETDEV_CHANGE): enp5s0: link becomes ready
IPv6: ADDRCONF(NETDEV_UP): wlp4s0: link is not ready
IPv6: ADDRCONF(NETDEV_UP): wlp4s0: link is not ready
IPv6: ADDRCONF(NETDEV_UP): wlp4s0: link is not ready
perf: interrupt took too long (2504 > 2500), lowering kernel.perf_event_max_sample_rate to 79750
perf: interrupt took too long (3133 > 3130), lowering kernel.perf_event_max_sample_rate to 63750
IPv6: ADDRCONF(NETDEV_UP): wlp4s0: link is not ready
perf: interrupt took too long (3918 > 3916), lowering kernel.perf_event_max_sample_rate to 51000
IPv6: ADDRCONF(NETDEV_UP): wlp4s0: link is not ready
perf: interrupt took too long (4908 > 4897), lowering kernel.perf_event_max_sample_rate to 40500
IPv6: ADDRCONF(NETDEV_UP): wlp4s0: link is not ready
perf: interrupt took too long (6165 > 6135), lowering kernel.perf_event_max_sample_rate to 32250
IPv6: ADDRCONF(NETDEV_UP): wlp4s0: link is not ready
IPv6: ADDRCONF(NETDEV_UP): wlp4s0: link is not ready
IPv6: ADDRCONF(NETDEV_UP): wlp4s0: link is not ready
IPv6: ADDRCONF(NETDEV_UP): wlp4s0: link is not ready
IPv6: ADDRCONF(NETDEV_UP): wlp4s0: link is not ready
IPv6: ADDRCONF(NETDEV_UP): wlp4s0: link is not ready
IPv6: ADDRCONF(NETDEV_UP): wlp4s0: link is not ready
IPv6: ADDRCONF(NETDEV_UP): wlp4s0: link is not ready
IPv6: ADDRCONF(NETDEV_UP): wlp4s0: link is not ready
IPv6: ADDRCONF(NETDEV_UP): wlp4s0: link is not ready
IPv6: ADDRCONF(NETDEV_UP): wlp4s0: link is not ready
IPv6: ADDRCONF(NETDEV_UP): wlp4s0: link is not ready
IPv6: ADDRCONF(NETDEV_UP): wlp4s0: link is not ready
