MemTotal:        6117844 kB
MemFree:         5532320 kB
MemAvailable:    5606124 kB
Buffers:           26740 kB
Cached:           272776 kB
SwapCached:            0 kB
Active:           332016 kB
Inactive:         130228 kB
Active(anon):     163560 kB
Inactive(anon):    25748 kB
Active(file):     168456 kB
Inactive(file):   104480 kB
Unevictable:          96 kB
Mlocked:              96 kB
SwapTotal:             0 kB
SwapFree:              0 kB
Dirty:               116 kB
Writeback:             4 kB
AnonPages:        162820 kB
Mapped:           110380 kB
Shmem:             26584 kB
Slab:              51048 kB
SReclaimable:      24100 kB
SUnreclaim:        26948 kB
KernelStack:        3504 kB
PageTables:        15816 kB
NFS_Unstable:          0 kB
Bounce:                0 kB
WritebackTmp:          0 kB
CommitLimit:     3058920 kB
Committed_AS:    1074268 kB
VmallocTotal:   34359738367 kB
VmallocUsed:           0 kB
VmallocChunk:          0 kB
HardwareCorrupted:     0 kB
AnonHugePages:     10240 kB
ShmemHugePages:        0 kB
ShmemPmdMapped:        0 kB
HugePages_Total:       0
HugePages_Free:        0
HugePages_Rsvd:        0
HugePages_Surp:        0
Hugepagesize:       2048 kB
DirectMap4k:       88680 kB
DirectMap2M:     2994176 kB
DirectMap1G:     4194304 kB
