MemTotal:        3788276 kB
MemFree:         3210212 kB
MemAvailable:    3313308 kB
Buffers:           28824 kB
Cached:           277452 kB
SwapCached:            0 kB
Active:           315040 kB
Inactive:         161016 kB
Active(anon):     170552 kB
Inactive(anon):    15528 kB
Active(file):     144488 kB
Inactive(file):   145488 kB
Unevictable:          96 kB
Mlocked:              96 kB
SwapTotal:             0 kB
SwapFree:              0 kB
Dirty:               128 kB
Writeback:            20 kB
AnonPages:        169872 kB
Mapped:           107632 kB
Shmem:             16304 kB
Slab:              50160 kB
SReclaimable:      28196 kB
SUnreclaim:        21964 kB
KernelStack:        3312 kB
PageTables:        15676 kB
NFS_Unstable:          0 kB
Bounce:                0 kB
WritebackTmp:          0 kB
CommitLimit:     1894136 kB
Committed_AS:    1080876 kB
VmallocTotal:   34359738367 kB
VmallocUsed:           0 kB
VmallocChunk:          0 kB
HardwareCorrupted:     0 kB
AnonHugePages:     10240 kB
ShmemHugePages:        0 kB
ShmemPmdMapped:        0 kB
HugePages_Total:       0
HugePages_Free:        0
HugePages_Rsvd:        0
HugePages_Surp:        0
Hugepagesize:       2048 kB
DirectMap4k:       70944 kB
DirectMap2M:     2807808 kB
DirectMap1G:     1048576 kB
