MemTotal:        3771480 kB
MemFree:         3246748 kB
MemAvailable:    3320308 kB
Buffers:           26684 kB
Cached:           253080 kB
SwapCached:            0 kB
Active:           274064 kB
Inactive:         156672 kB
Active(anon):     151924 kB
Inactive(anon):    15648 kB
Active(file):     122140 kB
Inactive(file):   141024 kB
Unevictable:          96 kB
Mlocked:              96 kB
SwapTotal:             0 kB
SwapFree:              0 kB
Dirty:               160 kB
Writeback:            20 kB
AnonPages:        151272 kB
Mapped:           105428 kB
Shmem:             16416 kB
Slab:              39664 kB
SReclaimable:      23008 kB
SUnreclaim:        16656 kB
KernelStack:        2960 kB
PageTables:        15448 kB
NFS_Unstable:          0 kB
Bounce:                0 kB
WritebackTmp:          0 kB
CommitLimit:     1885740 kB
Committed_AS:     980468 kB
VmallocTotal:   34359738367 kB
VmallocUsed:           0 kB
VmallocChunk:          0 kB
HardwareCorrupted:     0 kB
AnonHugePages:     10240 kB
ShmemHugePages:        0 kB
ShmemPmdMapped:        0 kB
HugePages_Total:       0
HugePages_Free:        0
HugePages_Rsvd:        0
HugePages_Surp:        0
Hugepagesize:       2048 kB
DirectMap4k:       72996 kB
DirectMap2M:     2789376 kB
DirectMap1G:     1048576 kB
