MemTotal:        6117844 kB
MemFree:         5522532 kB
MemAvailable:    5605512 kB
Buffers:           27836 kB
Cached:           280360 kB
SwapCached:            0 kB
Active:           340120 kB
Inactive:         130924 kB
Active(anon):     163704 kB
Inactive(anon):    25840 kB
Active(file):     176416 kB
Inactive(file):   105084 kB
Unevictable:          96 kB
Mlocked:              96 kB
SwapTotal:             0 kB
SwapFree:              0 kB
Dirty:               264 kB
Writeback:            24 kB
AnonPages:        162952 kB
Mapped:           110452 kB
Shmem:             26688 kB
Slab:              52316 kB
SReclaimable:      25324 kB
SUnreclaim:        26992 kB
KernelStack:        3504 kB
PageTables:        15808 kB
NFS_Unstable:          0 kB
Bounce:                0 kB
WritebackTmp:          0 kB
CommitLimit:     3058920 kB
Committed_AS:    1074540 kB
VmallocTotal:   34359738367 kB
VmallocUsed:           0 kB
VmallocChunk:          0 kB
HardwareCorrupted:     0 kB
AnonHugePages:     10240 kB
ShmemHugePages:        0 kB
ShmemPmdMapped:        0 kB
HugePages_Total:       0
HugePages_Free:        0
HugePages_Rsvd:        0
HugePages_Surp:        0
Hugepagesize:       2048 kB
DirectMap4k:       88680 kB
DirectMap2M:     2994176 kB
DirectMap1G:     4194304 kB
