MemTotal:        3996616 kB
MemFree:         3411628 kB
MemAvailable:    3487100 kB
Buffers:           30076 kB
Cached:           291584 kB
SwapCached:            0 kB
Active:           290660 kB
Inactive:         184884 kB
Active(anon):     154660 kB
Inactive(anon):    56132 kB
Active(file):     136000 kB
Inactive(file):   128752 kB
Unevictable:          96 kB
Mlocked:              96 kB
SwapTotal:             0 kB
SwapFree:              0 kB
Dirty:               144 kB
Writeback:             0 kB
AnonPages:        153992 kB
Mapped:           102904 kB
Shmem:             56908 kB
Slab:              58100 kB
SReclaimable:      32592 kB
SUnreclaim:        25508 kB
KernelStack:        3392 kB
PageTables:        14584 kB
NFS_Unstable:          0 kB
Bounce:                0 kB
WritebackTmp:          0 kB
CommitLimit:     1998308 kB
Committed_AS:     960608 kB
VmallocTotal:   34359738367 kB
VmallocUsed:           0 kB
VmallocChunk:          0 kB
HardwareCorrupted:     0 kB
AnonHugePages:     10240 kB
ShmemHugePages:        0 kB
ShmemPmdMapped:        0 kB
HugePages_Total:       0
HugePages_Free:        0
HugePages_Rsvd:        0
HugePages_Surp:        0
Hugepagesize:       2048 kB
DirectMap4k:       73984 kB
DirectMap2M:     4067328 kB
