MemTotal:       16319672 kB
MemFree:        15708868 kB
MemAvailable:   15757424 kB
Buffers:           26748 kB
Cached:           320296 kB
SwapCached:            0 kB
Active:           304696 kB
Inactive:         181492 kB
Active(anon):     139916 kB
Inactive(anon):    58392 kB
Active(file):     164780 kB
Inactive(file):   123100 kB
Unevictable:          96 kB
Mlocked:              96 kB
SwapTotal:             0 kB
SwapFree:              0 kB
Dirty:               132 kB
Writeback:            12 kB
AnonPages:        139236 kB
Mapped:            97600 kB
Shmem:             59168 kB
Slab:              47040 kB
SReclaimable:      24700 kB
SUnreclaim:        22340 kB
KernelStack:        3920 kB
PageTables:        14200 kB
NFS_Unstable:          0 kB
Bounce:                0 kB
WritebackTmp:          0 kB
CommitLimit:     8159836 kB
Committed_AS:     936104 kB
VmallocTotal:   34359738367 kB
VmallocUsed:           0 kB
VmallocChunk:          0 kB
HardwareCorrupted:     0 kB
AnonHugePages:     10240 kB
ShmemHugePages:        0 kB
ShmemPmdMapped:        0 kB
HugePages_Total:       0
HugePages_Free:        0
HugePages_Rsvd:        0
HugePages_Surp:        0
Hugepagesize:       2048 kB
DirectMap4k:      131160 kB
DirectMap2M:    16529408 kB
