MemTotal:        3996616 kB
MemFree:         3413684 kB
MemAvailable:    3487172 kB
Buffers:           29828 kB
Cached:           290132 kB
SwapCached:            0 kB
Active:           289548 kB
Inactive:         184544 kB
Active(anon):     154888 kB
Inactive(anon):    56136 kB
Active(file):     134660 kB
Inactive(file):   128408 kB
Unevictable:          96 kB
Mlocked:              96 kB
SwapTotal:             0 kB
SwapFree:              0 kB
Dirty:               180 kB
Writeback:             0 kB
AnonPages:        154024 kB
Mapped:           102748 kB
Shmem:             56892 kB
Slab:              57440 kB
SReclaimable:      31988 kB
SUnreclaim:        25452 kB
KernelStack:        3392 kB
PageTables:        14520 kB
NFS_Unstable:          0 kB
Bounce:                0 kB
WritebackTmp:          0 kB
CommitLimit:     1998308 kB
Committed_AS:     961692 kB
VmallocTotal:   34359738367 kB
VmallocUsed:           0 kB
VmallocChunk:          0 kB
HardwareCorrupted:     0 kB
AnonHugePages:      6144 kB
ShmemHugePages:        0 kB
ShmemPmdMapped:        0 kB
HugePages_Total:       0
HugePages_Free:        0
HugePages_Rsvd:        0
HugePages_Surp:        0
Hugepagesize:       2048 kB
DirectMap4k:       73984 kB
DirectMap2M:     4067328 kB
