MemTotal:        3996616 kB
MemFree:         3412800 kB
MemAvailable:    3487200 kB
Buffers:           29956 kB
Cached:           290792 kB
SwapCached:            0 kB
Active:           289728 kB
Inactive:         184928 kB
Active(anon):     154672 kB
Inactive(anon):    56140 kB
Active(file):     135056 kB
Inactive(file):   128788 kB
Unevictable:          96 kB
Mlocked:              96 kB
SwapTotal:             0 kB
SwapFree:              0 kB
Dirty:               480 kB
Writeback:            16 kB
AnonPages:        154000 kB
Mapped:           102784 kB
Shmem:             56908 kB
Slab:              57780 kB
SReclaimable:      32260 kB
SUnreclaim:        25520 kB
KernelStack:        3392 kB
PageTables:        14588 kB
NFS_Unstable:          0 kB
Bounce:                0 kB
WritebackTmp:          0 kB
CommitLimit:     1998308 kB
Committed_AS:     961636 kB
VmallocTotal:   34359738367 kB
VmallocUsed:           0 kB
VmallocChunk:          0 kB
HardwareCorrupted:     0 kB
AnonHugePages:     10240 kB
ShmemHugePages:        0 kB
ShmemPmdMapped:        0 kB
HugePages_Total:       0
HugePages_Free:        0
HugePages_Rsvd:        0
HugePages_Surp:        0
Hugepagesize:       2048 kB
DirectMap4k:       73984 kB
DirectMap2M:     4067328 kB
