MemTotal:        3958200 kB
MemFree:         3473088 kB
MemAvailable:    3482240 kB
Buffers:           25920 kB
Cached:           223132 kB
SwapCached:            0 kB
Active:           243096 kB
Inactive:         145852 kB
Active(anon):     140724 kB
Inactive(anon):    45820 kB
Active(file):     102372 kB
Inactive(file):   100032 kB
Unevictable:          96 kB
Mlocked:              96 kB
SwapTotal:             0 kB
SwapFree:              0 kB
Dirty:               112 kB
Writeback:             0 kB
AnonPages:        139988 kB
Mapped:            99836 kB
Shmem:             46652 kB
Slab:              44412 kB
SReclaimable:      22500 kB
SUnreclaim:        21912 kB
KernelStack:        3504 kB
PageTables:        14772 kB
NFS_Unstable:          0 kB
Bounce:                0 kB
WritebackTmp:          0 kB
CommitLimit:     1979100 kB
Committed_AS:     946672 kB
VmallocTotal:   34359738367 kB
VmallocUsed:           0 kB
VmallocChunk:          0 kB
HardwareCorrupted:     0 kB
AnonHugePages:      8192 kB
ShmemHugePages:        0 kB
ShmemPmdMapped:        0 kB
HugePages_Total:       0
HugePages_Free:        0
HugePages_Rsvd:        0
HugePages_Surp:        0
Hugepagesize:       2048 kB
DirectMap4k:       66296 kB
DirectMap2M:     4036608 kB
