MemTotal:        8065380 kB
MemFree:         7512408 kB
MemAvailable:    7509900 kB
Buffers:           25552 kB
Cached:           259144 kB
SwapCached:            0 kB
Active:           261504 kB
Inactive:         178384 kB
Active(anon):     155932 kB
Inactive(anon):    78852 kB
Active(file):     105572 kB
Inactive(file):    99532 kB
Unevictable:          96 kB
Mlocked:              96 kB
SwapTotal:             0 kB
SwapFree:              0 kB
Dirty:               120 kB
Writeback:             8 kB
AnonPages:        155284 kB
Mapped:           101924 kB
Shmem:             79596 kB
Slab:              46272 kB
SReclaimable:      23348 kB
SUnreclaim:        22924 kB
KernelStack:        3392 kB
PageTables:        14752 kB
NFS_Unstable:          0 kB
Bounce:                0 kB
WritebackTmp:          0 kB
CommitLimit:     4032688 kB
Committed_AS:     986596 kB
VmallocTotal:   34359738367 kB
VmallocUsed:           0 kB
VmallocChunk:          0 kB
HardwareCorrupted:     0 kB
AnonHugePages:     10240 kB
ShmemHugePages:        0 kB
ShmemPmdMapped:        0 kB
HugePages_Total:       0
HugePages_Free:        0
HugePages_Rsvd:        0
HugePages_Surp:        0
Hugepagesize:       2048 kB
DirectMap4k:       66496 kB
DirectMap2M:     4014080 kB
DirectMap1G:     5242880 kB
