MemTotal:        3771408 kB
MemFree:         2993448 kB
MemAvailable:    3272548 kB
Buffers:           83120 kB
Cached:           377508 kB
SwapCached:            0 kB
Active:           442040 kB
Inactive:         191684 kB
Active(anon):     173892 kB
Inactive(anon):    15756 kB
Active(file):     268148 kB
Inactive(file):   175928 kB
Unevictable:          96 kB
Mlocked:              96 kB
SwapTotal:             0 kB
SwapFree:              0 kB
Dirty:               172 kB
Writeback:            20 kB
AnonPages:        173188 kB
Mapped:           105864 kB
Shmem:             16556 kB
Slab:              89184 kB
SReclaimable:      72268 kB
SUnreclaim:        16916 kB
KernelStack:        2976 kB
PageTables:        15544 kB
NFS_Unstable:          0 kB
Bounce:                0 kB
WritebackTmp:          0 kB
CommitLimit:     1885704 kB
Committed_AS:    1019084 kB
VmallocTotal:   34359738367 kB
VmallocUsed:           0 kB
VmallocChunk:          0 kB
HardwareCorrupted:     0 kB
AnonHugePages:     10240 kB
ShmemHugePages:        0 kB
ShmemPmdMapped:        0 kB
HugePages_Total:       0
HugePages_Free:        0
HugePages_Rsvd:        0
HugePages_Surp:        0
Hugepagesize:       2048 kB
DirectMap4k:       79140 kB
DirectMap2M:     2783232 kB
DirectMap1G:     1048576 kB
