MemTotal:        8087756 kB
MemFree:         7568844 kB
MemAvailable:    7570180 kB
Buffers:           26408 kB
Cached:           228148 kB
SwapCached:            0 kB
Active:           261880 kB
Inactive:         139080 kB
Active(anon):     147312 kB
Inactive(anon):    45128 kB
Active(file):     114568 kB
Inactive(file):    93952 kB
Unevictable:          96 kB
Mlocked:              96 kB
SwapTotal:             0 kB
SwapFree:              0 kB
Dirty:                44 kB
Writeback:             0 kB
AnonPages:        146504 kB
Mapped:            97740 kB
Shmem:             46040 kB
Slab:              52064 kB
SReclaimable:      24348 kB
SUnreclaim:        27716 kB
KernelStack:        3632 kB
PageTables:        15304 kB
NFS_Unstable:          0 kB
Bounce:                0 kB
WritebackTmp:          0 kB
CommitLimit:     4043876 kB
Committed_AS:    1062804 kB
VmallocTotal:   34359738367 kB
VmallocUsed:           0 kB
VmallocChunk:          0 kB
HardwareCorrupted:     0 kB
AnonHugePages:     10240 kB
ShmemHugePages:        0 kB
ShmemPmdMapped:        0 kB
HugePages_Total:       0
HugePages_Free:        0
HugePages_Rsvd:        0
HugePages_Surp:        0
Hugepagesize:       2048 kB
DirectMap4k:       72464 kB
DirectMap2M:     4030464 kB
DirectMap1G:     5242880 kB
