MemTotal:        8087676 kB
MemFree:         7462784 kB
MemAvailable:    7565976 kB
Buffers:           29320 kB
Cached:           333412 kB
SwapCached:            0 kB
Active:           316556 kB
Inactive:         185436 kB
Active(anon):     140160 kB
Inactive(anon):    54452 kB
Active(file):     176396 kB
Inactive(file):   130984 kB
Unevictable:          96 kB
Mlocked:              96 kB
SwapTotal:             0 kB
SwapFree:              0 kB
Dirty:                 0 kB
Writeback:             0 kB
AnonPages:        139364 kB
Mapped:            98428 kB
Shmem:             55356 kB
Slab:              57208 kB
SReclaimable:      30420 kB
SUnreclaim:        26788 kB
KernelStack:        3384 kB
PageTables:        14572 kB
NFS_Unstable:          0 kB
Bounce:                0 kB
WritebackTmp:          0 kB
CommitLimit:     4043836 kB
Committed_AS:     923416 kB
VmallocTotal:   34359738367 kB
VmallocUsed:           0 kB
VmallocChunk:          0 kB
HardwareCorrupted:     0 kB
AnonHugePages:      8192 kB
ShmemHugePages:        0 kB
ShmemPmdMapped:        0 kB
HugePages_Total:       0
HugePages_Free:        0
HugePages_Rsvd:        0
HugePages_Surp:        0
Hugepagesize:       2048 kB
DirectMap4k:       68368 kB
DirectMap2M:     2985984 kB
DirectMap1G:     6291456 kB
