MemTotal:        3996536 kB
MemFree:         3427924 kB
MemAvailable:    3488764 kB
Buffers:           27532 kB
Cached:           284088 kB
SwapCached:            0 kB
Active:           298440 kB
Inactive:         166640 kB
Active(anon):     154292 kB
Inactive(anon):    56304 kB
Active(file):     144148 kB
Inactive(file):   110336 kB
Unevictable:          96 kB
Mlocked:              96 kB
SwapTotal:             0 kB
SwapFree:              0 kB
Dirty:                92 kB
Writeback:            12 kB
AnonPages:        153572 kB
Mapped:           102484 kB
Shmem:             57120 kB
Slab:              48776 kB
SReclaimable:      24000 kB
SUnreclaim:        24776 kB
KernelStack:        3536 kB
PageTables:        15504 kB
NFS_Unstable:          0 kB
Bounce:                0 kB
WritebackTmp:          0 kB
CommitLimit:     1998268 kB
Committed_AS:    1020360 kB
VmallocTotal:   34359738367 kB
VmallocUsed:           0 kB
VmallocChunk:          0 kB
HardwareCorrupted:     0 kB
AnonHugePages:      8192 kB
ShmemHugePages:        0 kB
ShmemPmdMapped:        0 kB
HugePages_Total:       0
HugePages_Free:        0
HugePages_Rsvd:        0
HugePages_Surp:        0
Hugepagesize:       2048 kB
DirectMap4k:       73984 kB
DirectMap2M:     4067328 kB
