MemTotal:        3771408 kB
MemFree:         2994664 kB
MemAvailable:    3272692 kB
Buffers:           83080 kB
Cached:           376564 kB
SwapCached:            0 kB
Active:           441380 kB
Inactive:         191332 kB
Active(anon):     173852 kB
Inactive(anon):    15752 kB
Active(file):     267528 kB
Inactive(file):   175580 kB
Unevictable:          96 kB
Mlocked:              96 kB
SwapTotal:             0 kB
SwapFree:              0 kB
Dirty:               180 kB
Writeback:            32 kB
AnonPages:        173160 kB
Mapped:           105620 kB
Shmem:             16540 kB
Slab:              89044 kB
SReclaimable:      72064 kB
SUnreclaim:        16980 kB
KernelStack:        2992 kB
PageTables:        15548 kB
NFS_Unstable:          0 kB
Bounce:                0 kB
WritebackTmp:          0 kB
CommitLimit:     1885704 kB
Committed_AS:    1024516 kB
VmallocTotal:   34359738367 kB
VmallocUsed:           0 kB
VmallocChunk:          0 kB
HardwareCorrupted:     0 kB
AnonHugePages:     10240 kB
ShmemHugePages:        0 kB
ShmemPmdMapped:        0 kB
HugePages_Total:       0
HugePages_Free:        0
HugePages_Rsvd:        0
HugePages_Surp:        0
Hugepagesize:       2048 kB
DirectMap4k:       79140 kB
DirectMap2M:     2783232 kB
DirectMap1G:     1048576 kB
