Linux version 4.9.0-4-amd64 (debian-kernel@lists.debian.org) (gcc version 6.3.0 20170516 (Debian 6.3.0-18) ) #1 SMP Debian 4.9.51-1 (2017-09-28)
Command line: BOOT_IMAGE=/boot/vmlinuz-4.9.0-4-amd64 root=UUID=07edf193-9c61-4cdd-827c-0d6d1dacce48 ro quiet
x86/fpu: Supporting XSAVE feature 0x001: 'x87 floating point registers'
x86/fpu: Supporting XSAVE feature 0x002: 'SSE registers'
x86/fpu: Supporting XSAVE feature 0x004: 'AVX registers'
x86/fpu: xstate_offset[2]:  576, xstate_sizes[2]:  256
x86/fpu: Enabled xstate features 0x7, context size is 832 bytes, using 'standard' format.
x86/fpu: Using 'eager' FPU context switches.
e820: BIOS-provided physical RAM map:
BIOS-e820: [mem 0x0000000000000000-0x000000000009ffff] usable
BIOS-e820: [mem 0x0000000000100000-0x00000000dcb1cfff] usable
BIOS-e820: [mem 0x00000000dcb1d000-0x00000000dcb4cfff] reserved
BIOS-e820: [mem 0x00000000dcb4d000-0x00000000dce24fff] usable
BIOS-e820: [mem 0x00000000dce25000-0x00000000dcef1fff] ACPI NVS
BIOS-e820: [mem 0x00000000dcef2000-0x00000000de166fff] reserved
BIOS-e820: [mem 0x00000000de167000-0x00000000de1c3fff] type 20
BIOS-e820: [mem 0x00000000de1c4000-0x00000000de1c4fff] usable
BIOS-e820: [mem 0x00000000de1c5000-0x00000000de3cafff] ACPI NVS
BIOS-e820: [mem 0x00000000de3cb000-0x00000000de84ffff] usable
BIOS-e820: [mem 0x00000000de850000-0x00000000defe0fff] reserved
BIOS-e820: [mem 0x00000000defe1000-0x00000000deffffff] usable
BIOS-e820: [mem 0x00000000fec00000-0x00000000fec00fff] reserved
BIOS-e820: [mem 0x00000000fec10000-0x00000000fec10fff] reserved
BIOS-e820: [mem 0x00000000fed00000-0x00000000fed00fff] reserved
BIOS-e820: [mem 0x00000000fed40000-0x00000000fed44fff] reserved
BIOS-e820: [mem 0x00000000fed80000-0x00000000fed8ffff] reserved
BIOS-e820: [mem 0x00000000ff000000-0x00000000ffffffff] reserved
BIOS-e820: [mem 0x0000000100000000-0x000000019effffff] usable
NX (Execute Disable) protection: active
efi: EFI v2.31 by American Megatrends
efi:  ACPI=0xdcea9000  ACPI 2.0=0xdcea9000  SMBIOS=0xf04c0  MPS=0xfd450 
SMBIOS 2.7 present.
DMI: Gigabyte Technology Co., Ltd. To be filled by O.E.M./F2A88XM-D3H, BIOS F5 01/09/2014
e820: update [mem 0x00000000-0x00000fff] usable ==> reserved
e820: remove [mem 0x000a0000-0x000fffff] usable
e820: last_pfn = 0x19f000 max_arch_pfn = 0x400000000
MTRR default type: uncachable
MTRR fixed ranges enabled:
  00000-9FFFF write-back
  A0000-BFFFF write-through
  C0000-CFFFF write-protect
  D0000-DFFFF uncachable
  E0000-FFFFF write-protect
MTRR variable ranges enabled:
  0 base 000000000000 mask FFFF80000000 write-back
  1 base 000080000000 mask FFFFC0000000 write-back
  2 base 0000C0000000 mask FFFFC0000000 write-back
  3 base 0000E0000000 mask FFFFE0000000 uncachable
  4 disabled
  5 disabled
  6 disabled
  7 disabled
TOM2: 000000019f000000 aka 6640M
x86/PAT: Configuration [0-7]: WB  WC  UC- UC  WB  WC  UC- WT  
e820: update [mem 0xe0000000-0xffffffff] usable ==> reserved
e820: last_pfn = 0xdf000 max_arch_pfn = 0x400000000
found SMP MP-table at [mem 0x000fd7c0-0x000fd7cf] mapped at [ffff8b0dc00fd7c0]
Base memory trampoline at [ffff8b0dc0098000] 98000 size 24576
Using GB pages for direct mapping
BRK [0x3e32f000, 0x3e32ffff] PGTABLE
BRK [0x3e330000, 0x3e330fff] PGTABLE
BRK [0x3e331000, 0x3e331fff] PGTABLE
BRK [0x3e332000, 0x3e332fff] PGTABLE
BRK [0x3e333000, 0x3e333fff] PGTABLE
BRK [0x3e334000, 0x3e334fff] PGTABLE
BRK [0x3e335000, 0x3e335fff] PGTABLE
BRK [0x3e336000, 0x3e336fff] PGTABLE
BRK [0x3e337000, 0x3e337fff] PGTABLE
BRK [0x3e338000, 0x3e338fff] PGTABLE
RAMDISK: [mem 0x35da0000-0x36ec7fff]
ACPI: Early table checksum verification disabled
ACPI: RSDP 0x00000000DCEA9000 000024 (v02 ALASKA)
ACPI: XSDT 0x00000000DCEA9088 00008C (v01 ALASKA A M I    01072009 AMI  00010013)
ACPI: FACP 0x00000000DCEAF8F8 00010C (v05 ALASKA A M I    01072009 AMI  00010013)
ACPI BIOS Warning (bug): Optional FADT field Pm2ControlBlock has valid Length but zero Address: 0x0000000000000000/0x1 (20160831/tbfadt-658)
ACPI: DSDT 0x00000000DCEA91A8 00674E (v02 ALASKA A M I    00000000 INTL 20051117)
ACPI: FACS 0x00000000DCEE7080 000040
ACPI: APIC 0x00000000DCEAFA08 000072 (v03 ALASKA A M I    01072009 AMI  00010013)
ACPI: FPDT 0x00000000DCEAFA80 000044 (v01 ALASKA A M I    01072009 AMI  00010013)
ACPI: MCFG 0x00000000DCEAFAC8 00003C (v01 ALASKA A M I    01072009 MSFT 00010013)
ACPI: HPET 0x00000000DCEAFB08 000038 (v01 ALASKA A M I    01072009 AMI  00000005)
ACPI: IVRS 0x00000000DCEAFB40 000068 (v02 AMD    BANTRY   00000001 AMD  00000000)
ACPI: SSDT 0x00000000DCEAFBA8 000D40 (v01 AMD    BANTRY   00000001 AMD  00000001)
ACPI: SSDT 0x00000000DCEB08E8 0004B7 (v02 AMD    BANTRY   00000001 MSFT 04000000)
ACPI: CRAT 0x00000000DCEB0DA0 0005C8 (v01 AMD    BANTRY   00000001 AMD  00000001)
ACPI: BGRT 0x00000000DCEB1368 000038 (v00 ALASKA A M I    01072009 AMI  00010013)
ACPI: SSDT 0x00000000DCEB13A0 00082B (v01 AMD    CPMDFDGP 00000001 INTL 20051117)
ACPI: SSDT 0x00000000DCEB1BD0 0013A4 (v01 AMD    CPMDFIGP 00000001 INTL 20051117)
ACPI: SSDT 0x00000000DCEB2F78 001120 (v01 AMD    CPMCMN   00000001 INTL 20051117)
ACPI: Local APIC address 0xfee00000
No NUMA configuration found
Faking a node at [mem 0x0000000000000000-0x000000019effffff]
NODE_DATA(0) allocated [mem 0x19eff9000-0x19effdfff]
Zone ranges:
  DMA      [mem 0x0000000000001000-0x0000000000ffffff]
  DMA32    [mem 0x0000000001000000-0x00000000ffffffff]
  Normal   [mem 0x0000000100000000-0x000000019effffff]
  Device   empty
Movable zone start for each node
Early memory node ranges
  node   0: [mem 0x0000000000001000-0x000000000009ffff]
  node   0: [mem 0x0000000000100000-0x00000000dcb1cfff]
  node   0: [mem 0x00000000dcb4d000-0x00000000dce24fff]
  node   0: [mem 0x00000000de1c4000-0x00000000de1c4fff]
  node   0: [mem 0x00000000de3cb000-0x00000000de84ffff]
  node   0: [mem 0x00000000defe1000-0x00000000deffffff]
  node   0: [mem 0x0000000100000000-0x000000019effffff]
Initmem setup node 0 [mem 0x0000000000001000-0x000000019effffff]
On node 0 totalpages: 1557049
  DMA zone: 64 pages used for memmap
  DMA zone: 25 pages reserved
  DMA zone: 3999 pages, LIFO batch:0
  DMA32 zone: 14091 pages used for memmap
  DMA32 zone: 901786 pages, LIFO batch:31
  Normal zone: 10176 pages used for memmap
  Normal zone: 651264 pages, LIFO batch:31
ACPI: PM-Timer IO Port: 0x808
ACPI: Local APIC address 0xfee00000
ACPI: LAPIC_NMI (acpi_id[0xff] high edge lint[0x1])
IOAPIC[0]: apic_id 0, version 33, address 0xfec00000, GSI 0-23
ACPI: INT_SRC_OVR (bus 0 bus_irq 0 global_irq 2 dfl dfl)
ACPI: INT_SRC_OVR (bus 0 bus_irq 9 global_irq 9 low level)
ACPI: IRQ0 used by override.
ACPI: IRQ9 used by override.
Using ACPI (MADT) for SMP configuration information
ACPI: HPET id: 0x10228210 base: 0xfed00000
smpboot: Allowing 4 CPUs, 0 hotplug CPUs
PM: Registered nosave memory: [mem 0x00000000-0x00000fff]
PM: Registered nosave memory: [mem 0x000a0000-0x000fffff]
PM: Registered nosave memory: [mem 0xdcb1d000-0xdcb4cfff]
PM: Registered nosave memory: [mem 0xdce25000-0xdcef1fff]
PM: Registered nosave memory: [mem 0xdcef2000-0xde166fff]
PM: Registered nosave memory: [mem 0xde167000-0xde1c3fff]
PM: Registered nosave memory: [mem 0xde1c5000-0xde3cafff]
PM: Registered nosave memory: [mem 0xde850000-0xdefe0fff]
PM: Registered nosave memory: [mem 0xdf000000-0xfebfffff]
PM: Registered nosave memory: [mem 0xfec00000-0xfec00fff]
PM: Registered nosave memory: [mem 0xfec01000-0xfec0ffff]
PM: Registered nosave memory: [mem 0xfec10000-0xfec10fff]
PM: Registered nosave memory: [mem 0xfec11000-0xfecfffff]
PM: Registered nosave memory: [mem 0xfed00000-0xfed00fff]
PM: Registered nosave memory: [mem 0xfed01000-0xfed3ffff]
PM: Registered nosave memory: [mem 0xfed40000-0xfed44fff]
PM: Registered nosave memory: [mem 0xfed45000-0xfed7ffff]
PM: Registered nosave memory: [mem 0xfed80000-0xfed8ffff]
PM: Registered nosave memory: [mem 0xfed90000-0xfeffffff]
PM: Registered nosave memory: [mem 0xff000000-0xffffffff]
e820: [mem 0xdf000000-0xfebfffff] available for PCI devices
Booting paravirtualized kernel on bare hardware
clocksource: refined-jiffies: mask: 0xffffffff max_cycles: 0xffffffff, max_idle_ns: 7645519600211568 ns
setup_percpu: NR_CPUS:512 nr_cpumask_bits:512 nr_cpu_ids:4 nr_node_ids:1
percpu: Embedded 35 pages/cpu @ffff8b0f5ec00000 s103512 r8192 d31656 u524288
pcpu-alloc: s103512 r8192 d31656 u524288 alloc=1*2097152
pcpu-alloc: [0] 0 1 2 3 
Built 1 zonelists in Node order, mobility grouping on.  Total pages: 1532693
Policy zone: Normal
Kernel command line: BOOT_IMAGE=/boot/vmlinuz-4.9.0-4-amd64 root=UUID=07edf193-9c61-4cdd-827c-0d6d1dacce48 ro quiet
PID hash table entries: 4096 (order: 3, 32768 bytes)
Calgary: detecting Calgary via BIOS EBDA area
Calgary: Unable to locate Rio Grande table in EBDA - bailing!
Memory: 5821960K/6228196K available (6196K kernel code, 1137K rwdata, 2856K rodata, 1396K init, 688K bss, 406236K reserved, 0K cma-reserved)
Hierarchical RCU implementation.
	Build-time adjustment of leaf fanout to 64.
	RCU restricting CPUs from NR_CPUS=512 to nr_cpu_ids=4.
RCU: Adjusting geometry for rcu_fanout_leaf=64, nr_cpu_ids=4
NR_IRQS:33024 nr_irqs:456 16
Console: colour dummy device 80x25
console [tty0] enabled
clocksource: hpet: mask: 0xffffffff max_cycles: 0xffffffff, max_idle_ns: 133484873504 ns
hpet clockevent registered
tsc: Fast TSC calibration using PIT
tsc: Detected 3393.608 MHz processor
Calibrating delay loop (skipped), value calculated using timer frequency.. 6787.21 BogoMIPS (lpj=13574432)
pid_max: default: 32768 minimum: 301
ACPI: Core revision 20160831
ACPI: 6 ACPI AML tables successfully acquired and loaded
Security Framework initialized
Yama: disabled by default; enable with sysctl kernel.yama.*
AppArmor: AppArmor disabled by boot time parameter
Dentry cache hash table entries: 1048576 (order: 11, 8388608 bytes)
Inode-cache hash table entries: 524288 (order: 10, 4194304 bytes)
Mount-cache hash table entries: 16384 (order: 5, 131072 bytes)
Mountpoint-cache hash table entries: 16384 (order: 5, 131072 bytes)
CPU: Physical Processor ID: 0
CPU: Processor Core ID: 0
mce: CPU supports 7 MCE banks
Last level iTLB entries: 4KB 512, 2MB 1024, 4MB 512
Last level dTLB entries: 4KB 1024, 2MB 1024, 4MB 512, 1GB 0
Freeing SMP alternatives memory: 24K
ftrace: allocating 25191 entries in 99 pages
smpboot: Max logical packages: 1
[Firmware Bug]: AMD-Vi: IOAPIC[0] not in IVRS table
[Firmware Bug]: AMD-Vi: No southbridge IOAPIC found
AMD-Vi: Disabling interrupt remapping
..TIMER: vector=0x30 apic1=0 pin1=2 apic2=-1 pin2=-1
smpboot: CPU0: AMD Athlon(tm) X4 750K Quad Core Processor (family: 0x15, model: 0x10, stepping: 0x1)
Performance Events: Fam15h core perfctr, AMD PMU driver.
... version:                0
... bit width:              48
... generic registers:      6
... value mask:             0000ffffffffffff
... max period:             00007fffffffffff
... fixed-purpose events:   0
... event mask:             000000000000003f
NMI watchdog: enabled on all CPUs, permanently consumes one hw-PMU counter.
x86: Booting SMP configuration:
.... node  #0, CPUs:      #1 #2 #3
x86: Booted up 1 node, 4 CPUs
smpboot: Total of 4 processors activated (27149.26 BogoMIPS)
devtmpfs: initialized
x86/mm: Memory block size: 128MB
PM: Registering ACPI NVS region [mem 0xdce25000-0xdcef1fff] (839680 bytes)
PM: Registering ACPI NVS region [mem 0xde1c5000-0xde3cafff] (2121728 bytes)
clocksource: jiffies: mask: 0xffffffff max_cycles: 0xffffffff, max_idle_ns: 7645041785100000 ns
futex hash table entries: 1024 (order: 4, 65536 bytes)
pinctrl core: initialized pinctrl subsystem
NET: Registered protocol family 16
cpuidle: using governor ladder
cpuidle: using governor menu
ACPI: bus type PCI registered
acpiphp: ACPI Hot Plug PCI Controller Driver version: 0.5
PCI: MMCONFIG for domain 0000 [bus 00-ff] at [mem 0xe0000000-0xefffffff] (base 0xe0000000)
PCI: not using MMCONFIG
PCI: Using configuration type 1 for base access
PCI: Using configuration type 1 for extended access
HugeTLB registered 1 GB page size, pre-allocated 0 pages
HugeTLB registered 2 MB page size, pre-allocated 0 pages
ACPI: Added _OSI(Module Device)
ACPI: Added _OSI(Processor Device)
ACPI: Added _OSI(3.0 _SCP Extensions)
ACPI: Added _OSI(Processor Aggregator Device)
ACPI: Executed 1 blocks of module-level executable AML code
ACPI: Interpreter enabled
ACPI: (supports S0 S3 S4 S5)
ACPI: Using IOAPIC for interrupt routing
PCI: MMCONFIG for domain 0000 [bus 00-ff] at [mem 0xe0000000-0xefffffff] (base 0xe0000000)
PCI: MMCONFIG at [mem 0xe0000000-0xefffffff] reserved in ACPI motherboard resources
pmd_set_huge: Cannot satisfy [mem 0xe0000000-0xe0200000] with a huge-page mapping due to MTRR override.
PCI: Using host bridge windows from ACPI; if necessary, use "pci=nocrs" and report a bug
[Firmware Bug]: ACPI: No _BQC method, cannot determine initial brightness
[Firmware Bug]: ACPI: No _BQC method, cannot determine initial brightness
[Firmware Bug]: ACPI: No _BQC method, cannot determine initial brightness
ACPI: PCI Root Bridge [PCI0] (domain 0000 [bus 00-ff])
acpi PNP0A03:00: _OSC: OS supports [ExtendedConfig ASPM ClockPM Segments MSI]
acpi PNP0A03:00: _OSC: OS now controls [PCIeHotplug PME AER PCIeCapability]
PCI host bridge to bus 0000:00
pci_bus 0000:00: root bus resource [io  0x0000-0x03af window]
pci_bus 0000:00: root bus resource [io  0x03e0-0x0cf7 window]
pci_bus 0000:00: root bus resource [io  0x03b0-0x03df window]
pci_bus 0000:00: root bus resource [io  0x0d00-0xffff window]
pci_bus 0000:00: root bus resource [mem 0x000a0000-0x000bffff window]
pci_bus 0000:00: root bus resource [mem 0x000c0000-0x000dffff window]
pci_bus 0000:00: root bus resource [mem 0xf0000000-0xffffffff window]
pci_bus 0000:00: root bus resource [bus 00-ff]
pci 0000:00:00.0: [1022:1410] type 00 class 0x060000
pci 0000:00:00.2: [1022:1419] type 00 class 0x080600
pci 0000:00:02.0: [1022:1412] type 01 class 0x060400
pci 0000:00:02.0: PME# supported from D0 D3hot D3cold
pci 0000:00:04.0: [1022:1414] type 01 class 0x060400
pci 0000:00:04.0: PME# supported from D0 D3hot D3cold
pci 0000:00:10.0: [1022:7814] type 00 class 0x0c0330
pci 0000:00:10.0: reg 0x10: [mem 0xfe206000-0xfe207fff 64bit]
pci 0000:00:10.0: PME# supported from D0 D3hot D3cold
pci 0000:00:10.0: System wakeup disabled by ACPI
pci 0000:00:10.1: [1022:7814] type 00 class 0x0c0330
pci 0000:00:10.1: reg 0x10: [mem 0xfe204000-0xfe205fff 64bit]
pci 0000:00:10.1: PME# supported from D0 D3hot D3cold
pci 0000:00:10.1: System wakeup disabled by ACPI
pci 0000:00:11.0: [1022:7801] type 00 class 0x010601
pci 0000:00:11.0: reg 0x10: [io  0xf040-0xf047]
pci 0000:00:11.0: reg 0x14: [io  0xf030-0xf033]
pci 0000:00:11.0: reg 0x18: [io  0xf020-0xf027]
pci 0000:00:11.0: reg 0x1c: [io  0xf010-0xf013]
pci 0000:00:11.0: reg 0x20: [io  0xf000-0xf00f]
pci 0000:00:11.0: reg 0x24: [mem 0xfe20d000-0xfe20d7ff]
pci 0000:00:12.0: [1022:7807] type 00 class 0x0c0310
pci 0000:00:12.0: reg 0x10: [mem 0xfe20c000-0xfe20cfff]
pci 0000:00:12.0: System wakeup disabled by ACPI
pci 0000:00:12.2: [1022:7808] type 00 class 0x0c0320
pci 0000:00:12.2: reg 0x10: [mem 0xfe20b000-0xfe20b0ff]
pci 0000:00:12.2: supports D1 D2
pci 0000:00:12.2: PME# supported from D0 D1 D2 D3hot D3cold
pci 0000:00:12.2: System wakeup disabled by ACPI
pci 0000:00:13.0: [1022:7807] type 00 class 0x0c0310
pci 0000:00:13.0: reg 0x10: [mem 0xfe20a000-0xfe20afff]
pci 0000:00:13.0: System wakeup disabled by ACPI
pci 0000:00:13.2: [1022:7808] type 00 class 0x0c0320
pci 0000:00:13.2: reg 0x10: [mem 0xfe209000-0xfe2090ff]
pci 0000:00:13.2: supports D1 D2
pci 0000:00:13.2: PME# supported from D0 D1 D2 D3hot D3cold
pci 0000:00:13.2: System wakeup disabled by ACPI
pci 0000:00:14.0: [1022:780b] type 00 class 0x0c0500
pci 0000:00:14.2: [1022:780d] type 00 class 0x040300
pci 0000:00:14.2: reg 0x10: [mem 0xfe200000-0xfe203fff 64bit]
pci 0000:00:14.2: PME# supported from D0 D3hot D3cold
pci 0000:00:14.2: System wakeup disabled by ACPI
pci 0000:00:14.3: [1022:780e] type 00 class 0x060100
pci 0000:00:14.4: [1022:780f] type 01 class 0x060401
pci 0000:00:14.4: System wakeup disabled by ACPI
pci 0000:00:14.5: [1022:7809] type 00 class 0x0c0310
pci 0000:00:14.5: reg 0x10: [mem 0xfe208000-0xfe208fff]
pci 0000:00:14.5: System wakeup disabled by ACPI
pci 0000:00:18.0: [1022:1400] type 00 class 0x060000
pci 0000:00:18.1: [1022:1401] type 00 class 0x060000
pci 0000:00:18.2: [1022:1402] type 00 class 0x060000
pci 0000:00:18.3: [1022:1403] type 00 class 0x060000
pci 0000:00:18.4: [1022:1404] type 00 class 0x060000
pci 0000:00:18.5: [1022:1405] type 00 class 0x060000
pci 0000:01:00.0: [10de:104a] type 00 class 0x030000
pci 0000:01:00.0: reg 0x10: [mem 0xfd000000-0xfdffffff]
pci 0000:01:00.0: reg 0x14: [mem 0xf0000000-0xf7ffffff 64bit pref]
pci 0000:01:00.0: reg 0x1c: [mem 0xf8000000-0xf9ffffff 64bit pref]
pci 0000:01:00.0: reg 0x24: [io  0xe000-0xe07f]
pci 0000:01:00.0: reg 0x30: [mem 0xfe000000-0xfe07ffff pref]
pci 0000:01:00.1: [10de:0e08] type 00 class 0x040300
pci 0000:01:00.1: reg 0x10: [mem 0xfe080000-0xfe083fff]
pci 0000:00:02.0: PCI bridge to [bus 01]
pci 0000:00:02.0:   bridge window [io  0xe000-0xefff]
pci 0000:00:02.0:   bridge window [mem 0xfd000000-0xfe0fffff]
pci 0000:00:02.0:   bridge window [mem 0xf0000000-0xf9ffffff 64bit pref]
pci 0000:02:00.0: [10ec:8168] type 00 class 0x020000
pci 0000:02:00.0: reg 0x10: [io  0xd000-0xd0ff]
pci 0000:02:00.0: reg 0x18: [mem 0xfe100000-0xfe100fff 64bit]
pci 0000:02:00.0: reg 0x20: [mem 0xfa100000-0xfa103fff 64bit pref]
pci 0000:02:00.0: supports D1 D2
pci 0000:02:00.0: PME# supported from D0 D1 D2 D3hot D3cold
pci 0000:02:00.0: System wakeup disabled by ACPI
pci 0000:00:04.0: PCI bridge to [bus 02]
pci 0000:00:04.0:   bridge window [io  0xd000-0xdfff]
pci 0000:00:04.0:   bridge window [mem 0xfe100000-0xfe1fffff]
pci 0000:00:04.0:   bridge window [mem 0xfa100000-0xfa1fffff 64bit pref]
pci 0000:00:14.4: PCI bridge to [bus 03] (subtractive decode)
pci 0000:00:14.4:   bridge window [io  0x0000-0x03af window] (subtractive decode)
pci 0000:00:14.4:   bridge window [io  0x03e0-0x0cf7 window] (subtractive decode)
pci 0000:00:14.4:   bridge window [io  0x03b0-0x03df window] (subtractive decode)
pci 0000:00:14.4:   bridge window [io  0x0d00-0xffff window] (subtractive decode)
pci 0000:00:14.4:   bridge window [mem 0x000a0000-0x000bffff window] (subtractive decode)
pci 0000:00:14.4:   bridge window [mem 0x000c0000-0x000dffff window] (subtractive decode)
pci 0000:00:14.4:   bridge window [mem 0xf0000000-0xffffffff window] (subtractive decode)
ACPI: PCI Interrupt Link [LNKA] (IRQs 4 5 7 10 11 14 15) *0
ACPI: PCI Interrupt Link [LNKB] (IRQs 4 5 7 10 11 14 15) *0
ACPI: PCI Interrupt Link [LNKC] (IRQs 4 5 7 10 11 14 15) *0
ACPI: PCI Interrupt Link [LNKD] (IRQs 4 5 7 10 11 14 15) *0
ACPI: PCI Interrupt Link [LNKE] (IRQs 4 5 7 10 11 14 15) *0
ACPI: PCI Interrupt Link [LNKF] (IRQs 4 5 7 10 11 14 15) *0
ACPI: PCI Interrupt Link [LNKG] (IRQs 4 5 7 10 11 14 15) *0
ACPI: PCI Interrupt Link [LNKH] (IRQs 4 5 7 10 11 14 15) *0
vgaarb: setting as boot device: PCI:0000:01:00.0
vgaarb: device added: PCI:0000:01:00.0,decodes=io+mem,owns=io+mem,locks=none
vgaarb: loaded
vgaarb: bridge control possible 0000:01:00.0
Registered efivars operations
PCI: Using ACPI for IRQ routing
PCI: pci_cache_line_size set to 64 bytes
e820: reserve RAM buffer [mem 0xdcb1d000-0xdfffffff]
e820: reserve RAM buffer [mem 0xdce25000-0xdfffffff]
e820: reserve RAM buffer [mem 0xde1c5000-0xdfffffff]
e820: reserve RAM buffer [mem 0xde850000-0xdfffffff]
e820: reserve RAM buffer [mem 0xdf000000-0xdfffffff]
e820: reserve RAM buffer [mem 0x19f000000-0x19fffffff]
hpet0: at MMIO 0xfed00000, IRQs 2, 8, 0
hpet0: 3 comparators, 32-bit 14.318180 MHz counter
clocksource: Switched to clocksource hpet
VFS: Disk quotas dquot_6.6.0
VFS: Dquot-cache hash table entries: 512 (order 0, 4096 bytes)
pnp: PnP ACPI init
system 00:00: [mem 0xe0000000-0xefffffff] has been reserved
system 00:00: Plug and Play ACPI device, IDs PNP0c01 (active)
system 00:01: Plug and Play ACPI device, IDs PNP0c02 (active)
system 00:02: [mem 0xfeb80000-0xfebfffff] could not be reserved
system 00:02: Plug and Play ACPI device, IDs PNP0c02 (active)
system 00:03: [io  0x0220-0x0227] has been reserved
system 00:03: [io  0x0228-0x0237] has been reserved
system 00:03: [io  0x0a20-0x0a2f] has been reserved
system 00:03: Plug and Play ACPI device, IDs PNP0c02 (active)
pnp 00:04: [dma 0 disabled]
pnp 00:04: Plug and Play ACPI device, IDs PNP0501 (active)
pnp 00:05: [dma 0 disabled]
pnp 00:05: Plug and Play ACPI device, IDs PNP0400 (active)
system 00:06: Plug and Play ACPI device, IDs PNP0c02 (active)
pnp 00:07: Plug and Play ACPI device, IDs PNP0b00 (active)
system 00:08: [io  0x04d0-0x04d1] has been reserved
system 00:08: Plug and Play ACPI device, IDs PNP0c02 (active)
system 00:09: [io  0x04d0-0x04d1] has been reserved
system 00:09: [io  0x040b] has been reserved
system 00:09: [io  0x04d6] has been reserved
system 00:09: [io  0x0c00-0x0c01] has been reserved
system 00:09: [io  0x0c14] has been reserved
system 00:09: [io  0x0c50-0x0c51] has been reserved
system 00:09: [io  0x0c52] has been reserved
system 00:09: [io  0x0c6c] has been reserved
system 00:09: [io  0x0c6f] has been reserved
system 00:09: [io  0x0cd0-0x0cd1] has been reserved
system 00:09: [io  0x0cd2-0x0cd3] has been reserved
system 00:09: [io  0x0cd4-0x0cd5] has been reserved
system 00:09: [io  0x0cd6-0x0cd7] has been reserved
system 00:09: [io  0x0cd8-0x0cdf] has been reserved
system 00:09: [io  0x0800-0x089f] has been reserved
system 00:09: [io  0x0b20-0x0b3f] has been reserved
system 00:09: [io  0x0900-0x090f] has been reserved
system 00:09: [io  0x0910-0x091f] has been reserved
system 00:09: [io  0xfe00-0xfefe] has been reserved
system 00:09: [mem 0xfec00000-0xfec00fff] could not be reserved
system 00:09: [mem 0xfee00000-0xfee00fff] has been reserved
system 00:09: [mem 0xfed80000-0xfed8ffff] has been reserved
system 00:09: [mem 0xfed61000-0xfed70fff] has been reserved
system 00:09: [mem 0xfec10000-0xfec10fff] has been reserved
system 00:09: [mem 0xfed00000-0xfed00fff] could not be reserved
system 00:09: [mem 0xff000000-0xffffffff] has been reserved
system 00:09: Plug and Play ACPI device, IDs PNP0c02 (active)
pnp: PnP ACPI: found 10 devices
clocksource: acpi_pm: mask: 0xffffff max_cycles: 0xffffff, max_idle_ns: 2085701024 ns
pci 0000:00:02.0: PCI bridge to [bus 01]
pci 0000:00:02.0:   bridge window [io  0xe000-0xefff]
pci 0000:00:02.0:   bridge window [mem 0xfd000000-0xfe0fffff]
pci 0000:00:02.0:   bridge window [mem 0xf0000000-0xf9ffffff 64bit pref]
pci 0000:00:04.0: PCI bridge to [bus 02]
pci 0000:00:04.0:   bridge window [io  0xd000-0xdfff]
pci 0000:00:04.0:   bridge window [mem 0xfe100000-0xfe1fffff]
pci 0000:00:04.0:   bridge window [mem 0xfa100000-0xfa1fffff 64bit pref]
pci 0000:00:14.4: PCI bridge to [bus 03]
pci_bus 0000:00: resource 4 [io  0x0000-0x03af window]
pci_bus 0000:00: resource 5 [io  0x03e0-0x0cf7 window]
pci_bus 0000:00: resource 6 [io  0x03b0-0x03df window]
pci_bus 0000:00: resource 7 [io  0x0d00-0xffff window]
pci_bus 0000:00: resource 8 [mem 0x000a0000-0x000bffff window]
pci_bus 0000:00: resource 9 [mem 0x000c0000-0x000dffff window]
pci_bus 0000:00: resource 10 [mem 0xf0000000-0xffffffff window]
pci_bus 0000:01: resource 0 [io  0xe000-0xefff]
pci_bus 0000:01: resource 1 [mem 0xfd000000-0xfe0fffff]
pci_bus 0000:01: resource 2 [mem 0xf0000000-0xf9ffffff 64bit pref]
pci_bus 0000:02: resource 0 [io  0xd000-0xdfff]
pci_bus 0000:02: resource 1 [mem 0xfe100000-0xfe1fffff]
pci_bus 0000:02: resource 2 [mem 0xfa100000-0xfa1fffff 64bit pref]
pci_bus 0000:03: resource 4 [io  0x0000-0x03af window]
pci_bus 0000:03: resource 5 [io  0x03e0-0x0cf7 window]
pci_bus 0000:03: resource 6 [io  0x03b0-0x03df window]
pci_bus 0000:03: resource 7 [io  0x0d00-0xffff window]
pci_bus 0000:03: resource 8 [mem 0x000a0000-0x000bffff window]
pci_bus 0000:03: resource 9 [mem 0x000c0000-0x000dffff window]
pci_bus 0000:03: resource 10 [mem 0xf0000000-0xffffffff window]
NET: Registered protocol family 2
TCP established hash table entries: 65536 (order: 7, 524288 bytes)
TCP bind hash table entries: 65536 (order: 8, 1048576 bytes)
TCP: Hash tables configured (established 65536 bind 65536)
UDP hash table entries: 4096 (order: 5, 131072 bytes)
UDP-Lite hash table entries: 4096 (order: 5, 131072 bytes)
NET: Registered protocol family 1
pci 0000:01:00.0: Video device with shadowed ROM at [mem 0x000c0000-0x000dffff]
PCI: CLS 64 bytes, default 64
Unpacking initramfs...
Freeing initrd memory: 17568K
iommu: Adding device 0000:00:02.0 to group 0
iommu: Adding device 0000:00:04.0 to group 1
iommu: Adding device 0000:00:10.0 to group 2
iommu: Adding device 0000:00:10.1 to group 2
iommu: Adding device 0000:00:11.0 to group 3
iommu: Adding device 0000:00:12.0 to group 4
iommu: Adding device 0000:00:12.2 to group 4
iommu: Adding device 0000:00:13.0 to group 5
iommu: Adding device 0000:00:13.2 to group 5
iommu: Adding device 0000:00:14.0 to group 6
iommu: Adding device 0000:00:14.2 to group 6
iommu: Adding device 0000:00:14.3 to group 6
iommu: Adding device 0000:00:14.4 to group 7
iommu: Adding device 0000:00:14.5 to group 8
iommu: Adding device 0000:00:18.0 to group 9
iommu: Adding device 0000:00:18.1 to group 9
iommu: Adding device 0000:00:18.2 to group 9
iommu: Adding device 0000:00:18.3 to group 9
iommu: Adding device 0000:00:18.4 to group 9
iommu: Adding device 0000:00:18.5 to group 9
iommu: Adding device 0000:01:00.0 to group 0
iommu: Adding device 0000:01:00.1 to group 0
iommu: Adding device 0000:02:00.0 to group 1
AMD-Vi: Found IOMMU at 0000:00:00.2 cap 0x40
AMD-Vi: Extended features (0x800000853):
 PreF PPR GT IA
AMD-Vi: Lazy IO/TLB flushing enabled
perf: AMD NB counters detected
LVT offset 0 assigned for vector 0x400
perf: AMD IBS detected (0x000000ff)
audit: initializing netlink subsys (disabled)
audit: type=2000 audit(1524280078.240:1): initialized
workingset: timestamp_bits=40 max_order=21 bucket_order=0
zbud: loaded
Block layer SCSI generic (bsg) driver version 0.4 loaded (major 250)
io scheduler noop registered
io scheduler deadline registered
io scheduler cfq registered (default)
pcieport 0000:00:02.0: Signaling PME through PCIe PME interrupt
pci 0000:01:00.0: Signaling PME through PCIe PME interrupt
pci 0000:01:00.1: Signaling PME through PCIe PME interrupt
pcie_pme 0000:00:02.0:pcie001: service driver pcie_pme loaded
pcieport 0000:00:04.0: Signaling PME through PCIe PME interrupt
pci 0000:02:00.0: Signaling PME through PCIe PME interrupt
pcie_pme 0000:00:04.0:pcie001: service driver pcie_pme loaded
pci_hotplug: PCI Hot Plug PCI Core version: 0.5
pciehp: PCI Express Hot Plug Controller Driver version: 0.4
efifb: probing for efifb
efifb: framebuffer at 0xf9000000, using 3072k, total 3072k
efifb: mode is 1024x768x32, linelength=4096, pages=1
efifb: scrolling: redraw
efifb: Truecolor: size=8:8:8:8, shift=24:16:8:0
Console: switching to colour frame buffer device 128x48
fb0: EFI VGA frame buffer device
GHES: HEST is not enabled!
00:04: ttyS0 at I/O 0x3f8 (irq = 4, base_baud = 115200) is a 16550A
Linux agpgart interface v0.103
AMD IOMMUv2 driver by Joerg Roedel <jroedel@suse.de>
i8042: PNP: No PS/2 controller found. Probing ports directly.
serio: i8042 KBD port at 0x60,0x64 irq 1
serio: i8042 AUX port at 0x60,0x64 irq 12
mousedev: PS/2 mouse device common for all mice
rtc_cmos 00:07: RTC can wake from S4
rtc_cmos 00:07: rtc core: registered rtc_cmos as rtc0
rtc_cmos 00:07: alarms up to one month, y3k, 114 bytes nvram, hpet irqs
ledtrig-cpu: registered to indicate activity on CPUs
NET: Registered protocol family 10
mip6: Mobile IPv6
NET: Registered protocol family 17
mpls_gso: MPLS GSO support
microcode: CPU0: patch_level=0x06001119
microcode: CPU1: patch_level=0x06001119
microcode: CPU2: patch_level=0x06001119
microcode: CPU3: patch_level=0x06001119
microcode: Microcode Update Driver: v2.01 <tigran@aivazian.fsnet.co.uk>, Peter Oruba
registered taskstats version 1
zswap: loaded using pool lzo/zbud
ima: No TPM chip found, activating TPM-bypass!
rtc_cmos 00:07: setting system clock to 2018-04-21 03:07:59 UTC (1524280079)
PM: Hibernation image not present or could not be loaded.
Freeing unused kernel memory: 1396K
Write protecting the kernel read-only data: 12288k
Freeing unused kernel memory: 1980K
Freeing unused kernel memory: 1240K
x86/mm: Checked W+X mappings: passed, no W+X pages found.
random: systemd-udevd: uninitialized urandom read (16 bytes read)
random: systemd-udevd: uninitialized urandom read (16 bytes read)
random: systemd-udevd: uninitialized urandom read (16 bytes read)
random: udevadm: uninitialized urandom read (16 bytes read)
random: udevadm: uninitialized urandom read (16 bytes read)
random: udevadm: uninitialized urandom read (16 bytes read)
random: udevadm: uninitialized urandom read (16 bytes read)
random: udevadm: uninitialized urandom read (16 bytes read)
random: udevadm: uninitialized urandom read (16 bytes read)
random: udevadm: uninitialized urandom read (16 bytes read)
r8169 Gigabit Ethernet driver 2.3LK-NAPI loaded
r8169 0000:02:00.0 eth0: RTL8168evl/8111evl at 0xffff994f80c79000, 74:d4:35:b1:ec:46, XID 0c900800 IRQ 27
r8169 0000:02:00.0 eth0: jumbo features [frames: 9200 bytes, tx checksumming: ko]
ACPI: bus type USB registered
usbcore: registered new interface driver usbfs
usbcore: registered new interface driver hub
usbcore: registered new device driver usb
ehci_hcd: USB 2.0 'Enhanced' Host Controller (EHCI) Driver
ehci-pci: EHCI PCI platform driver
QUIRK: Enable AMD PLL fix
xhci_hcd 0000:00:10.0: xHCI Host Controller
xhci_hcd 0000:00:10.0: new USB bus registered, assigned bus number 1
xhci_hcd 0000:00:10.0: hcc params 0x014040c3 hci version 0x100 quirks 0x00000418
ohci_hcd: USB 1.1 'Open' Host Controller (OHCI) Driver
SCSI subsystem initialized
usb usb1: New USB device found, idVendor=1d6b, idProduct=0002
usb usb1: New USB device strings: Mfr=3, Product=2, SerialNumber=1
usb usb1: Product: xHCI Host Controller
usb usb1: Manufacturer: Linux 4.9.0-4-amd64 xhci-hcd
usb usb1: SerialNumber: 0000:00:10.0
hub 1-0:1.0: USB hub found
hub 1-0:1.0: 2 ports detected
xhci_hcd 0000:00:10.0: xHCI Host Controller
xhci_hcd 0000:00:10.0: new USB bus registered, assigned bus number 2
usb usb2: We don't know the algorithms for LPM for this host, disabling LPM.
usb usb2: New USB device found, idVendor=1d6b, idProduct=0003
usb usb2: New USB device strings: Mfr=3, Product=2, SerialNumber=1
usb usb2: Product: xHCI Host Controller
usb usb2: Manufacturer: Linux 4.9.0-4-amd64 xhci-hcd
usb usb2: SerialNumber: 0000:00:10.0
hub 2-0:1.0: USB hub found
hub 2-0:1.0: 2 ports detected
xhci_hcd 0000:00:10.1: xHCI Host Controller
xhci_hcd 0000:00:10.1: new USB bus registered, assigned bus number 3
xhci_hcd 0000:00:10.1: hcc params 0x014040c3 hci version 0x100 quirks 0x00000418
usb usb3: New USB device found, idVendor=1d6b, idProduct=0002
usb usb3: New USB device strings: Mfr=3, Product=2, SerialNumber=1
usb usb3: Product: xHCI Host Controller
usb usb3: Manufacturer: Linux 4.9.0-4-amd64 xhci-hcd
usb usb3: SerialNumber: 0000:00:10.1
libata version 3.00 loaded.
hub 3-0:1.0: USB hub found
hub 3-0:1.0: 2 ports detected
xhci_hcd 0000:00:10.1: xHCI Host Controller
xhci_hcd 0000:00:10.1: new USB bus registered, assigned bus number 4
usb usb4: We don't know the algorithms for LPM for this host, disabling LPM.
usb usb4: New USB device found, idVendor=1d6b, idProduct=0003
usb usb4: New USB device strings: Mfr=3, Product=2, SerialNumber=1
usb usb4: Product: xHCI Host Controller
usb usb4: Manufacturer: Linux 4.9.0-4-amd64 xhci-hcd
usb usb4: SerialNumber: 0000:00:10.1
hub 4-0:1.0: USB hub found
hub 4-0:1.0: 2 ports detected
ehci-pci 0000:00:12.2: EHCI Host Controller
ehci-pci 0000:00:12.2: new USB bus registered, assigned bus number 5
ehci-pci 0000:00:12.2: applying AMD SB700/SB800/Hudson-2/3 EHCI dummy qh workaround
ehci-pci 0000:00:12.2: debug port 1
ehci-pci 0000:00:12.2: irq 17, io mem 0xfe20b000
AVX version of gcm_enc/dec engaged.
AES CTR mode by8 optimization enabled
ehci-pci 0000:00:12.2: USB 2.0 started, EHCI 1.00
usb usb5: New USB device found, idVendor=1d6b, idProduct=0002
usb usb5: New USB device strings: Mfr=3, Product=2, SerialNumber=1
usb usb5: Product: EHCI Host Controller
usb usb5: Manufacturer: Linux 4.9.0-4-amd64 ehci_hcd
usb usb5: SerialNumber: 0000:00:12.2
hub 5-0:1.0: USB hub found
hub 5-0:1.0: 5 ports detected
ehci-pci 0000:00:13.2: EHCI Host Controller
ehci-pci 0000:00:13.2: new USB bus registered, assigned bus number 6
ehci-pci 0000:00:13.2: applying AMD SB700/SB800/Hudson-2/3 EHCI dummy qh workaround
ehci-pci 0000:00:13.2: debug port 1
ehci-pci 0000:00:13.2: irq 17, io mem 0xfe209000
r8169 0000:02:00.0 enp2s0: renamed from eth0
ehci-pci 0000:00:13.2: USB 2.0 started, EHCI 1.00
usb usb6: New USB device found, idVendor=1d6b, idProduct=0002
usb usb6: New USB device strings: Mfr=3, Product=2, SerialNumber=1
usb usb6: Product: EHCI Host Controller
usb usb6: Manufacturer: Linux 4.9.0-4-amd64 ehci_hcd
usb usb6: SerialNumber: 0000:00:13.2
hub 6-0:1.0: USB hub found
hub 6-0:1.0: 5 ports detected
piix4_smbus 0000:00:14.0: SMBus Host Controller at 0xb00, revision 0
piix4_smbus 0000:00:14.0: Using register 0x2e for SMBus port selection
piix4_smbus 0000:00:14.0: Auxiliary SMBus Host Controller at 0xb20
ahci 0000:00:11.0: version 3.0
ohci-pci: OHCI PCI platform driver
ahci 0000:00:11.0: AHCI 0001.0300 32 slots 2 ports 6 Gbps 0x5 impl SATA mode
ahci 0000:00:11.0: flags: 64bit ncq sntf ilck pm led clo pmp pio slum part 
scsi host0: ahci
scsi host1: ahci
scsi host2: ahci
ata1: SATA max UDMA/133 abar m2048@0xfe20d000 port 0xfe20d100 irq 38
ata2: DUMMY
ata3: SATA max UDMA/133 abar m2048@0xfe20d000 port 0xfe20d200 irq 38
ohci-pci 0000:00:12.0: OHCI PCI host controller
ohci-pci 0000:00:12.0: new USB bus registered, assigned bus number 7
ohci-pci 0000:00:12.0: irq 18, io mem 0xfe20c000
usb usb7: New USB device found, idVendor=1d6b, idProduct=0001
usb usb7: New USB device strings: Mfr=3, Product=2, SerialNumber=1
usb usb7: Product: OHCI PCI host controller
usb usb7: Manufacturer: Linux 4.9.0-4-amd64 ohci_hcd
usb usb7: SerialNumber: 0000:00:12.0
hub 7-0:1.0: USB hub found
hub 7-0:1.0: 5 ports detected
ohci-pci 0000:00:13.0: OHCI PCI host controller
ohci-pci 0000:00:13.0: new USB bus registered, assigned bus number 8
ohci-pci 0000:00:13.0: irq 18, io mem 0xfe20a000
usb usb8: New USB device found, idVendor=1d6b, idProduct=0001
usb usb8: New USB device strings: Mfr=3, Product=2, SerialNumber=1
usb usb8: Product: OHCI PCI host controller
usb usb8: Manufacturer: Linux 4.9.0-4-amd64 ohci_hcd
usb usb8: SerialNumber: 0000:00:13.0
hub 8-0:1.0: USB hub found
hub 8-0:1.0: 5 ports detected
ohci-pci 0000:00:14.5: OHCI PCI host controller
ohci-pci 0000:00:14.5: new USB bus registered, assigned bus number 9
ohci-pci 0000:00:14.5: irq 18, io mem 0xfe208000
usb usb9: New USB device found, idVendor=1d6b, idProduct=0001
usb usb9: New USB device strings: Mfr=3, Product=2, SerialNumber=1
usb usb9: Product: OHCI PCI host controller
usb usb9: Manufacturer: Linux 4.9.0-4-amd64 ohci_hcd
usb usb9: SerialNumber: 0000:00:14.5
hub 9-0:1.0: USB hub found
hub 9-0:1.0: 2 ports detected
ata1: SATA link up 1.5 Gbps (SStatus 113 SControl 300)
ata3: SATA link up 3.0 Gbps (SStatus 123 SControl 300)
ata3.00: ATA-7: Hitachi HDT725040VLA360, V5COA7BA, max UDMA/133
ata3.00: 781422768 sectors, multi 16: LBA48 NCQ (depth 31/32), AA
ata3.00: configured for UDMA/133
ata1.00: ATAPI: ATAPI   DVD A  DH16A1L, KH1A, max UDMA/33
ata1.00: configured for UDMA/33
scsi 0:0:0:0: CD-ROM            ATAPI    DVD A  DH16A1L   KH1A PQ: 0 ANSI: 5
scsi 2:0:0:0: Direct-Access     ATA      Hitachi HDT72504 A7BA PQ: 0 ANSI: 5
sd 2:0:0:0: [sda] 781422768 512-byte logical blocks: (400 GB/373 GiB)
sd 2:0:0:0: [sda] Write Protect is off
sd 2:0:0:0: [sda] Mode Sense: 00 3a 00 00
sd 2:0:0:0: [sda] Write cache: enabled, read cache: enabled, doesn't support DPO or FUA
sr 0:0:0:0: [sr0] scsi3-mmc drive: 40x/40x writer dvd-ram cd/rw xa/form2 cdda tray
cdrom: Uniform CD-ROM driver Revision: 3.20
sr 0:0:0:0: Attached scsi CD-ROM sr0
 sda: sda1 sda2 sda3
sd 2:0:0:0: [sda] Attached SCSI disk
usb 8-2: new full-speed USB device number 2 using ohci-pci
tsc: Refined TSC clocksource calibration: 3393.830 MHz
clocksource: tsc: mask: 0xffffffffffffffff max_cycles: 0x30eb8a013d4, max_idle_ns: 440795212957 ns
usb 8-2: New USB device found, idVendor=058f, idProduct=9462
usb 8-2: New USB device strings: Mfr=1, Product=2, SerialNumber=0
usb 8-2: Product: USB Multimedia Keyboard Hub
usb 8-2: Manufacturer: ALCOR
hub 8-2:1.0: USB hub found
hub 8-2:1.0: 3 ports detected
random: fast init done
usb 8-2.1: new full-speed USB device number 3 using ohci-pci
usb 6-3: new high-speed USB device number 3 using ehci-pci
usb 8-2.1: New USB device found, idVendor=058f, idProduct=9462
usb 8-2.1: New USB device strings: Mfr=1, Product=2, SerialNumber=3
usb 8-2.1: Product: USB Multimedia Keyboard Hub
usb 8-2.1: Manufacturer: ALCOR
usb 8-2.1: SerialNumber: USB Multimedia Keyboard
hidraw: raw HID events driver (C) Jiri Kosina
usb 6-3: New USB device found, idVendor=154b, idProduct=00ee
usb 6-3: New USB device strings: Mfr=1, Product=2, SerialNumber=3
usb 6-3: Product: USB 2.0 FD
usb 6-3: Manufacturer: PNY
usb 6-3: SerialNumber: 90008305B72AFF35
usb-storage 6-3:1.0: USB Mass Storage device detected
scsi host3: usb-storage 6-3:1.0
usbcore: registered new interface driver usb-storage
usbcore: registered new interface driver uas
usbcore: registered new interface driver usbhid
usbhid: USB HID core driver
input: ALCOR USB Multimedia Keyboard Hub as /devices/pci0000:00/0000:00:13.0/usb8/8-2/8-2.1/8-2.1:1.0/0003:058F:9462.0001/input/input3
usb 8-2.2: new low-speed USB device number 4 using ohci-pci
hid-generic 0003:058F:9462.0001: input,hidraw0: USB HID v1.10 Keyboard [ALCOR USB Multimedia Keyboard Hub] on usb-0000:00:13.0-2.1/input0
input: ALCOR USB Multimedia Keyboard Hub as /devices/pci0000:00/0000:00:13.0/usb8/8-2/8-2.1/8-2.1:1.1/0003:058F:9462.0002/input/input4
usb 6-4: new high-speed USB device number 4 using ehci-pci
hid-generic 0003:058F:9462.0002: input,hidraw1: USB HID v1.10 Device [ALCOR USB Multimedia Keyboard Hub] on usb-0000:00:13.0-2.1/input1
usb 8-2.2: New USB device found, idVendor=046d, idProduct=c05a
usb 8-2.2: New USB device strings: Mfr=1, Product=2, SerialNumber=0
usb 8-2.2: Product: USB Optical Mouse
usb 8-2.2: Manufacturer: Logitech
input: Logitech USB Optical Mouse as /devices/pci0000:00/0000:00:13.0/usb8/8-2/8-2.2/8-2.2:1.0/0003:046D:C05A.0003/input/input5
hid-generic 0003:046D:C05A.0003: input,hidraw2: USB HID v1.11 Mouse [Logitech USB Optical Mouse] on usb-0000:00:13.0-2.2/input0
usb 6-4: New USB device found, idVendor=058f, idProduct=6377
usb 6-4: New USB device strings: Mfr=1, Product=2, SerialNumber=3
usb 6-4: Product: Mass Storage Device
usb 6-4: Manufacturer: Generic
usb 6-4: SerialNumber: 920321111113
usb-storage 6-4:1.0: USB Mass Storage device detected
scsi host4: usb-storage 6-4:1.0
clocksource: Switched to clocksource tsc
scsi 3:0:0:0: Direct-Access     PNY      USB 2.0 FD       PMAP PQ: 0 ANSI: 7
sd 3:0:0:0: [sdb] 60628992 512-byte logical blocks: (31.0 GB/28.9 GiB)
sd 3:0:0:0: [sdb] Write Protect is off
sd 3:0:0:0: [sdb] Mode Sense: 23 00 00 00
sd 3:0:0:0: [sdb] No Caching mode page found
sd 3:0:0:0: [sdb] Assuming drive cache: write through
 sdb: sdb1 sdb2 sdb3
sd 3:0:0:0: [sdb] Attached SCSI removable disk
scsi 4:0:0:0: Direct-Access     Generic  USB SD Reader    1.00 PQ: 0 ANSI: 0
scsi 4:0:0:1: Direct-Access     Generic  USB CF Reader    1.01 PQ: 0 ANSI: 0
scsi 4:0:0:2: Direct-Access     Generic  USB SM Reader    1.02 PQ: 0 ANSI: 0
scsi 4:0:0:3: Direct-Access     Generic  USB MS Reader    1.03 PQ: 0 ANSI: 0
sd 4:0:0:0: [sdc] Attached SCSI removable disk
sd 4:0:0:1: [sdd] Attached SCSI removable disk
sd 4:0:0:3: [sdf] Attached SCSI removable disk
sd 4:0:0:2: [sde] Attached SCSI removable disk
random: crng init done
EXT4-fs (sdb3): mounted filesystem without journal. Opts: (null)
ip_tables: (C) 2000-2006 Netfilter Core Team
systemd[1]: systemd 232 running in system mode. (+PAM +AUDIT +SELINUX +IMA +APPARMOR +SMACK +SYSVINIT +UTMP +LIBCRYPTSETUP +GCRYPT +GNUTLS +ACL +XZ +LZ4 +SECCOMP +BLKID +ELFUTILS +KMOD +IDN)
systemd[1]: Detected architecture x86-64.
systemd[1]: Set hostname to <Spectre>.
systemd[1]: Created slice System Slice.
systemd[1]: Listening on udev Control Socket.
systemd[1]: Reached target Remote File Systems.
systemd[1]: Mounting Debug File System...
systemd[1]: Created slice User and Session Slice.
systemd[1]: Reached target Slices.
systemd[1]: Started Dispatch Password Requests to Console Directory Watch.
EXT4-fs (sdb3): re-mounted. Opts: errors=remount-ro
systemd-journald[353]: Received request to flush runtime journal from PID 1
acpi_cpufreq: overriding BIOS provided _PSD data
input: Power Button as /devices/LNXSYSTM:00/LNXSYBUS:00/PNP0C0C:00/input/input6
ACPI: Power Button [PWRB]
input: Power Button as /devices/LNXSYSTM:00/LNXPWRBN:00/input/input7
ACPI: Power Button [PWRF]
ACPI: Video Device [VGA1] (multi-head: yes  rom: no  post: no)
[Firmware Bug]: ACPI: No _BQC method, cannot determine initial brightness
acpi device:04: registered as cooling_device4
input: Video Bus as /devices/LNXSYSTM:00/LNXSYBUS:00/PNP0A03:00/device:03/LNXVIDEO:01/input/input8
shpchp: Standard Hot Plug PCI Controller Driver version: 0.4
sp5100_tco: SP5100/SB800 TCO WatchDog Timer Driver v0.05
sp5100_tco: PCI Vendor ID: 0x1022, Device ID: 0x780b, Revision ID: 0x16
sp5100_tco: I/O address 0x0cd6 already in use
snd_hda_intel 0000:01:00.1: enabling device (0000 -> 0002)
snd_hda_intel 0000:01:00.1: Disabling MSI
snd_hda_intel 0000:01:00.1: Handle vga_switcheroo audio client
EFI Variables Facility v0.08 2004-May-17
parport_pc 00:05: reported by Plug and Play ACPI
parport0: PC-style at 0x378, irq 5 [PCSPP,TRISTATE]
[drm] Initialized
wmi: Mapper loaded
pstore: using zlib compression
pstore: Registered efi as persistent store backend
sr 0:0:0:0: Attached scsi generic sg0 type 5
sd 2:0:0:0: Attached scsi generic sg1 type 0
sd 3:0:0:0: Attached scsi generic sg2 type 0
sd 4:0:0:0: Attached scsi generic sg3 type 0
sd 4:0:0:1: Attached scsi generic sg4 type 0
sd 4:0:0:2: Attached scsi generic sg5 type 0
sd 4:0:0:3: Attached scsi generic sg6 type 0
snd_hda_codec_realtek hdaudioC0D0: autoconfig for ALC887-VD: line_outs=1 (0x14/0x0/0x0/0x0/0x0) type:line
snd_hda_codec_realtek hdaudioC0D0:    speaker_outs=0 (0x0/0x0/0x0/0x0/0x0)
snd_hda_codec_realtek hdaudioC0D0:    hp_outs=1 (0x1b/0x0/0x0/0x0/0x0)
snd_hda_codec_realtek hdaudioC0D0:    mono: mono_out=0x0
snd_hda_codec_realtek hdaudioC0D0:    dig-out=0x11/0x1e
snd_hda_codec_realtek hdaudioC0D0:    inputs:
snd_hda_codec_realtek hdaudioC0D0:      Rear Mic=0x18
snd_hda_codec_realtek hdaudioC0D0:      Front Mic=0x19
snd_hda_codec_realtek hdaudioC0D0:      Line=0x1a
snd_hda_codec_realtek hdaudioC0D0:      CD=0x1c
input: HDA Digital PCBeep as /devices/pci0000:00/0000:00:14.2/sound/card0/input9
input: HD-Audio Generic Rear Mic as /devices/pci0000:00/0000:00:14.2/sound/card0/input10
input: HD-Audio Generic Front Mic as /devices/pci0000:00/0000:00:14.2/sound/card0/input11
input: HD-Audio Generic Line as /devices/pci0000:00/0000:00:14.2/sound/card0/input12
input: HD-Audio Generic Line Out as /devices/pci0000:00/0000:00:14.2/sound/card0/input13
input: PC Speaker as /devices/platform/pcspkr/input/input14
kvm: Nested Virtualization enabled
kvm: Nested Paging enabled
EDAC MC: Ver: 3.0.0
MCE: In-kernel MCE decoding enabled.
EDAC amd64: DRAM ECC disabled.
EDAC amd64: ECC disabled in the BIOS or no ECC capability, module will not load.
                Either enable ECC checking or force module loading by setting 'ecc_enable_override'.
                (Note that use of the override may cause unknown side effects.)
input: HDA NVidia HDMI/DP,pcm=3 as /devices/pci0000:00/0000:00:02.0/0000:01:00.1/sound/card1/input15
input: HDA NVidia HDMI/DP,pcm=7 as /devices/pci0000:00/0000:00:02.0/0000:01:00.1/sound/card1/input16
ppdev: user-space parallel port driver
checking generic (f9000000 300000) vs hw (f0000000 8000000)
checking generic (f9000000 300000) vs hw (f8000000 2000000)
fb: switching to nouveaufb from EFI VGA
Console: switching to colour dummy device 80x25
nouveau 0000:01:00.0: NVIDIA GF119 (0d90a0a1)
nouveau 0000:01:00.0: bios: version 75.19.56.00.00
nouveau 0000:01:00.0: fb: 1024 MiB DDR3
[TTM] Zone  kernel: Available graphics memory: 3058956 kiB
[TTM] Zone   dma32: Available graphics memory: 2097152 kiB
[TTM] Initializing pool allocator
[TTM] Initializing DMA pool allocator
nouveau 0000:01:00.0: DRM: VRAM: 1024 MiB
nouveau 0000:01:00.0: DRM: GART: 1048576 MiB
nouveau 0000:01:00.0: DRM: TMDS table version 2.0
nouveau 0000:01:00.0: DRM: DCB version 4.0
nouveau 0000:01:00.0: DRM: DCB outp 00: 02000300 00000000
nouveau 0000:01:00.0: DRM: DCB outp 01: 01000302 00020030
nouveau 0000:01:00.0: DRM: DCB outp 02: 02011362 00020010
nouveau 0000:01:00.0: DRM: DCB outp 03: 04022310 00000000
nouveau 0000:01:00.0: DRM: DCB conn 00: 00001030
nouveau 0000:01:00.0: DRM: DCB conn 01: 00002161
nouveau 0000:01:00.0: DRM: DCB conn 02: 00000200
[drm] Supports vblank timestamp caching Rev 2 (21.10.2013).
[drm] Driver supports precise vblank timestamp query.
nouveau 0000:01:00.0: DRM: MM: using COPY0 for buffer copies
nouveau 0000:01:00.0: DRM: allocated 1680x1050 fb: 0x60000, bo ffff8b0f53913c00
fbcon: nouveaufb (fb0) is primary device
Console: switching to colour frame buffer device 210x65
nouveau 0000:01:00.0: fb0: nouveaufb frame buffer device
[drm] Initialized nouveau 1.3.1 20120801 for 0000:01:00.0 on minor 0
IPv6: ADDRCONF(NETDEV_UP): enp2s0: link is not ready
r8169 0000:02:00.0: firmware: failed to load rtl_nic/rtl8168e-3.fw (-2)
r8169 0000:02:00.0: Direct firmware load for rtl_nic/rtl8168e-3.fw failed with error -2
r8169 0000:02:00.0 enp2s0: unable to load firmware patch rtl_nic/rtl8168e-3.fw (-2)
r8169 0000:02:00.0 enp2s0: link down
r8169 0000:02:00.0 enp2s0: link down
IPv6: ADDRCONF(NETDEV_UP): enp2s0: link is not ready
r8169 0000:02:00.0 enp2s0: link up
IPv6: ADDRCONF(NETDEV_CHANGE): enp2s0: link becomes ready
perf: interrupt took too long (2501 > 2500), lowering kernel.perf_event_max_sample_rate to 79750
perf: interrupt took too long (3135 > 3126), lowering kernel.perf_event_max_sample_rate to 63750
