MemTotal:        6117912 kB
MemFree:         5552328 kB
MemAvailable:    5613812 kB
Buffers:           27992 kB
Cached:           259216 kB
SwapCached:            0 kB
Active:           291420 kB
Inactive:         153632 kB
Active(anon):     158760 kB
Inactive(anon):    24968 kB
Active(file):     132660 kB
Inactive(file):   128664 kB
Unevictable:          96 kB
Mlocked:              96 kB
SwapTotal:             0 kB
SwapFree:              0 kB
Dirty:                28 kB
Writeback:            60 kB
AnonPages:        157940 kB
Mapped:           109572 kB
Shmem:             25884 kB
Slab:              49396 kB
SReclaimable:      22832 kB
SUnreclaim:        26564 kB
KernelStack:        3472 kB
PageTables:        15072 kB
NFS_Unstable:          0 kB
Bounce:                0 kB
WritebackTmp:          0 kB
CommitLimit:     3058956 kB
Committed_AS:    1053592 kB
VmallocTotal:   34359738367 kB
VmallocUsed:           0 kB
VmallocChunk:          0 kB
HardwareCorrupted:     0 kB
AnonHugePages:     10240 kB
ShmemHugePages:        0 kB
ShmemPmdMapped:        0 kB
HugePages_Total:       0
HugePages_Free:        0
HugePages_Rsvd:        0
HugePages_Surp:        0
Hugepagesize:       2048 kB
DirectMap4k:       94824 kB
DirectMap2M:     1939456 kB
DirectMap1G:     5242880 kB
