Linux version 4.9.0-6-amd64 (debian-kernel@lists.debian.org) (gcc version 6.3.0 20170516 (Debian 6.3.0-18+deb9u1) ) #1 SMP Debian 4.9.82-1+deb9u3 (2018-03-02)
Command line: \boot\vmlinuz-4.9.0-6-amd64 ro root=UUID=07edf193-9c61-4cdd-827c-0d6d1dacce48 initrd=boot\initrd.img-4.9.0-6-amd64
Intel Spectre v2 broken microcode detected; disabling Speculation Control
x86/fpu: Supporting XSAVE feature 0x001: 'x87 floating point registers'
x86/fpu: Supporting XSAVE feature 0x002: 'SSE registers'
x86/fpu: Supporting XSAVE feature 0x004: 'AVX registers'
x86/fpu: Supporting XSAVE feature 0x008: 'MPX bounds registers'
x86/fpu: Supporting XSAVE feature 0x010: 'MPX CSR'
x86/fpu: xstate_offset[2]:  576, xstate_sizes[2]:  256
x86/fpu: xstate_offset[3]:  832, xstate_sizes[3]:   64
x86/fpu: xstate_offset[4]:  896, xstate_sizes[4]:   64
x86/fpu: Enabled xstate features 0x1f, context size is 960 bytes, using 'compacted' format.
x86/fpu: Using 'eager' FPU context switches.
e820: BIOS-provided physical RAM map:
BIOS-e820: [mem 0x0000000000000000-0x0000000000057fff] usable
BIOS-e820: [mem 0x0000000000058000-0x0000000000058fff] reserved
BIOS-e820: [mem 0x0000000000059000-0x000000000009dfff] usable
BIOS-e820: [mem 0x000000000009e000-0x00000000000fffff] reserved
BIOS-e820: [mem 0x0000000000100000-0x0000000027498fff] usable
BIOS-e820: [mem 0x0000000027499000-0x0000000027499fff] ACPI NVS
BIOS-e820: [mem 0x000000002749a000-0x000000002749afff] reserved
BIOS-e820: [mem 0x000000002749b000-0x0000000028827fff] usable
BIOS-e820: [mem 0x0000000028828000-0x0000000029127fff] reserved
BIOS-e820: [mem 0x0000000029128000-0x000000002ed3dfff] usable
BIOS-e820: [mem 0x000000002ed3e000-0x000000002f72dfff] reserved
BIOS-e820: [mem 0x000000002f72e000-0x000000002ff7dfff] ACPI NVS
BIOS-e820: [mem 0x000000002ff7e000-0x000000002fffdfff] ACPI data
BIOS-e820: [mem 0x000000002fffe000-0x000000002fffefff] usable
BIOS-e820: [mem 0x000000002ffff000-0x000000003cffffff] reserved
BIOS-e820: [mem 0x00000000e0000000-0x00000000efffffff] reserved
BIOS-e820: [mem 0x00000000fd000000-0x00000000fe7fffff] reserved
BIOS-e820: [mem 0x00000000fec00000-0x00000000fec00fff] reserved
BIOS-e820: [mem 0x00000000fed00000-0x00000000fed00fff] reserved
BIOS-e820: [mem 0x00000000fed10000-0x00000000fed19fff] reserved
BIOS-e820: [mem 0x00000000fed84000-0x00000000fed84fff] reserved
BIOS-e820: [mem 0x00000000fee00000-0x00000000fee00fff] reserved
BIOS-e820: [mem 0x00000000ffa00000-0x00000000ffffffff] reserved
BIOS-e820: [mem 0x0000000100000000-0x00000004c1ffffff] usable
NX (Execute Disable) protection: active
e820: update [mem 0x25ed2018-0x25ee2057] usable ==> usable
extended physical RAM map:
reserve setup_data: [mem 0x0000000000000000-0x0000000000057fff] usable
reserve setup_data: [mem 0x0000000000058000-0x0000000000058fff] reserved
reserve setup_data: [mem 0x0000000000059000-0x000000000009dfff] usable
reserve setup_data: [mem 0x000000000009e000-0x00000000000fffff] reserved
reserve setup_data: [mem 0x0000000000100000-0x0000000025ed2017] usable
reserve setup_data: [mem 0x0000000025ed2018-0x0000000025ee2057] usable
reserve setup_data: [mem 0x0000000025ee2058-0x0000000027498fff] usable
reserve setup_data: [mem 0x0000000027499000-0x0000000027499fff] ACPI NVS
reserve setup_data: [mem 0x000000002749a000-0x000000002749afff] reserved
reserve setup_data: [mem 0x000000002749b000-0x0000000028827fff] usable
reserve setup_data: [mem 0x0000000028828000-0x0000000029127fff] reserved
reserve setup_data: [mem 0x0000000029128000-0x000000002ed3dfff] usable
reserve setup_data: [mem 0x000000002ed3e000-0x000000002f72dfff] reserved
reserve setup_data: [mem 0x000000002f72e000-0x000000002ff7dfff] ACPI NVS
reserve setup_data: [mem 0x000000002ff7e000-0x000000002fffdfff] ACPI data
reserve setup_data: [mem 0x000000002fffe000-0x000000002fffefff] usable
reserve setup_data: [mem 0x000000002ffff000-0x000000003cffffff] reserved
reserve setup_data: [mem 0x00000000e0000000-0x00000000efffffff] reserved
reserve setup_data: [mem 0x00000000fd000000-0x00000000fe7fffff] reserved
reserve setup_data: [mem 0x00000000fec00000-0x00000000fec00fff] reserved
reserve setup_data: [mem 0x00000000fed00000-0x00000000fed00fff] reserved
reserve setup_data: [mem 0x00000000fed10000-0x00000000fed19fff] reserved
reserve setup_data: [mem 0x00000000fed84000-0x00000000fed84fff] reserved
reserve setup_data: [mem 0x00000000fee00000-0x00000000fee00fff] reserved
reserve setup_data: [mem 0x00000000ffa00000-0x00000000ffffffff] reserved
reserve setup_data: [mem 0x0000000100000000-0x00000004c1ffffff] usable
efi: EFI v2.50 by INSYDE Corp.
efi:  ACPI 2.0=0x2fffd014  SMBIOS=0x2efb2000  SMBIOS 3.0=0x2efb0000  ESRT=0x2efaedd8  MEMATTR=0x2c558018 
SMBIOS 3.0.0 present.
e820: update [mem 0x00000000-0x00000fff] usable ==> reserved
e820: remove [mem 0x000a0000-0x000fffff] usable
e820: last_pfn = 0x4c2000 max_arch_pfn = 0x400000000
MTRR default type: write-back
MTRR fixed ranges enabled:
  00000-9FFFF write-back
  A0000-BFFFF uncachable
  C0000-FFFFF write-protect
MTRR variable ranges enabled:
  0 base 0080000000 mask 7F80000000 uncachable
  1 base 0040000000 mask 7FC0000000 uncachable
  2 base 003C000000 mask 7FFC000000 uncachable
  3 base 003A000000 mask 7FFE000000 uncachable
  4 base 0039000000 mask 7FFF000000 uncachable
  5 base 0038800000 mask 7FFF800000 uncachable
  6 base 2000000000 mask 7000000000 uncachable
  7 disabled
  8 disabled
  9 disabled
x86/PAT: Configuration [0-7]: WB  WC  UC- UC  WB  WC  UC- WT  
e820: last_pfn = 0x2ffff max_arch_pfn = 0x400000000
esrt: Reserving ESRT space from 0x000000002efaedd8 to 0x000000002efaee60.
Base memory trampoline at [ffff8c20c0098000] 98000 size 24576
Using GB pages for direct mapping
BRK [0x115939000, 0x115939fff] PGTABLE
BRK [0x11593a000, 0x11593afff] PGTABLE
BRK [0x11593b000, 0x11593bfff] PGTABLE
BRK [0x11593c000, 0x11593cfff] PGTABLE
BRK [0x11593d000, 0x11593dfff] PGTABLE
BRK [0x11593e000, 0x11593efff] PGTABLE
BRK [0x11593f000, 0x11593ffff] PGTABLE
BRK [0x115940000, 0x115940fff] PGTABLE
BRK [0x115941000, 0x115941fff] PGTABLE
BRK [0x115942000, 0x115942fff] PGTABLE
RAMDISK: [mem 0x2a300000-0x2b514fff]
ACPI: Early table checksum verification disabled
ACPI: RSDP 0x000000002FFFD014 000024 (v02 LENOVO)
ACPI: XSDT 0x000000002FFB5188 00011C (v01 LENOVO CB-01    00000001      01000013)
ACPI: FACP 0x000000002FFE9000 00010C (v05 LENOVO CB-01    00000001 ACPI 00040000)
ACPI: DSDT 0x000000002FFBA000 02B360 (v02 LENOVO CB-01    00000001 ACPI 00040000)
ACPI: FACS 0x000000002FF56000 000040
ACPI: UEFI 0x000000002FFFC000 000236 (v01 LENOVO CB-01    00000001 ACPI 00040000)
ACPI: UEFI 0x000000002FFFB000 000042 (v01 LENOVO CB-01    00000001 ACPI 00040000)
ACPI: MSDM 0x000000002FFFA000 000055 (v03 LENOVO CB-01    00000001 ACPI 00040000)
ACPI: SSDT 0x000000002FFF9000 0004C3 (v02 LENOVO CB-01    00000001 ACPI 00040000)
ACPI: SSDT 0x000000002FFF8000 000046 (v02 LENOVO CB-01    00000001 ACPI 00040000)
ACPI: TPM2 0x000000002FFF7000 000034 (v03 LENOVO CB-01    00000001 ACPI 00040000)
ACPI: SSDT 0x000000002FFF3000 003101 (v02 LENOVO CB-01    00000001 ACPI 00040000)
ACPI: SSDT 0x000000002FFEE000 004AAC (v02 LENOVO CB-01    00000001 ACPI 00040000)
ACPI: ASF! 0x000000002FFED000 0000A5 (v32 LENOVO CB-01    00000001 ACPI 00040000)
ACPI: ASPT 0x000000002FFEC000 000034 (v07 LENOVO CB-01    00000001 ACPI 00040000)
ACPI: BOOT 0x000000002FFEB000 000028 (v01 LENOVO CB-01    00000001 ACPI 00040000)
ACPI: DBGP 0x000000002FFEA000 000034 (v01 LENOVO CB-01    00000001 ACPI 00040000)
ACPI: HPET 0x000000002FFE8000 000038 (v01 LENOVO CB-01    00000001 ACPI 00040000)
ACPI: APIC 0x000000002FFE7000 0000BC (v03 LENOVO CB-01    00000001 ACPI 00040000)
ACPI: MCFG 0x000000002FFE6000 00003C (v01 LENOVO CB-01    00000001 ACPI 00040000)
ACPI: SSDT 0x000000002FFB9000 0006B5 (v02 LENOVO CB-01    00000001 ACPI 00040000)
ACPI: LPIT 0x000000002FFB8000 000094 (v01 LENOVO CB-01    00000001 ACPI 00040000)
ACPI: WSMT 0x000000002FFB7000 000028 (v01 LENOVO CB-01    00000001 ACPI 00040000)
ACPI: SSDT 0x000000002FFB6000 00029F (v02 LENOVO CB-01    00000001 ACPI 00040000)
ACPI: SSDT 0x000000002FFB4000 000346 (v01 LENOVO CB-01    00000001 ACPI 00040000)
ACPI: SSDT 0x000000002FFB0000 003002 (v02 LENOVO CB-01    00000001 ACPI 00040000)
ACPI: SSDT 0x000000002FFAF000 00051E (v02 LENOVO CB-01    00000001 ACPI 00040000)
ACPI: DBGP 0x000000002FFAE000 000034 (v01 LENOVO CB-01    00000001 ACPI 00040000)
ACPI: DBG2 0x000000002FFAD000 000054 (v00 LENOVO CB-01    00000001 ACPI 00040000)
ACPI: SSDT 0x000000002FFAC000 000F44 (v02 LENOVO CB-01    00000001 ACPI 00040000)
ACPI: SSDT 0x000000002FFAB000 000EDE (v02 LENOVO CB-01    00000001 ACPI 00040000)
ACPI: DMAR 0x000000002FFAA000 000138 (v01 LENOVO CB-01    00000001 ACPI 00040000)
ACPI: NHLT 0x000000002FFA9000 00002D (v00 LENOVO CB-01    00000001 ACPI 00040000)
ACPI: FPDT 0x000000002FFA8000 000044 (v01 LENOVO CB-01    00000001 ACPI 00040000)
ACPI: BGRT 0x000000002FFA7000 000038 (v01 LENOVO CB-01    00000001 ACPI 00040000)
ACPI: Local APIC address 0xfee00000
No NUMA configuration found
Faking a node at [mem 0x0000000000000000-0x00000004c1ffffff]
NODE_DATA(0) allocated [mem 0x4c1ffb000-0x4c1ffffff]
Zone ranges:
  DMA      [mem 0x0000000000001000-0x0000000000ffffff]
  DMA32    [mem 0x0000000001000000-0x00000000ffffffff]
  Normal   [mem 0x0000000100000000-0x00000004c1ffffff]
  Device   empty
Movable zone start for each node
Early memory node ranges
  node   0: [mem 0x0000000000001000-0x0000000000057fff]
  node   0: [mem 0x0000000000059000-0x000000000009dfff]
  node   0: [mem 0x0000000000100000-0x0000000027498fff]
  node   0: [mem 0x000000002749b000-0x0000000028827fff]
  node   0: [mem 0x0000000029128000-0x000000002ed3dfff]
  node   0: [mem 0x000000002fffe000-0x000000002fffefff]
  node   0: [mem 0x0000000100000000-0x00000004c1ffffff]
Initmem setup node 0 [mem 0x0000000000001000-0x00000004c1ffffff]
On node 0 totalpages: 4129753
  DMA zone: 64 pages used for memmap
  DMA zone: 21 pages reserved
  DMA zone: 3996 pages, LIFO batch:0
  DMA32 zone: 2897 pages used for memmap
  DMA32 zone: 185405 pages, LIFO batch:31
  Normal zone: 61568 pages used for memmap
  Normal zone: 3940352 pages, LIFO batch:31
Reserving Intel graphics memory at 0x0000000039000000-0x000000003cffffff
ACPI: PM-Timer IO Port: 0x1808
ACPI: Local APIC address 0xfee00000
ACPI: LAPIC_NMI (acpi_id[0x01] high edge lint[0x1])
ACPI: LAPIC_NMI (acpi_id[0x02] high edge lint[0x1])
ACPI: LAPIC_NMI (acpi_id[0x03] high edge lint[0x1])
ACPI: LAPIC_NMI (acpi_id[0x04] high edge lint[0x1])
ACPI: LAPIC_NMI (acpi_id[0x05] high edge lint[0x1])
ACPI: LAPIC_NMI (acpi_id[0x06] high edge lint[0x1])
ACPI: LAPIC_NMI (acpi_id[0x07] high edge lint[0x1])
ACPI: LAPIC_NMI (acpi_id[0x08] high edge lint[0x1])
IOAPIC[0]: apic_id 2, version 32, address 0xfec00000, GSI 0-119
ACPI: INT_SRC_OVR (bus 0 bus_irq 0 global_irq 2 dfl dfl)
ACPI: INT_SRC_OVR (bus 0 bus_irq 9 global_irq 9 high level)
ACPI: IRQ0 used by override.
ACPI: IRQ9 used by override.
Using ACPI (MADT) for SMP configuration information
ACPI: HPET id: 0x8086a201 base: 0xfed00000
smpboot: Allowing 8 CPUs, 0 hotplug CPUs
PM: Registered nosave memory: [mem 0x00000000-0x00000fff]
PM: Registered nosave memory: [mem 0x00058000-0x00058fff]
PM: Registered nosave memory: [mem 0x0009e000-0x000fffff]
PM: Registered nosave memory: [mem 0x25ed2000-0x25ed2fff]
PM: Registered nosave memory: [mem 0x25ee2000-0x25ee2fff]
PM: Registered nosave memory: [mem 0x27499000-0x27499fff]
PM: Registered nosave memory: [mem 0x2749a000-0x2749afff]
PM: Registered nosave memory: [mem 0x28828000-0x29127fff]
PM: Registered nosave memory: [mem 0x2ed3e000-0x2f72dfff]
PM: Registered nosave memory: [mem 0x2f72e000-0x2ff7dfff]
PM: Registered nosave memory: [mem 0x2ff7e000-0x2fffdfff]
PM: Registered nosave memory: [mem 0x2ffff000-0x3cffffff]
PM: Registered nosave memory: [mem 0x3d000000-0xdfffffff]
PM: Registered nosave memory: [mem 0xe0000000-0xefffffff]
PM: Registered nosave memory: [mem 0xf0000000-0xfcffffff]
PM: Registered nosave memory: [mem 0xfd000000-0xfe7fffff]
PM: Registered nosave memory: [mem 0xfe800000-0xfebfffff]
PM: Registered nosave memory: [mem 0xfec00000-0xfec00fff]
PM: Registered nosave memory: [mem 0xfec01000-0xfecfffff]
PM: Registered nosave memory: [mem 0xfed00000-0xfed00fff]
PM: Registered nosave memory: [mem 0xfed01000-0xfed0ffff]
PM: Registered nosave memory: [mem 0xfed10000-0xfed19fff]
PM: Registered nosave memory: [mem 0xfed1a000-0xfed83fff]
PM: Registered nosave memory: [mem 0xfed84000-0xfed84fff]
PM: Registered nosave memory: [mem 0xfed85000-0xfedfffff]
PM: Registered nosave memory: [mem 0xfee00000-0xfee00fff]
PM: Registered nosave memory: [mem 0xfee01000-0xff9fffff]
PM: Registered nosave memory: [mem 0xffa00000-0xffffffff]
e820: [mem 0x3d000000-0xdfffffff] available for PCI devices
Booting paravirtualized kernel on bare hardware
clocksource: refined-jiffies: mask: 0xffffffff max_cycles: 0xffffffff, max_idle_ns: 7645519600211568 ns
setup_percpu: NR_CPUS:512 nr_cpumask_bits:512 nr_cpu_ids:8 nr_node_ids:1
percpu: Embedded 35 pages/cpu @ffff8c2581c00000 s105240 r8192 d29928 u262144
pcpu-alloc: s105240 r8192 d29928 u262144 alloc=1*2097152
pcpu-alloc: [0] 0 1 2 3 4 5 6 7 
Built 1 zonelists in Node order, mobility grouping on.  Total pages: 4065203
Policy zone: Normal
Kernel command line: \boot\vmlinuz-4.9.0-6-amd64 ro root=UUID=07edf193-9c61-4cdd-827c-0d6d1dacce48 initrd=boot\initrd.img-4.9.0-6-amd64
PID hash table entries: 4096 (order: 3, 32768 bytes)
Calgary: detecting Calgary via BIOS EBDA area
Calgary: Unable to locate Rio Grande table in EBDA - bailing!
Memory: 16082268K/16519012K available (6236K kernel code, 1159K rwdata, 2868K rodata, 1416K init, 688K bss, 436744K reserved, 0K cma-reserved)
Kernel/User page tables isolation: enabled
Hierarchical RCU implementation.
	Build-time adjustment of leaf fanout to 64.
	RCU restricting CPUs from NR_CPUS=512 to nr_cpu_ids=8.
RCU: Adjusting geometry for rcu_fanout_leaf=64, nr_cpu_ids=8
NR_IRQS:33024 nr_irqs:2048 16
Console: colour dummy device 80x25
console [tty0] enabled
clocksource: hpet: mask: 0xffffffff max_cycles: 0xffffffff, max_idle_ns: 79635855245 ns
hpet clockevent registered
tsc: Detected 1800.000 MHz processor
Calibrating delay loop (skipped), value calculated using timer frequency.. 3600.00 BogoMIPS (lpj=7200000)
pid_max: default: 32768 minimum: 301
ACPI: Core revision 20160831
ACPI: 12 ACPI AML tables successfully acquired and loaded
Security Framework initialized
Yama: disabled by default; enable with sysctl kernel.yama.*
AppArmor: AppArmor disabled by boot time parameter
Dentry cache hash table entries: 2097152 (order: 12, 16777216 bytes)
Inode-cache hash table entries: 1048576 (order: 11, 8388608 bytes)
Mount-cache hash table entries: 32768 (order: 6, 262144 bytes)
Mountpoint-cache hash table entries: 32768 (order: 6, 262144 bytes)
CPU: Physical Processor ID: 0
CPU: Processor Core ID: 0
ENERGY_PERF_BIAS: Set to 'normal', was 'performance'
ENERGY_PERF_BIAS: View and update with x86_energy_perf_policy(8)
mce: CPU supports 10 MCE banks
CPU0: Thermal monitoring enabled (TM1)
process: using mwait in idle threads
Last level iTLB entries: 4KB 64, 2MB 8, 4MB 8
Last level dTLB entries: 4KB 64, 2MB 0, 4MB 0, 1GB 4
Spectre V2 : Mitigation: Full generic retpoline
Spectre V2 : Filling RSB on context switch
Freeing SMP alternatives memory: 24K
ftrace: allocating 25236 entries in 99 pages
smpboot: Max logical packages: 2
DMAR: Host address width 39
DMAR: DRHD base: 0x000000fed90000 flags: 0x0
DMAR: dmar0: reg_base_addr fed90000 ver 1:0 cap 1c0000c40660462 ecap 19e2ff0505e
DMAR: DRHD base: 0x000000fed91000 flags: 0x1
DMAR: dmar1: reg_base_addr fed91000 ver 1:0 cap d2008c40660462 ecap f050da
DMAR: RMRR base: 0x0000002f5fd000 end: 0x0000002f61cfff
DMAR: RMRR base: 0x00000038800000 end: 0x0000003cffffff
DMAR: ANDD device: 1 name: \_SB.PCI0.I2C0
DMAR: ANDD device: 2 name: \_SB.PCI0.I2C1
DMAR: ANDD device: 4 name: \_SB.PCI0.I2C3
DMAR: ANDD device: b name: \_SB.PCI0.UA02
DMAR-IR: IOAPIC id 2 under DRHD base  0xfed91000 IOMMU 1
DMAR-IR: HPET id 0 under DRHD base 0xfed91000
DMAR-IR: Queued invalidation will be enabled to support x2apic and Intr-remapping.
DMAR-IR: Enabled IRQ remapping in x2apic mode
x2apic enabled
Switched APIC routing to cluster x2apic.
..TIMER: vector=0x30 apic1=0 pin1=2 apic2=-1 pin2=-1
TSC deadline timer enabled
smpboot: CPU0: Intel(R) Core(TM) i5-8250U CPU @ 1.60GHz (family: 0x6, model: 0x8e, stepping: 0xa)
Performance Events: PEBS fmt3+, Skylake events, 32-deep LBR, full-width counters, Intel PMU driver.
... version:                4
... bit width:              48
... generic registers:      4
... value mask:             0000ffffffffffff
... max period:             00007fffffffffff
... fixed-purpose events:   3
... event mask:             000000070000000f
NMI watchdog: enabled on all CPUs, permanently consumes one hw-PMU counter.
x86: Booting SMP configuration:
.... node  #0, CPUs:      #1 #2 #3 #4 #5 #6 #7
x86: Booted up 1 node, 8 CPUs
smpboot: Total of 8 processors activated (28800.00 BogoMIPS)
devtmpfs: initialized
x86/mm: Memory block size: 128MB
PM: Registering ACPI NVS region [mem 0x27499000-0x27499fff] (4096 bytes)
PM: Registering ACPI NVS region [mem 0x2f72e000-0x2ff7dfff] (8716288 bytes)
clocksource: jiffies: mask: 0xffffffff max_cycles: 0xffffffff, max_idle_ns: 7645041785100000 ns
futex hash table entries: 2048 (order: 5, 131072 bytes)
pinctrl core: initialized pinctrl subsystem
NET: Registered protocol family 16
cpuidle: using governor ladder
cpuidle: using governor menu
Simple Boot Flag at 0x44 set to 0x1
ACPI: bus type PCI registered
acpiphp: ACPI Hot Plug PCI Controller Driver version: 0.5
PCI: MMCONFIG for domain 0000 [bus 00-ff] at [mem 0xe0000000-0xefffffff] (base 0xe0000000)
PCI: MMCONFIG at [mem 0xe0000000-0xefffffff] reserved in E820
PCI: Using configuration type 1 for base access
HugeTLB registered 1 GB page size, pre-allocated 0 pages
HugeTLB registered 2 MB page size, pre-allocated 0 pages
ACPI: Added _OSI(Module Device)
ACPI: Added _OSI(Processor Device)
ACPI: Added _OSI(3.0 _SCP Extensions)
ACPI: Added _OSI(Processor Aggregator Device)
ACPI: Executed 33 blocks of module-level executable AML code
ACPI: [Firmware Bug]: BIOS _OSI(Linux) query ignored
ACPI: Dynamic OEM Table Load:
ACPI: SSDT 0xFFFF8C256F302000 00058B (v02 PmRef  Cpu0Ist  00003000 INTL 20160527)
ACPI: Executed 1 blocks of module-level executable AML code
ACPI: \_PR_.CPU0: _OSC native thermal LVT Acked
ACPI: Dynamic OEM Table Load:
ACPI: SSDT 0xFFFF8C256F2FE000 0003FF (v02 PmRef  Cpu0Cst  00003001 INTL 20160527)
ACPI: Executed 1 blocks of module-level executable AML code
ACPI: Dynamic OEM Table Load:
ACPI: SSDT 0xFFFF8C256ECD1800 00065C (v02 PmRef  ApIst    00003000 INTL 20160527)
ACPI: Executed 1 blocks of module-level executable AML code
ACPI: Dynamic OEM Table Load:
ACPI: SSDT 0xFFFF8C256F301400 00018A (v02 PmRef  ApCst    00003000 INTL 20160527)
ACPI: Executed 1 blocks of module-level executable AML code
ACPI : EC: EC started
ACPI : EC: interrupt blocked
ACPI: \_SB_.PCI0.LPCB.H_EC: Used as first EC
ACPI: \_SB_.PCI0.LPCB.H_EC: GPE=0x50, EC_CMD/EC_SC=0x66, EC_DATA=0x62
ACPI: \_SB_.PCI0.LPCB.H_EC: Used as boot DSDT EC to handle transactions
ACPI: Interpreter enabled
ACPI: (supports S0 S3 S4 S5)
ACPI: Using IOAPIC for interrupt routing
PCI: Using host bridge windows from ACPI; if necessary, use "pci=nocrs" and report a bug
ACPI: Power Resource [WRST] (on)
ACPI: Power Resource [WRST] (on)
ACPI: Power Resource [WRST] (on)
ACPI: Power Resource [WRST] (on)
ACPI: Power Resource [WRST] (on)
ACPI: Power Resource [WRST] (on)
ACPI: Power Resource [WRST] (on)
ACPI: Power Resource [WRST] (on)
ACPI: Power Resource [WRST] (on)
ACPI: Power Resource [WRST] (on)
ACPI: Power Resource [WRST] (on)
ACPI: Power Resource [WRST] (on)
ACPI: Power Resource [WRST] (on)
ACPI: Power Resource [WRST] (on)
ACPI: Power Resource [WRST] (on)
ACPI: Power Resource [WRST] (on)
ACPI: Power Resource [WRST] (on)
ACPI: Power Resource [WRST] (on)
ACPI: Power Resource [WRST] (on)
ACPI: Power Resource [WRST] (on)
ACPI: PCI Root Bridge [PCI0] (domain 0000 [bus 00-fe])
acpi PNP0A08:00: _OSC: OS supports [ExtendedConfig ASPM ClockPM Segments MSI]
acpi PNP0A08:00: _OSC: OS now controls [PCIeHotplug PME AER PCIeCapability]
PCI host bridge to bus 0000:00
pci_bus 0000:00: root bus resource [io  0x0000-0x0cf7 window]
pci_bus 0000:00: root bus resource [io  0x0d00-0xffff window]
pci_bus 0000:00: root bus resource [mem 0x000a0000-0x000bffff window]
pci_bus 0000:00: root bus resource [mem 0x000c0000-0x000c3fff window]
pci_bus 0000:00: root bus resource [mem 0x000c4000-0x000c7fff window]
pci_bus 0000:00: root bus resource [mem 0x000c8000-0x000cbfff window]
pci_bus 0000:00: root bus resource [mem 0x000cc000-0x000cffff window]
pci_bus 0000:00: root bus resource [mem 0x000d0000-0x000d3fff window]
pci_bus 0000:00: root bus resource [mem 0x000d4000-0x000d7fff window]
pci_bus 0000:00: root bus resource [mem 0x000d8000-0x000dbfff window]
pci_bus 0000:00: root bus resource [mem 0x000dc000-0x000dffff window]
pci_bus 0000:00: root bus resource [mem 0x3d000000-0xdfffffff window]
pci_bus 0000:00: root bus resource [mem 0x2000000000-0x2fffffffff window]
pci_bus 0000:00: root bus resource [mem 0xfd000000-0xfe7fffff window]
pci_bus 0000:00: root bus resource [bus 00-fe]
pci 0000:00:00.0: [8086:5914] type 00 class 0x060000
pci 0000:00:02.0: [8086:5917] type 00 class 0x030000
pci 0000:00:02.0: reg 0x10: [mem 0x2ffa000000-0x2ffaffffff 64bit]
pci 0000:00:02.0: reg 0x18: [mem 0x2fa0000000-0x2fafffffff 64bit pref]
pci 0000:00:02.0: reg 0x20: [io  0x3000-0x303f]
pci 0000:00:04.0: [8086:1903] type 00 class 0x118000
pci 0000:00:04.0: reg 0x10: [mem 0x2ffb010000-0x2ffb017fff 64bit]
pci 0000:00:08.0: [8086:1911] type 00 class 0x088000
pci 0000:00:08.0: reg 0x10: [mem 0x2ffb023000-0x2ffb023fff 64bit]
pci 0000:00:14.0: [8086:9d2f] type 00 class 0x0c0330
pci 0000:00:14.0: reg 0x10: [mem 0x6e400000-0x6e40ffff 64bit]
pci 0000:00:14.0: PME# supported from D3hot D3cold
pci 0000:00:14.0: System wakeup disabled by ACPI
pci 0000:00:14.2: [8086:9d31] type 00 class 0x118000
pci 0000:00:14.2: reg 0x10: [mem 0x2ffb022000-0x2ffb022fff 64bit]
pci 0000:00:15.0: [8086:9d60] type 00 class 0x118000
pci 0000:00:15.0: reg 0x10: [mem 0x2ffb021000-0x2ffb021fff 64bit]
pci 0000:00:15.1: [8086:9d61] type 00 class 0x118000
pci 0000:00:15.1: reg 0x10: [mem 0x2ffb020000-0x2ffb020fff 64bit]
pci 0000:00:15.3: [8086:9d63] type 00 class 0x118000
pci 0000:00:15.3: reg 0x10: [mem 0x2ffb01f000-0x2ffb01ffff 64bit]
pci 0000:00:16.0: [8086:9d3a] type 00 class 0x078000
pci 0000:00:16.0: reg 0x10: [mem 0x2ffb01e000-0x2ffb01efff 64bit]
pci 0000:00:16.0: PME# supported from D3hot
pci 0000:00:19.0: [8086:9d66] type 00 class 0x118000
pci 0000:00:19.0: reg 0x10: [mem 0x2ffb01d000-0x2ffb01dfff 64bit]
pci 0000:00:1c.0: [8086:9d10] type 01 class 0x060400
pci 0000:00:1c.0: PME# supported from D0 D3hot D3cold
pci 0000:00:1c.0: System wakeup disabled by ACPI
pci 0000:00:1c.4: [8086:9d14] type 01 class 0x060400
pci 0000:00:1c.4: PME# supported from D0 D3hot D3cold
pci 0000:00:1c.4: System wakeup disabled by ACPI
pci 0000:00:1d.0: [8086:9d18] type 01 class 0x060400
pci 0000:00:1d.0: PME# supported from D0 D3hot D3cold
pci 0000:00:1d.0: System wakeup disabled by ACPI
pci 0000:00:1f.0: [8086:9d4e] type 00 class 0x060100
pci 0000:00:1f.2: [8086:9d21] type 00 class 0x058000
pci 0000:00:1f.2: reg 0x10: [mem 0x6e410000-0x6e413fff]
pci 0000:00:1f.3: [8086:9d71] type 00 class 0x040380
pci 0000:00:1f.3: reg 0x10: [mem 0x2ffb018000-0x2ffb01bfff 64bit]
pci 0000:00:1f.3: reg 0x20: [mem 0x2ffb000000-0x2ffb00ffff 64bit]
pci 0000:00:1f.3: PME# supported from D3hot D3cold
pci 0000:00:1f.3: System wakeup disabled by ACPI
pci 0000:00:1f.4: [8086:9d23] type 00 class 0x0c0500
pci 0000:00:1f.4: reg 0x10: [mem 0x2ffb01c000-0x2ffb01c0ff 64bit]
pci 0000:00:1f.4: reg 0x20: [io  0x3040-0x305f]
pci 0000:00:1c.0: PCI bridge to [bus 01-6a]
pci 0000:00:1c.0:   bridge window [mem 0x40000000-0x6e0fffff]
pci 0000:00:1c.0:   bridge window [mem 0x2fb0000000-0x2ff9ffffff 64bit pref]
pci 0000:6b:00.0: [168c:003e] type 00 class 0x028000
pci 0000:6b:00.0: reg 0x10: [mem 0x6e200000-0x6e3fffff 64bit]
pci 0000:6b:00.0: PME# supported from D0 D3hot D3cold
pci 0000:6b:00.0: System wakeup disabled by ACPI
pci 0000:00:1c.4: PCI bridge to [bus 6b]
pci 0000:00:1c.4:   bridge window [mem 0x6e200000-0x6e3fffff]
pci 0000:6c:00.0: [144d:a804] type 00 class 0x010802
pci 0000:6c:00.0: reg 0x10: [mem 0x6e100000-0x6e103fff 64bit]
pci 0000:6c:00.0: System wakeup disabled by ACPI
pci 0000:00:1d.0: PCI bridge to [bus 6c]
pci 0000:00:1d.0:   bridge window [mem 0x6e100000-0x6e1fffff]
ACPI: PCI Interrupt Link [LNKA] (IRQs 3 4 5 6 10 *11 12 14 15)
ACPI: PCI Interrupt Link [LNKB] (IRQs 3 4 5 6 *10 11 12 14 15)
ACPI: PCI Interrupt Link [LNKC] (IRQs 3 4 5 6 10 *11 12 14 15)
ACPI: PCI Interrupt Link [LNKD] (IRQs 3 4 5 6 10 *11 12 14 15)
ACPI: PCI Interrupt Link [LNKE] (IRQs 3 4 5 6 10 *11 12 14 15)
ACPI: PCI Interrupt Link [LNKF] (IRQs 3 4 5 6 10 *11 12 14 15)
ACPI: PCI Interrupt Link [LNKG] (IRQs 3 4 5 6 10 *11 12 14 15)
ACPI: PCI Interrupt Link [LNKH] (IRQs 3 4 5 6 10 *11 12 14 15)
ACPI: Enabled 4 GPEs in block 00 to 7F
ACPI Warning: GPE type mismatch (level/edge) (20160831/evxface-826)
ACPI : EC: interrupt unblocked
ACPI : EC: event unblocked
ACPI: \_SB_.PCI0.LPCB.H_EC: GPE=0x50, EC_CMD/EC_SC=0x66, EC_DATA=0x62
ACPI: \_SB_.PCI0.LPCB.H_EC: Used as boot DSDT EC to handle transactions and events
vgaarb: setting as boot device: PCI:0000:00:02.0
vgaarb: device added: PCI:0000:00:02.0,decodes=io+mem,owns=io+mem,locks=none
vgaarb: loaded
vgaarb: bridge control possible 0000:00:02.0
Registered efivars operations
PCI: Using ACPI for IRQ routing
PCI: pci_cache_line_size set to 64 bytes
e820: reserve RAM buffer [mem 0x00058000-0x0005ffff]
e820: reserve RAM buffer [mem 0x0009e000-0x0009ffff]
e820: reserve RAM buffer [mem 0x25ed2018-0x27ffffff]
e820: reserve RAM buffer [mem 0x27499000-0x27ffffff]
e820: reserve RAM buffer [mem 0x28828000-0x2bffffff]
e820: reserve RAM buffer [mem 0x2ed3e000-0x2fffffff]
e820: reserve RAM buffer [mem 0x2ffff000-0x2fffffff]
e820: reserve RAM buffer [mem 0x4c2000000-0x4c3ffffff]
hpet0: at MMIO 0xfed00000, IRQs 2, 8, 0, 0, 0, 0, 0, 0
hpet0: 8 comparators, 64-bit 24.000000 MHz counter
clocksource: Switched to clocksource hpet
VFS: Disk quotas dquot_6.6.0
VFS: Dquot-cache hash table entries: 512 (order 0, 4096 bytes)
pnp: PnP ACPI init
system 00:00: [mem 0xfd000000-0xfdabffff] has been reserved
system 00:00: [mem 0xfdad0000-0xfdadffff] has been reserved
system 00:00: [mem 0xfdb00000-0xfdffffff] has been reserved
system 00:00: [mem 0xfe000000-0xfe01ffff] has been reserved
system 00:00: [mem 0xfe036000-0xfe03bfff] has been reserved
system 00:00: [mem 0xfe03d000-0xfe3fffff] has been reserved
system 00:00: [mem 0xfe410000-0xfe7fffff] has been reserved
system 00:00: Plug and Play ACPI device, IDs PNP0c02 (active)
system 00:01: [io  0x2000-0x20fe] has been reserved
system 00:01: Plug and Play ACPI device, IDs PNP0c02 (active)
system 00:02: [io  0x06a4] has been reserved
system 00:02: [io  0x06a0] has been reserved
system 00:02: Plug and Play ACPI device, IDs PNP0c02 (active)
system 00:03: [io  0x0680-0x069f] has been reserved
system 00:03: [io  0xffff] has been reserved
system 00:03: [io  0xffff] has been reserved
system 00:03: [io  0xffff] has been reserved
system 00:03: [io  0x1800-0x18fe] has been reserved
system 00:03: [io  0x164e-0x164f] has been reserved
system 00:03: Plug and Play ACPI device, IDs PNP0c02 (active)
pnp 00:04: Plug and Play ACPI device, IDs PNP0b00 (active)
system 00:05: [io  0x1854-0x1857] has been reserved
system 00:05: Plug and Play ACPI device, IDs INT3f0d PNP0c02 (active)
pnp 00:06: Plug and Play ACPI device, IDs PNP0303 (active)
system 00:07: [mem 0xfdaf0000-0xfdafffff] has been reserved
system 00:07: [mem 0xfdae0000-0xfdaeffff] has been reserved
system 00:07: [mem 0xfdac0000-0xfdacffff] has been reserved
system 00:07: Plug and Play ACPI device, IDs PNP0c02 (active)
system 00:08: [mem 0xfed10000-0xfed17fff] has been reserved
system 00:08: [mem 0xfed18000-0xfed18fff] has been reserved
system 00:08: [mem 0xfed19000-0xfed19fff] has been reserved
system 00:08: [mem 0xe0000000-0xefffffff] has been reserved
system 00:08: [mem 0xfed20000-0xfed3ffff] has been reserved
system 00:08: [mem 0xfed90000-0xfed93fff] could not be reserved
system 00:08: [mem 0xfed45000-0xfed8ffff] could not be reserved
system 00:08: [mem 0xff000000-0xffffffff] could not be reserved
system 00:08: [mem 0xfee00000-0xfeefffff] could not be reserved
system 00:08: [mem 0x3d000000-0x3d01ffff] has been reserved
system 00:08: Plug and Play ACPI device, IDs PNP0c02 (active)
pnp: PnP ACPI: found 9 devices
clocksource: acpi_pm: mask: 0xffffff max_cycles: 0xffffff, max_idle_ns: 2085701024 ns
pci 0000:00:1c.0: bridge window [io  0x1000-0x0fff] to [bus 01-6a] add_size 1000
pci 0000:00:1c.0: res[13]=[io  0x1000-0x0fff] res_to_dev_res add_size 1000 min_align 1000
pci 0000:00:1c.0: res[13]=[io  0x1000-0x1fff] res_to_dev_res add_size 1000 min_align 1000
pci 0000:00:1c.0: BAR 13: assigned [io  0x4000-0x4fff]
pci 0000:00:1c.0: PCI bridge to [bus 01-6a]
pci 0000:00:1c.0:   bridge window [io  0x4000-0x4fff]
pci 0000:00:1c.0:   bridge window [mem 0x40000000-0x6e0fffff]
pci 0000:00:1c.0:   bridge window [mem 0x2fb0000000-0x2ff9ffffff 64bit pref]
pci 0000:00:1c.4: PCI bridge to [bus 6b]
pci 0000:00:1c.4:   bridge window [mem 0x6e200000-0x6e3fffff]
pci 0000:00:1d.0: PCI bridge to [bus 6c]
pci 0000:00:1d.0:   bridge window [mem 0x6e100000-0x6e1fffff]
pci_bus 0000:00: resource 4 [io  0x0000-0x0cf7 window]
pci_bus 0000:00: resource 5 [io  0x0d00-0xffff window]
pci_bus 0000:00: resource 6 [mem 0x000a0000-0x000bffff window]
pci_bus 0000:00: resource 7 [mem 0x000c0000-0x000c3fff window]
pci_bus 0000:00: resource 8 [mem 0x000c4000-0x000c7fff window]
pci_bus 0000:00: resource 9 [mem 0x000c8000-0x000cbfff window]
pci_bus 0000:00: resource 10 [mem 0x000cc000-0x000cffff window]
pci_bus 0000:00: resource 11 [mem 0x000d0000-0x000d3fff window]
pci_bus 0000:00: resource 12 [mem 0x000d4000-0x000d7fff window]
pci_bus 0000:00: resource 13 [mem 0x000d8000-0x000dbfff window]
pci_bus 0000:00: resource 14 [mem 0x000dc000-0x000dffff window]
pci_bus 0000:00: resource 15 [mem 0x3d000000-0xdfffffff window]
pci_bus 0000:00: resource 16 [mem 0x2000000000-0x2fffffffff window]
pci_bus 0000:00: resource 17 [mem 0xfd000000-0xfe7fffff window]
pci_bus 0000:01: resource 0 [io  0x4000-0x4fff]
pci_bus 0000:01: resource 1 [mem 0x40000000-0x6e0fffff]
pci_bus 0000:01: resource 2 [mem 0x2fb0000000-0x2ff9ffffff 64bit pref]
pci_bus 0000:6b: resource 1 [mem 0x6e200000-0x6e3fffff]
pci_bus 0000:6c: resource 1 [mem 0x6e100000-0x6e1fffff]
NET: Registered protocol family 2
TCP established hash table entries: 131072 (order: 8, 1048576 bytes)
TCP bind hash table entries: 65536 (order: 8, 1048576 bytes)
TCP: Hash tables configured (established 131072 bind 65536)
UDP hash table entries: 8192 (order: 6, 262144 bytes)
UDP-Lite hash table entries: 8192 (order: 6, 262144 bytes)
NET: Registered protocol family 1
pci 0000:00:02.0: Video device with shadowed ROM at [mem 0x000c0000-0x000dffff]
PCI: CLS 64 bytes, default 64
Unpacking initramfs...
Freeing initrd memory: 18516K
DMAR: ACPI device "device:7d" under DMAR at fed91000 as 00:15.0
DMAR: ACPI device "device:7e" under DMAR at fed91000 as 00:15.1
DMAR: ACPI device "device:7f" under DMAR at fed91000 as 00:15.3
DMAR: ACPI device "device:80" under DMAR at fed91000 as 00:19.0
PCI-DMA: Using software bounce buffering for IO (SWIOTLB)
software IO TLB [mem 0x2013f000-0x2413f000] (64MB) mapped at [ffff8c20e013f000-ffff8c20e413efff]
audit: initializing netlink subsys (disabled)
audit: type=2000 audit(1523902263.572:1): initialized
workingset: timestamp_bits=40 max_order=22 bucket_order=0
zbud: loaded
Block layer SCSI generic (bsg) driver version 0.4 loaded (major 250)
io scheduler noop registered
io scheduler deadline registered
io scheduler cfq registered (default)
aer 0000:00:1c.0:pcie002: service driver aer loaded
aer 0000:00:1c.4:pcie002: service driver aer loaded
aer 0000:00:1d.0:pcie002: service driver aer loaded
pcieport 0000:00:1c.0: Signaling PME through PCIe PME interrupt
pcie_pme 0000:00:1c.0:pcie001: service driver pcie_pme loaded
pcieport 0000:00:1c.4: Signaling PME through PCIe PME interrupt
pci 0000:6b:00.0: Signaling PME through PCIe PME interrupt
pcie_pme 0000:00:1c.4:pcie001: service driver pcie_pme loaded
pcieport 0000:00:1d.0: Signaling PME through PCIe PME interrupt
pci 0000:6c:00.0: Signaling PME through PCIe PME interrupt
pcie_pme 0000:00:1d.0:pcie001: service driver pcie_pme loaded
pci_hotplug: PCI Hot Plug PCI Core version: 0.5
pciehp 0000:00:1c.0:pcie004: Slot #0 AttnBtn- PwrCtrl- MRL- AttnInd- PwrInd- HotPlug+ Surprise+ Interlock- NoCompl+ LLActRep+
pciehp 0000:00:1c.0:pcie004: service driver pciehp loaded
pciehp: PCI Express Hot Plug Controller Driver version: 0.4
efifb: probing for efifb
efifb: framebuffer at 0x2fa0000000, using 8100k, total 8100k
efifb: mode is 1920x1080x32, linelength=7680, pages=1
efifb: scrolling: redraw
efifb: Truecolor: size=8:8:8:8, shift=24:16:8:0
Console: switching to colour frame buffer device 240x67
fb0: EFI VGA frame buffer device
intel_idle: MWAIT substates: 0x11142120
intel_idle: v0.4.1 model 0x8E
intel_idle: lapic_timer_reliable_states 0xffffffff
GHES: HEST is not enabled!
Linux agpgart interface v0.103
AMD IOMMUv2 driver by Joerg Roedel <jroedel@suse.de>
AMD IOMMUv2 functionality not available on this system
i8042: PNP: PS/2 Controller [PNP0303:PS2K] at 0x60,0x64 irq 1
i8042: PNP: PS/2 appears to have AUX port disabled, if this is incorrect please boot with i8042.nopnp
serio: i8042 KBD port at 0x60,0x64 irq 1
mousedev: PS/2 mouse device common for all mice
rtc_cmos 00:04: RTC can wake from S4
rtc_cmos 00:04: rtc core: registered rtc_cmos as rtc0
rtc_cmos 00:04: alarms up to one month, y3k, 242 bytes nvram, hpet irqs
intel_pstate: Intel P-state driver initializing
intel_pstate: HWP enabled
ledtrig-cpu: registered to indicate activity on CPUs
NET: Registered protocol family 10
mip6: Mobile IPv6
NET: Registered protocol family 17
mpls_gso: MPLS GSO support
microcode: sig=0x806ea, pf=0x80, revision=0x7c
microcode: Microcode Update Driver: v2.01 <tigran@aivazian.fsnet.co.uk>, Peter Oruba
registered taskstats version 1
zswap: loaded using pool lzo/zbud
ima: No TPM chip found, activating TPM-bypass!
input: AT Translated Set 2 keyboard as /devices/platform/i8042/serio0/input/input0
rtc_cmos 00:04: setting system clock to 2018-04-16 18:11:04 UTC (1523902264)
PM: Hibernation image not present or could not be loaded.
Freeing unused kernel memory: 1416K
Write protecting the kernel read-only data: 12288k
Freeing unused kernel memory: 1940K
Freeing unused kernel memory: 1228K
x86/mm: Checked W+X mappings: passed, no W+X pages found.
random: systemd-udevd: uninitialized urandom read (16 bytes read)
random: systemd-udevd: uninitialized urandom read (16 bytes read)
random: systemd-udevd: uninitialized urandom read (16 bytes read)
random: udevadm: uninitialized urandom read (16 bytes read)
random: udevadm: uninitialized urandom read (16 bytes read)
random: udevadm: uninitialized urandom read (16 bytes read)
random: udevadm: uninitialized urandom read (16 bytes read)
random: udevadm: uninitialized urandom read (16 bytes read)
random: udevadm: uninitialized urandom read (16 bytes read)
random: udevadm: uninitialized urandom read (16 bytes read)
hidraw: raw HID events driver (C) Jiri Kosina
thermal LNXTHERM:00: registered as thermal_zone0
ACPI: Thermal Zone [TZ00] (28 C)
thermal LNXTHERM:01: registered as thermal_zone1
ACPI: Thermal Zone [TZ01] (30 C)
ACPI: bus type USB registered
usbcore: registered new interface driver usbfs
usbcore: registered new interface driver hub
usbcore: registered new device driver usb
i801_smbus 0000:00:1f.4: SPD Write Disable is set
i801_smbus 0000:00:1f.4: SMBus using PCI interrupt
nvme nvme0: pci function 0000:6c:00.0
xhci_hcd 0000:00:14.0: xHCI Host Controller
xhci_hcd 0000:00:14.0: new USB bus registered, assigned bus number 1
AVX2 version of gcm_enc/dec engaged.
AES CTR mode by8 optimization enabled
xhci_hcd 0000:00:14.0: hcc params 0x200077c1 hci version 0x100 quirks 0x00109810
xhci_hcd 0000:00:14.0: cache line size of 64 is not supported
usb usb1: New USB device found, idVendor=1d6b, idProduct=0002
usb usb1: New USB device strings: Mfr=3, Product=2, SerialNumber=1
usb usb1: Product: xHCI Host Controller
usb usb1: Manufacturer: Linux 4.9.0-6-amd64 xhci-hcd
usb usb1: SerialNumber: 0000:00:14.0
hub 1-0:1.0: USB hub found
hub 1-0:1.0: 12 ports detected
xhci_hcd 0000:00:14.0: xHCI Host Controller
xhci_hcd 0000:00:14.0: new USB bus registered, assigned bus number 2
usb usb2: New USB device found, idVendor=1d6b, idProduct=0003
usb usb2: New USB device strings: Mfr=3, Product=2, SerialNumber=1
usb usb2: Product: xHCI Host Controller
usb usb2: Manufacturer: Linux 4.9.0-6-amd64 xhci-hcd
usb usb2: SerialNumber: 0000:00:14.0
hub 2-0:1.0: USB hub found
hub 2-0:1.0: 6 ports detected
usb: port power management may be unreliable
 nvme0n1: p1 p2 p3 p4 p5
usb 1-1: new high-speed USB device number 2 using xhci_hcd
usb 1-1: New USB device found, idVendor=5986, idProduct=210d
usb 1-1: New USB device strings: Mfr=1, Product=2, SerialNumber=0
usb 1-1: Product: EasyCamera
usb 1-1: Manufacturer: SunplusIT Inc
usb 1-5: new full-speed USB device number 3 using xhci_hcd
usb 1-5: New USB device found, idVendor=06cb, idProduct=0081
usb 1-5: New USB device strings: Mfr=0, Product=0, SerialNumber=1
usb 1-5: SerialNumber: 9e32988664fb
tsc: Refined TSC clocksource calibration: 1799.999 MHz
clocksource: tsc: mask: 0xffffffffffffffff max_cycles: 0x19f228ab7a2, max_idle_ns: 440795289252 ns
usb 1-7: new high-speed USB device number 4 using xhci_hcd
random: fast init done
usb 1-7: New USB device found, idVendor=154b, idProduct=00ee
usb 1-7: New USB device strings: Mfr=1, Product=2, SerialNumber=3
usb 1-7: Product: USB 2.0 FD
usb 1-7: Manufacturer: PNY
usb 1-7: SerialNumber: 90008305B72AFF35
SCSI subsystem initialized
usb-storage 1-7:1.0: USB Mass Storage device detected
scsi host0: usb-storage 1-7:1.0
usbcore: registered new interface driver usb-storage
usbcore: registered new interface driver uas
usb 1-8: new full-speed USB device number 5 using xhci_hcd
usb 1-8: New USB device found, idVendor=0cf3, idProduct=e300
usb 1-8: New USB device strings: Mfr=0, Product=0, SerialNumber=0
clocksource: Switched to clocksource tsc
scsi 0:0:0:0: Direct-Access     PNY      USB 2.0 FD       PMAP PQ: 0 ANSI: 7
sd 0:0:0:0: [sda] 60628992 512-byte logical blocks: (31.0 GB/28.9 GiB)
sd 0:0:0:0: [sda] Write Protect is off
sd 0:0:0:0: [sda] Mode Sense: 23 00 00 00
sd 0:0:0:0: [sda] No Caching mode page found
sd 0:0:0:0: [sda] Assuming drive cache: write through
 sda: sda1 sda2 sda3
sd 0:0:0:0: [sda] Attached SCSI removable disk
random: crng init done
EXT4-fs (sda3): mounted filesystem without journal. Opts: (null)
ip_tables: (C) 2000-2006 Netfilter Core Team
systemd[1]: systemd 232 running in system mode. (+PAM +AUDIT +SELINUX +IMA +APPARMOR +SMACK +SYSVINIT +UTMP +LIBCRYPTSETUP +GCRYPT +GNUTLS +ACL +XZ +LZ4 +SECCOMP +BLKID +ELFUTILS +KMOD +IDN)
systemd[1]: Detected architecture x86-64.
systemd[1]: Set hostname to <Spectre>.
systemd[1]: Listening on udev Kernel Socket.
systemd[1]: Listening on fsck to fsckd communication Socket.
systemd[1]: Reached target Swap.
systemd[1]: Started Dispatch Password Requests to Console Directory Watch.
systemd[1]: Listening on Journal Audit Socket.
systemd[1]: Set up automount Arbitrary Executable File Formats File System Automount Point.
systemd[1]: Started Forward Password Requests to Wall Directory Watch.
EXT4-fs (sda3): re-mounted. Opts: errors=remount-ro
systemd-journald[363]: Received request to flush runtime journal from PID 1
input: Lid Switch as /devices/LNXSYSTM:00/LNXSYBUS:00/PNP0A08:00/device:19/PNP0C09:00/PNP0C0D:00/input/input1
ACPI: Lid Switch [LID0]
input: Power Button as /devices/LNXSYSTM:00/LNXSYBUS:00/PNP0C0C:00/input/input2
ACPI: Power Button [PWRB]
input: Power Button as /devices/LNXSYSTM:00/LNXPWRBN:00/input/input3
ACPI: AC Adapter [ADP1] (off-line)
ACPI: Power Button [PWRF]
wmi: Mapper loaded
[drm] Initialized
[drm] Memory usable by graphics device = 4096M
checking generic (2fa0000000 7e9000) vs hw (2fa0000000 10000000)
fb: switching to inteldrmfb from EFI VGA
Console: switching to colour dummy device 80x25
[drm] Replacing VGA console driver
[drm] Supports vblank timestamp caching Rev 2 (21.10.2013).
[drm] Driver supports precise vblank timestamp query.
vgaarb: device changed decodes: PCI:0000:00:02.0,olddecodes=io+mem,decodes=io+mem:owns=io+mem
[drm] GuC firmware load skipped
ACPI: Video Device [GFX0] (multi-head: yes  rom: no  post: no)
input: Video Bus as /devices/LNXSYSTM:00/LNXSYBUS:00/PNP0A08:00/LNXVIDEO:00/input/input4
snd_hda_intel 0000:00:1f.3: bound 0000:00:02.0 (ops i915_audio_component_bind_ops [i915])
[drm] Initialized i915 1.6.0 20160919 for 0000:00:02.0 on minor 0
fbcon: inteldrmfb (fb0) is primary device
i915 0000:00:02.0: firmware: direct-loading firmware i915/kbl_dmc_ver1_01.bin
[drm] Finished loading i915/kbl_dmc_ver1_01.bin (v1.1)
input: Ideapad extra buttons as /devices/pci0000:00/0000:00:1f.0/PNP0C09:00/VPC2004:00/input/input5
mei_me 0000:00:16.0: enabling device (0000 -> 0002)
ACPI: Battery Slot [BAT1] (battery present)
iTCO_vendor_support: vendor-support=0
input: PC Speaker as /devices/platform/pcspkr/input/input6
EFI Variables Facility v0.08 2004-May-17
iTCO_wdt: Intel TCO WatchDog Timer Driver v1.11
iTCO_wdt: Found a Intel PCH TCO device (Version=4, TCOBASE=0x0400)
intel-lpss 0000:00:15.0: enabling device (0000 -> 0002)
iTCO_wdt: initialized. heartbeat=30 sec (nowayout=0)
sd 0:0:0:0: Attached scsi generic sg0 type 0
snd_hda_codec_realtek hdaudioC0D0: autoconfig for ALC298: line_outs=1 (0x1a/0x0/0x0/0x0/0x0) type:speaker
snd_hda_codec_realtek hdaudioC0D0:    speaker_outs=0 (0x0/0x0/0x0/0x0/0x0)
snd_hda_codec_realtek hdaudioC0D0:    hp_outs=1 (0x21/0x0/0x0/0x0/0x0)
snd_hda_codec_realtek hdaudioC0D0:    mono: mono_out=0x0
snd_hda_codec_realtek hdaudioC0D0:    inputs:
snd_hda_codec_realtek hdaudioC0D0:      Mic=0x18
snd_hda_codec_realtek hdaudioC0D0:      Internal Mic=0x12
pstore: using zlib compression
pstore: Registered efi as persistent store backend
idma64 idma64.0: Found Intel integrated DMA 64-bit
intel-lpss 0000:00:15.1: enabling device (0000 -> 0002)
idma64 idma64.1: Found Intel integrated DMA 64-bit
intel-lpss 0000:00:15.3: enabling device (0000 -> 0002)
idma64 idma64.2: Found Intel integrated DMA 64-bit
intel-lpss 0000:00:19.0: enabling device (0000 -> 0002)
dw-apb-uart.3: ttyS0 at MMIO 0x2ffb01d000 (irq = 32, base_baud = 115200) is a 16550A
shpchp: Standard Hot Plug PCI Controller Driver version: 0.4
media: Linux media interface: v0.10
input: HDA Digital PCBeep as /devices/pci0000:00/0000:00:1f.3/sound/card0/input7
input: HDA Intel PCH Mic as /devices/pci0000:00/0000:00:1f.3/sound/card0/input8
input: HDA Intel PCH Headphone as /devices/pci0000:00/0000:00:1f.3/sound/card0/input9
input: HDA Intel PCH HDMI/DP,pcm=3 as /devices/pci0000:00/0000:00:1f.3/sound/card0/input10
input: HDA Intel PCH HDMI/DP,pcm=7 as /devices/pci0000:00/0000:00:1f.3/sound/card0/input11
input: HDA Intel PCH HDMI/DP,pcm=8 as /devices/pci0000:00/0000:00:1f.3/sound/card0/input12
Bluetooth: Core ver 2.22
NET: Registered protocol family 31
Bluetooth: HCI device and connection manager initialized
Bluetooth: HCI socket layer initialized
Bluetooth: L2CAP socket layer initialized
Bluetooth: SCO socket layer initialized
Linux video capture interface: v2.00
uvcvideo: Found UVC 1.00 device EasyCamera (5986:210d)
uvcvideo 1-1:1.0: Entity type for entity Extension 4 was not initialized!
uvcvideo 1-1:1.0: Entity type for entity Extension 3 was not initialized!
uvcvideo 1-1:1.0: Entity type for entity Processing 2 was not initialized!
uvcvideo 1-1:1.0: Entity type for entity Camera 1 was not initialized!
input: EasyCamera as /devices/pci0000:00/0000:00:14.0/usb1/1-1/1-1:1.0/input/input13
usbcore: registered new interface driver uvcvideo
USB Video Class driver (1.1.1)
usbcore: registered new interface driver btusb
bluetooth hci0: firmware: failed to load qca/rampatch_usb_00000302.bin (-2)
bluetooth hci0: Direct firmware load for qca/rampatch_usb_00000302.bin failed with error -2
Bluetooth: hci0: failed to request rampatch file: qca/rampatch_usb_00000302.bin (-2)
kvm: disabled by bios
ath10k_pci 0000:6b:00.0: pci irq msi oper_irq_mode 2 irq_mode 0 reset_mode 0
intel_rapl: Found RAPL domain package
intel_rapl: Found RAPL domain core
intel_rapl: Found RAPL domain uncore
intel_rapl: Found RAPL domain dram
input: SYNA2B31:00 06CB:7F8B Touchpad as /devices/pci0000:00/0000:00:15.1/i2c_designware.1/i2c-8/i2c-SYNA2B31:00/0018:06CB:7F8B.0002/input/input14
hid-multitouch 0018:06CB:7F8B.0002: input,hidraw0: I2C HID v1.00 Mouse [SYNA2B31:00 06CB:7F8B] on i2c-SYNA2B31:00
i2c_hid i2c-ITE8353:00: error in i2c_hid_init_report size:19 / ret_size:18
Console: switching to colour frame buffer device 240x67
ath10k_pci 0000:6b:00.0: firmware: failed to load ath10k/pre-cal-pci-0000:6b:00.0.bin (-2)
ath10k_pci 0000:6b:00.0: Direct firmware load for ath10k/pre-cal-pci-0000:6b:00.0.bin failed with error -2
ath10k_pci 0000:6b:00.0: firmware: failed to load ath10k/cal-pci-0000:6b:00.0.bin (-2)
ath10k_pci 0000:6b:00.0: Direct firmware load for ath10k/cal-pci-0000:6b:00.0.bin failed with error -2
ath10k_pci 0000:6b:00.0: firmware: failed to load ath10k/QCA6174/hw3.0/firmware-5.bin (-2)
ath10k_pci 0000:6b:00.0: Direct firmware load for ath10k/QCA6174/hw3.0/firmware-5.bin failed with error -2
ath10k_pci 0000:6b:00.0: could not fetch firmware file 'ath10k/QCA6174/hw3.0/firmware-5.bin': -2
ath10k_pci 0000:6b:00.0: firmware: failed to load ath10k/QCA6174/hw3.0/firmware-4.bin (-2)
ath10k_pci 0000:6b:00.0: Direct firmware load for ath10k/QCA6174/hw3.0/firmware-4.bin failed with error -2
ath10k_pci 0000:6b:00.0: could not fetch firmware file 'ath10k/QCA6174/hw3.0/firmware-4.bin': -2
ath10k_pci 0000:6b:00.0: firmware: failed to load ath10k/QCA6174/hw3.0/firmware-3.bin (-2)
ath10k_pci 0000:6b:00.0: Direct firmware load for ath10k/QCA6174/hw3.0/firmware-3.bin failed with error -2
ath10k_pci 0000:6b:00.0: could not fetch firmware file 'ath10k/QCA6174/hw3.0/firmware-3.bin': -2
ath10k_pci 0000:6b:00.0: firmware: failed to load ath10k/QCA6174/hw3.0/firmware-2.bin (-2)
ath10k_pci 0000:6b:00.0: Direct firmware load for ath10k/QCA6174/hw3.0/firmware-2.bin failed with error -2
ath10k_pci 0000:6b:00.0: could not fetch firmware file 'ath10k/QCA6174/hw3.0/firmware-2.bin': -2
ath10k_pci 0000:6b:00.0: could not fetch firmware files (-2)
ath10k_pci 0000:6b:00.0: could not probe fw (-2)
i915 0000:00:02.0: fb0: inteldrmfb frame buffer device
[drm] RC6 on
input: Wacom HID 5113 Pen as /devices/pci0000:00/0000:00:15.0/i2c_designware.0/i2c-7/i2c-WCOM5113:00/0018:056A:5113.0001/input/input16
input: Wacom HID 5113 Finger as /devices/pci0000:00/0000:00:15.0/i2c_designware.0/i2c-7/i2c-WCOM5113:00/0018:056A:5113.0001/input/input17
wacom 0018:056A:5113.0001: hidraw1: I2C HID v1.00 Mouse [WCOM5113:00 056A:5113] on i2c-WCOM5113:00
ideapad_laptop: Unknown event: 10
ucsi_acpi USBC000:00: ucsi_connector_change: failed to read connector status (-110)
