MemTotal:       16319672 kB
MemFree:        15703256 kB
MemAvailable:   15755984 kB
Buffers:           26952 kB
Cached:           324060 kB
SwapCached:            0 kB
Active:           307188 kB
Inactive:         182788 kB
Active(anon):     139748 kB
Inactive(anon):    58396 kB
Active(file):     167440 kB
Inactive(file):   124392 kB
Unevictable:          96 kB
Mlocked:              96 kB
SwapTotal:             0 kB
SwapFree:              0 kB
Dirty:               128 kB
Writeback:             0 kB
AnonPages:        139056 kB
Mapped:            97704 kB
Shmem:             59184 kB
Slab:              47524 kB
SReclaimable:      25140 kB
SUnreclaim:        22384 kB
KernelStack:        3904 kB
PageTables:        14208 kB
NFS_Unstable:          0 kB
Bounce:                0 kB
WritebackTmp:          0 kB
CommitLimit:     8159836 kB
Committed_AS:     954624 kB
VmallocTotal:   34359738367 kB
VmallocUsed:           0 kB
VmallocChunk:          0 kB
HardwareCorrupted:     0 kB
AnonHugePages:     10240 kB
ShmemHugePages:        0 kB
ShmemPmdMapped:        0 kB
HugePages_Total:       0
HugePages_Free:        0
HugePages_Rsvd:        0
HugePages_Surp:        0
Hugepagesize:       2048 kB
DirectMap4k:      131160 kB
DirectMap2M:    16529408 kB
