MemTotal:        3958200 kB
MemFree:         3469980 kB
MemAvailable:    3484660 kB
Buffers:           26616 kB
Cached:           227484 kB
SwapCached:            0 kB
Active:           255460 kB
Inactive:         136408 kB
Active(anon):     138608 kB
Inactive(anon):    45820 kB
Active(file):     116852 kB
Inactive(file):    90588 kB
Unevictable:          96 kB
Mlocked:              96 kB
SwapTotal:             0 kB
SwapFree:              0 kB
Dirty:               104 kB
Writeback:            20 kB
AnonPages:        137860 kB
Mapped:            99824 kB
Shmem:             46664 kB
Slab:              45188 kB
SReclaimable:      23484 kB
SUnreclaim:        21704 kB
KernelStack:        3424 kB
PageTables:        14364 kB
NFS_Unstable:          0 kB
Bounce:                0 kB
WritebackTmp:          0 kB
CommitLimit:     1979100 kB
Committed_AS:     918900 kB
VmallocTotal:   34359738367 kB
VmallocUsed:           0 kB
VmallocChunk:          0 kB
HardwareCorrupted:     0 kB
AnonHugePages:      8192 kB
ShmemHugePages:        0 kB
ShmemPmdMapped:        0 kB
HugePages_Total:       0
HugePages_Free:        0
HugePages_Rsvd:        0
HugePages_Surp:        0
Hugepagesize:       2048 kB
DirectMap4k:       66296 kB
DirectMap2M:     4036608 kB
