Linux version 4.9.0-4-amd64 (debian-kernel@lists.debian.org) (gcc version 6.3.0 20170516 (Debian 6.3.0-18) ) #1 SMP Debian 4.9.51-1 (2017-09-28)
Command line: BOOT_IMAGE=/boot/vmlinuz-4.9.0-4-amd64 root=UUID=07edf193-9c61-4cdd-827c-0d6d1dacce48 ro quiet
x86/fpu: Legacy x87 FPU detected.
x86/fpu: Using 'eager' FPU context switches.
e820: BIOS-provided physical RAM map:
BIOS-e820: [mem 0x0000000000000000-0x000000000009f7ff] usable
BIOS-e820: [mem 0x000000000009f800-0x000000000009ffff] reserved
BIOS-e820: [mem 0x00000000000e0000-0x00000000000fffff] reserved
BIOS-e820: [mem 0x0000000000100000-0x00000000de638fff] usable
BIOS-e820: [mem 0x00000000de639000-0x00000000de838fff] ACPI NVS
BIOS-e820: [mem 0x00000000de839000-0x00000000dfd3efff] usable
BIOS-e820: [mem 0x00000000dfd3f000-0x00000000dfdbefff] reserved
BIOS-e820: [mem 0x00000000dfdbf000-0x00000000dfebefff] ACPI NVS
BIOS-e820: [mem 0x00000000dfebf000-0x00000000dfef5fff] ACPI data
BIOS-e820: [mem 0x00000000dfef6000-0x00000000dfefffff] usable
BIOS-e820: [mem 0x00000000dff00000-0x00000000dfffffff] reserved
BIOS-e820: [mem 0x00000000f8000000-0x00000000fbffffff] reserved
BIOS-e820: [mem 0x00000000fec00000-0x00000000fec00fff] reserved
BIOS-e820: [mem 0x00000000fec10000-0x00000000fec10fff] reserved
BIOS-e820: [mem 0x00000000fee00000-0x00000000fee00fff] reserved
BIOS-e820: [mem 0x00000000ffe00000-0x00000000ffffffff] reserved
BIOS-e820: [mem 0x0000000100000000-0x000000010effffff] usable
BIOS-e820: [mem 0x000000010f000000-0x000000011effffff] reserved
NX (Execute Disable) protection: active
SMBIOS 2.7 present.
DMI: Acer AO722/AO722, BIOS V1.01 03/25/2011
e820: update [mem 0x00000000-0x00000fff] usable ==> reserved
e820: remove [mem 0x000a0000-0x000fffff] usable
e820: last_pfn = 0x10f000 max_arch_pfn = 0x400000000
MTRR default type: uncachable
MTRR fixed ranges enabled:
  00000-9FFFF write-back
  A0000-BFFFF uncachable
  C0000-FFFFF write-through
MTRR variable ranges enabled:
  0 base 000000000 mask F80000000 write-back
  1 base 080000000 mask FC0000000 write-back
  2 base 0C0000000 mask FE0000000 write-back
  3 base 0DFEBD000 mask FFFFFF000 uncachable
  4 base 0FFE00000 mask FFFE00000 write-protect
  5 disabled
  6 disabled
  7 disabled
TOM2: 000000011f000000 aka 4592M
x86/PAT: Configuration [0-7]: WB  WC  UC- UC  WB  WC  UC- WT  
e820: last_pfn = 0xdff00 max_arch_pfn = 0x400000000
found SMP MP-table at [mem 0x000fe1b0-0x000fe1bf] mapped at [ffff9d44000fe1b0]
Base memory trampoline at [ffff9d4400099000] 99000 size 24576
Using GB pages for direct mapping
BRK [0x8332f000, 0x8332ffff] PGTABLE
BRK [0x83330000, 0x83330fff] PGTABLE
BRK [0x83331000, 0x83331fff] PGTABLE
BRK [0x83332000, 0x83332fff] PGTABLE
BRK [0x83333000, 0x83333fff] PGTABLE
BRK [0x83334000, 0x83334fff] PGTABLE
BRK [0x83335000, 0x83335fff] PGTABLE
BRK [0x83336000, 0x83336fff] PGTABLE
BRK [0x83337000, 0x83337fff] PGTABLE
BRK [0x83338000, 0x83338fff] PGTABLE
RAMDISK: [mem 0x35da0000-0x36ec7fff]
ACPI: Early table checksum verification disabled
ACPI: RSDP 0x00000000000FE020 000024 (v02 ACRSYS)
ACPI: XSDT 0x00000000DFEF5120 000064 (v01 ACRSYS ACRPRDCT 00000003      01000013)
ACPI: FACP 0x00000000DFEF4000 0000F4 (v04 ACRSYS ACRPRDCT 00000003 1025 00040000)
ACPI: DSDT 0x00000000DFEE8000 0089AA (v01 ACRSYS ACRPRDCT F0000000 1025 00040000)
ACPI: FACS 0x00000000DFE97000 000040
ACPI: FACS 0x00000000DFE97000 000040
ACPI: HPET 0x00000000DFEF3000 000038 (v01 ACRSYS ACRPRDCT 00000001 1025 00040000)
ACPI: APIC 0x00000000DFEF2000 000084 (v02 ACRSYS ACRPRDCT 00000001 1025 00040000)
ACPI: MCFG 0x00000000DFEF1000 00003C (v01 ACRSYS ACRPRDCT 00000001 1025 00040000)
ACPI: BOOT 0x00000000DFEE7000 000028 (v01 ACRSYS ACRPRDCT 00000001 1025 00040000)
ACPI: SLIC 0x00000000DFEE6000 000176 (v01 ACRSYS ACRPRDCT 00000001 1025 00040000)
ACPI: SSDT 0x00000000DFEE5000 00030C (v01 AMD    POWERNOW 00000001 AMD  00000001)
ACPI: SSDT 0x00000000DFEE3000 0012FA (v02 AMD    ALIB     00000001 MSFT 04000000)
ACPI: Local APIC address 0xfee00000
No NUMA configuration found
Faking a node at [mem 0x0000000000000000-0x000000010effffff]
NODE_DATA(0) allocated [mem 0x10effb000-0x10effffff]
Zone ranges:
  DMA      [mem 0x0000000000001000-0x0000000000ffffff]
  DMA32    [mem 0x0000000001000000-0x00000000ffffffff]
  Normal   [mem 0x0000000100000000-0x000000010effffff]
  Device   empty
Movable zone start for each node
Early memory node ranges
  node   0: [mem 0x0000000000001000-0x000000000009efff]
  node   0: [mem 0x0000000000100000-0x00000000de638fff]
  node   0: [mem 0x00000000de839000-0x00000000dfd3efff]
  node   0: [mem 0x00000000dfef6000-0x00000000dfefffff]
  node   0: [mem 0x0000000100000000-0x000000010effffff]
Initmem setup node 0 [mem 0x0000000000001000-0x000000010effffff]
On node 0 totalpages: 977639
  DMA zone: 64 pages used for memmap
  DMA zone: 21 pages reserved
  DMA zone: 3998 pages, LIFO batch:0
  DMA32 zone: 14254 pages used for memmap
  DMA32 zone: 912201 pages, LIFO batch:31
  Normal zone: 960 pages used for memmap
  Normal zone: 61440 pages, LIFO batch:15
ACPI: PM-Timer IO Port: 0x408
ACPI: Local APIC address 0xfee00000
ACPI: LAPIC_NMI (acpi_id[0x00] high edge lint[0x1])
ACPI: LAPIC_NMI (acpi_id[0x01] high edge lint[0x1])
ACPI: LAPIC_NMI (acpi_id[0x02] high edge lint[0x1])
ACPI: LAPIC_NMI (acpi_id[0x03] high edge lint[0x1])
IOAPIC[0]: apic_id 4, version 33, address 0xfec00000, GSI 0-23
ACPI: INT_SRC_OVR (bus 0 bus_irq 0 global_irq 2 dfl dfl)
ACPI: INT_SRC_OVR (bus 0 bus_irq 9 global_irq 9 low level)
ACPI: IRQ0 used by override.
ACPI: IRQ9 used by override.
Using ACPI (MADT) for SMP configuration information
ACPI: HPET id: 0x43538210 base: 0xfed00000
smpboot: Allowing 4 CPUs, 2 hotplug CPUs
PM: Registered nosave memory: [mem 0x00000000-0x00000fff]
PM: Registered nosave memory: [mem 0x0009f000-0x0009ffff]
PM: Registered nosave memory: [mem 0x000a0000-0x000dffff]
PM: Registered nosave memory: [mem 0x000e0000-0x000fffff]
PM: Registered nosave memory: [mem 0xde639000-0xde838fff]
PM: Registered nosave memory: [mem 0xdfd3f000-0xdfdbefff]
PM: Registered nosave memory: [mem 0xdfdbf000-0xdfebefff]
PM: Registered nosave memory: [mem 0xdfebf000-0xdfef5fff]
PM: Registered nosave memory: [mem 0xdff00000-0xdfffffff]
PM: Registered nosave memory: [mem 0xe0000000-0xf7ffffff]
PM: Registered nosave memory: [mem 0xf8000000-0xfbffffff]
PM: Registered nosave memory: [mem 0xfc000000-0xfebfffff]
PM: Registered nosave memory: [mem 0xfec00000-0xfec00fff]
PM: Registered nosave memory: [mem 0xfec01000-0xfec0ffff]
PM: Registered nosave memory: [mem 0xfec10000-0xfec10fff]
PM: Registered nosave memory: [mem 0xfec11000-0xfedfffff]
PM: Registered nosave memory: [mem 0xfee00000-0xfee00fff]
PM: Registered nosave memory: [mem 0xfee01000-0xffdfffff]
PM: Registered nosave memory: [mem 0xffe00000-0xffffffff]
e820: [mem 0xe0000000-0xf7ffffff] available for PCI devices
Booting paravirtualized kernel on bare hardware
clocksource: refined-jiffies: mask: 0xffffffff max_cycles: 0xffffffff, max_idle_ns: 7645519600211568 ns
setup_percpu: NR_CPUS:512 nr_cpumask_bits:512 nr_cpu_ids:4 nr_node_ids:1
percpu: Embedded 35 pages/cpu @ffff9d450ec00000 s103512 r8192 d31656 u524288
pcpu-alloc: s103512 r8192 d31656 u524288 alloc=1*2097152
pcpu-alloc: [0] 0 1 2 3 
Built 1 zonelists in Node order, mobility grouping on.  Total pages: 962340
Policy zone: Normal
Kernel command line: BOOT_IMAGE=/boot/vmlinuz-4.9.0-4-amd64 root=UUID=07edf193-9c61-4cdd-827c-0d6d1dacce48 ro quiet
PID hash table entries: 4096 (order: 3, 32768 bytes)
Calgary: detecting Calgary via BIOS EBDA area
Calgary: Unable to locate Rio Grande table in EBDA - bailing!
Memory: 3749272K/3910556K available (6196K kernel code, 1137K rwdata, 2856K rodata, 1396K init, 688K bss, 161284K reserved, 0K cma-reserved)
Hierarchical RCU implementation.
	Build-time adjustment of leaf fanout to 64.
	RCU restricting CPUs from NR_CPUS=512 to nr_cpu_ids=4.
RCU: Adjusting geometry for rcu_fanout_leaf=64, nr_cpu_ids=4
NR_IRQS:33024 nr_irqs:456 16
spurious 8259A interrupt: IRQ7.
Console: colour VGA+ 80x25
console [tty0] enabled
clocksource: hpet: mask: 0xffffffff max_cycles: 0xffffffff, max_idle_ns: 133484873504 ns
hpet clockevent registered
tsc: Fast TSC calibration using PIT
tsc: Detected 997.537 MHz processor
Calibrating delay loop (skipped), value calculated using timer frequency.. 1995.07 BogoMIPS (lpj=3990148)
pid_max: default: 32768 minimum: 301
ACPI: Core revision 20160831
ACPI: 3 ACPI AML tables successfully acquired and loaded
Security Framework initialized
Yama: disabled by default; enable with sysctl kernel.yama.*
AppArmor: AppArmor disabled by boot time parameter
Dentry cache hash table entries: 524288 (order: 10, 4194304 bytes)
Inode-cache hash table entries: 262144 (order: 9, 2097152 bytes)
Mount-cache hash table entries: 8192 (order: 4, 65536 bytes)
Mountpoint-cache hash table entries: 8192 (order: 4, 65536 bytes)
CPU: Physical Processor ID: 0
CPU: Processor Core ID: 0
mce: CPU supports 6 MCE banks
Last level iTLB entries: 4KB 512, 2MB 8, 4MB 4
Last level dTLB entries: 4KB 512, 2MB 8, 4MB 4, 1GB 0
Freeing SMP alternatives memory: 24K
ftrace: allocating 25191 entries in 99 pages
smpboot: Max logical packages: 2
..TIMER: vector=0x30 apic1=0 pin1=2 apic2=-1 pin2=-1
smpboot: CPU0: AMD C-50 Processor (family: 0x14, model: 0x1, stepping: 0x0)
Performance Events: AMD PMU driver.
... version:                0
... bit width:              48
... generic registers:      4
... value mask:             0000ffffffffffff
... max period:             00007fffffffffff
... fixed-purpose events:   0
... event mask:             000000000000000f
NMI watchdog: enabled on all CPUs, permanently consumes one hw-PMU counter.
x86: Booting SMP configuration:
.... node  #0, CPUs:      #1
x86: Booted up 1 node, 2 CPUs
smpboot: Total of 2 processors activated (3990.06 BogoMIPS)
devtmpfs: initialized
x86/mm: Memory block size: 128MB
PM: Registering ACPI NVS region [mem 0xde639000-0xde838fff] (2097152 bytes)
PM: Registering ACPI NVS region [mem 0xdfdbf000-0xdfebefff] (1048576 bytes)
clocksource: jiffies: mask: 0xffffffff max_cycles: 0xffffffff, max_idle_ns: 7645041785100000 ns
futex hash table entries: 1024 (order: 4, 65536 bytes)
pinctrl core: initialized pinctrl subsystem
NET: Registered protocol family 16
cpuidle: using governor ladder
cpuidle: using governor menu
Simple Boot Flag at 0x44 set to 0x1
ACPI: bus type PCI registered
acpiphp: ACPI Hot Plug PCI Controller Driver version: 0.5
PCI: MMCONFIG for domain 0000 [bus 00-3f] at [mem 0xf8000000-0xfbffffff] (base 0xf8000000)
PCI: MMCONFIG at [mem 0xf8000000-0xfbffffff] reserved in E820
PCI: Using configuration type 1 for base access
mtrr: your CPUs had inconsistent variable MTRR settings
mtrr: probably your BIOS does not setup all CPUs.
mtrr: corrected configuration.
HugeTLB registered 1 GB page size, pre-allocated 0 pages
HugeTLB registered 2 MB page size, pre-allocated 0 pages
ACPI: Added _OSI(Module Device)
ACPI: Added _OSI(Processor Device)
ACPI: Added _OSI(3.0 _SCP Extensions)
ACPI: Added _OSI(Processor Aggregator Device)
ACPI: Executed 1 blocks of module-level executable AML code
ACPI: [Firmware Bug]: BIOS _OSI(Linux) query ignored
ACPI : EC: EC started
ACPI : EC: interrupt blocked
ACPI: \_SB_.PCI0.LPC0.EC0_: Used as first EC
ACPI: \_SB_.PCI0.LPC0.EC0_: GPE=0x3, EC_CMD/EC_SC=0x66, EC_DATA=0x62
ACPI: \_SB_.PCI0.LPC0.EC0_: Used as boot DSDT EC to handle transactions
ACPI: Interpreter enabled
ACPI: (supports S0 S3 S4 S5)
ACPI: Using IOAPIC for interrupt routing
PCI: Using host bridge windows from ACPI; if necessary, use "pci=nocrs" and report a bug
ACPI: PCI Root Bridge [PCI0] (domain 0000 [bus 00-ff])
acpi PNP0A08:00: _OSC: OS supports [ExtendedConfig ASPM ClockPM Segments MSI]
acpi PNP0A08:00: _OSC failed (AE_NOT_FOUND); disabling ASPM
acpi PNP0A08:00: [Firmware Info]: MMCONFIG for domain 0000 [bus 00-3f] only partially covers this bridge
acpi PNP0A08:00: ignoring host bridge window [mem 0x000cc000-0x000cffff window] (conflicts with Video ROM [mem 0x000c0000-0x000ce1ff])
PCI host bridge to bus 0000:00
pci_bus 0000:00: root bus resource [io  0x0000-0x0cf7 window]
pci_bus 0000:00: root bus resource [io  0x0d00-0xffff window]
pci_bus 0000:00: root bus resource [mem 0x000a0000-0x000bffff window]
pci_bus 0000:00: root bus resource [mem 0x000c0000-0x000c3fff window]
pci_bus 0000:00: root bus resource [mem 0x000c4000-0x000c7fff window]
pci_bus 0000:00: root bus resource [mem 0x000c8000-0x000cbfff window]
pci_bus 0000:00: root bus resource [mem 0x000d0000-0x000d3fff window]
pci_bus 0000:00: root bus resource [mem 0x000d4000-0x000d7fff window]
pci_bus 0000:00: root bus resource [mem 0x000d8000-0x000dbfff window]
pci_bus 0000:00: root bus resource [mem 0x000dc000-0x000dffff window]
pci_bus 0000:00: root bus resource [mem 0x000e0000-0x000e3fff window]
pci_bus 0000:00: root bus resource [mem 0x000e4000-0x000e7fff window]
pci_bus 0000:00: root bus resource [mem 0x000e8000-0x000ebfff window]
pci_bus 0000:00: root bus resource [mem 0x000ec000-0x000effff window]
pci_bus 0000:00: root bus resource [mem 0xe0000000-0xf7ffffff window]
pci_bus 0000:00: root bus resource [mem 0xfc000000-0xffffffff window]
pci_bus 0000:00: root bus resource [bus 00-ff]
pci 0000:00:00.0: [1022:1510] type 00 class 0x060000
pci 0000:00:01.0: [1002:9804] type 00 class 0x030000
pci 0000:00:01.0: reg 0x10: [mem 0xe0000000-0xefffffff pref]
pci 0000:00:01.0: reg 0x14: [io  0x4000-0x40ff]
pci 0000:00:01.0: reg 0x18: [mem 0xf0400000-0xf043ffff]
pci 0000:00:01.0: supports D1 D2
pci 0000:00:01.1: [1002:1314] type 00 class 0x040300
pci 0000:00:01.1: reg 0x10: [mem 0xf0444000-0xf0447fff]
pci 0000:00:01.1: supports D1 D2
pci 0000:00:11.0: [1002:4391] type 00 class 0x010601
pci 0000:00:11.0: reg 0x10: [io  0x4118-0x411f]
pci 0000:00:11.0: reg 0x14: [io  0x4124-0x4127]
pci 0000:00:11.0: reg 0x18: [io  0x4110-0x4117]
pci 0000:00:11.0: reg 0x1c: [io  0x4120-0x4123]
pci 0000:00:11.0: reg 0x20: [io  0x4100-0x410f]
pci 0000:00:11.0: reg 0x24: [mem 0xf044c000-0xf044c3ff]
pci 0000:00:12.0: [1002:4397] type 00 class 0x0c0310
pci 0000:00:12.0: reg 0x10: [mem 0xf044b000-0xf044bfff]
pci 0000:00:12.0: System wakeup disabled by ACPI
pci 0000:00:12.2: [1002:4396] type 00 class 0x0c0320
pci 0000:00:12.2: reg 0x10: [mem 0xf044a000-0xf044a0ff]
pci 0000:00:12.2: supports D1 D2
pci 0000:00:12.2: PME# supported from D0 D1 D2 D3hot
pci 0000:00:12.2: System wakeup disabled by ACPI
pci 0000:00:13.0: [1002:4397] type 00 class 0x0c0310
pci 0000:00:13.0: reg 0x10: [mem 0xf0449000-0xf0449fff]
pci 0000:00:13.2: [1002:4396] type 00 class 0x0c0320
pci 0000:00:13.2: reg 0x10: [mem 0xf0448000-0xf04480ff]
pci 0000:00:13.2: supports D1 D2
pci 0000:00:13.2: PME# supported from D0 D1 D2 D3hot
pci 0000:00:14.0: [1002:4385] type 00 class 0x0c0500
pci 0000:00:14.2: [1002:4383] type 00 class 0x040300
pci 0000:00:14.2: reg 0x10: [mem 0xf0440000-0xf0443fff 64bit]
pci 0000:00:14.2: PME# supported from D0 D3hot D3cold
pci 0000:00:14.3: [1002:439d] type 00 class 0x060100
pci 0000:00:14.4: [1002:4384] type 01 class 0x060401
pci 0000:00:14.4: System wakeup disabled by ACPI
pci 0000:00:15.0: [1002:43a0] type 01 class 0x060400
pci 0000:00:15.0: supports D1 D2
pci 0000:00:15.2: [1002:43a2] type 01 class 0x060400
pci 0000:00:15.2: supports D1 D2
pci 0000:00:15.2: System wakeup disabled by ACPI
pci 0000:00:15.3: [1002:43a3] type 01 class 0x060400
pci 0000:00:15.3: supports D1 D2
pci 0000:00:18.0: [1022:1700] type 00 class 0x060000
pci 0000:00:18.1: [1022:1701] type 00 class 0x060000
pci 0000:00:18.2: [1022:1702] type 00 class 0x060000
pci 0000:00:18.3: [1022:1703] type 00 class 0x060000
pci 0000:00:18.4: [1022:1704] type 00 class 0x060000
pci 0000:00:18.5: [1022:1718] type 00 class 0x060000
pci 0000:00:18.6: [1022:1716] type 00 class 0x060000
pci 0000:00:18.7: [1022:1719] type 00 class 0x060000
pci 0000:00:14.4: PCI bridge to [bus 01] (subtractive decode)
pci 0000:00:14.4:   bridge window [io  0x0000-0x0cf7 window] (subtractive decode)
pci 0000:00:14.4:   bridge window [io  0x0d00-0xffff window] (subtractive decode)
pci 0000:00:14.4:   bridge window [mem 0x000a0000-0x000bffff window] (subtractive decode)
pci 0000:00:14.4:   bridge window [mem 0x000c0000-0x000c3fff window] (subtractive decode)
pci 0000:00:14.4:   bridge window [mem 0x000c4000-0x000c7fff window] (subtractive decode)
pci 0000:00:14.4:   bridge window [mem 0x000c8000-0x000cbfff window] (subtractive decode)
pci 0000:00:14.4:   bridge window [mem 0x000d0000-0x000d3fff window] (subtractive decode)
pci 0000:00:14.4:   bridge window [mem 0x000d4000-0x000d7fff window] (subtractive decode)
pci 0000:00:14.4:   bridge window [mem 0x000d8000-0x000dbfff window] (subtractive decode)
pci 0000:00:14.4:   bridge window [mem 0x000dc000-0x000dffff window] (subtractive decode)
pci 0000:00:14.4:   bridge window [mem 0x000e0000-0x000e3fff window] (subtractive decode)
pci 0000:00:14.4:   bridge window [mem 0x000e4000-0x000e7fff window] (subtractive decode)
pci 0000:00:14.4:   bridge window [mem 0x000e8000-0x000ebfff window] (subtractive decode)
pci 0000:00:14.4:   bridge window [mem 0x000ec000-0x000effff window] (subtractive decode)
pci 0000:00:14.4:   bridge window [mem 0xe0000000-0xf7ffffff window] (subtractive decode)
pci 0000:00:14.4:   bridge window [mem 0xfc000000-0xffffffff window] (subtractive decode)
pci 0000:00:15.0: PCI bridge to [bus 02-05]
pci 0000:00:15.0:   bridge window [io  0x3000-0x3fff]
pci 0000:00:15.0:   bridge window [mem 0xf0300000-0xf03fffff]
pci 0000:00:15.0:   bridge window [mem 0xf0000000-0xf00fffff 64bit pref]
pci 0000:06:00.0: [1969:2062] type 00 class 0x020000
pci 0000:06:00.0: reg 0x10: [mem 0xf0200000-0xf023ffff 64bit]
pci 0000:06:00.0: reg 0x18: [io  0x2000-0x207f]
pci 0000:06:00.0: PME# supported from D0 D1 D2 D3hot D3cold
pci 0000:00:15.2: PCI bridge to [bus 06]
pci 0000:00:15.2:   bridge window [io  0x2000-0x2fff]
pci 0000:00:15.2:   bridge window [mem 0xf0200000-0xf02fffff]
pci 0000:07:00.0: [14e4:4727] type 00 class 0x028000
pci 0000:07:00.0: reg 0x10: [mem 0xf0100000-0xf0103fff 64bit]
pci 0000:07:00.0: supports D1 D2
pci 0000:07:00.0: PME# supported from D0 D3hot D3cold
pci 0000:00:15.3: PCI bridge to [bus 07]
pci 0000:00:15.3:   bridge window [mem 0xf0100000-0xf01fffff]
ACPI: PCI Interrupt Link [LNKA] (IRQs 3 4 5 7 10 11 12 14 15) *0
ACPI: PCI Interrupt Link [LNKB] (IRQs 3 4 5 7 10 11 12 14 15) *0
ACPI: PCI Interrupt Link [LNKC] (IRQs 3 4 5 7 10 11 12 14 15) *0
ACPI: PCI Interrupt Link [LNKD] (IRQs 3 4 5 7 10 11 12 14 15) *0
ACPI: PCI Interrupt Link [LNKE] (IRQs 3 4 5 7 10 11 12 14 15) *0
ACPI: PCI Interrupt Link [LNKF] (IRQs 3 4 5 7 10 11 12 14 15) *0
ACPI: PCI Interrupt Link [LNKG] (IRQs 3 4 5 7 10 11 12 14 15) *0
ACPI: PCI Interrupt Link [LNKH] (IRQs 3 4 5 7 10 11 12 14 15) *0
ACPI: Enabled 2 GPEs in block 00 to 1F
ACPI : EC: interrupt unblocked
ACPI : EC: event unblocked
ACPI: \_SB_.PCI0.LPC0.EC0_: GPE=0x3, EC_CMD/EC_SC=0x66, EC_DATA=0x62
ACPI: \_SB_.PCI0.LPC0.EC0_: Used as boot DSDT EC to handle transactions and events
vgaarb: setting as boot device: PCI:0000:00:01.0
vgaarb: device added: PCI:0000:00:01.0,decodes=io+mem,owns=io+mem,locks=none
vgaarb: loaded
vgaarb: bridge control possible 0000:00:01.0
PCI: Using ACPI for IRQ routing
PCI: pci_cache_line_size set to 64 bytes
e820: reserve RAM buffer [mem 0x0009f800-0x0009ffff]
e820: reserve RAM buffer [mem 0xde639000-0xdfffffff]
e820: reserve RAM buffer [mem 0xdfd3f000-0xdfffffff]
e820: reserve RAM buffer [mem 0xdff00000-0xdfffffff]
e820: reserve RAM buffer [mem 0x10f000000-0x10fffffff]
hpet0: at MMIO 0xfed00000, IRQs 2, 8, 0
hpet0: 3 comparators, 32-bit 14.318180 MHz counter
clocksource: Switched to clocksource hpet
VFS: Disk quotas dquot_6.6.0
VFS: Dquot-cache hash table entries: 512 (order 0, 4096 bytes)
pnp: PnP ACPI init
system 00:00: [mem 0xfec00000-0xfec00fff] could not be reserved
system 00:00: [mem 0xfee00000-0xfee00fff] has been reserved
system 00:00: Plug and Play ACPI device, IDs PNP0c02 (active)
pnp 00:01: Plug and Play ACPI device, IDs PNP0b00 (active)
pnp 00:02: Plug and Play ACPI device, IDs PNP0303 (active)
pnp 00:03: Plug and Play ACPI device, IDs ETD0500 ETD0001 PNP0f13 (active)
system 00:04: [io  0x0400-0x04cf] has been reserved
system 00:04: [io  0x04d0-0x04d1] has been reserved
system 00:04: [io  0x04d6] has been reserved
system 00:04: [io  0x0680-0x06ff] has been reserved
system 00:04: [io  0x077a] has been reserved
system 00:04: [io  0x0c00-0x0c01] has been reserved
system 00:04: [io  0x0c14] has been reserved
system 00:04: [io  0x0c50-0x0c52] has been reserved
system 00:04: [io  0x0c6c] has been reserved
system 00:04: [io  0x0c6f] has been reserved
system 00:04: [io  0x0cd0-0x0cdb] has been reserved
system 00:04: Plug and Play ACPI device, IDs PNP0c02 (active)
system 00:05: [mem 0x000e0000-0x000fffff] could not be reserved
system 00:05: [mem 0xffe00000-0xffffffff] has been reserved
system 00:05: Plug and Play ACPI device, IDs PNP0c01 (active)
pnp: PnP ACPI: found 6 devices
clocksource: acpi_pm: mask: 0xffffff max_cycles: 0xffffff, max_idle_ns: 2085701024 ns
pci 0000:00:14.4: PCI bridge to [bus 01]
pci 0000:00:15.0: PCI bridge to [bus 02-05]
pci 0000:00:15.0:   bridge window [io  0x3000-0x3fff]
pci 0000:00:15.0:   bridge window [mem 0xf0300000-0xf03fffff]
pci 0000:00:15.0:   bridge window [mem 0xf0000000-0xf00fffff 64bit pref]
pci 0000:00:15.2: PCI bridge to [bus 06]
pci 0000:00:15.2:   bridge window [io  0x2000-0x2fff]
pci 0000:00:15.2:   bridge window [mem 0xf0200000-0xf02fffff]
pci 0000:00:15.3: PCI bridge to [bus 07]
pci 0000:00:15.3:   bridge window [mem 0xf0100000-0xf01fffff]
pci_bus 0000:00: resource 4 [io  0x0000-0x0cf7 window]
pci_bus 0000:00: resource 5 [io  0x0d00-0xffff window]
pci_bus 0000:00: resource 6 [mem 0x000a0000-0x000bffff window]
pci_bus 0000:00: resource 7 [mem 0x000c0000-0x000c3fff window]
pci_bus 0000:00: resource 8 [mem 0x000c4000-0x000c7fff window]
pci_bus 0000:00: resource 9 [mem 0x000c8000-0x000cbfff window]
pci_bus 0000:00: resource 10 [mem 0x000d0000-0x000d3fff window]
pci_bus 0000:00: resource 11 [mem 0x000d4000-0x000d7fff window]
pci_bus 0000:00: resource 12 [mem 0x000d8000-0x000dbfff window]
pci_bus 0000:00: resource 13 [mem 0x000dc000-0x000dffff window]
pci_bus 0000:00: resource 14 [mem 0x000e0000-0x000e3fff window]
pci_bus 0000:00: resource 15 [mem 0x000e4000-0x000e7fff window]
pci_bus 0000:00: resource 16 [mem 0x000e8000-0x000ebfff window]
pci_bus 0000:00: resource 17 [mem 0x000ec000-0x000effff window]
pci_bus 0000:00: resource 18 [mem 0xe0000000-0xf7ffffff window]
pci_bus 0000:00: resource 19 [mem 0xfc000000-0xffffffff window]
pci_bus 0000:01: resource 4 [io  0x0000-0x0cf7 window]
pci_bus 0000:01: resource 5 [io  0x0d00-0xffff window]
pci_bus 0000:01: resource 6 [mem 0x000a0000-0x000bffff window]
pci_bus 0000:01: resource 7 [mem 0x000c0000-0x000c3fff window]
pci_bus 0000:01: resource 8 [mem 0x000c4000-0x000c7fff window]
pci_bus 0000:01: resource 9 [mem 0x000c8000-0x000cbfff window]
pci_bus 0000:01: resource 10 [mem 0x000d0000-0x000d3fff window]
pci_bus 0000:01: resource 11 [mem 0x000d4000-0x000d7fff window]
pci_bus 0000:01: resource 12 [mem 0x000d8000-0x000dbfff window]
pci_bus 0000:01: resource 13 [mem 0x000dc000-0x000dffff window]
pci_bus 0000:01: resource 14 [mem 0x000e0000-0x000e3fff window]
pci_bus 0000:01: resource 15 [mem 0x000e4000-0x000e7fff window]
pci_bus 0000:01: resource 16 [mem 0x000e8000-0x000ebfff window]
pci_bus 0000:01: resource 17 [mem 0x000ec000-0x000effff window]
pci_bus 0000:01: resource 18 [mem 0xe0000000-0xf7ffffff window]
pci_bus 0000:01: resource 19 [mem 0xfc000000-0xffffffff window]
pci_bus 0000:02: resource 0 [io  0x3000-0x3fff]
pci_bus 0000:02: resource 1 [mem 0xf0300000-0xf03fffff]
pci_bus 0000:02: resource 2 [mem 0xf0000000-0xf00fffff 64bit pref]
pci_bus 0000:06: resource 0 [io  0x2000-0x2fff]
pci_bus 0000:06: resource 1 [mem 0xf0200000-0xf02fffff]
pci_bus 0000:07: resource 1 [mem 0xf0100000-0xf01fffff]
NET: Registered protocol family 2
TCP established hash table entries: 32768 (order: 6, 262144 bytes)
TCP bind hash table entries: 32768 (order: 7, 524288 bytes)
TCP: Hash tables configured (established 32768 bind 32768)
UDP hash table entries: 2048 (order: 4, 65536 bytes)
UDP-Lite hash table entries: 2048 (order: 4, 65536 bytes)
NET: Registered protocol family 1
pci 0000:00:01.0: Video device with shadowed ROM at [mem 0x000c0000-0x000dffff]
pci 0000:06:00.0: [Firmware Bug]: disabling VPD access (can't determine size of non-standard VPD format)
PCI: CLS 64 bytes, default 64
Unpacking initramfs...
Freeing initrd memory: 17568K
PCI-DMA: Using software bounce buffering for IO (SWIOTLB)
software IO TLB [mem 0xda639000-0xde639000] (64MB) mapped at [ffff9d44da639000-ffff9d44de638fff]
LVT offset 0 assigned for vector 0x400
perf: AMD IBS detected (0x000000ff)
audit: initializing netlink subsys (disabled)
audit: type=2000 audit(1523836744.956:1): initialized
workingset: timestamp_bits=40 max_order=20 bucket_order=0
zbud: loaded
Block layer SCSI generic (bsg) driver version 0.4 loaded (major 250)
io scheduler noop registered
io scheduler deadline registered
io scheduler cfq registered (default)
pci_hotplug: PCI Hot Plug PCI Core version: 0.5
pciehp: PCI Express Hot Plug Controller Driver version: 0.4
GHES: HEST is not enabled!
Linux agpgart interface v0.103
AMD IOMMUv2 driver by Joerg Roedel <jroedel@suse.de>
AMD IOMMUv2 functionality not available on this system
i8042: PNP: PS/2 Controller [PNP0303:PS2K,PNP0f13:MSS1] at 0x60,0x64 irq 1,12
serio: i8042 KBD port at 0x60,0x64 irq 1
serio: i8042 AUX port at 0x60,0x64 irq 12
mousedev: PS/2 mouse device common for all mice
rtc_cmos 00:01: RTC can wake from S4
rtc_cmos 00:01: rtc core: registered rtc_cmos as rtc0
rtc_cmos 00:01: alarms up to one day, 114 bytes nvram, hpet irqs
ledtrig-cpu: registered to indicate activity on CPUs
NET: Registered protocol family 10
mip6: Mobile IPv6
NET: Registered protocol family 17
mpls_gso: MPLS GSO support
microcode: CPU0: patch_level=0x05000028
microcode: CPU1: patch_level=0x05000028
microcode: Microcode Update Driver: v2.01 <tigran@aivazian.fsnet.co.uk>, Peter Oruba
registered taskstats version 1
zswap: loaded using pool lzo/zbud
ima: No TPM chip found, activating TPM-bypass!
rtc_cmos 00:01: setting system clock to 2018-04-15 23:59:05 UTC (1523836745)
PM: Hibernation image not present or could not be loaded.
Freeing unused kernel memory: 1396K
Write protecting the kernel read-only data: 12288k
Freeing unused kernel memory: 1980K
Freeing unused kernel memory: 1240K
input: AT Translated Set 2 keyboard as /devices/platform/i8042/serio0/input/input0
x86/mm: Checked W+X mappings: passed, no W+X pages found.
random: systemd-udevd: uninitialized urandom read (16 bytes read)
random: systemd-udevd: uninitialized urandom read (16 bytes read)
random: systemd-udevd: uninitialized urandom read (16 bytes read)
random: udevadm: uninitialized urandom read (16 bytes read)
random: udevadm: uninitialized urandom read (16 bytes read)
random: udevadm: uninitialized urandom read (16 bytes read)
random: udevadm: uninitialized urandom read (16 bytes read)
random: udevadm: uninitialized urandom read (16 bytes read)
random: udevadm: uninitialized urandom read (16 bytes read)
random: udevadm: uninitialized urandom read (16 bytes read)
SCSI subsystem initialized
ACPI: bus type USB registered
usbcore: registered new interface driver usbfs
usbcore: registered new interface driver hub
piix4_smbus 0000:00:14.0: SMBus Host Controller at 0xb00, revision 0
piix4_smbus 0000:00:14.0: Using register 0x2c for SMBus port selection
piix4_smbus 0000:00:14.0: Auxiliary SMBus Host Controller at 0xb20
usbcore: registered new device driver usb
ehci_hcd: USB 2.0 'Enhanced' Host Controller (EHCI) Driver
ohci_hcd: USB 1.1 'Open' Host Controller (OHCI) Driver
ehci-pci: EHCI PCI platform driver
libata version 3.00 loaded.
QUIRK: Enable AMD PLL fix
ehci-pci 0000:00:12.2: EHCI Host Controller
ehci-pci 0000:00:12.2: new USB bus registered, assigned bus number 1
ehci-pci 0000:00:12.2: applying AMD SB700/SB800/Hudson-2/3 EHCI dummy qh workaround
ehci-pci 0000:00:12.2: debug port 1
ehci-pci 0000:00:12.2: irq 17, io mem 0xf044a000
ehci-pci 0000:00:12.2: USB 2.0 started, EHCI 1.00
usb usb1: New USB device found, idVendor=1d6b, idProduct=0002
usb usb1: New USB device strings: Mfr=3, Product=2, SerialNumber=1
usb usb1: Product: EHCI Host Controller
usb usb1: Manufacturer: Linux 4.9.0-4-amd64 ehci_hcd
usb usb1: SerialNumber: 0000:00:12.2
hub 1-0:1.0: USB hub found
hub 1-0:1.0: 5 ports detected
ehci-pci 0000:00:13.2: EHCI Host Controller
ehci-pci 0000:00:13.2: new USB bus registered, assigned bus number 2
ehci-pci 0000:00:13.2: applying AMD SB700/SB800/Hudson-2/3 EHCI dummy qh workaround
ehci-pci 0000:00:13.2: debug port 1
ehci-pci 0000:00:13.2: irq 17, io mem 0xf0448000
ehci-pci 0000:00:13.2: USB 2.0 started, EHCI 1.00
usb usb2: New USB device found, idVendor=1d6b, idProduct=0002
usb usb2: New USB device strings: Mfr=3, Product=2, SerialNumber=1
usb usb2: Product: EHCI Host Controller
usb usb2: Manufacturer: Linux 4.9.0-4-amd64 ehci_hcd
usb usb2: SerialNumber: 0000:00:13.2
hub 2-0:1.0: USB hub found
hub 2-0:1.0: 5 ports detected
ahci 0000:00:11.0: version 3.0
ahci 0000:00:11.0: AHCI 0001.0200 32 slots 1 ports 3 Gbps 0x1 impl SATA mode
ahci 0000:00:11.0: flags: 64bit ncq sntf ilck pm led clo pmp pio slum part 
ohci-pci: OHCI PCI platform driver
scsi host0: ahci
ata1: SATA max UDMA/133 abar m1024@0xf044c000 port 0xf044c100 irq 19
ohci-pci 0000:00:12.0: OHCI PCI host controller
ohci-pci 0000:00:12.0: new USB bus registered, assigned bus number 3
ohci-pci 0000:00:12.0: irq 18, io mem 0xf044b000
atl1c 0000:06:00.0: version 1.0.1.1-NAPI
usb usb3: New USB device found, idVendor=1d6b, idProduct=0001
usb usb3: New USB device strings: Mfr=3, Product=2, SerialNumber=1
usb usb3: Product: OHCI PCI host controller
usb usb3: Manufacturer: Linux 4.9.0-4-amd64 ohci_hcd
usb usb3: SerialNumber: 0000:00:12.0
hub 3-0:1.0: USB hub found
hub 3-0:1.0: 5 ports detected
ohci-pci 0000:00:13.0: OHCI PCI host controller
ohci-pci 0000:00:13.0: new USB bus registered, assigned bus number 4
ohci-pci 0000:00:13.0: irq 18, io mem 0xf0449000
atl1c 0000:06:00.0 enp6s0: renamed from eth0
usb usb4: New USB device found, idVendor=1d6b, idProduct=0001
usb usb4: New USB device strings: Mfr=3, Product=2, SerialNumber=1
usb usb4: Product: OHCI PCI host controller
usb usb4: Manufacturer: Linux 4.9.0-4-amd64 ohci_hcd
usb usb4: SerialNumber: 0000:00:13.0
hub 4-0:1.0: USB hub found
hub 4-0:1.0: 5 ports detected
usb 1-3: new high-speed USB device number 2 using ehci-pci
usb 2-1: new high-speed USB device number 2 using ehci-pci
usb 1-3: New USB device found, idVendor=154b, idProduct=00ee
usb 1-3: New USB device strings: Mfr=1, Product=2, SerialNumber=3
usb 1-3: Product: USB 2.0 FD
usb 1-3: Manufacturer: PNY
usb 1-3: SerialNumber: 90008305B72AFF35
usb-storage 1-3:1.0: USB Mass Storage device detected
scsi host1: usb-storage 1-3:1.0
usbcore: registered new interface driver usb-storage
usbcore: registered new interface driver uas
ata1: SATA link up 3.0 Gbps (SStatus 123 SControl 300)
ata1.00: ATA-8: Hitachi HTS543232A7A384, ES2OA90B, max UDMA/133
ata1.00: 625142448 sectors, multi 16: LBA48 NCQ (depth 31/32), AA
ata1.00: configured for UDMA/133
scsi 0:0:0:0: Direct-Access     ATA      Hitachi HTS54323 A90B PQ: 0 ANSI: 5
sd 0:0:0:0: [sda] 625142448 512-byte logical blocks: (320 GB/298 GiB)
sd 0:0:0:0: [sda] Write Protect is off
sd 0:0:0:0: [sda] Mode Sense: 00 3a 00 00
sd 0:0:0:0: [sda] Write cache: enabled, read cache: enabled, doesn't support DPO or FUA
usb 2-1: New USB device found, idVendor=04f2, idProduct=b209
usb 2-1: New USB device strings: Mfr=3, Product=1, SerialNumber=0
usb 2-1: Product: WebCam
usb 2-1: Manufacturer: Chicony Electronics Co., Ltd.
tsc: Refined TSC clocksource calibration: 997.502 MHz
clocksource: tsc: mask: 0xffffffffffffffff max_cycles: 0x1cc1bec50d1, max_idle_ns: 881590542202 ns
usb 2-2: new high-speed USB device number 3 using ehci-pci
usb 2-2: New USB device found, idVendor=0bda, idProduct=0138
usb 2-2: New USB device strings: Mfr=1, Product=2, SerialNumber=3
usb 2-2: Product: USB2.0-CRW
usb 2-2: Manufacturer: Generic
usb 2-2: SerialNumber: 20090516388200000
 sda: sda1 sda2 sda3 sda4 < sda5 sda6 >
sd 0:0:0:0: [sda] Attached SCSI disk
ums-realtek 2-2:1.0: USB Mass Storage device detected
usb 2-2: USB disconnect, device number 3
scsi host2: usb-storage 2-2:1.0
usbcore: registered new interface driver ums-realtek
random: fast init done
psmouse serio1: elantech: assuming hardware version 2 (with firmware version 0x040213)
scsi 1:0:0:0: Direct-Access     PNY      USB 2.0 FD       PMAP PQ: 0 ANSI: 7
sd 1:0:0:0: [sdb] 60628992 512-byte logical blocks: (31.0 GB/28.9 GiB)
sd 1:0:0:0: [sdb] Write Protect is off
sd 1:0:0:0: [sdb] Mode Sense: 23 00 00 00
sd 1:0:0:0: [sdb] No Caching mode page found
sd 1:0:0:0: [sdb] Assuming drive cache: write through
 sdb: sdb1 sdb2 sdb3
psmouse serio1: elantech: Synaptics capabilities query result 0x68, 0x18, 0x0c.
sd 1:0:0:0: [sdb] Attached SCSI removable disk
psmouse serio1: elantech: Elan sample query result 0e, 00, 00
clocksource: Switched to clocksource tsc
psmouse serio1: elantech: retrying ps2 command 0xe6 (2).
psmouse serio1: elantech: retrying ps2 command 0xf8 (2).
psmouse serio1: elantech: retrying ps2 command 0xf8 (1).
input: ETPS/2 Elantech Touchpad as /devices/platform/i8042/serio1/input/input2
random: crng init done
EXT4-fs (sdb3): mounted filesystem without journal. Opts: (null)
ip_tables: (C) 2000-2006 Netfilter Core Team
systemd[1]: systemd 232 running in system mode. (+PAM +AUDIT +SELINUX +IMA +APPARMOR +SMACK +SYSVINIT +UTMP +LIBCRYPTSETUP +GCRYPT +GNUTLS +ACL +XZ +LZ4 +SECCOMP +BLKID +ELFUTILS +KMOD +IDN)
systemd[1]: Detected architecture x86-64.
systemd[1]: Set hostname to <Spectre>.
systemd[1]: Started Forward Password Requests to Wall Directory Watch.
systemd[1]: Reached target Swap.
systemd[1]: Created slice User and Session Slice.
systemd[1]: Started Dispatch Password Requests to Console Directory Watch.
systemd[1]: Reached target Paths.
systemd[1]: Listening on Journal Socket.
systemd[1]: Listening on Journal Audit Socket.
EXT4-fs (sdb3): re-mounted. Opts: errors=remount-ro
systemd-journald[264]: Received request to flush runtime journal from PID 1
acpi_cpufreq: overriding BIOS provided _PSD data
sp5100_tco: SP5100/SB800 TCO WatchDog Timer Driver v0.05
sp5100_tco: PCI Vendor ID: 0x1002, Device ID: 0x4385, Revision ID: 0x42
sp5100_tco: I/O address 0x0cd6 already in use
ACPI: Video Device [VGA] (multi-head: yes  rom: no  post: no)
ACPI: AC Adapter [ACAD] (on-line)
acpi device:00: registered as cooling_device2
input: Video Bus as /devices/LNXSYSTM:00/LNXSYBUS:00/PNP0A08:00/LNXVIDEO:00/input/input3
wmi: Mapper loaded
[drm] Initialized
input: HD-Audio Generic HDMI/DP,pcm=3 as /devices/pci0000:00/0000:00:01.1/sound/card0/input4
snd_hda_codec_conexant hdaudioC1D0: CX20588: BIOS auto-probing.
snd_hda_codec_conexant hdaudioC1D0: autoconfig for CX20588: line_outs=1 (0x1f/0x0/0x0/0x0/0x0) type:speaker
snd_hda_codec_conexant hdaudioC1D0:    speaker_outs=0 (0x0/0x0/0x0/0x0/0x0)
snd_hda_codec_conexant hdaudioC1D0:    hp_outs=1 (0x19/0x0/0x0/0x0/0x0)
snd_hda_codec_conexant hdaudioC1D0:    mono: mono_out=0x0
snd_hda_codec_conexant hdaudioC1D0:    inputs:
snd_hda_codec_conexant hdaudioC1D0:      Mic=0x1b
snd_hda_codec_conexant hdaudioC1D0:      Internal Mic=0x1e
snd_hda_codec_conexant hdaudioC1D0:      Mic=0x1a
input: HDA Digital PCBeep as /devices/pci0000:00/0000:00:14.2/sound/card1/input5
input: HDA ATI SB Mic as /devices/pci0000:00/0000:00:14.2/sound/card1/input6
input: HDA ATI SB Mic as /devices/pci0000:00/0000:00:14.2/sound/card1/input7
input: HDA ATI SB Headphone as /devices/pci0000:00/0000:00:14.2/sound/card1/input8
shpchp: Standard Hot Plug PCI Controller Driver version: 0.4
sd 0:0:0:0: Attached scsi generic sg0 type 0
sd 1:0:0:0: Attached scsi generic sg1 type 0
[drm] radeon kernel modesetting enabled.
bcma: bus0: Found chip with id 0x4313, rev 0x01 and package 0x08
bcma: bus0: Core 0 found: ChipCommon (manuf 0x4BF, id 0x800, rev 0x24, class 0x0)
bcma: bus0: Core 1 found: IEEE 802.11 (manuf 0x4BF, id 0x812, rev 0x18, class 0x0)
bcma: bus0: Core 2 found: PCIe (manuf 0x4BF, id 0x820, rev 0x11, class 0x0)
bcma: bus0: Bus registered
media: Linux media interface: v0.10
Linux video capture interface: v2.00
CRAT table not found
Finished initializing topology ret=0
kfd kfd: Initialized module
[drm:radeon_pci_probe [radeon]] *ERROR* radeon kernel modesetting for R600 or later requires firmware-amd-graphics.
uvcvideo: Found UVC 1.00 device WebCam (04f2:b209)
uvcvideo 2-1:1.0: Entity type for entity Extension 6 was not initialized!
uvcvideo 2-1:1.0: Entity type for entity Processing 5 was not initialized!
uvcvideo 2-1:1.0: Entity type for entity Selector 4 was not initialized!
uvcvideo 2-1:1.0: Entity type for entity Camera 1 was not initialized!
input: WebCam as /devices/pci0000:00/0000:00:13.2/usb2/2-1/2-1:1.0/input/input9
usbcore: registered new interface driver uvcvideo
USB Video Class driver (1.1.1)
ACPI: Battery Slot [BAT1] (battery present)
input: Power Button as /devices/LNXSYSTM:00/LNXSYBUS:00/PNP0C0C:00/input/input10
ACPI: Power Button [PWRB]
input: Sleep Button as /devices/LNXSYSTM:00/LNXSYBUS:00/PNP0C0E:00/input/input11
ACPI: Sleep Button [SLPB]
input: Lid Switch as /devices/LNXSYSTM:00/LNXSYBUS:00/PNP0C0D:00/input/input12
ACPI: Lid Switch [LID]
input: Power Button as /devices/LNXSYSTM:00/LNXPWRBN:00/input/input13
ACPI: Power Button [PWRF]
input: PC Speaker as /devices/platform/pcspkr/input/input14
kvm: Nested Virtualization enabled
kvm: Nested Paging enabled
acer_wmi: Acer Laptop ACPI-WMI Extras
acer_wmi: Function bitmap for Communication Button: 0x1
input: Acer WMI hotkeys as /devices/virtual/input/input15
input: Acer BMA150 accelerometer as /devices/virtual/input/input16
Support for cores revisions 0x17 and 0x18 disabled by module param allhwsupport=0. Try b43.allhwsupport=1
b43: probe of bcma0:1 failed with error -524
Broadcom 43xx driver loaded [ Features: PNLS ]
brcmsmac bcma0:1: mfg 4bf core 812 rev 24 class 0 irq 19
ieee80211 phy0: Selected rate control algorithm 'minstrel_ht'
brcmsmac bcma0:1 wlp7s0b1: renamed from wlan0
IPv6: ADDRCONF(NETDEV_UP): enp6s0: link is not ready
atl1c 0000:06:00.0: atl1c: enp6s0 NIC Link is Up<100 Mbps Full Duplex>
IPv6: ADDRCONF(NETDEV_UP): wlp7s0b1: link is not ready
brcmsmac bcma0:1: firmware: failed to load brcm/bcm43xx-0.fw (-2)
brcmsmac bcma0:1: Direct firmware load for brcm/bcm43xx-0.fw failed with error -2
perf: interrupt took too long (2511 > 2500), lowering kernel.perf_event_max_sample_rate to 79500
perf: interrupt took too long (3150 > 3138), lowering kernel.perf_event_max_sample_rate to 63500
perf: interrupt took too long (3941 > 3937), lowering kernel.perf_event_max_sample_rate to 50750
