MemTotal:        3771480 kB
MemFree:         3244664 kB
MemAvailable:    3319884 kB
Buffers:           26860 kB
Cached:           254116 kB
SwapCached:            0 kB
Active:           280440 kB
Inactive:         151872 kB
Active(anon):     152112 kB
Inactive(anon):    15652 kB
Active(file):     128328 kB
Inactive(file):   136220 kB
Unevictable:          96 kB
Mlocked:              96 kB
SwapTotal:             0 kB
SwapFree:              0 kB
Dirty:               112 kB
Writeback:            16 kB
AnonPages:        151428 kB
Mapped:           105312 kB
Shmem:             16432 kB
Slab:              40200 kB
SReclaimable:      23556 kB
SUnreclaim:        16644 kB
KernelStack:        2944 kB
PageTables:        15456 kB
NFS_Unstable:          0 kB
Bounce:                0 kB
WritebackTmp:          0 kB
CommitLimit:     1885740 kB
Committed_AS:     978052 kB
VmallocTotal:   34359738367 kB
VmallocUsed:           0 kB
VmallocChunk:          0 kB
HardwareCorrupted:     0 kB
AnonHugePages:     10240 kB
ShmemHugePages:        0 kB
ShmemPmdMapped:        0 kB
HugePages_Total:       0
HugePages_Free:        0
HugePages_Rsvd:        0
HugePages_Surp:        0
Hugepagesize:       2048 kB
DirectMap4k:       72996 kB
DirectMap2M:     2789376 kB
DirectMap1G:     1048576 kB
