MemTotal:        8087756 kB
MemFree:         7569768 kB
MemAvailable:    7572016 kB
Buffers:           26476 kB
Cached:           228880 kB
SwapCached:            0 kB
Active:           261384 kB
Inactive:         138172 kB
Active(anon):     145120 kB
Inactive(anon):    45132 kB
Active(file):     116264 kB
Inactive(file):    93040 kB
Unevictable:          96 kB
Mlocked:              96 kB
SwapTotal:             0 kB
SwapFree:              0 kB
Dirty:                 8 kB
Writeback:             8 kB
AnonPages:        144248 kB
Mapped:            97812 kB
Shmem:             46056 kB
Slab:              52240 kB
SReclaimable:      24608 kB
SUnreclaim:        27632 kB
KernelStack:        3684 kB
PageTables:        15448 kB
NFS_Unstable:          0 kB
Bounce:                0 kB
WritebackTmp:          0 kB
CommitLimit:     4043876 kB
Committed_AS:    1052212 kB
VmallocTotal:   34359738367 kB
VmallocUsed:           0 kB
VmallocChunk:          0 kB
HardwareCorrupted:     0 kB
AnonHugePages:      8192 kB
ShmemHugePages:        0 kB
ShmemPmdMapped:        0 kB
HugePages_Total:       0
HugePages_Free:        0
HugePages_Rsvd:        0
HugePages_Surp:        0
Hugepagesize:       2048 kB
DirectMap4k:       72464 kB
DirectMap2M:     4030464 kB
DirectMap1G:     5242880 kB
