MemTotal:        8087756 kB
MemFree:         7568288 kB
MemAvailable:    7568048 kB
Buffers:           25868 kB
Cached:           227492 kB
SwapCached:            0 kB
Active:           258092 kB
Inactive:         143624 kB
Active(anon):     149276 kB
Inactive(anon):    45132 kB
Active(file):     108816 kB
Inactive(file):    98492 kB
Unevictable:          96 kB
Mlocked:              96 kB
SwapTotal:             0 kB
SwapFree:              0 kB
Dirty:               120 kB
Writeback:            12 kB
AnonPages:        148460 kB
Mapped:            97944 kB
Shmem:             46044 kB
Slab:              51360 kB
SReclaimable:      23620 kB
SUnreclaim:        27740 kB
KernelStack:        3712 kB
PageTables:        15720 kB
NFS_Unstable:          0 kB
Bounce:                0 kB
WritebackTmp:          0 kB
CommitLimit:     4043876 kB
Committed_AS:    1105416 kB
VmallocTotal:   34359738367 kB
VmallocUsed:           0 kB
VmallocChunk:          0 kB
HardwareCorrupted:     0 kB
AnonHugePages:     10240 kB
ShmemHugePages:        0 kB
ShmemPmdMapped:        0 kB
HugePages_Total:       0
HugePages_Free:        0
HugePages_Rsvd:        0
HugePages_Surp:        0
Hugepagesize:       2048 kB
DirectMap4k:       72464 kB
DirectMap2M:     4030464 kB
DirectMap1G:     5242880 kB
