MemTotal:        6117844 kB
MemFree:         5530064 kB
MemAvailable:    5606156 kB
Buffers:           27024 kB
Cached:           274760 kB
SwapCached:            0 kB
Active:           335012 kB
Inactive:         129588 kB
Active(anon):     163660 kB
Inactive(anon):    25840 kB
Active(file):     171352 kB
Inactive(file):   103748 kB
Unevictable:          96 kB
Mlocked:              96 kB
SwapTotal:             0 kB
SwapFree:              0 kB
Dirty:               164 kB
Writeback:             0 kB
AnonPages:        162908 kB
Mapped:           110400 kB
Shmem:             26688 kB
Slab:              51320 kB
SReclaimable:      24352 kB
SUnreclaim:        26968 kB
KernelStack:        3504 kB
PageTables:        15824 kB
NFS_Unstable:          0 kB
Bounce:                0 kB
WritebackTmp:          0 kB
CommitLimit:     3058920 kB
Committed_AS:    1073816 kB
VmallocTotal:   34359738367 kB
VmallocUsed:           0 kB
VmallocChunk:          0 kB
HardwareCorrupted:     0 kB
AnonHugePages:     10240 kB
ShmemHugePages:        0 kB
ShmemPmdMapped:        0 kB
HugePages_Total:       0
HugePages_Free:        0
HugePages_Rsvd:        0
HugePages_Surp:        0
Hugepagesize:       2048 kB
DirectMap4k:       88680 kB
DirectMap2M:     2994176 kB
DirectMap1G:     4194304 kB
