MemTotal:        6117912 kB
MemFree:         5551460 kB
MemAvailable:    5613576 kB
Buffers:           28096 kB
Cached:           259700 kB
SwapCached:            0 kB
Active:           291880 kB
Inactive:         153664 kB
Active(anon):     158672 kB
Inactive(anon):    24972 kB
Active(file):     133208 kB
Inactive(file):   128692 kB
Unevictable:          96 kB
Mlocked:              96 kB
SwapTotal:             0 kB
SwapFree:              0 kB
Dirty:               108 kB
Writeback:            16 kB
AnonPages:        157840 kB
Mapped:           109484 kB
Shmem:             25900 kB
Slab:              49492 kB
SReclaimable:      22944 kB
SUnreclaim:        26548 kB
KernelStack:        3424 kB
PageTables:        15068 kB
NFS_Unstable:          0 kB
Bounce:                0 kB
WritebackTmp:          0 kB
CommitLimit:     3058956 kB
Committed_AS:    1060492 kB
VmallocTotal:   34359738367 kB
VmallocUsed:           0 kB
VmallocChunk:          0 kB
HardwareCorrupted:     0 kB
AnonHugePages:     10240 kB
ShmemHugePages:        0 kB
ShmemPmdMapped:        0 kB
HugePages_Total:       0
HugePages_Free:        0
HugePages_Rsvd:        0
HugePages_Surp:        0
Hugepagesize:       2048 kB
DirectMap4k:       94824 kB
DirectMap2M:     1939456 kB
DirectMap1G:     5242880 kB
