MemTotal:        3788204 kB
MemFree:         3050396 kB
MemAvailable:    3263908 kB
Buffers:           30676 kB
Cached:           384500 kB
SwapCached:            0 kB
Active:           417172 kB
Inactive:         214964 kB
Active(anon):     217728 kB
Inactive(anon):    15656 kB
Active(file):     199444 kB
Inactive(file):   199308 kB
Unevictable:          96 kB
Mlocked:              96 kB
SwapTotal:             0 kB
SwapFree:              0 kB
Dirty:               508 kB
Writeback:             0 kB
AnonPages:        217052 kB
Mapped:           112096 kB
Shmem:             16428 kB
Slab:              53756 kB
SReclaimable:      31512 kB
SUnreclaim:        22244 kB
KernelStack:        3344 kB
PageTables:        15832 kB
NFS_Unstable:          0 kB
Bounce:                0 kB
WritebackTmp:          0 kB
CommitLimit:     1894100 kB
Committed_AS:    1180080 kB
VmallocTotal:   34359738367 kB
VmallocUsed:           0 kB
VmallocChunk:          0 kB
HardwareCorrupted:     0 kB
AnonHugePages:     10240 kB
ShmemHugePages:        0 kB
ShmemPmdMapped:        0 kB
HugePages_Total:       0
HugePages_Free:        0
HugePages_Rsvd:        0
HugePages_Surp:        0
Hugepagesize:       2048 kB
DirectMap4k:       77088 kB
DirectMap2M:     1753088 kB
DirectMap1G:     2097152 kB
