MemTotal:        3771480 kB
MemFree:         3243636 kB
MemAvailable:    3319748 kB
Buffers:           27040 kB
Cached:           254704 kB
SwapCached:            0 kB
Active:           281564 kB
Inactive:         151544 kB
Active(anon):     152140 kB
Inactive(anon):    15652 kB
Active(file):     129424 kB
Inactive(file):   135892 kB
Unevictable:          96 kB
Mlocked:              96 kB
SwapTotal:             0 kB
SwapFree:              0 kB
Dirty:               132 kB
Writeback:             0 kB
AnonPages:        151456 kB
Mapped:           105388 kB
Shmem:             16432 kB
Slab:              40500 kB
SReclaimable:      23804 kB
SUnreclaim:        16696 kB
KernelStack:        2960 kB
PageTables:        15456 kB
NFS_Unstable:          0 kB
Bounce:                0 kB
WritebackTmp:          0 kB
CommitLimit:     1885740 kB
Committed_AS:     982060 kB
VmallocTotal:   34359738367 kB
VmallocUsed:           0 kB
VmallocChunk:          0 kB
HardwareCorrupted:     0 kB
AnonHugePages:     10240 kB
ShmemHugePages:        0 kB
ShmemPmdMapped:        0 kB
HugePages_Total:       0
HugePages_Free:        0
HugePages_Rsvd:        0
HugePages_Surp:        0
Hugepagesize:       2048 kB
DirectMap4k:       72996 kB
DirectMap2M:     2789376 kB
DirectMap1G:     1048576 kB
