MemTotal:        3771408 kB
MemFree:         2995816 kB
MemAvailable:    3273152 kB
Buffers:           83072 kB
Cached:           375948 kB
SwapCached:            0 kB
Active:           441156 kB
Inactive:         190892 kB
Active(anon):     173812 kB
Inactive(anon):    15752 kB
Active(file):     267344 kB
Inactive(file):   175140 kB
Unevictable:          96 kB
Mlocked:              96 kB
SwapTotal:             0 kB
SwapFree:              0 kB
Dirty:               124 kB
Writeback:             8 kB
AnonPages:        173120 kB
Mapped:           105684 kB
Shmem:             16540 kB
Slab:              88872 kB
SReclaimable:      71928 kB
SUnreclaim:        16944 kB
KernelStack:        2976 kB
PageTables:        15536 kB
NFS_Unstable:          0 kB
Bounce:                0 kB
WritebackTmp:          0 kB
CommitLimit:     1885704 kB
Committed_AS:    1020364 kB
VmallocTotal:   34359738367 kB
VmallocUsed:           0 kB
VmallocChunk:          0 kB
HardwareCorrupted:     0 kB
AnonHugePages:     10240 kB
ShmemHugePages:        0 kB
ShmemPmdMapped:        0 kB
HugePages_Total:       0
HugePages_Free:        0
HugePages_Rsvd:        0
HugePages_Surp:        0
Hugepagesize:       2048 kB
DirectMap4k:       79140 kB
DirectMap2M:     2783232 kB
DirectMap1G:     1048576 kB
