MemTotal:        8065380 kB
MemFree:         7508416 kB
MemAvailable:    7512088 kB
Buffers:           26568 kB
Cached:           263844 kB
SwapCached:            0 kB
Active:           274352 kB
Inactive:         169364 kB
Active(anon):     154056 kB
Inactive(anon):    78940 kB
Active(file):     120296 kB
Inactive(file):    90424 kB
Unevictable:          96 kB
Mlocked:              96 kB
SwapTotal:             0 kB
SwapFree:              0 kB
Dirty:               140 kB
Writeback:            12 kB
AnonPages:        153396 kB
Mapped:           102088 kB
Shmem:             79696 kB
Slab:              47216 kB
SReclaimable:      24476 kB
SUnreclaim:        22740 kB
KernelStack:        3344 kB
PageTables:        14324 kB
NFS_Unstable:          0 kB
Bounce:                0 kB
WritebackTmp:          0 kB
CommitLimit:     4032688 kB
Committed_AS:     960064 kB
VmallocTotal:   34359738367 kB
VmallocUsed:           0 kB
VmallocChunk:          0 kB
HardwareCorrupted:     0 kB
AnonHugePages:     10240 kB
ShmemHugePages:        0 kB
ShmemPmdMapped:        0 kB
HugePages_Total:       0
HugePages_Free:        0
HugePages_Rsvd:        0
HugePages_Surp:        0
Hugepagesize:       2048 kB
DirectMap4k:       66496 kB
DirectMap2M:     4014080 kB
DirectMap1G:     5242880 kB
