MemTotal:        3996536 kB
MemFree:         3386804 kB
MemAvailable:    3485420 kB
Buffers:           28104 kB
Cached:           320316 kB
SwapCached:            0 kB
Active:           345148 kB
Inactive:         159072 kB
Active(anon):     156624 kB
Inactive(anon):    56308 kB
Active(file):     188524 kB
Inactive(file):   102764 kB
Unevictable:          96 kB
Mlocked:              96 kB
SwapTotal:             0 kB
SwapFree:              0 kB
Dirty:               108 kB
Writeback:            24 kB
AnonPages:        155892 kB
Mapped:           102628 kB
Shmem:             57136 kB
Slab:              50928 kB
SReclaimable:      25944 kB
SUnreclaim:        24984 kB
KernelStack:        3552 kB
PageTables:        15548 kB
NFS_Unstable:          0 kB
Bounce:                0 kB
WritebackTmp:          0 kB
CommitLimit:     1998268 kB
Committed_AS:    1022608 kB
VmallocTotal:   34359738367 kB
VmallocUsed:           0 kB
VmallocChunk:          0 kB
HardwareCorrupted:     0 kB
AnonHugePages:     10240 kB
ShmemHugePages:        0 kB
ShmemPmdMapped:        0 kB
HugePages_Total:       0
HugePages_Free:        0
HugePages_Rsvd:        0
HugePages_Surp:        0
Hugepagesize:       2048 kB
DirectMap4k:       73984 kB
DirectMap2M:     4067328 kB
