MemTotal:        8065460 kB
MemFree:         7415200 kB
MemAvailable:    7508932 kB
Buffers:           29924 kB
Cached:           349040 kB
SwapCached:            0 kB
Active:           354620 kB
Inactive:         179236 kB
Active(anon):     155740 kB
Inactive(anon):    79028 kB
Active(file):     198880 kB
Inactive(file):   100208 kB
Unevictable:          96 kB
Mlocked:              96 kB
SwapTotal:             0 kB
SwapFree:              0 kB
Dirty:                28 kB
Writeback:           108 kB
AnonPages:        154984 kB
Mapped:           102780 kB
Shmem:             79880 kB
Slab:              51220 kB
SReclaimable:      27780 kB
SUnreclaim:        23440 kB
KernelStack:        3360 kB
PageTables:        14456 kB
NFS_Unstable:          0 kB
Bounce:                0 kB
WritebackTmp:          0 kB
CommitLimit:     4032728 kB
Committed_AS:     967996 kB
VmallocTotal:   34359738367 kB
VmallocUsed:           0 kB
VmallocChunk:          0 kB
HardwareCorrupted:     0 kB
AnonHugePages:     10240 kB
ShmemHugePages:        0 kB
ShmemPmdMapped:        0 kB
HugePages_Total:       0
HugePages_Free:        0
HugePages_Rsvd:        0
HugePages_Surp:        0
Hugepagesize:       2048 kB
DirectMap4k:       72640 kB
DirectMap2M:     4007936 kB
DirectMap1G:     5242880 kB
