MemTotal:        8065460 kB
MemFree:         7428356 kB
MemAvailable:    7510268 kB
Buffers:           28900 kB
Cached:           339044 kB
SwapCached:            0 kB
Active:           341404 kB
Inactive:         181372 kB
Active(anon):     155668 kB
Inactive(anon):    79024 kB
Active(file):     185736 kB
Inactive(file):   102348 kB
Unevictable:          96 kB
Mlocked:              96 kB
SwapTotal:             0 kB
SwapFree:              0 kB
Dirty:               176 kB
Writeback:             0 kB
AnonPages:        154924 kB
Mapped:           102704 kB
Shmem:             79864 kB
Slab:              49616 kB
SReclaimable:      26152 kB
SUnreclaim:        23464 kB
KernelStack:        3344 kB
PageTables:        14452 kB
NFS_Unstable:          0 kB
Bounce:                0 kB
WritebackTmp:          0 kB
CommitLimit:     4032728 kB
Committed_AS:     965968 kB
VmallocTotal:   34359738367 kB
VmallocUsed:           0 kB
VmallocChunk:          0 kB
HardwareCorrupted:     0 kB
AnonHugePages:     10240 kB
ShmemHugePages:        0 kB
ShmemPmdMapped:        0 kB
HugePages_Total:       0
HugePages_Free:        0
HugePages_Rsvd:        0
HugePages_Surp:        0
Hugepagesize:       2048 kB
DirectMap4k:       72640 kB
DirectMap2M:     4007936 kB
DirectMap1G:     5242880 kB
